Archive member included to satisfy reference by file (symbol)

C:\Users\User\git\Project\Library\libOS.a(OS.o)
                              ./source/main.o (OS_Init)
c:/nxp/mcuxpressoide_11.1.1_3241/ide/plugins/com.nxp.mcuxpresso.tools.win32_11.1.0.202001081728/tools/bin/../lib/gcc/arm-none-eabi/8.3.1/thumb/v7e-m+fp/hard\libgcc.a(_arm_addsubdf3.o)
                              ./Modules/PIT/PIT.o (__aeabi_ui2d)
c:/nxp/mcuxpressoide_11.1.1_3241/ide/plugins/com.nxp.mcuxpresso.tools.win32_11.1.0.202001081728/tools/bin/../lib/gcc/arm-none-eabi/8.3.1/thumb/v7e-m+fp/hard\libgcc.a(_arm_muldivdf3.o)
                              ./Modules/PIT/PIT.o (__aeabi_ddiv)
c:/nxp/mcuxpressoide_11.1.1_3241/ide/plugins/com.nxp.mcuxpresso.tools.win32_11.1.0.202001081728/tools/bin/../lib/gcc/arm-none-eabi/8.3.1/thumb/v7e-m+fp/hard\libgcc.a(_arm_fixunsdfsi.o)
                              ./Modules/PIT/PIT.o (__aeabi_d2uiz)
c:/nxp/mcuxpressoide_11.1.1_3241/ide/plugins/com.nxp.mcuxpresso.tools.win32_11.1.0.202001081728/tools/bin/../lib/gcc/arm-none-eabi/8.3.1/thumb/v7e-m+fp/hard\libgcc.a(_aeabi_uldivmod.o)
                              ./drivers/fsl_common.o (__aeabi_uldivmod)
c:/nxp/mcuxpressoide_11.1.1_3241/ide/plugins/com.nxp.mcuxpresso.tools.win32_11.1.0.202001081728/tools/bin/../lib/gcc/arm-none-eabi/8.3.1/thumb/v7e-m+fp/hard\libgcc.a(_udivmoddi4.o)
                              c:/nxp/mcuxpressoide_11.1.1_3241/ide/plugins/com.nxp.mcuxpresso.tools.win32_11.1.0.202001081728/tools/bin/../lib/gcc/arm-none-eabi/8.3.1/thumb/v7e-m+fp/hard\libgcc.a(_aeabi_uldivmod.o) (__udivmoddi4)
c:/nxp/mcuxpressoide_11.1.1_3241/ide/plugins/com.nxp.mcuxpresso.tools.win32_11.1.0.202001081728/tools/bin/../lib/gcc/arm-none-eabi/8.3.1/thumb/v7e-m+fp/hard\libgcc.a(_dvmd_tls.o)
                              c:/nxp/mcuxpressoide_11.1.1_3241/ide/plugins/com.nxp.mcuxpresso.tools.win32_11.1.0.202001081728/tools/bin/../lib/gcc/arm-none-eabi/8.3.1/thumb/v7e-m+fp/hard\libgcc.a(_aeabi_uldivmod.o) (__aeabi_ldiv0)
c:/nxp/mcuxpressoide_11.1.1_3241/ide/plugins/com.nxp.mcuxpresso.tools.win32_11.1.0.202001081728/tools/bin/../lib/gcc/arm-none-eabi/8.3.1/../../../../arm-none-eabi/lib/thumb/v7e-m+fp/hard\libc_nano.a(lib_a-assert.o)
                              ./drivers/fsl_clock.o (__assert_func)
c:/nxp/mcuxpressoide_11.1.1_3241/ide/plugins/com.nxp.mcuxpresso.tools.win32_11.1.0.202001081728/tools/bin/../lib/gcc/arm-none-eabi/8.3.1/../../../../arm-none-eabi/lib/thumb/v7e-m+fp/hard\libc_nano.a(lib_a-fprintf.o)
                              c:/nxp/mcuxpressoide_11.1.1_3241/ide/plugins/com.nxp.mcuxpresso.tools.win32_11.1.0.202001081728/tools/bin/../lib/gcc/arm-none-eabi/8.3.1/../../../../arm-none-eabi/lib/thumb/v7e-m+fp/hard\libc_nano.a(lib_a-assert.o) (fiprintf)
c:/nxp/mcuxpressoide_11.1.1_3241/ide/plugins/com.nxp.mcuxpresso.tools.win32_11.1.0.202001081728/tools/bin/../lib/gcc/arm-none-eabi/8.3.1/../../../../arm-none-eabi/lib/thumb/v7e-m+fp/hard\libc_nano.a(lib_a-impure.o)
                              c:/nxp/mcuxpressoide_11.1.1_3241/ide/plugins/com.nxp.mcuxpresso.tools.win32_11.1.0.202001081728/tools/bin/../lib/gcc/arm-none-eabi/8.3.1/../../../../arm-none-eabi/lib/thumb/v7e-m+fp/hard\libc_nano.a(lib_a-assert.o) (_impure_ptr)
c:/nxp/mcuxpressoide_11.1.1_3241/ide/plugins/com.nxp.mcuxpresso.tools.win32_11.1.0.202001081728/tools/bin/../lib/gcc/arm-none-eabi/8.3.1/../../../../arm-none-eabi/lib/thumb/v7e-m+fp/hard\libc_nano.a(lib_a-malloc.o)
                              ./drivers/fsl_common.o (malloc)
c:/nxp/mcuxpressoide_11.1.1_3241/ide/plugins/com.nxp.mcuxpresso.tools.win32_11.1.0.202001081728/tools/bin/../lib/gcc/arm-none-eabi/8.3.1/../../../../arm-none-eabi/lib/thumb/v7e-m+fp/hard\libc_nano.a(lib_a-nano-freer.o)
                              c:/nxp/mcuxpressoide_11.1.1_3241/ide/plugins/com.nxp.mcuxpresso.tools.win32_11.1.0.202001081728/tools/bin/../lib/gcc/arm-none-eabi/8.3.1/../../../../arm-none-eabi/lib/thumb/v7e-m+fp/hard\libc_nano.a(lib_a-malloc.o) (_free_r)
c:/nxp/mcuxpressoide_11.1.1_3241/ide/plugins/com.nxp.mcuxpresso.tools.win32_11.1.0.202001081728/tools/bin/../lib/gcc/arm-none-eabi/8.3.1/../../../../arm-none-eabi/lib/thumb/v7e-m+fp/hard\libc_nano.a(lib_a-nano-mallocr.o)
                              c:/nxp/mcuxpressoide_11.1.1_3241/ide/plugins/com.nxp.mcuxpresso.tools.win32_11.1.0.202001081728/tools/bin/../lib/gcc/arm-none-eabi/8.3.1/../../../../arm-none-eabi/lib/thumb/v7e-m+fp/hard\libc_nano.a(lib_a-malloc.o) (_malloc_r)
c:/nxp/mcuxpressoide_11.1.1_3241/ide/plugins/com.nxp.mcuxpresso.tools.win32_11.1.0.202001081728/tools/bin/../lib/gcc/arm-none-eabi/8.3.1/../../../../arm-none-eabi/lib/thumb/v7e-m+fp/hard\libc_nano.a(lib_a-nano-vfprintf.o)
                              c:/nxp/mcuxpressoide_11.1.1_3241/ide/plugins/com.nxp.mcuxpresso.tools.win32_11.1.0.202001081728/tools/bin/../lib/gcc/arm-none-eabi/8.3.1/../../../../arm-none-eabi/lib/thumb/v7e-m+fp/hard\libc_nano.a(lib_a-fprintf.o) (_vfprintf_r)
[...]
Memory Configuration

Name             Origin             Length             Attributes
PROGRAM_FLASH    0x00000000         0x00100000         xr
SRAM_UPPER       0x20000000         0x00030000         xrw
SRAM_LOWER       0x1fff0000         0x00010000         xrw
FLEX_RAM         0x14000000         0x00001000         xrw
*default*        0x00000000         0xffffffff

Linker script and memory map

LOAD ./startup/startup_mk64f12.o
LOAD ./source/main.o
LOAD ./drivers/fsl_clock.o
LOAD ./drivers/fsl_common.o
LOAD ./drivers/fsl_gpio.o
LOAD ./drivers/fsl_smc.o
LOAD ./device/system_MK64F12.o
LOAD ./board/clock_config.o
LOAD ./board/pin_mux.o
LOAD ./Modules/VRR/VRR.o
LOAD ./Modules/UART/UART.o
LOAD ./Modules/Packet/packet.o
LOAD ./Modules/PIT/PIT.o
LOAD ./Modules/Median/median.o
LOAD ./Modules/LEDs/LEDs.o
LOAD ./Modules/Flash/Flash.o
LOAD ./Modules/FTM/FTM.o
LOAD ./Modules/FIFO/FIFO.o
LOAD ./Modules/Critical/critical.o
LOAD ./Modules/ADC/ADC.o
LOAD C:\Users\User\git\Project\Library\libOS.a
START GROUP
LOAD c:/nxp/mcuxpressoide_11.1.1_3241/ide/plugins/com.nxp.mcuxpresso.tools.win32_11.1.0.202001081728/tools/bin/../lib/gcc/arm-none-eabi/8.3.1/thumb/v7e-m+fp/hard\libgcc.a
LOAD c:/nxp/mcuxpressoide_11.1.1_3241/ide/plugins/com.nxp.mcuxpresso.tools.win32_11.1.0.202001081728/tools/bin/../lib/gcc/arm-none-eabi/8.3.1/../../../../arm-none-eabi/lib/thumb/v7e-m+fp/hard\libc_nano.a
LOAD c:/nxp/mcuxpressoide_11.1.1_3241/ide/plugins/com.nxp.mcuxpresso.tools.win32_11.1.0.202001081728/tools/bin/../lib/gcc/arm-none-eabi/8.3.1/../../../../arm-none-eabi/lib/thumb/v7e-m+fp/hard\libm.a
LOAD c:/nxp/mcuxpressoide_11.1.1_3241/ide/plugins/com.nxp.mcuxpresso.tools.win32_11.1.0.202001081728/tools/bin/../lib/gcc/arm-none-eabi/8.3.1/../../../../arm-none-eabi/lib/thumb/v7e-m+fp/hard\libcr_newlib_nohost.a
END GROUP
                0x00000000                __base_PROGRAM_FLASH = 0x0
                0x00000000                __base_Flash = 0x0
                0x00100000                __top_PROGRAM_FLASH = 0x100000
                0x00100000                __top_Flash = 0x100000
                0x20000000                __base_SRAM_UPPER = 0x20000000
                0x20000000                __base_RAM = 0x20000000
                0x20030000                __top_SRAM_UPPER = 0x20030000
                0x20030000                __top_RAM = 0x20030000
                0x1fff0000                __base_SRAM_LOWER = 0x1fff0000
                0x1fff0000                __base_RAM2 = 0x1fff0000
                0x20000000                __top_SRAM_LOWER = 0x20000000
                0x20000000                __top_RAM2 = 0x20000000
                0x14000000                __base_FLEX_RAM = 0x14000000
                0x14000000                __base_RAM3 = 0x14000000
                0x14001000                __top_FLEX_RAM = 0x14001000
                0x14001000                __top_RAM3 = 0x14001000

.text           0x00000000     0x5030
 FILL mask 0xff
                0x00000000                __vectors_start__ = ABSOLUTE (.)
 *(SORT_BY_ALIGNMENT(.isr_vector))
 .isr_vector    0x00000000      0x198 ./startup/startup_mk64f12.o
                0x00000000                g_pfnVectors
                0x00000000                __Vectors
                0x00000198                . = ALIGN (0x4)
                0x00000198                __section_table_start = .
                0x00000198                __data_section_table = .
                0x00000198        0x4 LONG 0x5030 LOADADDR (.data)
                0x0000019c        0x4 LONG 0x20000000 ADDR (.data)
                0x000001a0        0x4 LONG 0x78 SIZEOF (.data)
                0x000001a4        0x4 LONG 0x5030 LOADADDR (.data_RAM2)
                0x000001a8        0x4 LONG 0x1fff0000 ADDR (.data_RAM2)
                0x000001ac        0x4 LONG 0x0 SIZEOF (.data_RAM2)
                0x000001b0        0x4 LONG 0x5030 LOADADDR (.data_RAM3)
                0x000001b4        0x4 LONG 0x14000000 ADDR (.data_RAM3)
                0x000001b8        0x4 LONG 0x0 SIZEOF (.data_RAM3)
                0x000001bc                __data_section_table_end = .
                0x000001bc                __bss_section_table = .
                0x000001bc        0x4 LONG 0x20000078 ADDR (.bss)
                0x000001c0        0x4 LONG 0x1328 SIZEOF (.bss)
                0x000001c4        0x4 LONG 0x1fff0000 ADDR (.bss_RAM2)
                0x000001c8        0x4 LONG 0x0 SIZEOF (.bss_RAM2)
                0x000001cc        0x4 LONG 0x14000000 ADDR (.bss_RAM3)
                0x000001d0        0x4 LONG 0x0 SIZEOF (.bss_RAM3)
                0x000001d4                __bss_section_table_end = .
                0x000001d4                __section_table_end = .
 *(SORT_BY_ALIGNMENT(.after_vectors*))
 .after_vectors.reset
                0x000001d4       0x4c ./startup/startup_mk64f12.o
                0x000001d4                ResetISR
 .after_vectors.init_data
                0x00000220       0x1e ./startup/startup_mk64f12.o
                0x00000220                data_init
 .after_vectors.init_bss
                0x0000023e       0x12 ./startup/startup_mk64f12.o
                0x0000023e                bss_init
 .after_vectors
                0x00000250       0x14 ./startup/startup_mk64f12.o
                0x00000250                NMI_Handler
                0x00000252                HardFault_Handler
                0x00000254                MemManage_Handler
                0x00000256                BusFault_Handler
                0x00000258                UsageFault_Handler
                0x0000025a                SVC_Handler
                0x0000025c                DebugMon_Handler
                0x00000262                DMA_Error_DriverIRQHandler
                0x00000262                LPTMR0_DriverIRQHandler
                0x00000262                FTM1_DriverIRQHandler
                0x00000262                FTM2_DriverIRQHandler
                0x00000262                PIT2_DriverIRQHandler
                0x00000262                SDHC_DriverIRQHandler
                0x00000262                I2S0_Tx_DriverIRQHandler
                0x00000262                RTC_Seconds_DriverIRQHandler
                0x00000262                DMA6_DriverIRQHandler
                0x00000262                LLWU_DriverIRQHandler
                0x00000262                MCM_DriverIRQHandler
                0x00000262                MCG_DriverIRQHandler
                0x00000262                ENET_1588_Timer_DriverIRQHandler
                0x00000262                I2C2_DriverIRQHandler
                0x00000262                DAC1_DriverIRQHandler
                0x00000262                SPI1_DriverIRQHandler
                0x00000262                CMP1_DriverIRQHandler
                0x00000262                UART5_RX_TX_DriverIRQHandler
                0x00000262                FTM0_DriverIRQHandler
                0x00000262                IntDefaultHandler
                0x00000262                USB0_DriverIRQHandler
                0x00000262                UART5_ERR_DriverIRQHandler
                0x00000262                PORTC_DriverIRQHandler
                0x00000262                DMA11_DriverIRQHandler
                0x00000262                DAC0_DriverIRQHandler
                0x00000262                DMA10_DriverIRQHandler
                0x00000262                CMP2_DriverIRQHandler
                0x00000262                UART2_ERR_DriverIRQHandler
                0x00000262                SPI2_DriverIRQHandler
                0x00000262                LVD_LVW_DriverIRQHandler
                0x00000262                PIT0_DriverIRQHandler
                0x00000262                RNG_DriverIRQHandler
                0x00000262                DMA5_DriverIRQHandler
                0x00000262                DMA12_DriverIRQHandler
                0x00000262                UART2_RX_TX_DriverIRQHandler
                0x00000262                USBDCD_DriverIRQHandler
                0x00000262                UART3_ERR_DriverIRQHandler
                0x00000262                DMA3_DriverIRQHandler
                0x00000262                DMA8_DriverIRQHandler
                0x00000262                DMA9_DriverIRQHandler
                0x00000262                UART0_ERR_DriverIRQHandler
                0x00000262                CMT_DriverIRQHandler
                0x00000262                Reserved71_DriverIRQHandler
                0x00000262                ADC1_DriverIRQHandler
                0x00000262                PORTA_DriverIRQHandler
                0x00000262                DMA14_DriverIRQHandler
                0x00000262                PIT3_DriverIRQHandler
                0x00000262                PIT1_DriverIRQHandler
                0x00000262                WDOG_EWM_DriverIRQHandler
                0x00000262                PDB0_DriverIRQHandler
                0x00000262                RTC_DriverIRQHandler
                0x00000262                I2S0_Rx_DriverIRQHandler
                0x00000262                Read_Collision_DriverIRQHandler
                0x00000262                SWI_DriverIRQHandler
                0x00000262                UART4_RX_TX_DriverIRQHandler
                0x00000262                UART4_ERR_DriverIRQHandler
                0x00000262                PORTB_DriverIRQHandler
                0x00000262                UART0_LON_DriverIRQHandler
                0x00000262                DMA0_DriverIRQHandler
                0x00000262                DMA1_DriverIRQHandler
                0x00000262                I2C1_DriverIRQHandler
                0x00000262                UART3_RX_TX_DriverIRQHandler
                0x00000262                ENET_Receive_DriverIRQHandler
                0x00000262                DMA13_DriverIRQHandler
                0x00000262                ENET_Error_DriverIRQHandler
                0x00000262                DMA15_DriverIRQHandler
                0x00000262                UART0_RX_TX_DriverIRQHandler
                0x00000262                SPI0_DriverIRQHandler
                0x00000262                ADC0_DriverIRQHandler
                0x00000262                CMP0_DriverIRQHandler
                0x00000262                CAN0_DriverIRQHandler
                0x00000262                FTM3_DriverIRQHandler
                0x00000262                DMA4_DriverIRQHandler
                0x00000262                UART1_ERR_DriverIRQHandler
                0x00000262                DMA2_DriverIRQHandler
                0x00000262                ENET_Transmit_DriverIRQHandler
                0x00000262                PORTD_DriverIRQHandler
                0x00000262                PORTE_DriverIRQHandler
                0x00000262                FTFE_DriverIRQHandler
                0x00000262                I2C0_DriverIRQHandler
                0x00000262                DMA7_DriverIRQHandler
                0x00000262                UART1_RX_TX_DriverIRQHandler
                0x00000400                . = 0x400
 *fill*         0x00000264      0x19c ff
                0x00000400                PROVIDE (__FLASH_CONFIG_START__ = .)
 *(SORT_BY_ALIGNMENT(.FlashConfig))
 .FlashConfig   0x00000400       0x10 ./startup/startup_mk64f12.o
                0x00000400                Flash_Config
                0x00000410                PROVIDE (__FLASH_CONFIG_END__ = .)
                0x00000001                ASSERT (! ((__FLASH_CONFIG_START__ == __FLASH_CONFIG_END__)), Linker Flash Config Support Enabled, but no .FlashConfig section provided within application)
 *(SORT_BY_ALIGNMENT(.text*))
 .text.PendSV_Handler
                0x00000410       0x5c C:\Users\User\git\Project\Library\libOS.a(OS.o)
                0x00000410                PendSV_Handler
 *fill*         0x0000046c        0x4 ff
 .text          0x00000470       0xa0 c:/nxp/mcuxpressoide_11.1.1_3241/ide/plugins/com.nxp.mcuxpresso.tools.win32_11.1.0.202001081728/tools/bin/../lib/gcc/arm-none-eabi/8.3.1/../../../../arm-none-eabi/lib/thumb/v7e-m+fp/hard\libc_nano.a(lib_a-memchr.o)
                0x00000470                memchr
 .text.PIT_Set  0x00000510       0x78 ./Modules/PIT/PIT.o
                0x00000510                PIT_Set
 .text.HandlePacketMCUNumber
                0x00000588       0x78 ./source/main.o
                0x00000588                HandlePacketMCUNumber
 .text.HandlePacketMCUMode
                0x00000600       0x5c ./source/main.o
                0x00000600                HandlePacketMCUMode
 .text.HandlePacketFlash
                0x0000065c       0x38 ./source/main.o
                0x0000065c                HandlePacketFlash
 .text.HandlePacketFlashProgram
                0x00000694       0x38 ./source/main.o
                0x00000694                HandlePacketFlashProgram
 .text.HandlePacketSpecial
                0x000006cc       0x34 ./source/main.o
                0x000006cc                HandlePacketSpecial
 .text.SendStartupPackets
                0x00000700       0x2c ./source/main.o
                0x00000700                SendStartupPackets
 .text.HandlePackets
                0x0000072c       0xf4 ./source/main.o
                0x0000072c                HandlePackets
 .text.MCUInit  0x00000820       0xbc ./source/main.o
 .text.InitModulesThread
                0x000008dc       0x90 ./source/main.o
 .text.main     0x0000096c       0x9c ./source/main.o
                0x0000096c                main
 .text.CLOCK_SetEr32kClock
                0x00000a08       0x30 ./drivers/fsl_clock.o
 .text.CLOCK_SetPllFllSelClock
                0x00000a38       0x3c ./drivers/fsl_clock.o
 .text.CLOCK_GetMcgExtClkFreq
                0x00000a74       0x8c ./drivers/fsl_clock.o
 .text.CLOCK_GetFllExtRefClkFreq
                0x00000b00       0xc4 ./drivers/fsl_clock.o
 .text.CLOCK_GetInternalRefClkSelectFreq
                0x00000bc4       0x4c ./drivers/fsl_clock.o
 .text.CLOCK_GetFllRefClkFreq
                0x00000c10       0x34 ./drivers/fsl_clock.o
 .text.CLOCK_GetOscRangeFromFreq
                0x00000c44       0x3c ./drivers/fsl_clock.o
 .text.CLOCK_GetOsc0ErClkFreq
                0x00000c80       0x54 ./drivers/fsl_clock.o
                0x00000c80                CLOCK_GetOsc0ErClkFreq
 .text.CLOCK_GetEr32kClkFreq
                0x00000cd4       0x80 ./drivers/fsl_clock.o
                0x00000cd4                CLOCK_GetEr32kClkFreq
 .text.CLOCK_GetPllFllSelClkFreq
                0x00000d54       0x54 ./drivers/fsl_clock.o
                0x00000d54                CLOCK_GetPllFllSelClkFreq
 .text.CLOCK_GetFreq
                0x00000da8      0x148 ./drivers/fsl_clock.o
                0x00000da8                CLOCK_GetFreq
 .text.CLOCK_SetSimConfig
                0x00000ef0       0x38 ./drivers/fsl_clock.o
                0x00000ef0                CLOCK_SetSimConfig
 .text.CLOCK_GetOutClkFreq
                0x00000f28       0x64 ./drivers/fsl_clock.o
                0x00000f28                CLOCK_GetOutClkFreq
 .text.CLOCK_GetFllFreq
                0x00000f8c       0x84 ./drivers/fsl_clock.o
                0x00000f8c                CLOCK_GetFllFreq
 .text.CLOCK_GetInternalRefClkFreq
                0x00001010       0x30 ./drivers/fsl_clock.o
                0x00001010                CLOCK_GetInternalRefClkFreq
 .text.CLOCK_GetPll0Freq
                0x00001040       0x88 ./drivers/fsl_clock.o
                0x00001040                CLOCK_GetPll0Freq
 .text.CLOCK_SetExternalRefClkConfig
                0x000010c8       0x6c ./drivers/fsl_clock.o
                0x000010c8                CLOCK_SetExternalRefClkConfig
 .text.CLOCK_SetInternalRefClkConfig
                0x00001134      0x104 ./drivers/fsl_clock.o
                0x00001134                CLOCK_SetInternalRefClkConfig
 .text.CLOCK_EnablePll0
                0x00001238       0x94 ./drivers/fsl_clock.o
                0x00001238                CLOCK_EnablePll0
 .text.CLOCK_InitOsc0
                0x000012cc       0x8c ./drivers/fsl_clock.o
                0x000012cc                CLOCK_InitOsc0
 .text.CLOCK_SetPbeMode
                0x00001358       0xb8 ./drivers/fsl_clock.o
                0x00001358                CLOCK_SetPbeMode
 .text.CLOCK_BootToPeeMode
                0x00001410       0x74 ./drivers/fsl_clock.o
                0x00001410                CLOCK_BootToPeeMode
 .text.GPIO_PinInit
                0x00001484       0x74 ./drivers/fsl_gpio.o
                0x00001484                GPIO_PinInit
 .text.SystemInit
                0x000014f8       0x3c ./device/system_MK64F12.o
                0x000014f8                SystemInit
 .text.CLOCK_SetSimSafeDivs
                0x00001534       0x20 ./board/clock_config.o
 .text.CLOCK_SetXtal0Freq
                0x00001554       0x20 ./board/clock_config.o
 .text.CLOCK_CONFIG_SetFllExtRefDiv
                0x00001574       0x3c ./board/clock_config.o
 .text.BOARD_BootClockRUN
                0x000015b0       0x60 ./board/clock_config.o
                0x000015b0                BOARD_BootClockRUN
 .text.BOARD_InitPins
                0x00001610       0x30 ./board/pin_mux.o
                0x00001610                BOARD_InitPins
 .text.__NVIC_EnableIRQ
                0x00001640       0x3c ./Modules/UART/UART.o
 .text.__NVIC_ClearPendingIRQ
                0x0000167c       0x3c ./Modules/UART/UART.o
 .text.PORT_SetPinConfig
                0x000016b8       0x44 ./Modules/UART/UART.o
 .text.ReceiveThread
                0x000016fc       0x40 ./Modules/UART/UART.o
                0x000016fc                ReceiveThread
 .text.TransmitThread
                0x0000173c       0x44 ./Modules/UART/UART.o
                0x0000173c                TransmitThread
 .text.UART_Init
                0x00001780      0x15c ./Modules/UART/UART.o
                0x00001780                UART_Init
 .text.UART_InChar
                0x000018dc       0x1c ./Modules/UART/UART.o
                0x000018dc                UART_InChar
 .text.UART_OutChar
                0x000018f8       0x20 ./Modules/UART/UART.o
                0x000018f8                UART_OutChar
 .text.UART0_RX_TX_IRQHandler
                0x00001918       0x98 ./Modules/UART/UART.o
                0x00001918                UART0_RX_TX_IRQHandler
 .text.Byte_Checksum
                0x000019b0       0x48 ./Modules/Packet/packet.o
                0x000019b0                Byte_Checksum
 .text.Packet_Init
                0x000019f8       0x30 ./Modules/Packet/packet.o
                0x000019f8                Packet_Init
 .text.Packet_Get
                0x00001a28       0xe4 ./Modules/Packet/packet.o
                0x00001a28                Packet_Get
 .text.Packet_Put
                0x00001b0c       0x74 ./Modules/Packet/packet.o
                0x00001b0c                Packet_Put
 .text.__NVIC_EnableIRQ
                0x00001b80       0x3c ./Modules/PIT/PIT.o
 .text.__NVIC_ClearPendingIRQ
                0x00001bbc       0x3c ./Modules/PIT/PIT.o
 .text.PIT0CallbackThread
                0x00001bf8       0x38 ./Modules/PIT/PIT.o
                0x00001bf8                PIT0CallbackThread
 .text.PIT_Init
                0x00001c30       0xa8 ./Modules/PIT/PIT.o
                0x00001c30                PIT_Init
 .text.PIT_Enable
                0x00001cd8       0x44 ./Modules/PIT/PIT.o
                0x00001cd8                PIT_Enable
 .text.PIT0_IRQHandler
                0x00001d1c       0x34 ./Modules/PIT/PIT.o
                0x00001d1c                PIT0_IRQHandler
 .text.PIT2_IRQHandler
                0x00001d50       0x34 ./Modules/PIT/PIT.o
                0x00001d50                PIT2_IRQHandler
 .text.PORT_SetPinConfig
                0x00001d84       0x44 ./Modules/LEDs/LEDs.o
 .text.LEDs_Init
                0x00001dc8       0xac ./Modules/LEDs/LEDs.o
                0x00001dc8                LEDs_Init
 .text.LEDs_On  0x00001e74       0x28 ./Modules/LEDs/LEDs.o
                0x00001e74                LEDs_On
 .text.LEDs_Off
                0x00001e9c       0x28 ./Modules/LEDs/LEDs.o
                0x00001e9c                LEDs_Off
 .text.LEDs_Toggle
                0x00001ec4       0x28 ./Modules/LEDs/LEDs.o
                0x00001ec4                LEDs_Toggle
 .text.LaunchCommand
                0x00001eec       0xc4 ./Modules/Flash/Flash.o
 .text.Flash_AllocateVar
                0x00001fb0       0x90 ./Modules/Flash/Flash.o
                0x00001fb0                Flash_AllocateVar
 .text.Flash_Write32
                0x00002040       0x74 ./Modules/Flash/Flash.o
                0x00002040                Flash_Write32
 .text.__NVIC_EnableIRQ
                0x000020b4       0x3c ./Modules/FTM/FTM.o
 .text.__NVIC_ClearPendingIRQ
                0x000020f0       0x3c ./Modules/FTM/FTM.o
 .text.FTM_Init
                0x0000212c       0x64 ./Modules/FTM/FTM.o
                0x0000212c                FTM_Init
 .text.FTM_Set  0x00002190      0x1c4 ./Modules/FTM/FTM.o
                0x00002190                FTM_Set
 .text.FTM_StartTimer
                0x00002354       0x7c ./Modules/FTM/FTM.o
                0x00002354                FTM_StartTimer
 .text.FTM0_IRQHandler
                0x000023d0       0xb0 ./Modules/FTM/FTM.o
                0x000023d0                FTM0_IRQHandler
 .text.__NVIC_SetPriority
                0x00002480       0x54 C:\Users\User\git\Project\Library\libOS.a(OS.o)
 .text.SysTick_Config
                0x000024d4       0x44 C:\Users\User\git\Project\Library\libOS.a(OS.o)
 .text.OS_Init  0x00002518       0xc0 C:\Users\User\git\Project\Library\libOS.a(OS.o)
                0x00002518                OS_Init
 .text.OS_ISREnter
                0x000025d8       0x2c C:\Users\User\git\Project\Library\libOS.a(OS.o)
                0x000025d8                OS_ISREnter
 .text.OS_ISRExit
                0x00002604       0x20 C:\Users\User\git\Project\Library\libOS.a(OS.o)
                0x00002604                OS_ISRExit
 .text.OS_SemaphoreCreate
                0x00002624       0x90 C:\Users\User\git\Project\Library\libOS.a(OS.o)
                0x00002624                OS_SemaphoreCreate
 .text.OS_SemaphoreWait
                0x000026b4       0x70 C:\Users\User\git\Project\Library\libOS.a(OS.o)
                0x000026b4                OS_SemaphoreWait
 .text.OS_ThreadCreate
                0x00002724      0x160 C:\Users\User\git\Project\Library\libOS.a(OS.o)
                0x00002724                OS_ThreadCreate
 .text.OS_ThreadDelete
                0x00002884      0x18c C:\Users\User\git\Project\Library\libOS.a(OS.o)
                0x00002884                OS_ThreadDelete
 .text.EventThreadReady
                0x00002a10       0x6c C:\Users\User\git\Project\Library\libOS.a(OS.o)
 .text.EventThreadWait
                0x00002a7c       0x68 C:\Users\User\git\Project\Library\libOS.a(OS.o)
 .text.EventTimeout
                0x00002ae4       0x40 C:\Users\User\git\Project\Library\libOS.a(OS.o)
 .text.Idle     0x00002b24       0x18 C:\Users\User\git\Project\Library\libOS.a(OS.o)
 .text.Schedule
                0x00002b3c       0x70 C:\Users\User\git\Project\Library\libOS.a(OS.o)
 .text.TimeTick
                0x00002bac       0x84 C:\Users\User\git\Project\Library\libOS.a(OS.o)
 .text          0x00002c30      0x378 c:/nxp/mcuxpressoide_11.1.1_3241/ide/plugins/com.nxp.mcuxpresso.tools.win32_11.1.0.202001081728/tools/bin/../lib/gcc/arm-none-eabi/8.3.1/thumb/v7e-m+fp/hard\libgcc.a(_arm_addsubdf3.o)
                0x00002c30                __aeabi_drsub
                0x00002c38                __aeabi_dsub
                0x00002c38                __subdf3
                0x00002c3c                __aeabi_dadd
                0x00002c3c                __adddf3
                0x00002eb4                __floatunsidf
                0x00002eb4                __aeabi_ui2d
                0x00002ed4                __floatsidf
                0x00002ed4                __aeabi_i2d
                0x00002ef8                __aeabi_f2d
                0x00002ef8                __extendsfdf2
                0x00002f3c                __floatundidf
                0x00002f3c                __aeabi_ul2d
                0x00002f4c                __floatdidf
                0x00002f4c                __aeabi_l2d
 .text          0x00002fa8      0x424 c:/nxp/mcuxpressoide_11.1.1_3241/ide/plugins/com.nxp.mcuxpresso.tools.win32_11.1.0.202001081728/tools/bin/../lib/gcc/arm-none-eabi/8.3.1/thumb/v7e-m+fp/hard\libgcc.a(_arm_muldivdf3.o)
                0x00002fa8                __aeabi_dmul
                0x00002fa8                __muldf3
                0x000031fc                __divdf3
                0x000031fc                __aeabi_ddiv
 .text          0x000033cc       0x40 c:/nxp/mcuxpressoide_11.1.1_3241/ide/plugins/com.nxp.mcuxpresso.tools.win32_11.1.0.202001081728/tools/bin/../lib/gcc/arm-none-eabi/8.3.1/thumb/v7e-m+fp/hard\libgcc.a(_arm_fixunsdfsi.o)
                0x000033cc                __aeabi_d2uiz
                0x000033cc                __fixunsdfsi
 .text.__assert_func
                0x0000340c       0x3c c:/nxp/mcuxpressoide_11.1.1_3241/ide/plugins/com.nxp.mcuxpresso.tools.win32_11.1.0.202001081728/tools/bin/../lib/gcc/arm-none-eabi/8.3.1/../../../../arm-none-eabi/lib/thumb/v7e-m+fp/hard\libc_nano.a(lib_a-assert.o)
                0x0000340c                __assert_func
 .text.fprintf  0x00003448       0x24 c:/nxp/mcuxpressoide_11.1.1_3241/ide/plugins/com.nxp.mcuxpresso.tools.win32_11.1.0.202001081728/tools/bin/../lib/gcc/arm-none-eabi/8.3.1/../../../../arm-none-eabi/lib/thumb/v7e-m+fp/hard\libc_nano.a(lib_a-fprintf.o)
                0x00003448                fiprintf
                0x00003448                fprintf
 .text._free_r  0x0000346c       0x9c c:/nxp/mcuxpressoide_11.1.1_3241/ide/plugins/com.nxp.mcuxpresso.tools.win32_11.1.0.202001081728/tools/bin/../lib/gcc/arm-none-eabi/8.3.1/../../../../arm-none-eabi/lib/thumb/v7e-m+fp/hard\libc_nano.a(lib_a-nano-freer.o)
                0x0000346c                _free_r
 .text._malloc_r
                0x00003508       0xb4 c:/nxp/mcuxpressoide_11.1.1_3241/ide/plugins/com.nxp.mcuxpresso.tools.win32_11.1.0.202001081728/tools/bin/../lib/gcc/arm-none-eabi/8.3.1/../../../../arm-none-eabi/lib/thumb/v7e-m+fp/hard\libc_nano.a(lib_a-nano-mallocr.o)
                0x00003508                _malloc_r
 .text._vfprintf_r
                0x000035bc      0x250 c:/nxp/mcuxpressoide_11.1.1_3241/ide/plugins/com.nxp.mcuxpresso.tools.win32_11.1.0.202001081728/tools/bin/../lib/gcc/arm-none-eabi/8.3.1/../../../../arm-none-eabi/lib/thumb/v7e-m+fp/hard\libc_nano.a(lib_a-nano-vfprintf.o)
                0x000035bc                _vfprintf_r
                0x000035bc                _vfiprintf_r
 .text._printf_i
                0x0000380c      0x228 c:/nxp/mcuxpressoide_11.1.1_3241/ide/plugins/com.nxp.mcuxpresso.tools.win32_11.1.0.202001081728/tools/bin/../lib/gcc/arm-none-eabi/8.3.1/../../../../arm-none-eabi/lib/thumb/v7e-m+fp/hard\libc_nano.a(lib_a-nano-vfprintf_i.o)
                0x0000380c                _printf_i
 .text._sbrk_r  0x00003a34       0x20 c:/nxp/mcuxpressoide_11.1.1_3241/ide/plugins/com.nxp.mcuxpresso.tools.win32_11.1.0.202001081728/tools/bin/../lib/gcc/arm-none-eabi/8.3.1/../../../../arm-none-eabi/lib/thumb/v7e-m+fp/hard\libc_nano.a(lib_a-sbrkr.o)
                0x00003a34                _sbrk_r
 .text.__swbuf_r
                0x00003a54       0xa4 c:/nxp/mcuxpressoide_11.1.1_3241/ide/plugins/com.nxp.mcuxpresso.tools.win32_11.1.0.202001081728/tools/bin/../lib/gcc/arm-none-eabi/8.3.1/../../../../arm-none-eabi/lib/thumb/v7e-m+fp/hard\libc_nano.a(lib_a-wbuf.o)
                0x00003a54                __swbuf_r
 .text.__swsetup_r
                0x00003af8       0xdc c:/nxp/mcuxpressoide_11.1.1_3241/ide/plugins/com.nxp.mcuxpresso.tools.win32_11.1.0.202001081728/tools/bin/../lib/gcc/arm-none-eabi/8.3.1/../../../../arm-none-eabi/lib/thumb/v7e-m+fp/hard\libc_nano.a(lib_a-wsetup.o)
                0x00003af8                __swsetup_r
 .text.__sflush_r
                0x00003bd4      0x10c c:/nxp/mcuxpressoide_11.1.1_3241/ide/plugins/com.nxp.mcuxpresso.tools.win32_11.1.0.202001081728/tools/bin/../lib/gcc/arm-none-eabi/8.3.1/../../../../arm-none-eabi/lib/thumb/v7e-m+fp/hard\libc_nano.a(lib_a-fflush.o)
                0x00003bd4                __sflush_r
 .text._fflush_r
                0x00003ce0       0x78 c:/nxp/mcuxpressoide_11.1.1_3241/ide/plugins/com.nxp.mcuxpresso.tools.win32_11.1.0.202001081728/tools/bin/../lib/gcc/arm-none-eabi/8.3.1/../../../../arm-none-eabi/lib/thumb/v7e-m+fp/hard\libc_nano.a(lib_a-fflush.o)
                0x00003ce0                _fflush_r
 .text.std      0x00003d58       0x48 c:/nxp/mcuxpressoide_11.1.1_3241/ide/plugins/com.nxp.mcuxpresso.tools.win32_11.1.0.202001081728/tools/bin/../lib/gcc/arm-none-eabi/8.3.1/../../../../arm-none-eabi/lib/thumb/v7e-m+fp/hard\libc_nano.a(lib_a-findfp.o)
 .text._cleanup_r
                0x00003da0        0xc c:/nxp/mcuxpressoide_11.1.1_3241/ide/plugins/com.nxp.mcuxpresso.tools.win32_11.1.0.202001081728/tools/bin/../lib/gcc/arm-none-eabi/8.3.1/../../../../arm-none-eabi/lib/thumb/v7e-m+fp/hard\libc_nano.a(lib_a-findfp.o)
                0x00003da0                _cleanup_r
 .text.__sfp_lock_acquire
                0x00003dac        0xc c:/nxp/mcuxpressoide_11.1.1_3241/ide/plugins/com.nxp.mcuxpresso.tools.win32_11.1.0.202001081728/tools/bin/../lib/gcc/arm-none-eabi/8.3.1/../../../../arm-none-eabi/lib/thumb/v7e-m+fp/hard\libc_nano.a(lib_a-findfp.o)
                0x00003dac                __sfp_lock_acquire
 .text.__sfp_lock_release
                0x00003db8        0xc c:/nxp/mcuxpressoide_11.1.1_3241/ide/plugins/com.nxp.mcuxpresso.tools.win32_11.1.0.202001081728/tools/bin/../lib/gcc/arm-none-eabi/8.3.1/../../../../arm-none-eabi/lib/thumb/v7e-m+fp/hard\libc_nano.a(lib_a-findfp.o)
                0x00003db8                __sfp_lock_release
 .text.__sinit_lock_acquire
                0x00003dc4        0xc c:/nxp/mcuxpressoide_11.1.1_3241/ide/plugins/com.nxp.mcuxpresso.tools.win32_11.1.0.202001081728/tools/bin/../lib/gcc/arm-none-eabi/8.3.1/../../../../arm-none-eabi/lib/thumb/v7e-m+fp/hard\libc_nano.a(lib_a-findfp.o)
                0x00003dc4                __sinit_lock_acquire
 .text.__sinit_lock_release
                0x00003dd0        0xc c:/nxp/mcuxpressoide_11.1.1_3241/ide/plugins/com.nxp.mcuxpresso.tools.win32_11.1.0.202001081728/tools/bin/../lib/gcc/arm-none-eabi/8.3.1/../../../../arm-none-eabi/lib/thumb/v7e-m+fp/hard\libc_nano.a(lib_a-findfp.o)
                0x00003dd0                __sinit_lock_release
 .text.__sinit  0x00003ddc       0x70 c:/nxp/mcuxpressoide_11.1.1_3241/ide/plugins/com.nxp.mcuxpresso.tools.win32_11.1.0.202001081728/tools/bin/../lib/gcc/arm-none-eabi/8.3.1/../../../../arm-none-eabi/lib/thumb/v7e-m+fp/hard\libc_nano.a(lib_a-findfp.o)
                0x00003ddc                __sinit
 .text.__sfp    0x00003e4c       0x8c c:/nxp/mcuxpressoide_11.1.1_3241/ide/plugins/com.nxp.mcuxpresso.tools.win32_11.1.0.202001081728/tools/bin/../lib/gcc/arm-none-eabi/8.3.1/../../../../arm-none-eabi/lib/thumb/v7e-m+fp/hard\libc_nano.a(lib_a-findfp.o)
                0x00003e4c                __sfp
 .text.__smakebuf_r
                0x00003ed8       0x80 c:/nxp/mcuxpressoide_11.1.1_3241/ide/plugins/com.nxp.mcuxpresso.tools.win32_11.1.0.202001081728/tools/bin/../lib/gcc/arm-none-eabi/8.3.1/../../../../arm-none-eabi/lib/thumb/v7e-m+fp/hard\libc_nano.a(lib_a-makebuf.o)
                0x00003ed8                __smakebuf_r
 .text.__malloc_lock
                0x00003f58        0xc c:/nxp/mcuxpressoide_11.1.1_3241/ide/plugins/com.nxp.mcuxpresso.tools.win32_11.1.0.202001081728/tools/bin/../lib/gcc/arm-none-eabi/8.3.1/../../../../arm-none-eabi/lib/thumb/v7e-m+fp/hard\libc_nano.a(lib_a-mlock.o)
                0x00003f58                __malloc_lock
 .text.__malloc_unlock
                0x00003f64        0xc c:/nxp/mcuxpressoide_11.1.1_3241/ide/plugins/com.nxp.mcuxpresso.tools.win32_11.1.0.202001081728/tools/bin/../lib/gcc/arm-none-eabi/8.3.1/../../../../arm-none-eabi/lib/thumb/v7e-m+fp/hard\libc_nano.a(lib_a-mlock.o)
                0x00003f64                __malloc_unlock
 .text.raise    0x00003f70       0x10 c:/nxp/mcuxpressoide_11.1.1_3241/ide/plugins/com.nxp.mcuxpresso.tools.win32_11.1.0.202001081728/tools/bin/../lib/gcc/arm-none-eabi/8.3.1/../../../../arm-none-eabi/lib/thumb/v7e-m+fp/hard\libc_nano.a(lib_a-signal.o)
                0x00003f70                raise
 .text._kill_r  0x00003f80       0x24 c:/nxp/mcuxpressoide_11.1.1_3241/ide/plugins/com.nxp.mcuxpresso.tools.win32_11.1.0.202001081728/tools/bin/../lib/gcc/arm-none-eabi/8.3.1/../../../../arm-none-eabi/lib/thumb/v7e-m+fp/hard\libc_nano.a(lib_a-signalr.o)
                0x00003f80                _kill_r
 .text._write_r
                0x00003fa4       0x24 c:/nxp/mcuxpressoide_11.1.1_3241/ide/plugins/com.nxp.mcuxpresso.tools.win32_11.1.0.202001081728/tools/bin/../lib/gcc/arm-none-eabi/8.3.1/../../../../arm-none-eabi/lib/thumb/v7e-m+fp/hard\libc_nano.a(lib_a-writer.o)
                0x00003fa4                _write_r
 .text._close_r
                0x00003fc8       0x20 c:/nxp/mcuxpressoide_11.1.1_3241/ide/plugins/com.nxp.mcuxpresso.tools.win32_11.1.0.202001081728/tools/bin/../lib/gcc/arm-none-eabi/8.3.1/../../../../arm-none-eabi/lib/thumb/v7e-m+fp/hard\libc_nano.a(lib_a-closer.o)
                0x00003fc8                _close_r
 .text._fstat_r
                0x00003fe8       0x24 c:/nxp/mcuxpressoide_11.1.1_3241/ide/plugins/com.nxp.mcuxpresso.tools.win32_11.1.0.202001081728/tools/bin/../lib/gcc/arm-none-eabi/8.3.1/../../../../arm-none-eabi/lib/thumb/v7e-m+fp/hard\libc_nano.a(lib_a-fstatr.o)
                0x00003fe8                _fstat_r
 .text._isatty_r
                0x0000400c       0x20 c:/nxp/mcuxpressoide_11.1.1_3241/ide/plugins/com.nxp.mcuxpresso.tools.win32_11.1.0.202001081728/tools/bin/../lib/gcc/arm-none-eabi/8.3.1/../../../../arm-none-eabi/lib/thumb/v7e-m+fp/hard\libc_nano.a(lib_a-isattyr.o)
                0x0000400c                _isatty_r
 .text._lseek_r
                0x0000402c       0x24 c:/nxp/mcuxpressoide_11.1.1_3241/ide/plugins/com.nxp.mcuxpresso.tools.win32_11.1.0.202001081728/tools/bin/../lib/gcc/arm-none-eabi/8.3.1/../../../../arm-none-eabi/lib/thumb/v7e-m+fp/hard\libc_nano.a(lib_a-lseekr.o)
                0x0000402c                _lseek_r
 .text._read_r  0x00004050       0x24 c:/nxp/mcuxpressoide_11.1.1_3241/ide/plugins/com.nxp.mcuxpresso.tools.win32_11.1.0.202001081728/tools/bin/../lib/gcc/arm-none-eabi/8.3.1/../../../../arm-none-eabi/lib/thumb/v7e-m+fp/hard\libc_nano.a(lib_a-readr.o)
                0x00004050                _read_r
 .text._sbrk    0x00004074       0x3c c:/nxp/mcuxpressoide_11.1.1_3241/ide/plugins/com.nxp.mcuxpresso.tools.win32_11.1.0.202001081728/tools/bin/../lib/gcc/arm-none-eabi/8.3.1/../../../../arm-none-eabi/lib/thumb/v7e-m+fp/hard\libcr_newlib_nohost.a(_cr_sbrk.o)
                0x00004074                _sbrk
 .text._close   0x000040b0       0x10 c:/nxp/mcuxpressoide_11.1.1_3241/ide/plugins/com.nxp.mcuxpresso.tools.win32_11.1.0.202001081728/tools/bin/../lib/gcc/arm-none-eabi/8.3.1/../../../../arm-none-eabi/lib/thumb/v7e-m+fp/hard\libcr_newlib_nohost.a(close.o)
                0x000040b0                _close
 .text._fstat   0x000040c0       0x10 c:/nxp/mcuxpressoide_11.1.1_3241/ide/plugins/com.nxp.mcuxpresso.tools.win32_11.1.0.202001081728/tools/bin/../lib/gcc/arm-none-eabi/8.3.1/../../../../arm-none-eabi/lib/thumb/v7e-m+fp/hard\libcr_newlib_nohost.a(fstat.o)
                0x000040c0                _fstat
 .text._getpid  0x000040d0       0x10 c:/nxp/mcuxpressoide_11.1.1_3241/ide/plugins/com.nxp.mcuxpresso.tools.win32_11.1.0.202001081728/tools/bin/../lib/gcc/arm-none-eabi/8.3.1/../../../../arm-none-eabi/lib/thumb/v7e-m+fp/hard\libcr_newlib_nohost.a(getpid.o)
                0x000040d0                _getpid
 .text._isatty  0x000040e0       0x10 c:/nxp/mcuxpressoide_11.1.1_3241/ide/plugins/com.nxp.mcuxpresso.tools.win32_11.1.0.202001081728/tools/bin/../lib/gcc/arm-none-eabi/8.3.1/../../../../arm-none-eabi/lib/thumb/v7e-m+fp/hard\libcr_newlib_nohost.a(isatty.o)
                0x000040e0                _isatty
 .text._kill    0x000040f0       0x10 c:/nxp/mcuxpressoide_11.1.1_3241/ide/plugins/com.nxp.mcuxpresso.tools.win32_11.1.0.202001081728/tools/bin/../lib/gcc/arm-none-eabi/8.3.1/../../../../arm-none-eabi/lib/thumb/v7e-m+fp/hard\libcr_newlib_nohost.a(kill.o)
                0x000040f0                _kill
 .text._lseek   0x00004100       0x10 c:/nxp/mcuxpressoide_11.1.1_3241/ide/plugins/com.nxp.mcuxpresso.tools.win32_11.1.0.202001081728/tools/bin/../lib/gcc/arm-none-eabi/8.3.1/../../../../arm-none-eabi/lib/thumb/v7e-m+fp/hard\libcr_newlib_nohost.a(lseek.o)
                0x00004100                _lseek
 .text._read    0x00004110       0x10 c:/nxp/mcuxpressoide_11.1.1_3241/ide/plugins/com.nxp.mcuxpresso.tools.win32_11.1.0.202001081728/tools/bin/../lib/gcc/arm-none-eabi/8.3.1/../../../../arm-none-eabi/lib/thumb/v7e-m+fp/hard\libcr_newlib_nohost.a(read.o)
                0x00004110                _read
 .text._write   0x00004120       0x10 c:/nxp/mcuxpressoide_11.1.1_3241/ide/plugins/com.nxp.mcuxpresso.tools.win32_11.1.0.202001081728/tools/bin/../lib/gcc/arm-none-eabi/8.3.1/../../../../arm-none-eabi/lib/thumb/v7e-m+fp/hard\libcr_newlib_nohost.a(write.o)
                0x00004120                _write
 .text.__check_heap_overflow
                0x00004130       0x18 c:/nxp/mcuxpressoide_11.1.1_3241/ide/plugins/com.nxp.mcuxpresso.tools.win32_11.1.0.202001081728/tools/bin/../lib/gcc/arm-none-eabi/8.3.1/../../../../arm-none-eabi/lib/thumb/v7e-m+fp/hard\libcr_newlib_nohost.a(_cr_check_heap.o)
                0x00004130                __check_heap_overflow
 .text.__errno  0x00004148        0xc c:/nxp/mcuxpressoide_11.1.1_3241/ide/plugins/com.nxp.mcuxpresso.tools.win32_11.1.0.202001081728/tools/bin/../lib/gcc/arm-none-eabi/8.3.1/../../../../arm-none-eabi/lib/thumb/v7e-m+fp/hard\libc_nano.a(lib_a-errno.o)
                0x00004148                __errno
 .text.DMA0_IRQHandler
                0x00004154        0x8 ./startup/startup_mk64f12.o
                0x00004154                DMA0_IRQHandler
 .text.DMA1_IRQHandler
                0x0000415c        0x8 ./startup/startup_mk64f12.o
                0x0000415c                DMA1_IRQHandler
 .text.DMA2_IRQHandler
                0x00004164        0x8 ./startup/startup_mk64f12.o
                0x00004164                DMA2_IRQHandler
 .text.DMA3_IRQHandler
                0x0000416c        0x8 ./startup/startup_mk64f12.o
                0x0000416c                DMA3_IRQHandler
 .text.DMA4_IRQHandler
                0x00004174        0x8 ./startup/startup_mk64f12.o
                0x00004174                DMA4_IRQHandler
 .text.DMA5_IRQHandler
                0x0000417c        0x8 ./startup/startup_mk64f12.o
                0x0000417c                DMA5_IRQHandler
 .text.DMA6_IRQHandler
                0x00004184        0x8 ./startup/startup_mk64f12.o
                0x00004184                DMA6_IRQHandler
 .text.DMA7_IRQHandler
                0x0000418c        0x8 ./startup/startup_mk64f12.o
                0x0000418c                DMA7_IRQHandler
 .text.DMA8_IRQHandler
                0x00004194        0x8 ./startup/startup_mk64f12.o
                0x00004194                DMA8_IRQHandler
 .text.DMA9_IRQHandler
                0x0000419c        0x8 ./startup/startup_mk64f12.o
                0x0000419c                DMA9_IRQHandler
 .text.DMA10_IRQHandler
                0x000041a4        0x8 ./startup/startup_mk64f12.o
                0x000041a4                DMA10_IRQHandler
 .text.DMA11_IRQHandler
                0x000041ac        0x8 ./startup/startup_mk64f12.o
                0x000041ac                DMA11_IRQHandler
 .text.DMA12_IRQHandler
                0x000041b4        0x8 ./startup/startup_mk64f12.o
                0x000041b4                DMA12_IRQHandler
 .text.DMA13_IRQHandler
                0x000041bc        0x8 ./startup/startup_mk64f12.o
                0x000041bc                DMA13_IRQHandler
 .text.DMA14_IRQHandler
                0x000041c4        0x8 ./startup/startup_mk64f12.o
                0x000041c4                DMA14_IRQHandler
 .text.DMA15_IRQHandler
                0x000041cc        0x8 ./startup/startup_mk64f12.o
                0x000041cc                DMA15_IRQHandler
 .text.DMA_Error_IRQHandler
                0x000041d4        0x8 ./startup/startup_mk64f12.o
                0x000041d4                DMA_Error_IRQHandler
 .text.MCM_IRQHandler
                0x000041dc        0x8 ./startup/startup_mk64f12.o
                0x000041dc                MCM_IRQHandler
 .text.FTFE_IRQHandler
                0x000041e4        0x8 ./startup/startup_mk64f12.o
                0x000041e4                FTFE_IRQHandler
 .text.Read_Collision_IRQHandler
                0x000041ec        0x8 ./startup/startup_mk64f12.o
                0x000041ec                Read_Collision_IRQHandler
 .text.LVD_LVW_IRQHandler
                0x000041f4        0x8 ./startup/startup_mk64f12.o
                0x000041f4                LVD_LVW_IRQHandler
 .text.LLWU_IRQHandler
                0x000041fc        0x8 ./startup/startup_mk64f12.o
                0x000041fc                LLWU_IRQHandler
 .text.WDOG_EWM_IRQHandler
                0x00004204        0x8 ./startup/startup_mk64f12.o
                0x00004204                WDOG_EWM_IRQHandler
 .text.RNG_IRQHandler
                0x0000420c        0x8 ./startup/startup_mk64f12.o
                0x0000420c                RNG_IRQHandler
 .text.I2C0_IRQHandler
                0x00004214        0x8 ./startup/startup_mk64f12.o
                0x00004214                I2C0_IRQHandler
 .text.I2C1_IRQHandler
                0x0000421c        0x8 ./startup/startup_mk64f12.o
                0x0000421c                I2C1_IRQHandler
 .text.SPI0_IRQHandler
                0x00004224        0x8 ./startup/startup_mk64f12.o
                0x00004224                SPI0_IRQHandler
 .text.SPI1_IRQHandler
                0x0000422c        0x8 ./startup/startup_mk64f12.o
                0x0000422c                SPI1_IRQHandler
 .text.I2S0_Tx_IRQHandler
                0x00004234        0x8 ./startup/startup_mk64f12.o
                0x00004234                I2S0_Tx_IRQHandler
 .text.I2S0_Rx_IRQHandler
                0x0000423c        0x8 ./startup/startup_mk64f12.o
                0x0000423c                I2S0_Rx_IRQHandler
 .text.UART0_LON_IRQHandler
                0x00004244        0x8 ./startup/startup_mk64f12.o
                0x00004244                UART0_LON_IRQHandler
 .text.UART0_ERR_IRQHandler
                0x0000424c        0x8 ./startup/startup_mk64f12.o
                0x0000424c                UART0_ERR_IRQHandler
 .text.UART1_RX_TX_IRQHandler
                0x00004254        0x8 ./startup/startup_mk64f12.o
                0x00004254                UART1_RX_TX_IRQHandler
 .text.UART1_ERR_IRQHandler
                0x0000425c        0x8 ./startup/startup_mk64f12.o
                0x0000425c                UART1_ERR_IRQHandler
 .text.UART2_RX_TX_IRQHandler
                0x00004264        0x8 ./startup/startup_mk64f12.o
                0x00004264                UART2_RX_TX_IRQHandler
 .text.UART2_ERR_IRQHandler
                0x0000426c        0x8 ./startup/startup_mk64f12.o
                0x0000426c                UART2_ERR_IRQHandler
 .text.UART3_RX_TX_IRQHandler
                0x00004274        0x8 ./startup/startup_mk64f12.o
                0x00004274                UART3_RX_TX_IRQHandler
 .text.UART3_ERR_IRQHandler
                0x0000427c        0x8 ./startup/startup_mk64f12.o
                0x0000427c                UART3_ERR_IRQHandler
 .text.ADC0_IRQHandler
                0x00004284        0x8 ./startup/startup_mk64f12.o
                0x00004284                ADC0_IRQHandler
 .text.CMP0_IRQHandler
                0x0000428c        0x8 ./startup/startup_mk64f12.o
                0x0000428c                CMP0_IRQHandler
 .text.CMP1_IRQHandler
                0x00004294        0x8 ./startup/startup_mk64f12.o
                0x00004294                CMP1_IRQHandler
 .text.FTM1_IRQHandler
                0x0000429c        0x8 ./startup/startup_mk64f12.o
                0x0000429c                FTM1_IRQHandler
 .text.FTM2_IRQHandler
                0x000042a4        0x8 ./startup/startup_mk64f12.o
                0x000042a4                FTM2_IRQHandler
 .text.CMT_IRQHandler
                0x000042ac        0x8 ./startup/startup_mk64f12.o
                0x000042ac                CMT_IRQHandler
 .text.RTC_IRQHandler
                0x000042b4        0x8 ./startup/startup_mk64f12.o
                0x000042b4                RTC_IRQHandler
 .text.RTC_Seconds_IRQHandler
                0x000042bc        0x8 ./startup/startup_mk64f12.o
                0x000042bc                RTC_Seconds_IRQHandler
 .text.PIT1_IRQHandler
                0x000042c4        0x8 ./startup/startup_mk64f12.o
                0x000042c4                PIT1_IRQHandler
 .text.PIT3_IRQHandler
                0x000042cc        0x8 ./startup/startup_mk64f12.o
                0x000042cc                PIT3_IRQHandler
 .text.PDB0_IRQHandler
                0x000042d4        0x8 ./startup/startup_mk64f12.o
                0x000042d4                PDB0_IRQHandler
 .text.USB0_IRQHandler
                0x000042dc        0x8 ./startup/startup_mk64f12.o
                0x000042dc                USB0_IRQHandler
 .text.USBDCD_IRQHandler
                0x000042e4        0x8 ./startup/startup_mk64f12.o
                0x000042e4                USBDCD_IRQHandler
 .text.Reserved71_IRQHandler
                0x000042ec        0x8 ./startup/startup_mk64f12.o
                0x000042ec                Reserved71_IRQHandler
 .text.DAC0_IRQHandler
                0x000042f4        0x8 ./startup/startup_mk64f12.o
                0x000042f4                DAC0_IRQHandler
 .text.MCG_IRQHandler
                0x000042fc        0x8 ./startup/startup_mk64f12.o
                0x000042fc                MCG_IRQHandler
 .text.LPTMR0_IRQHandler
                0x00004304        0x8 ./startup/startup_mk64f12.o
                0x00004304                LPTMR0_IRQHandler
 .text.PORTA_IRQHandler
                0x0000430c        0x8 ./startup/startup_mk64f12.o
                0x0000430c                PORTA_IRQHandler
 .text.PORTB_IRQHandler
                0x00004314        0x8 ./startup/startup_mk64f12.o
                0x00004314                PORTB_IRQHandler
 .text.PORTC_IRQHandler
                0x0000431c        0x8 ./startup/startup_mk64f12.o
                0x0000431c                PORTC_IRQHandler
 .text.PORTD_IRQHandler
                0x00004324        0x8 ./startup/startup_mk64f12.o
                0x00004324                PORTD_IRQHandler
 .text.PORTE_IRQHandler
                0x0000432c        0x8 ./startup/startup_mk64f12.o
                0x0000432c                PORTE_IRQHandler
 .text.SWI_IRQHandler
                0x00004334        0x8 ./startup/startup_mk64f12.o
                0x00004334                SWI_IRQHandler
 .text.SPI2_IRQHandler
                0x0000433c        0x8 ./startup/startup_mk64f12.o
                0x0000433c                SPI2_IRQHandler
 .text.UART4_RX_TX_IRQHandler
                0x00004344        0x8 ./startup/startup_mk64f12.o
                0x00004344                UART4_RX_TX_IRQHandler
 .text.UART4_ERR_IRQHandler
                0x0000434c        0x8 ./startup/startup_mk64f12.o
                0x0000434c                UART4_ERR_IRQHandler
 .text.UART5_RX_TX_IRQHandler
                0x00004354        0x8 ./startup/startup_mk64f12.o
                0x00004354                UART5_RX_TX_IRQHandler
 .text.UART5_ERR_IRQHandler
                0x0000435c        0x8 ./startup/startup_mk64f12.o
                0x0000435c                UART5_ERR_IRQHandler
 .text.CMP2_IRQHandler
                0x00004364        0x8 ./startup/startup_mk64f12.o
                0x00004364                CMP2_IRQHandler
 .text.FTM3_IRQHandler
                0x0000436c        0x8 ./startup/startup_mk64f12.o
                0x0000436c                FTM3_IRQHandler
 .text.DAC1_IRQHandler
                0x00004374        0x8 ./startup/startup_mk64f12.o
                0x00004374                DAC1_IRQHandler
 .text.ADC1_IRQHandler
                0x0000437c        0x8 ./startup/startup_mk64f12.o
                0x0000437c                ADC1_IRQHandler
 .text.I2C2_IRQHandler
                0x00004384        0x8 ./startup/startup_mk64f12.o
                0x00004384                I2C2_IRQHandler
 .text.CAN0_ORed_Message_buffer_IRQHandler
                0x0000438c        0x8 ./startup/startup_mk64f12.o
                0x0000438c                CAN0_ORed_Message_buffer_IRQHandler
 .text.CAN0_Bus_Off_IRQHandler
                0x00004394        0x8 ./startup/startup_mk64f12.o
                0x00004394                CAN0_Bus_Off_IRQHandler
 .text.CAN0_Error_IRQHandler
                0x0000439c        0x8 ./startup/startup_mk64f12.o
                0x0000439c                CAN0_Error_IRQHandler
 .text.CAN0_Tx_Warning_IRQHandler
                0x000043a4        0x8 ./startup/startup_mk64f12.o
                0x000043a4                CAN0_Tx_Warning_IRQHandler
 .text.CAN0_Rx_Warning_IRQHandler
                0x000043ac        0x8 ./startup/startup_mk64f12.o
                0x000043ac                CAN0_Rx_Warning_IRQHandler
 .text.CAN0_Wake_Up_IRQHandler
                0x000043b4        0x8 ./startup/startup_mk64f12.o
                0x000043b4                CAN0_Wake_Up_IRQHandler
 .text.SDHC_IRQHandler
                0x000043bc        0x8 ./startup/startup_mk64f12.o
                0x000043bc                SDHC_IRQHandler
 .text.ENET_1588_Timer_IRQHandler
                0x000043c4        0x8 ./startup/startup_mk64f12.o
                0x000043c4                ENET_1588_Timer_IRQHandler
 .text.ENET_Transmit_IRQHandler
                0x000043cc        0x8 ./startup/startup_mk64f12.o
                0x000043cc                ENET_Transmit_IRQHandler
 .text.ENET_Receive_IRQHandler
                0x000043d4        0x8 ./startup/startup_mk64f12.o
                0x000043d4                ENET_Receive_IRQHandler
 .text.ENET_Error_IRQHandler
                0x000043dc        0x8 ./startup/startup_mk64f12.o
                0x000043dc                ENET_Error_IRQHandler
 .text.PacketGetThread
                0x000043e4       0x12 ./source/main.o
                0x000043e4                PacketGetThread
 .text.PITCallback
                0x000043f6       0x18 ./source/main.o
                0x000043f6                PITCallback
 .text.HandlePacketVersion
                0x0000440e       0x16 ./source/main.o
                0x0000440e                HandlePacketVersion
 .text.HandleStartupPacket
                0x00004424        0xe ./source/main.o
                0x00004424                HandleStartupPacket
 .text.OSC_SetExtRefClkConfig
                0x00004432       0x34 ./drivers/fsl_clock.o
 .text.OSC_SetCapLoad
                0x00004466       0x34 ./drivers/fsl_clock.o
 .text.CLOCK_GetPll0RefFreq
                0x0000449a        0xe ./drivers/fsl_clock.o
 .text.CLOCK_GetFixedFreqClkFreq
                0x000044a8       0x34 ./drivers/fsl_clock.o
                0x000044a8                CLOCK_GetFixedFreqClkFreq
 .text.GPIO_PinWrite
                0x000044dc       0x3a ./drivers/fsl_gpio.o
 .text.SystemInitHook
                0x00004516        0xe ./device/system_MK64F12.o
                0x00004516                SystemInitHook
 .text.BOARD_InitBootClocks
                0x00004524        0xc ./board/clock_config.o
                0x00004524                BOARD_InitBootClocks
 .text.CLOCK_EnableClock
                0x00004530       0x34 ./board/pin_mux.o
 .text.PORT_SetPinMux
                0x00004564       0x3a ./board/pin_mux.o
 .text.CLOCK_EnableClock
                0x0000459e       0x34 ./Modules/UART/UART.o
 .text.CLOCK_EnableClock
                0x000045d2       0x34 ./Modules/PIT/PIT.o
 .text.CLOCK_EnableClock
                0x00004606       0x34 ./Modules/LEDs/LEDs.o
 .text.EraseSector
                0x0000463a       0x24 ./Modules/Flash/Flash.o
 .text.WritePhrase
                0x0000465e       0x6c ./Modules/Flash/Flash.o
 .text.ModifyPhrase
                0x000046ca       0x38 ./Modules/Flash/Flash.o
 .text.Flash_Init
                0x00004702       0x10 ./Modules/Flash/Flash.o
                0x00004702                Flash_Init
 .text.Flash_Write16
                0x00004712       0x5a ./Modules/Flash/Flash.o
                0x00004712                Flash_Write16
 .text.Flash_Write8
                0x0000476c       0x5c ./Modules/Flash/Flash.o
                0x0000476c                Flash_Write8
 .text.CLOCK_EnableClock
                0x000047c8       0x34 ./Modules/FTM/FTM.o
 .text.FIFO_Init
                0x000047fc       0x44 ./Modules/FIFO/FIFO.o
                0x000047fc                FIFO_Init
 .text.FIFO_Put
                0x00004840       0x60 ./Modules/FIFO/FIFO.o
                0x00004840                FIFO_Put
 .text.FIFO_Get
                0x000048a0       0x60 ./Modules/FIFO/FIFO.o
                0x000048a0                FIFO_Get
 .text.OS_SemaphoreSignal
                0x00004900       0x54 C:\Users\User\git\Project\Library\libOS.a(OS.o)
                0x00004900                OS_SemaphoreSignal
 .text.OS_Start
                0x00004954       0x10 C:\Users\User\git\Project\Library\libOS.a(OS.o)
                0x00004954                OS_Start
 .text.FindFirstSet
                0x00004964       0x42 C:\Users\User\git\Project\Library\libOS.a(OS.o)
 .text.TCBInit  0x000049a6       0xcc C:\Users\User\git\Project\Library\libOS.a(OS.o)
 .text.SysTick_Handler
                0x00004a72       0x14 C:\Users\User\git\Project\Library\libOS.a(OS.o)
                0x00004a72                SysTick_Handler
 .text.__sfputc_r
                0x00004a86       0x2e c:/nxp/mcuxpressoide_11.1.1_3241/ide/plugins/com.nxp.mcuxpresso.tools.win32_11.1.0.202001081728/tools/bin/../lib/gcc/arm-none-eabi/8.3.1/../../../../arm-none-eabi/lib/thumb/v7e-m+fp/hard\libc_nano.a(lib_a-nano-vfprintf.o)
 .text.__sfputs_r
                0x00004ab4       0x24 c:/nxp/mcuxpressoide_11.1.1_3241/ide/plugins/com.nxp.mcuxpresso.tools.win32_11.1.0.202001081728/tools/bin/../lib/gcc/arm-none-eabi/8.3.1/../../../../arm-none-eabi/lib/thumb/v7e-m+fp/hard\libc_nano.a(lib_a-nano-vfprintf.o)
                0x00004ab4                __sfputs_r
 .text._printf_common
                0x00004ad8       0xea c:/nxp/mcuxpressoide_11.1.1_3241/ide/plugins/com.nxp.mcuxpresso.tools.win32_11.1.0.202001081728/tools/bin/../lib/gcc/arm-none-eabi/8.3.1/../../../../arm-none-eabi/lib/thumb/v7e-m+fp/hard\libc_nano.a(lib_a-nano-vfprintf_i.o)
                0x00004ad8                _printf_common
 .text.abort    0x00004bc2        0xe c:/nxp/mcuxpressoide_11.1.1_3241/ide/plugins/com.nxp.mcuxpresso.tools.win32_11.1.0.202001081728/tools/bin/../lib/gcc/arm-none-eabi/8.3.1/../../../../arm-none-eabi/lib/thumb/v7e-m+fp/hard\libc_nano.a(lib_a-abort.o)
                0x00004bc2                abort
 .text.__sfmoreglue
                0x00004bd0       0x2c c:/nxp/mcuxpressoide_11.1.1_3241/ide/plugins/com.nxp.mcuxpresso.tools.win32_11.1.0.202001081728/tools/bin/../lib/gcc/arm-none-eabi/8.3.1/../../../../arm-none-eabi/lib/thumb/v7e-m+fp/hard\libc_nano.a(lib_a-findfp.o)
                0x00004bd0                __sfmoreglue
 .text._fwalk_reent
                0x00004bfc       0x3c c:/nxp/mcuxpressoide_11.1.1_3241/ide/plugins/com.nxp.mcuxpresso.tools.win32_11.1.0.202001081728/tools/bin/../lib/gcc/arm-none-eabi/8.3.1/../../../../arm-none-eabi/lib/thumb/v7e-m+fp/hard\libc_nano.a(lib_a-fwalk.o)
                0x00004bfc                _fwalk_reent
 .text.__retarget_lock_init_recursive
                0x00004c38        0x2 c:/nxp/mcuxpressoide_11.1.1_3241/ide/plugins/com.nxp.mcuxpresso.tools.win32_11.1.0.202001081728/tools/bin/../lib/gcc/arm-none-eabi/8.3.1/../../../../arm-none-eabi/lib/thumb/v7e-m+fp/hard\libc_nano.a(lib_a-lock.o)
                0x00004c38                __retarget_lock_init_recursive
 .text.__retarget_lock_acquire_recursive
                0x00004c3a        0x2 c:/nxp/mcuxpressoide_11.1.1_3241/ide/plugins/com.nxp.mcuxpresso.tools.win32_11.1.0.202001081728/tools/bin/../lib/gcc/arm-none-eabi/8.3.1/../../../../arm-none-eabi/lib/thumb/v7e-m+fp/hard\libc_nano.a(lib_a-lock.o)
                0x00004c3a                __retarget_lock_acquire_recursive
 .text.__retarget_lock_release_recursive
                0x00004c3c        0x2 c:/nxp/mcuxpressoide_11.1.1_3241/ide/plugins/com.nxp.mcuxpresso.tools.win32_11.1.0.202001081728/tools/bin/../lib/gcc/arm-none-eabi/8.3.1/../../../../arm-none-eabi/lib/thumb/v7e-m+fp/hard\libc_nano.a(lib_a-lock.o)
                0x00004c3c                __retarget_lock_release_recursive
 .text.__swhatbuf_r
                0x00004c3e       0x48 c:/nxp/mcuxpressoide_11.1.1_3241/ide/plugins/com.nxp.mcuxpresso.tools.win32_11.1.0.202001081728/tools/bin/../lib/gcc/arm-none-eabi/8.3.1/../../../../arm-none-eabi/lib/thumb/v7e-m+fp/hard\libc_nano.a(lib_a-makebuf.o)
                0x00004c3e                __swhatbuf_r
 .text.memset   0x00004c86       0x10 c:/nxp/mcuxpressoide_11.1.1_3241/ide/plugins/com.nxp.mcuxpresso.tools.win32_11.1.0.202001081728/tools/bin/../lib/gcc/arm-none-eabi/8.3.1/../../../../arm-none-eabi/lib/thumb/v7e-m+fp/hard\libc_nano.a(lib_a-memset.o)
                0x00004c86                memset
 .text._raise_r
                0x00004c96       0x50 c:/nxp/mcuxpressoide_11.1.1_3241/ide/plugins/com.nxp.mcuxpresso.tools.win32_11.1.0.202001081728/tools/bin/../lib/gcc/arm-none-eabi/8.3.1/../../../../arm-none-eabi/lib/thumb/v7e-m+fp/hard\libc_nano.a(lib_a-signal.o)
                0x00004c96                _raise_r
 .text._getpid_r
                0x00004ce6        0x4 c:/nxp/mcuxpressoide_11.1.1_3241/ide/plugins/com.nxp.mcuxpresso.tools.win32_11.1.0.202001081728/tools/bin/../lib/gcc/arm-none-eabi/8.3.1/../../../../arm-none-eabi/lib/thumb/v7e-m+fp/hard\libc_nano.a(lib_a-signalr.o)
                0x00004ce6                _getpid_r
 .text.__sread  0x00004cea       0x22 c:/nxp/mcuxpressoide_11.1.1_3241/ide/plugins/com.nxp.mcuxpresso.tools.win32_11.1.0.202001081728/tools/bin/../lib/gcc/arm-none-eabi/8.3.1/../../../../arm-none-eabi/lib/thumb/v7e-m+fp/hard\libc_nano.a(lib_a-stdio.o)
                0x00004cea                __sread
 .text.__swrite
                0x00004d0c       0x38 c:/nxp/mcuxpressoide_11.1.1_3241/ide/plugins/com.nxp.mcuxpresso.tools.win32_11.1.0.202001081728/tools/bin/../lib/gcc/arm-none-eabi/8.3.1/../../../../arm-none-eabi/lib/thumb/v7e-m+fp/hard\libc_nano.a(lib_a-stdio.o)
                0x00004d0c                __swrite
 .text.__sseek  0x00004d44       0x24 c:/nxp/mcuxpressoide_11.1.1_3241/ide/plugins/com.nxp.mcuxpresso.tools.win32_11.1.0.202001081728/tools/bin/../lib/gcc/arm-none-eabi/8.3.1/../../../../arm-none-eabi/lib/thumb/v7e-m+fp/hard\libc_nano.a(lib_a-stdio.o)
                0x00004d44                __sseek
 .text.__sclose
                0x00004d68        0x8 c:/nxp/mcuxpressoide_11.1.1_3241/ide/plugins/com.nxp.mcuxpresso.tools.win32_11.1.0.202001081728/tools/bin/../lib/gcc/arm-none-eabi/8.3.1/../../../../arm-none-eabi/lib/thumb/v7e-m+fp/hard\libc_nano.a(lib_a-stdio.o)
                0x00004d68                __sclose
 .text._exit    0x00004d70        0x2 c:/nxp/mcuxpressoide_11.1.1_3241/ide/plugins/com.nxp.mcuxpresso.tools.win32_11.1.0.202001081728/tools/bin/../lib/gcc/arm-none-eabi/8.3.1/../../../../arm-none-eabi/lib/thumb/v7e-m+fp/hard\libcr_newlib_nohost.a(_exit.o)
                0x00004d70                _exit
 *(SORT_BY_ALIGNMENT(.rodata) SORT_BY_ALIGNMENT(.rodata.*) SORT_BY_ALIGNMENT(.constdata) SORT_BY_ALIGNMENT(.constdata.*))
 *fill*         0x00004d72        0x2 ff
 .rodata.UART_SETUP
                0x00004d74        0x8 ./source/main.o
                0x00004d74                UART_SETUP
 .rodata.TimerPeriod.8735
                0x00004d7c        0x4 ./source/main.o
 .rodata.CLOCK_GetMcgExtClkFreq.str1.4
                0x00004d80       0x37 ./drivers/fsl_clock.o
 *fill*         0x00004db7        0x1 ff
 .rodata.CLOCK_GetOsc0ErClkFreq.str1.4
                0x00004db8        0xc ./drivers/fsl_clock.o
 .rodata.CLOCK_GetEr32kClkFreq.str1.4
                0x00004dc4        0xd ./drivers/fsl_clock.o
 *fill*         0x00004dd1        0x3 ff
 .rodata.CLOCK_GetPll0Freq.str1.4
                0x00004dd4        0xb ./drivers/fsl_clock.o
 .rodata.CLOCK_EnablePll0.str1.4
                0x00004ddf        0xb ./drivers/fsl_clock.o
                                  0x7 (size before relaxing)
 *fill*         0x00004ddf        0x1 ff
 .rodata.__func__.8249
                0x00004de0       0x17 ./drivers/fsl_clock.o
 *fill*         0x00004df7        0x1 ff
 .rodata.__func__.8290
                0x00004df8       0x17 ./drivers/fsl_clock.o
 *fill*         0x00004e0f        0x1 ff
 .rodata.__func__.8298
                0x00004e10       0x16 ./drivers/fsl_clock.o
 *fill*         0x00004e26        0x2 ff
 .rodata.fllFactorTable.8373
                0x00004e28       0x10 ./drivers/fsl_clock.o
 .rodata.__func__.8394
                0x00004e38       0x12 ./drivers/fsl_clock.o
 *fill*         0x00004e4a        0x2 ff
 .rodata.__func__.8439
                0x00004e4c       0x11 ./drivers/fsl_clock.o
 *fill*         0x00004e5d        0x3 ff
 .rodata.__func__.8582
                0x00004e60       0x11 ./drivers/fsl_clock.o
 *fill*         0x00004e71        0x3 ff
 .rodata.__func__.8649
                0x00004e74       0x14 ./drivers/fsl_clock.o
 .rodata.GPIO_GetInstance.str1.4
                0x00004e88       0x30 ./drivers/fsl_gpio.o
 .rodata.GPIO_PinInit.str1.4
                0x00004eb8        0xf ./drivers/fsl_gpio.o
 *fill*         0x00004ec7        0x1 ff
 .rodata.__func__.8267
                0x00004ec8        0xd ./drivers/fsl_gpio.o
 *fill*         0x00004ed5        0x3 ff
 .rodata.mcgConfig_BOARD_BootClockRUN
                0x00004ed8        0xb ./board/clock_config.o
                0x00004ed8                mcgConfig_BOARD_BootClockRUN
 *fill*         0x00004ee3        0x1 ff
 .rodata.simConfig_BOARD_BootClockRUN
                0x00004ee4        0x8 ./board/clock_config.o
                0x00004ee4                simConfig_BOARD_BootClockRUN
 .rodata.oscConfig_BOARD_BootClockRUN
                0x00004eec        0x8 ./board/clock_config.o
                0x00004eec                oscConfig_BOARD_BootClockRUN
 .rodata.PORT_SetPinConfig.str1.4
                0x00004ef4       0x30 ./Modules/UART/UART.o
                                 0x35 (size before relaxing)
 .rodata.UART_PORT_PIN_CONFIG
                0x00004f24        0x2 ./Modules/UART/UART.o
                0x00004f24                UART_PORT_PIN_CONFIG
 *fill*         0x00004f26        0x2 ff
 .rodata.__func__.8407
                0x00004f28       0x12 ./Modules/UART/UART.o
 .rodata.PORT_SetPinConfig.str1.4
                0x00004f3a       0x35 ./Modules/LEDs/LEDs.o
 *fill*         0x00004f3a        0x2 ff
 .rodata.LED_PORT_PIN_CONFIG
                0x00004f3c        0x2 ./Modules/LEDs/LEDs.o
                0x00004f3c                LED_PORT_PIN_CONFIG
 *fill*         0x00004f3e        0x2 ff
 .rodata.GPIO_LED_PIN_CONFIG
                0x00004f40        0x2 ./Modules/LEDs/LEDs.o
                0x00004f40                GPIO_LED_PIN_CONFIG
 *fill*         0x00004f42        0x2 ff
 .rodata.__func__.8324
                0x00004f44       0x12 ./Modules/LEDs/LEDs.o
 *fill*         0x00004f56        0x2 ff
 .rodata.FIXED_FREQUENCY_CLOCK.8353
                0x00004f58        0x4 ./Modules/FTM/FTM.o
 .rodata._global_impure_ptr
                0x00004f5c        0x4 c:/nxp/mcuxpressoide_11.1.1_3241/ide/plugins/com.nxp.mcuxpresso.tools.win32_11.1.0.202001081728/tools/bin/../lib/gcc/arm-none-eabi/8.3.1/../../../../arm-none-eabi/lib/thumb/v7e-m+fp/hard\libc_nano.a(lib_a-impure.o)
                0x00004f5c                _global_impure_ptr
 .rodata.__sf_fake_stderr
                0x00004f60       0x20 c:/nxp/mcuxpressoide_11.1.1_3241/ide/plugins/com.nxp.mcuxpresso.tools.win32_11.1.0.202001081728/tools/bin/../lib/gcc/arm-none-eabi/8.3.1/../../../../arm-none-eabi/lib/thumb/v7e-m+fp/hard\libc_nano.a(lib_a-findfp.o)
                0x00004f60                __sf_fake_stderr
 .rodata.__sf_fake_stdin
                0x00004f80       0x20 c:/nxp/mcuxpressoide_11.1.1_3241/ide/plugins/com.nxp.mcuxpresso.tools.win32_11.1.0.202001081728/tools/bin/../lib/gcc/arm-none-eabi/8.3.1/../../../../arm-none-eabi/lib/thumb/v7e-m+fp/hard\libc_nano.a(lib_a-findfp.o)
                0x00004f80                __sf_fake_stdin
 .rodata.__sf_fake_stdout
                0x00004fa0       0x20 c:/nxp/mcuxpressoide_11.1.1_3241/ide/plugins/com.nxp.mcuxpresso.tools.win32_11.1.0.202001081728/tools/bin/../lib/gcc/arm-none-eabi/8.3.1/../../../../arm-none-eabi/lib/thumb/v7e-m+fp/hard\libc_nano.a(lib_a-findfp.o)
                0x00004fa0                __sf_fake_stdout
 .rodata.__assert_func.str1.1
                0x00004fc0       0x3c c:/nxp/mcuxpressoide_11.1.1_3241/ide/plugins/com.nxp.mcuxpresso.tools.win32_11.1.0.202001081728/tools/bin/../lib/gcc/arm-none-eabi/8.3.1/../../../../arm-none-eabi/lib/thumb/v7e-m+fp/hard\libc_nano.a(lib_a-assert.o)
                                 0x3d (size before relaxing)
 .rodata._vfprintf_r.str1.1
                0x00004ffc       0x11 c:/nxp/mcuxpressoide_11.1.1_3241/ide/plugins/com.nxp.mcuxpresso.tools.win32_11.1.0.202001081728/tools/bin/../lib/gcc/arm-none-eabi/8.3.1/../../../../arm-none-eabi/lib/thumb/v7e-m+fp/hard\libc_nano.a(lib_a-nano-vfprintf.o)
 .rodata._printf_i.str1.1
                0x0000500d       0x22 c:/nxp/mcuxpressoide_11.1.1_3241/ide/plugins/com.nxp.mcuxpresso.tools.win32_11.1.0.202001081728/tools/bin/../lib/gcc/arm-none-eabi/8.3.1/../../../../arm-none-eabi/lib/thumb/v7e-m+fp/hard\libc_nano.a(lib_a-nano-vfprintf_i.o)
                0x00005030                . = ALIGN (0x8)
 *fill*         0x0000502f        0x1 ff

.glue_7         0x00005030        0x0
 .glue_7        0x00005030        0x0 linker stubs

.glue_7t        0x00005030        0x0
 .glue_7t       0x00005030        0x0 linker stubs

.vfp11_veneer   0x00005030        0x0
 .vfp11_veneer  0x00005030        0x0 linker stubs

.v4_bx          0x00005030        0x0
 .v4_bx         0x00005030        0x0 linker stubs

.iplt           0x00005030        0x0
 .iplt          0x00005030        0x0 ./startup/startup_mk64f12.o

.rel.dyn        0x00005030        0x0
 .rel.iplt      0x00005030        0x0 ./startup/startup_mk64f12.o

.ARM.extab
 *(SORT_BY_ALIGNMENT(.ARM.extab*) SORT_BY_ALIGNMENT(.gnu.linkonce.armextab.*))

.ARM.exidx      0x00005030        0x0
                0x00005030                __exidx_start = .
 *(SORT_BY_ALIGNMENT(.ARM.exidx*) SORT_BY_ALIGNMENT(.gnu.linkonce.armexidx.*))
                0x00005030                __exidx_end = .
                0x00005030                _etext = .

.m_usb_data
 *(SORT_BY_ALIGNMENT(m_usb_bdt))

.data_RAM2      0x1fff0000        0x0 load address 0x00005030
 FILL mask 0xff
                [!provide]                PROVIDE (__start_data_RAM2 = .)
                [!provide]                PROVIDE (__start_data_SRAM_LOWER = .)
 *(SORT_BY_ALIGNMENT(.ramfunc.$RAM2))
 *(SORT_BY_ALIGNMENT(.ramfunc.$SRAM_LOWER))
 *(SORT_BY_ALIGNMENT(.data.$RAM2))
 *(SORT_BY_ALIGNMENT(.data.$SRAM_LOWER))
 *(SORT_BY_ALIGNMENT(.data.$RAM2.*))
 *(SORT_BY_ALIGNMENT(.data.$SRAM_LOWER.*))
                0x1fff0000                . = ALIGN (0x8)
                [!provide]                PROVIDE (__end_data_RAM2 = .)
                [!provide]                PROVIDE (__end_data_SRAM_LOWER = .)

.data_RAM3      0x14000000        0x0 load address 0x00005030
 FILL mask 0xff
                [!provide]                PROVIDE (__start_data_RAM3 = .)
                [!provide]                PROVIDE (__start_data_FLEX_RAM = .)
 *(SORT_BY_ALIGNMENT(.ramfunc.$RAM3))
 *(SORT_BY_ALIGNMENT(.ramfunc.$FLEX_RAM))
 *(SORT_BY_ALIGNMENT(.data.$RAM3))
 *(SORT_BY_ALIGNMENT(.data.$FLEX_RAM))
 *(SORT_BY_ALIGNMENT(.data.$RAM3.*))
 *(SORT_BY_ALIGNMENT(.data.$FLEX_RAM.*))
                0x14000000                . = ALIGN (0x8)
                [!provide]                PROVIDE (__end_data_RAM3 = .)
                [!provide]                PROVIDE (__end_data_FLEX_RAM = .)

.uninit_RESERVED
                0x20000000        0x0
                0x20000000                _start_uninit_RESERVED = .
 *(SORT_BY_ALIGNMENT(.bss.$RESERVED*))
                0x20000000                . = ALIGN (0x8)
                0x20000000                _end_uninit_RESERVED = .

.data           0x20000000       0x78 load address 0x00005030
 FILL mask 0xff
                0x20000000                _data = .
                [!provide]                PROVIDE (__start_data_RAM = .)
                [!provide]                PROVIDE (__start_data_SRAM_UPPER = .)
 *(SORT_BY_ALIGNMENT(vtable))
 *(SORT_BY_ALIGNMENT(.ramfunc*))
 *(SORT_BY_ALIGNMENT(CodeQuickAccess))
 *(SORT_BY_ALIGNMENT(DataQuickAccess))
 *(SORT_BY_ALIGNMENT(RamFunction))
 *(SORT_BY_ALIGNMENT(.data*))
 .data.s_slowIrcFreq
                0x20000000        0x4 ./drivers/fsl_clock.o
 .data.s_fastIrcFreq
                0x20000004        0x4 ./drivers/fsl_clock.o
 .data.SystemCoreClock
                0x20000008        0x4 ./device/system_MK64F12.o
                0x20000008                SystemCoreClock
 .data._impure_ptr
                0x2000000c        0x4 c:/nxp/mcuxpressoide_11.1.1_3241/ide/plugins/com.nxp.mcuxpresso.tools.win32_11.1.0.202001081728/tools/bin/../lib/gcc/arm-none-eabi/8.3.1/../../../../arm-none-eabi/lib/thumb/v7e-m+fp/hard\libc_nano.a(lib_a-impure.o)
                0x2000000c                _impure_ptr
 .data.impure_data
                0x20000010       0x60 c:/nxp/mcuxpressoide_11.1.1_3241/ide/plugins/com.nxp.mcuxpresso.tools.win32_11.1.0.202001081728/tools/bin/../lib/gcc/arm-none-eabi/8.3.1/../../../../arm-none-eabi/lib/thumb/v7e-m+fp/hard\libc_nano.a(lib_a-impure.o)
 .data.MCU_NUM_L
                0x20000070        0x1 ./source/main.o
 .data.MCU_NUM_H
                0x20000071        0x1 ./source/main.o
                0x20000078                . = ALIGN (0x8)
 *fill*         0x20000072        0x6 ff
                0x20000078                _edata = .
                [!provide]                PROVIDE (__end_data_RAM = .)
                [!provide]                PROVIDE (__end_data_SRAM_UPPER = .)

.igot.plt       0x20000078        0x0 load address 0x000050a8
 .igot.plt      0x20000078        0x0 ./startup/startup_mk64f12.o

.bss_RAM2       0x1fff0000        0x0
                [!provide]                PROVIDE (__start_bss_RAM2 = .)
                [!provide]                PROVIDE (__start_bss_SRAM_LOWER = .)
 *(SORT_BY_ALIGNMENT(.bss.$RAM2))
 *(SORT_BY_ALIGNMENT(.bss.$SRAM_LOWER))
 *(SORT_BY_ALIGNMENT(.bss.$RAM2.*))
 *(SORT_BY_ALIGNMENT(.bss.$SRAM_LOWER.*))
                0x1fff0000                . = ALIGN ((. != 0x0)?0x8:0x1)
                [!provide]                PROVIDE (__end_bss_RAM2 = .)
                [!provide]                PROVIDE (__end_bss_SRAM_LOWER = .)

.bss_RAM3       0x14000000        0x0
                [!provide]                PROVIDE (__start_bss_RAM3 = .)
                [!provide]                PROVIDE (__start_bss_FLEX_RAM = .)
 *(SORT_BY_ALIGNMENT(.bss.$RAM3))
 *(SORT_BY_ALIGNMENT(.bss.$FLEX_RAM))
 *(SORT_BY_ALIGNMENT(.bss.$RAM3.*))
 *(SORT_BY_ALIGNMENT(.bss.$FLEX_RAM.*))
                0x14000000                . = ALIGN ((. != 0x0)?0x8:0x1)
                [!provide]                PROVIDE (__end_bss_RAM3 = .)
                [!provide]                PROVIDE (__end_bss_FLEX_RAM = .)

.bss            0x20000078     0x1328
                0x20000078                _bss = .
                [!provide]                PROVIDE (__start_bss_RAM = .)
                [!provide]                PROVIDE (__start_bss_SRAM_UPPER = .)
 *(SORT_BY_ALIGNMENT(.bss*))
 .bss.InitModulesThreadStack
                0x20000078      0x190 ./source/main.o
 .bss.PacketGetModulesThreadStack
                0x20000208      0x190 ./source/main.o
 .bss.ReceiveThreadStack
                0x20000398      0x190 ./source/main.o
 .bss.TransmitThreadStack
                0x20000528      0x190 ./source/main.o
 .bss.PIT0CallbackThreadStack
                0x200006b8      0x190 ./source/main.o
 .bss.phraseToWrite.6953
                0x20000848        0x8 ./Modules/Flash/Flash.o
 .bss.IdleStack
                0x20000850      0x400 C:\Users\User\git\Project\Library\libOS.a(OS.o)
 .bss.UART_TIMER
                0x20000c50       0x14 ./source/main.o
 .bss.g_xtal0Freq
                0x20000c64        0x4 ./drivers/fsl_clock.o
                0x20000c64                g_xtal0Freq
 .bss.g_xtal32Freq
                0x20000c68        0x4 ./drivers/fsl_clock.o
                0x20000c68                g_xtal32Freq
 .bss.RxFIFO    0x20000c6c      0x10c ./Modules/UART/UART.o
 .bss.TxFIFO    0x20000d78      0x10c ./Modules/UART/UART.o
 .bss.RxSemaphore
                0x20000e84        0x4 ./Modules/UART/UART.o
                0x20000e84                RxSemaphore
 .bss.TxSemaphore
                0x20000e88        0x4 ./Modules/UART/UART.o
                0x20000e88                TxSemaphore
 .bss.PacketPutSemaphore
                0x20000e8c        0x4 ./Modules/Packet/packet.o
 .bss.Packet    0x20000e90        0x5 ./Modules/Packet/packet.o
                0x20000e90                Packet
 *fill*         0x20000e95        0x3 
 .bss.Userfunction
                0x20000e98        0x4 ./Modules/PIT/PIT.o
 .bss.Userarguments
                0x20000e9c        0x4 ./Modules/PIT/PIT.o
 .bss.PIT0Semaphore
                0x20000ea0        0x4 ./Modules/PIT/PIT.o
                0x20000ea0                PIT0Semaphore
 .bss.PIT2Semaphore
                0x20000ea4        0x4 ./Modules/PIT/PIT.o
                0x20000ea4                PIT2Semaphore
 .bss.PITmoduleClk.8355
                0x20000ea8        0x4 ./Modules/PIT/PIT.o
 .bss.FlashSectorsAllocated.6939
                0x20000eac        0x8 ./Modules/Flash/Flash.o
 .bss.phraseAddress.6954
                0x20000eb4        0x4 ./Modules/Flash/Flash.o
 .bss.CallbackFunction
                0x20000eb8        0x4 ./Modules/FTM/FTM.o
 .bss.CallbackArguments
                0x20000ebc        0x4 ./Modules/FTM/FTM.o
 .bss.FTMSemaphore
                0x20000ec0        0x4 ./Modules/FTM/FTM.o
                0x20000ec0                FTMSemaphore
 .bss.TCBUnusedMain
                0x20000ec4       0x18 C:\Users\User\git\Project\Library\libOS.a(OS.o)
 .bss.TCBTable  0x20000edc      0x300 C:\Users\User\git\Project\Library\libOS.a(OS.o)
 .bss.pTCBFreeList
                0x200011dc        0x4 C:\Users\User\git\Project\Library\libOS.a(OS.o)
 .bss.pTCBAllocatedList
                0x200011e0        0x4 C:\Users\User\git\Project\Library\libOS.a(OS.o)
 .bss.pTCBPriorityTable
                0x200011e4       0x80 C:\Users\User\git\Project\Library\libOS.a(OS.o)
 .bss.pTCBRunning
                0x20001264        0x4 C:\Users\User\git\Project\Library\libOS.a(OS.o)
 .bss.pTCBHighestReady
                0x20001268        0x4 C:\Users\User\git\Project\Library\libOS.a(OS.o)
 .bss.ReadyList
                0x2000126c        0x4 C:\Users\User\git\Project\Library\libOS.a(OS.o)
 .bss.ECBTable  0x20001270      0x100 C:\Users\User\git\Project\Library\libOS.a(OS.o)
 .bss.IdleCounter
                0x20001370        0x4 C:\Users\User\git\Project\Library\libOS.a(OS.o)
 .bss.Ticks     0x20001374        0x4 C:\Users\User\git\Project\Library\libOS.a(OS.o)
 .bss.__malloc_free_list
                0x20001378        0x4 c:/nxp/mcuxpressoide_11.1.1_3241/ide/plugins/com.nxp.mcuxpresso.tools.win32_11.1.0.202001081728/tools/bin/../lib/gcc/arm-none-eabi/8.3.1/../../../../arm-none-eabi/lib/thumb/v7e-m+fp/hard\libc_nano.a(lib_a-nano-mallocr.o)
                0x20001378                __malloc_free_list
 .bss.__malloc_sbrk_start
                0x2000137c        0x4 c:/nxp/mcuxpressoide_11.1.1_3241/ide/plugins/com.nxp.mcuxpresso.tools.win32_11.1.0.202001081728/tools/bin/../lib/gcc/arm-none-eabi/8.3.1/../../../../arm-none-eabi/lib/thumb/v7e-m+fp/hard\libc_nano.a(lib_a-nano-mallocr.o)
                0x2000137c                __malloc_sbrk_start
 .bss.__end_of_heap
                0x20001380        0x4 c:/nxp/mcuxpressoide_11.1.1_3241/ide/plugins/com.nxp.mcuxpresso.tools.win32_11.1.0.202001081728/tools/bin/../lib/gcc/arm-none-eabi/8.3.1/../../../../arm-none-eabi/lib/thumb/v7e-m+fp/hard\libcr_newlib_nohost.a(_cr_sbrk.o)
                0x20001380                __end_of_heap
 .bss.setBaudRate.8466
                0x20001384        0x2 ./Modules/UART/UART.o
 .bss.BaudRateFineAdjust.8467
                0x20001386        0x2 ./Modules/UART/UART.o
 .bss.success.8742
                0x20001388        0x1 ./source/main.o
 .bss.temp.6980
                0x20001389        0x1 ./Modules/Packet/packet.o
 .bss.uartInData.6989
                0x2000138a        0x1 ./Modules/Packet/packet.o
 .bss.packetPosition.6988
                0x2000138b        0x1 ./Modules/Packet/packet.o
 .bss.NextECBFree
                0x2000138c        0x1 C:\Users\User\git\Project\Library\libOS.a(OS.o)
 .bss.ISRNestLevel
                0x2000138d        0x1 C:\Users\User\git\Project\Library\libOS.a(OS.o)
 .bss.OSSR_reg  0x2000138e        0x1 C:\Users\User\git\Project\Library\libOS.a(OS.o)
                0x2000138e                OSSR_reg
 .bss.OSSR_lock
                0x2000138f        0x1 C:\Users\User\git\Project\Library\libOS.a(OS.o)
                0x2000138f                OSSR_lock
 *(SORT_BY_ALIGNMENT(COMMON))
 COMMON         0x20001390        0x4 c:/nxp/mcuxpressoide_11.1.1_3241/ide/plugins/com.nxp.mcuxpresso.tools.win32_11.1.0.202001081728/tools/bin/../lib/gcc/arm-none-eabi/8.3.1/../../../../arm-none-eabi/lib/thumb/v7e-m+fp/hard\libc_nano.a(lib_a-reent.o)
                0x20001390                errno
 COMMON         0x20001394        0x9 c:/nxp/mcuxpressoide_11.1.1_3241/ide/plugins/com.nxp.mcuxpresso.tools.win32_11.1.0.202001081728/tools/bin/../lib/gcc/arm-none-eabi/8.3.1/../../../../arm-none-eabi/lib/thumb/v7e-m+fp/hard\libc_nano.a(lib_a-lock.o)
                0x20001394                __lock___atexit_recursive_mutex
                0x20001395                __lock___arc4random_mutex
                0x20001396                __lock___env_recursive_mutex
                0x20001397                __lock___sinit_recursive_mutex
                0x20001398                __lock___malloc_recursive_mutex
                0x20001399                __lock___at_quick_exit_mutex
                0x2000139a                __lock___dd_hash_mutex
                0x2000139b                __lock___tz_mutex
                0x2000139c                __lock___sfp_recursive_mutex
                0x200013a0                . = ALIGN (0x8)
 *fill*         0x2000139d        0x3 
                0x200013a0                _ebss = .
                [!provide]                PROVIDE (__end_bss_RAM = .)
                [!provide]                PROVIDE (__end_bss_SRAM_UPPER = .)
                [!provide]                PROVIDE (end = .)

.noinit_RAM2    0x1fff0000        0x0
                [!provide]                PROVIDE (__start_noinit_RAM2 = .)
                [!provide]                PROVIDE (__start_noinit_SRAM_LOWER = .)
 *(SORT_BY_ALIGNMENT(.noinit.$RAM2))
 *(SORT_BY_ALIGNMENT(.noinit.$SRAM_LOWER))
 *(SORT_BY_ALIGNMENT(.noinit.$RAM2.*))
 *(SORT_BY_ALIGNMENT(.noinit.$SRAM_LOWER.*))
                0x1fff0000                . = ALIGN (0x8)
                [!provide]                PROVIDE (__end_noinit_RAM2 = .)
                [!provide]                PROVIDE (__end_noinit_SRAM_LOWER = .)

.noinit_RAM3    0x14000000        0x0
                [!provide]                PROVIDE (__start_noinit_RAM3 = .)
                [!provide]                PROVIDE (__start_noinit_FLEX_RAM = .)
 *(SORT_BY_ALIGNMENT(.noinit.$RAM3))
 *(SORT_BY_ALIGNMENT(.noinit.$FLEX_RAM))
 *(SORT_BY_ALIGNMENT(.noinit.$RAM3.*))
 *(SORT_BY_ALIGNMENT(.noinit.$FLEX_RAM.*))
                0x14000000                . = ALIGN (0x8)
                [!provide]                PROVIDE (__end_noinit_RAM3 = .)
                [!provide]                PROVIDE (__end_noinit_FLEX_RAM = .)

.noinit         0x200013a0        0x0
                0x200013a0                _noinit = .
                [!provide]                PROVIDE (__start_noinit_RAM = .)
                [!provide]                PROVIDE (__start_noinit_SRAM_UPPER = .)
 *(SORT_BY_ALIGNMENT(.noinit*))
                0x200013a0                . = ALIGN (0x8)
                0x200013a0                _end_noinit = .
                [!provide]                PROVIDE (__end_noinit_RAM = .)
                [!provide]                PROVIDE (__end_noinit_SRAM_UPPER = .)
                0x00001000                _HeapSize = 0x1000

.heap           0x200013a0     0x1000
                0x200013a0                _pvHeapStart = .
                0x200023a0                . = (. + _HeapSize)
 *fill*         0x200013a0     0x1000 
                0x200023a0                . = ALIGN (0x8)
                0x200023a0                _pvHeapLimit = .
                0x00001000                _StackSize = 0x1000

.heap2stackfill
                0x200023a0     0x1000
                0x200033a0                . = (. + _StackSize)
 *fill*         0x200023a0     0x1000 

.stack          0x2002f000        0x0
                0x2002f000                _vStackBase = .
                0x2002f000                . = ALIGN (0x8)
                0x20030000                _vStackTop = (. + _StackSize)
                0x00000000                _image_start = LOADADDR (.text)
                0x000050a8                _image_end = (LOADADDR (.data) + SIZEOF (.data))
                0x000050a8                _image_size = (_image_end - _image_start)
OUTPUT(Project.axf elf32-littlearm)

.debug_info     0x00000000    0x1605f
 .debug_info    0x00000000      0x92e ./startup/startup_mk64f12.o
 .debug_info    0x0000092e     0x1884 ./source/main.o
 .debug_info    0x000021b2     0x2b25 ./drivers/fsl_clock.o
 .debug_info    0x00004cd7      0xfa5 ./drivers/fsl_gpio.o
 .debug_info    0x00005c7c      0x667 ./device/system_MK64F12.o
 .debug_info    0x000062e3     0x1464 ./board/clock_config.o
 .debug_info    0x00007747      0xd8f ./board/pin_mux.o
 .debug_info    0x000084d6     0x19c3 ./Modules/UART/UART.o
 .debug_info    0x00009e99      0x3ef ./Modules/Packet/packet.o
 .debug_info    0x0000a288     0x1522 ./Modules/PIT/PIT.o
 .debug_info    0x0000b7aa     0x1309 ./Modules/LEDs/LEDs.o
 .debug_info    0x0000cab3      0x77e ./Modules/Flash/Flash.o
 .debug_info    0x0000d231     0x15dd ./Modules/FTM/FTM.o
 .debug_info    0x0000e80e      0x21d ./Modules/FIFO/FIFO.o
 .debug_info    0x0000ea2b     0x1cbf C:\Users\User\git\Project\Library\libOS.a(OS.o)
 .debug_info    0x000106ea      0x9f8 c:/nxp/mcuxpressoide_11.1.1_3241/ide/plugins/com.nxp.mcuxpresso.tools.win32_11.1.0.202001081728/tools/bin/../lib/gcc/arm-none-eabi/8.3.1/../../../../arm-none-eabi/lib/thumb/v7e-m+fp/hard\libcr_newlib_nohost.a(_cr_sbrk.o)
 .debug_info    0x000110e2       0xa3 c:/nxp/mcuxpressoide_11.1.1_3241/ide/plugins/com.nxp.mcuxpresso.tools.win32_11.1.0.202001081728/tools/bin/../lib/gcc/arm-none-eabi/8.3.1/../../../../arm-none-eabi/lib/thumb/v7e-m+fp/hard\libcr_newlib_nohost.a(_exit.o)
 .debug_info    0x00011185      0x979 c:/nxp/mcuxpressoide_11.1.1_3241/ide/plugins/com.nxp.mcuxpresso.tools.win32_11.1.0.202001081728/tools/bin/../lib/gcc/arm-none-eabi/8.3.1/../../../../arm-none-eabi/lib/thumb/v7e-m+fp/hard\libcr_newlib_nohost.a(close.o)
 .debug_info    0x00011afe      0xbbb c:/nxp/mcuxpressoide_11.1.1_3241/ide/plugins/com.nxp.mcuxpresso.tools.win32_11.1.0.202001081728/tools/bin/../lib/gcc/arm-none-eabi/8.3.1/../../../../arm-none-eabi/lib/thumb/v7e-m+fp/hard\libcr_newlib_nohost.a(fstat.o)
 .debug_info    0x000126b9      0x964 c:/nxp/mcuxpressoide_11.1.1_3241/ide/plugins/com.nxp.mcuxpresso.tools.win32_11.1.0.202001081728/tools/bin/../lib/gcc/arm-none-eabi/8.3.1/../../../../arm-none-eabi/lib/thumb/v7e-m+fp/hard\libcr_newlib_nohost.a(getpid.o)
 .debug_info    0x0001301d      0x979 c:/nxp/mcuxpressoide_11.1.1_3241/ide/plugins/com.nxp.mcuxpresso.tools.win32_11.1.0.202001081728/tools/bin/../lib/gcc/arm-none-eabi/8.3.1/../../../../arm-none-eabi/lib/thumb/v7e-m+fp/hard\libcr_newlib_nohost.a(isatty.o)
 .debug_info    0x00013996      0x987 c:/nxp/mcuxpressoide_11.1.1_3241/ide/plugins/com.nxp.mcuxpresso.tools.win32_11.1.0.202001081728/tools/bin/../lib/gcc/arm-none-eabi/8.3.1/../../../../arm-none-eabi/lib/thumb/v7e-m+fp/hard\libcr_newlib_nohost.a(kill.o)
 .debug_info    0x0001431d      0x99b c:/nxp/mcuxpressoide_11.1.1_3241/ide/plugins/com.nxp.mcuxpresso.tools.win32_11.1.0.202001081728/tools/bin/../lib/gcc/arm-none-eabi/8.3.1/../../../../arm-none-eabi/lib/thumb/v7e-m+fp/hard\libcr_newlib_nohost.a(lseek.o)
 .debug_info    0x00014cb8      0x99b c:/nxp/mcuxpressoide_11.1.1_3241/ide/plugins/com.nxp.mcuxpresso.tools.win32_11.1.0.202001081728/tools/bin/../lib/gcc/arm-none-eabi/8.3.1/../../../../arm-none-eabi/lib/thumb/v7e-m+fp/hard\libcr_newlib_nohost.a(read.o)
 .debug_info    0x00015653      0x99b c:/nxp/mcuxpressoide_11.1.1_3241/ide/plugins/com.nxp.mcuxpresso.tools.win32_11.1.0.202001081728/tools/bin/../lib/gcc/arm-none-eabi/8.3.1/../../../../arm-none-eabi/lib/thumb/v7e-m+fp/hard\libcr_newlib_nohost.a(write.o)
 .debug_info    0x00015fee       0x71 c:/nxp/mcuxpressoide_11.1.1_3241/ide/plugins/com.nxp.mcuxpresso.tools.win32_11.1.0.202001081728/tools/bin/../lib/gcc/arm-none-eabi/8.3.1/../../../../arm-none-eabi/lib/thumb/v7e-m+fp/hard\libcr_newlib_nohost.a(_cr_check_heap.o)

.debug_abbrev   0x00000000     0x3d41
 .debug_abbrev  0x00000000      0x17a ./startup/startup_mk64f12.o
 .debug_abbrev  0x0000017a      0x40a ./source/main.o
 .debug_abbrev  0x00000584      0x455 ./drivers/fsl_clock.o
 .debug_abbrev  0x000009d9      0x29c ./drivers/fsl_gpio.o
 .debug_abbrev  0x00000c75      0x15b ./device/system_MK64F12.o
 .debug_abbrev  0x00000dd0      0x30a ./board/clock_config.o
 .debug_abbrev  0x000010da      0x28b ./board/pin_mux.o
 .debug_abbrev  0x00001365      0x3da ./Modules/UART/UART.o
 .debug_abbrev  0x0000173f      0x161 ./Modules/Packet/packet.o
 .debug_abbrev  0x000018a0      0x344 ./Modules/PIT/PIT.o
 .debug_abbrev  0x00001be4      0x32c ./Modules/LEDs/LEDs.o
 .debug_abbrev  0x00001f10      0x258 ./Modules/Flash/Flash.o
 .debug_abbrev  0x00002168      0x346 ./Modules/FTM/FTM.o
 .debug_abbrev  0x000024ae      0x118 ./Modules/FIFO/FIFO.o
 .debug_abbrev  0x000025c6      0x490 C:\Users\User\git\Project\Library\libOS.a(OS.o)
 .debug_abbrev  0x00002a56      0x24a c:/nxp/mcuxpressoide_11.1.1_3241/ide/plugins/com.nxp.mcuxpresso.tools.win32_11.1.0.202001081728/tools/bin/../lib/gcc/arm-none-eabi/8.3.1/../../../../arm-none-eabi/lib/thumb/v7e-m+fp/hard\libcr_newlib_nohost.a(_cr_sbrk.o)
 .debug_abbrev  0x00002ca0       0x67 c:/nxp/mcuxpressoide_11.1.1_3241/ide/plugins/com.nxp.mcuxpresso.tools.win32_11.1.0.202001081728/tools/bin/../lib/gcc/arm-none-eabi/8.3.1/../../../../arm-none-eabi/lib/thumb/v7e-m+fp/hard\libcr_newlib_nohost.a(_exit.o)
 .debug_abbrev  0x00002d07      0x1ea c:/nxp/mcuxpressoide_11.1.1_3241/ide/plugins/com.nxp.mcuxpresso.tools.win32_11.1.0.202001081728/tools/bin/../lib/gcc/arm-none-eabi/8.3.1/../../../../arm-none-eabi/lib/thumb/v7e-m+fp/hard\libcr_newlib_nohost.a(close.o)
 .debug_abbrev  0x00002ef1      0x1fd c:/nxp/mcuxpressoide_11.1.1_3241/ide/plugins/com.nxp.mcuxpresso.tools.win32_11.1.0.202001081728/tools/bin/../lib/gcc/arm-none-eabi/8.3.1/../../../../arm-none-eabi/lib/thumb/v7e-m+fp/hard\libcr_newlib_nohost.a(fstat.o)
 .debug_abbrev  0x000030ee      0x1d6 c:/nxp/mcuxpressoide_11.1.1_3241/ide/plugins/com.nxp.mcuxpresso.tools.win32_11.1.0.202001081728/tools/bin/../lib/gcc/arm-none-eabi/8.3.1/../../../../arm-none-eabi/lib/thumb/v7e-m+fp/hard\libcr_newlib_nohost.a(getpid.o)
 .debug_abbrev  0x000032c4      0x1ea c:/nxp/mcuxpressoide_11.1.1_3241/ide/plugins/com.nxp.mcuxpresso.tools.win32_11.1.0.202001081728/tools/bin/../lib/gcc/arm-none-eabi/8.3.1/../../../../arm-none-eabi/lib/thumb/v7e-m+fp/hard\libcr_newlib_nohost.a(isatty.o)
 .debug_abbrev  0x000034ae      0x1fb c:/nxp/mcuxpressoide_11.1.1_3241/ide/plugins/com.nxp.mcuxpresso.tools.win32_11.1.0.202001081728/tools/bin/../lib/gcc/arm-none-eabi/8.3.1/../../../../arm-none-eabi/lib/thumb/v7e-m+fp/hard\libcr_newlib_nohost.a(kill.o)
 .debug_abbrev  0x000036a9      0x20f c:/nxp/mcuxpressoide_11.1.1_3241/ide/plugins/com.nxp.mcuxpresso.tools.win32_11.1.0.202001081728/tools/bin/../lib/gcc/arm-none-eabi/8.3.1/../../../../arm-none-eabi/lib/thumb/v7e-m+fp/hard\libcr_newlib_nohost.a(lseek.o)
 .debug_abbrev  0x000038b8      0x20f c:/nxp/mcuxpressoide_11.1.1_3241/ide/plugins/com.nxp.mcuxpresso.tools.win32_11.1.0.202001081728/tools/bin/../lib/gcc/arm-none-eabi/8.3.1/../../../../arm-none-eabi/lib/thumb/v7e-m+fp/hard\libcr_newlib_nohost.a(read.o)
 .debug_abbrev  0x00003ac7      0x20f c:/nxp/mcuxpressoide_11.1.1_3241/ide/plugins/com.nxp.mcuxpresso.tools.win32_11.1.0.202001081728/tools/bin/../lib/gcc/arm-none-eabi/8.3.1/../../../../arm-none-eabi/lib/thumb/v7e-m+fp/hard\libcr_newlib_nohost.a(write.o)
 .debug_abbrev  0x00003cd6       0x6b c:/nxp/mcuxpressoide_11.1.1_3241/ide/plugins/com.nxp.mcuxpresso.tools.win32_11.1.0.202001081728/tools/bin/../lib/gcc/arm-none-eabi/8.3.1/../../../../arm-none-eabi/lib/thumb/v7e-m+fp/hard\libcr_newlib_nohost.a(_cr_check_heap.o)

.debug_aranges  0x00000000      0xb40
 .debug_aranges
                0x00000000      0x330 ./startup/startup_mk64f12.o
 .debug_aranges
                0x00000330       0x90 ./source/main.o
 .debug_aranges
                0x000003c0      0x1f8 ./drivers/fsl_clock.o
 .debug_aranges
                0x000005b8       0x40 ./drivers/fsl_gpio.o
 .debug_aranges
                0x000005f8       0x30 ./device/system_MK64F12.o
 .debug_aranges
                0x00000628       0x58 ./board/clock_config.o
 .debug_aranges
                0x00000680       0x38 ./board/pin_mux.o
 .debug_aranges
                0x000006b8       0x70 ./Modules/UART/UART.o
 .debug_aranges
                0x00000728       0x38 ./Modules/Packet/packet.o
 .debug_aranges
                0x00000760       0x78 ./Modules/PIT/PIT.o
 .debug_aranges
                0x000007d8       0x48 ./Modules/LEDs/LEDs.o
 .debug_aranges
                0x00000820       0x68 ./Modules/Flash/Flash.o
 .debug_aranges
                0x00000888       0x50 ./Modules/FTM/FTM.o
 .debug_aranges
                0x000008d8       0x30 ./Modules/FIFO/FIFO.o
 .debug_aranges
                0x00000908       0xd8 C:\Users\User\git\Project\Library\libOS.a(OS.o)
 .debug_aranges
                0x000009e0       0x20 c:/nxp/mcuxpressoide_11.1.1_3241/ide/plugins/com.nxp.mcuxpresso.tools.win32_11.1.0.202001081728/tools/bin/../lib/gcc/arm-none-eabi/8.3.1/../../../../arm-none-eabi/lib/thumb/v7e-m+fp/hard\libcr_newlib_nohost.a(_cr_sbrk.o)
 .debug_aranges
                0x00000a00       0x20 c:/nxp/mcuxpressoide_11.1.1_3241/ide/plugins/com.nxp.mcuxpresso.tools.win32_11.1.0.202001081728/tools/bin/../lib/gcc/arm-none-eabi/8.3.1/../../../../arm-none-eabi/lib/thumb/v7e-m+fp/hard\libcr_newlib_nohost.a(_exit.o)
 .debug_aranges
                0x00000a20       0x20 c:/nxp/mcuxpressoide_11.1.1_3241/ide/plugins/com.nxp.mcuxpresso.tools.win32_11.1.0.202001081728/tools/bin/../lib/gcc/arm-none-eabi/8.3.1/../../../../arm-none-eabi/lib/thumb/v7e-m+fp/hard\libcr_newlib_nohost.a(close.o)
 .debug_aranges
                0x00000a40       0x20 c:/nxp/mcuxpressoide_11.1.1_3241/ide/plugins/com.nxp.mcuxpresso.tools.win32_11.1.0.202001081728/tools/bin/../lib/gcc/arm-none-eabi/8.3.1/../../../../arm-none-eabi/lib/thumb/v7e-m+fp/hard\libcr_newlib_nohost.a(fstat.o)
 .debug_aranges
                0x00000a60       0x20 c:/nxp/mcuxpressoide_11.1.1_3241/ide/plugins/com.nxp.mcuxpresso.tools.win32_11.1.0.202001081728/tools/bin/../lib/gcc/arm-none-eabi/8.3.1/../../../../arm-none-eabi/lib/thumb/v7e-m+fp/hard\libcr_newlib_nohost.a(getpid.o)
 .debug_aranges
                0x00000a80       0x20 c:/nxp/mcuxpressoide_11.1.1_3241/ide/plugins/com.nxp.mcuxpresso.tools.win32_11.1.0.202001081728/tools/bin/../lib/gcc/arm-none-eabi/8.3.1/../../../../arm-none-eabi/lib/thumb/v7e-m+fp/hard\libcr_newlib_nohost.a(isatty.o)
 .debug_aranges
                0x00000aa0       0x20 c:/nxp/mcuxpressoide_11.1.1_3241/ide/plugins/com.nxp.mcuxpresso.tools.win32_11.1.0.202001081728/tools/bin/../lib/gcc/arm-none-eabi/8.3.1/../../../../arm-none-eabi/lib/thumb/v7e-m+fp/hard\libcr_newlib_nohost.a(kill.o)
 .debug_aranges
                0x00000ac0       0x20 c:/nxp/mcuxpressoide_11.1.1_3241/ide/plugins/com.nxp.mcuxpresso.tools.win32_11.1.0.202001081728/tools/bin/../lib/gcc/arm-none-eabi/8.3.1/../../../../arm-none-eabi/lib/thumb/v7e-m+fp/hard\libcr_newlib_nohost.a(lseek.o)
 .debug_aranges
                0x00000ae0       0x20 c:/nxp/mcuxpressoide_11.1.1_3241/ide/plugins/com.nxp.mcuxpresso.tools.win32_11.1.0.202001081728/tools/bin/../lib/gcc/arm-none-eabi/8.3.1/../../../../arm-none-eabi/lib/thumb/v7e-m+fp/hard\libcr_newlib_nohost.a(read.o)
 .debug_aranges
                0x00000b00       0x20 c:/nxp/mcuxpressoide_11.1.1_3241/ide/plugins/com.nxp.mcuxpresso.tools.win32_11.1.0.202001081728/tools/bin/../lib/gcc/arm-none-eabi/8.3.1/../../../../arm-none-eabi/lib/thumb/v7e-m+fp/hard\libcr_newlib_nohost.a(write.o)
 .debug_aranges
                0x00000b20       0x20 c:/nxp/mcuxpressoide_11.1.1_3241/ide/plugins/com.nxp.mcuxpresso.tools.win32_11.1.0.202001081728/tools/bin/../lib/gcc/arm-none-eabi/8.3.1/../../../../arm-none-eabi/lib/thumb/v7e-m+fp/hard\libcr_newlib_nohost.a(_cr_check_heap.o)

.debug_ranges   0x00000000      0x9a0
 .debug_ranges  0x00000000      0x320 ./startup/startup_mk64f12.o
 .debug_ranges  0x00000320       0x80 ./source/main.o
 .debug_ranges  0x000003a0      0x1e8 ./drivers/fsl_clock.o
 .debug_ranges  0x00000588       0x30 ./drivers/fsl_gpio.o
 .debug_ranges  0x000005b8       0x20 ./device/system_MK64F12.o
 .debug_ranges  0x000005d8       0x48 ./board/clock_config.o
 .debug_ranges  0x00000620       0x28 ./board/pin_mux.o
 .debug_ranges  0x00000648       0x60 ./Modules/UART/UART.o
 .debug_ranges  0x000006a8       0x28 ./Modules/Packet/packet.o