Archive member included to satisfy reference by file (symbol)

C:\Users\User\git\Lab5\Library\libOS.a(OS.o)
                              ./source/main.o (OS_Init)
c:/nxp/mcuxpressoide_11.1.1_3241/ide/plugins/com.nxp.mcuxpresso.tools.win32_11.1.0.202001081728/tools/bin/../lib/gcc/arm-none-eabi/8.3.1/thumb/v7e-m+fp/hard\libgcc.a(_aeabi_uldivmod.o)
                              ./drivers/fsl_common.o (__aeabi_uldivmod)
c:/nxp/mcuxpressoide_11.1.1_3241/ide/plugins/com.nxp.mcuxpresso.tools.win32_11.1.0.202001081728/tools/bin/../lib/gcc/arm-none-eabi/8.3.1/thumb/v7e-m+fp/hard\libgcc.a(_udivmoddi4.o)
                              c:/nxp/mcuxpressoide_11.1.1_3241/ide/plugins/com.nxp.mcuxpresso.tools.win32_11.1.0.202001081728/tools/bin/../lib/gcc/arm-none-eabi/8.3.1/thumb/v7e-m+fp/hard\libgcc.a(_aeabi_uldivmod.o) (__udivmoddi4)
c:/nxp/mcuxpressoide_11.1.1_3241/ide/plugins/com.nxp.mcuxpresso.tools.win32_11.1.0.202001081728/tools/bin/../lib/gcc/arm-none-eabi/8.3.1/thumb/v7e-m+fp/hard\libgcc.a(_dvmd_tls.o)
                              c:/nxp/mcuxpressoide_11.1.1_3241/ide/plugins/com.nxp.mcuxpresso.tools.win32_11.1.0.202001081728/tools/bin/../lib/gcc/arm-none-eabi/8.3.1/thumb/v7e-m+fp/hard\libgcc.a(_aeabi_uldivmod.o) (__aeabi_ldiv0)
c:/nxp/mcuxpressoide_11.1.1_3241/ide/plugins/com.nxp.mcuxpresso.tools.win32_11.1.0.202001081728/tools/bin/../lib/gcc/arm-none-eabi/8.3.1/../../../../arm-none-eabi/lib/thumb/v7e-m+fp/hard\libc_nano.a(lib_a-assert.o)
                              ./source/main.o (__assert_func)
c:/nxp/mcuxpressoide_11.1.1_3241/ide/plugins/com.nxp.mcuxpresso.tools.win32_11.1.0.202001081728/tools/bin/../lib/gcc/arm-none-eabi/8.3.1/../../../../arm-none-eabi/lib/thumb/v7e-m+fp/hard\libc_nano.a(lib_a-fprintf.o)
                              c:/nxp/mcuxpressoide_11.1.1_3241/ide/plugins/com.nxp.mcuxpresso.tools.win32_11.1.0.202001081728/tools/bin/../lib/gcc/arm-none-eabi/8.3.1/../../../../arm-none-eabi/lib/thumb/v7e-m+fp/hard\libc_nano.a(lib_a-assert.o) (fiprintf)
c:/nxp/mcuxpressoide_11.1.1_3241/ide/plugins/com.nxp.mcuxpresso.tools.win32_11.1.0.202001081728/tools/bin/../lib/gcc/arm-none-eabi/8.3.1/../../../../arm-none-eabi/lib/thumb/v7e-m+fp/hard\libc_nano.a(lib_a-impure.o)
                              c:/nxp/mcuxpressoide_11.1.1_3241/ide/plugins/com.nxp.mcuxpresso.tools.win32_11.1.0.202001081728/tools/bin/../lib/gcc/arm-none-eabi/8.3.1/../../../../arm-none-eabi/lib/thumb/v7e-m+fp/hard\libc_nano.a(lib_a-assert.o) (_impure_ptr)
c:/nxp/mcuxpressoide_11.1.1_3241/ide/plugins/com.nxp.mcuxpresso.tools.win32_11.1.0.202001081728/tools/bin/../lib/gcc/arm-none-eabi/8.3.1/../../../../arm-none-eabi/lib/thumb/v7e-m+fp/hard\libc_nano.a(lib_a-malloc.o)
                              ./drivers/fsl_common.o (malloc)
c:/nxp/mcuxpressoide_11.1.1_3241/ide/plugins/com.nxp.mcuxpresso.tools.win32_11.1.0.202001081728/tools/bin/../lib/gcc/arm-none-eabi/8.3.1/../../../../arm-none-eabi/lib/thumb/v7e-m+fp/hard\libc_nano.a(lib_a-nano-freer.o)
                              c:/nxp/mcuxpressoide_11.1.1_3241/ide/plugins/com.nxp.mcuxpresso.tools.win32_11.1.0.202001081728/tools/bin/../lib/gcc/arm-none-eabi/8.3.1/../../../../arm-none-eabi/lib/thumb/v7e-m+fp/hard\libc_nano.a(lib_a-malloc.o) (_free_r)
c:/nxp/mcuxpressoide_11.1.1_3241/ide/plugins/com.nxp.mcuxpresso.tools.win32_11.1.0.202001081728/tools/bin/../lib/gcc/arm-none-eabi/8.3.1/../../../../arm-none-eabi/lib/thumb/v7e-m+fp/hard\libc_nano.a(lib_a-nano-mallocr.o)
                              c:/nxp/mcuxpressoide_11.1.1_3241/ide/plugins/com.nxp.mcuxpresso.tools.win32_11.1.0.202001081728/tools/bin/../lib/gcc/arm-none-eabi/8.3.1/../../../../arm-none-eabi/lib/thumb/v7e-m+fp/hard\libc_nano.a(lib_a-malloc.o) (_malloc_r)
c:/nxp/mcuxpressoide_11.1.1_3241/ide/plugins/com.nxp.mcuxpresso.tools.win32_11.1.0.202001081728/tools/bin/../lib/gcc/arm-none-eabi/8.3.1/../../../../arm-none-eabi/lib/thumb/v7e-m+fp/hard\libc_nano.a(lib_a-nano-vfprintf.o)
                              c:/nxp/mcuxpressoide_11.1.1_3241/ide/plugins/com.nxp.mcuxpresso.tools.win32_11.1.0.202001081728/tools/bin/../lib/gcc/arm-none-eabi/8.3.1/../../../../arm-none-eabi/lib/thumb/v7e-m+fp/hard\libc_nano.a(lib_a-fprintf.o) (_vfprintf_r)
c:/nxp/mcuxpressoide_11.1.1_3241/ide/plugins/com.nxp.mcuxpresso.tools.win32_11.1.0.202001081728/tools/bin/../lib/gcc/arm-none-eabi/8.3.1/../../../../arm-none-eabi/lib/thumb/v7e-m+fp/hard\libc_nano.a(lib_a-nano-vfprintf_i.o)
                              c:/nxp/mcuxpressoide_11.1.1_3241/ide/plugins/com.nxp.mcuxpresso.tools.win32_11.1.0.202001081728/tools/bin/../lib/gcc/arm-none-eabi/8.3.1/../../../../arm-none-eabi/lib/thumb/v7e-m+fp/hard\libc_nano.a(lib_a-nano-vfprintf.o) (_printf_i)
c:/nxp/mcuxpressoide_11.1.1_3241/ide/plugins/com.nxp.mcuxpresso.tools.win32_11.1.0.202001081728/tools/bin/../lib/gcc/arm-none-eabi/8.3.1/../../../../arm-none-eabi/lib/thumb/v7e-m+fp/hard\libc_nano.a(lib_a-sbrkr.o)
[...]
Memory Configuration

Name             Origin             Length             Attributes
PROGRAM_FLASH    0x00000000         0x00100000         xr
SRAM_UPPER       0x20000000         0x00030000         xrw
SRAM_LOWER       0x1fff0000         0x00010000         xrw
FLEX_RAM         0x14000000         0x00001000         xrw
*default*        0x00000000         0xffffffff

Linker script and memory map

LOAD ./startup/startup_mk64f12.o
LOAD ./source/main.o
LOAD ./drivers/fsl_clock.o
LOAD ./drivers/fsl_common.o
LOAD ./drivers/fsl_gpio.o
LOAD ./drivers/fsl_smc.o
LOAD ./device/system_MK64F12.o
LOAD ./board/clock_config.o
LOAD ./board/pin_mux.o
LOAD ./Modules/Critical/critical.o
LOAD C:\Users\User\git\Lab5\Library\libOS.a
START GROUP
LOAD c:/nxp/mcuxpressoide_11.1.1_3241/ide/plugins/com.nxp.mcuxpresso.tools.win32_11.1.0.202001081728/tools/bin/../lib/gcc/arm-none-eabi/8.3.1/thumb/v7e-m+fp/hard\libgcc.a
LOAD c:/nxp/mcuxpressoide_11.1.1_3241/ide/plugins/com.nxp.mcuxpresso.tools.win32_11.1.0.202001081728/tools/bin/../lib/gcc/arm-none-eabi/8.3.1/../../../../arm-none-eabi/lib/thumb/v7e-m+fp/hard\libc_nano.a
LOAD c:/nxp/mcuxpressoide_11.1.1_3241/ide/plugins/com.nxp.mcuxpresso.tools.win32_11.1.0.202001081728/tools/bin/../lib/gcc/arm-none-eabi/8.3.1/../../../../arm-none-eabi/lib/thumb/v7e-m+fp/hard\libm.a
LOAD c:/nxp/mcuxpressoide_11.1.1_3241/ide/plugins/com.nxp.mcuxpresso.tools.win32_11.1.0.202001081728/tools/bin/../lib/gcc/arm-none-eabi/8.3.1/../../../../arm-none-eabi/lib/thumb/v7e-m+fp/hard\libcr_newlib_nohost.a
END GROUP
                0x00000000                __base_PROGRAM_FLASH = 0x0
                0x00000000                __base_Flash = 0x0
                0x00100000                __top_PROGRAM_FLASH = 0x100000
                0x00100000                __top_Flash = 0x100000
                0x20000000                __base_SRAM_UPPER = 0x20000000
                0x20000000                __base_RAM = 0x20000000
                0x20030000                __top_SRAM_UPPER = 0x20030000
                0x20030000                __top_RAM = 0x20030000
                0x1fff0000                __base_SRAM_LOWER = 0x1fff0000
                0x1fff0000                __base_RAM2 = 0x1fff0000
                0x20000000                __top_SRAM_LOWER = 0x20000000
                0x20000000                __top_RAM2 = 0x20000000
                0x14000000                __base_FLEX_RAM = 0x14000000
                0x14000000                __base_RAM3 = 0x14000000
                0x14001000                __top_FLEX_RAM = 0x14001000
                0x14001000                __top_RAM3 = 0x14001000

.text           0x00000000     0x2ea8
 FILL mask 0xff
                0x00000000                __vectors_start__ = ABSOLUTE (.)
 *(SORT_BY_ALIGNMENT(.isr_vector))
 .isr_vector    0x00000000      0x198 ./startup/startup_mk64f12.o
                0x00000000                g_pfnVectors
                0x00000000                __Vectors
                0x00000198                . = ALIGN (0x4)
                0x00000198                __section_table_start = .
                0x00000198                __data_section_table = .
                0x00000198        0x4 LONG 0x2ea8 LOADADDR (.data)
                0x0000019c        0x4 LONG 0x20000000 ADDR (.data)
                0x000001a0        0x4 LONG 0xb0 SIZEOF (.data)
                0x000001a4        0x4 LONG 0x2ea8 LOADADDR (.data_RAM2)
                0x000001a8        0x4 LONG 0x1fff0000 ADDR (.data_RAM2)
                0x000001ac        0x4 LONG 0x0 SIZEOF (.data_RAM2)
                0x000001b0        0x4 LONG 0x2ea8 LOADADDR (.data_RAM3)
                0x000001b4        0x4 LONG 0x14000000 ADDR (.data_RAM3)
                0x000001b8        0x4 LONG 0x0 SIZEOF (.data_RAM3)
                0x000001bc                __data_section_table_end = .
                0x000001bc                __bss_section_table = .
                0x000001bc        0x4 LONG 0x200000b0 ADDR (.bss)
                0x000001c0        0x4 LONG 0xf18 SIZEOF (.bss)
                0x000001c4        0x4 LONG 0x1fff0000 ADDR (.bss_RAM2)
                0x000001c8        0x4 LONG 0x0 SIZEOF (.bss_RAM2)
                0x000001cc        0x4 LONG 0x14000000 ADDR (.bss_RAM3)
                0x000001d0        0x4 LONG 0x0 SIZEOF (.bss_RAM3)
                0x000001d4                __bss_section_table_end = .
                0x000001d4                __section_table_end = .
 *(SORT_BY_ALIGNMENT(.after_vectors*))
 .after_vectors.reset
                0x000001d4       0x4c ./startup/startup_mk64f12.o
                0x000001d4                ResetISR
 .after_vectors.init_data
                0x00000220       0x1e ./startup/startup_mk64f12.o
                0x00000220                data_init
 .after_vectors.init_bss
                0x0000023e       0x12 ./startup/startup_mk64f12.o
                0x0000023e                bss_init
 .after_vectors
                0x00000250       0x14 ./startup/startup_mk64f12.o
                0x00000250                NMI_Handler
                0x00000252                HardFault_Handler
                0x00000254                MemManage_Handler
                0x00000256                BusFault_Handler
                0x00000258                UsageFault_Handler
                0x0000025a                SVC_Handler
                0x0000025c                DebugMon_Handler
                0x00000262                DMA_Error_DriverIRQHandler
                0x00000262                LPTMR0_DriverIRQHandler
                0x00000262                FTM1_DriverIRQHandler
                0x00000262                FTM2_DriverIRQHandler
                0x00000262                PIT2_DriverIRQHandler
                0x00000262                SDHC_DriverIRQHandler
                0x00000262                I2S0_Tx_DriverIRQHandler
                0x00000262                RTC_Seconds_DriverIRQHandler
                0x00000262                DMA6_DriverIRQHandler
                0x00000262                LLWU_DriverIRQHandler
                0x00000262                MCM_DriverIRQHandler
                0x00000262                MCG_DriverIRQHandler
                0x00000262                ENET_1588_Timer_DriverIRQHandler
                0x00000262                I2C2_DriverIRQHandler
                0x00000262                DAC1_DriverIRQHandler
                0x00000262                SPI1_DriverIRQHandler
                0x00000262                CMP1_DriverIRQHandler
                0x00000262                UART5_RX_TX_DriverIRQHandler
                0x00000262                FTM0_DriverIRQHandler
                0x00000262                IntDefaultHandler
                0x00000262                USB0_DriverIRQHandler
                0x00000262                UART5_ERR_DriverIRQHandler
                0x00000262                PORTC_DriverIRQHandler
                0x00000262                DMA11_DriverIRQHandler
                0x00000262                DAC0_DriverIRQHandler
                0x00000262                DMA10_DriverIRQHandler
                0x00000262                CMP2_DriverIRQHandler
                0x00000262                UART2_ERR_DriverIRQHandler
                0x00000262                SPI2_DriverIRQHandler
                0x00000262                LVD_LVW_DriverIRQHandler
                0x00000262                PIT0_DriverIRQHandler
                0x00000262                RNG_DriverIRQHandler
                0x00000262                DMA5_DriverIRQHandler
                0x00000262                DMA12_DriverIRQHandler
                0x00000262                UART2_RX_TX_DriverIRQHandler
                0x00000262                USBDCD_DriverIRQHandler
                0x00000262                UART3_ERR_DriverIRQHandler
                0x00000262                DMA3_DriverIRQHandler
                0x00000262                DMA8_DriverIRQHandler
                0x00000262                DMA9_DriverIRQHandler
                0x00000262                UART0_ERR_DriverIRQHandler
                0x00000262                CMT_DriverIRQHandler
                0x00000262                Reserved71_DriverIRQHandler
                0x00000262                ADC1_DriverIRQHandler
                0x00000262                PORTA_DriverIRQHandler
                0x00000262                DMA14_DriverIRQHandler
                0x00000262                PIT3_DriverIRQHandler
                0x00000262                PIT1_DriverIRQHandler
                0x00000262                WDOG_EWM_DriverIRQHandler
                0x00000262                PDB0_DriverIRQHandler
                0x00000262                RTC_DriverIRQHandler
                0x00000262                I2S0_Rx_DriverIRQHandler
                0x00000262                Read_Collision_DriverIRQHandler
                0x00000262                SWI_DriverIRQHandler
                0x00000262                UART4_RX_TX_DriverIRQHandler
                0x00000262                UART4_ERR_DriverIRQHandler
                0x00000262                PORTB_DriverIRQHandler
                0x00000262                UART0_LON_DriverIRQHandler
                0x00000262                DMA0_DriverIRQHandler
                0x00000262                DMA1_DriverIRQHandler
                0x00000262                I2C1_DriverIRQHandler
                0x00000262                UART3_RX_TX_DriverIRQHandler
                0x00000262                ENET_Receive_DriverIRQHandler
                0x00000262                DMA13_DriverIRQHandler
                0x00000262                ENET_Error_DriverIRQHandler
                0x00000262                DMA15_DriverIRQHandler
                0x00000262                UART0_RX_TX_DriverIRQHandler
                0x00000262                SPI0_DriverIRQHandler
                0x00000262                ADC0_DriverIRQHandler
                0x00000262                CMP0_DriverIRQHandler
                0x00000262                CAN0_DriverIRQHandler
                0x00000262                FTM3_DriverIRQHandler
                0x00000262                DMA4_DriverIRQHandler
                0x00000262                UART1_ERR_DriverIRQHandler
                0x00000262                DMA2_DriverIRQHandler
                0x00000262                ENET_Transmit_DriverIRQHandler
                0x00000262                PORTD_DriverIRQHandler
                0x00000262                PORTE_DriverIRQHandler
                0x00000262                FTFE_DriverIRQHandler
                0x00000262                I2C0_DriverIRQHandler
                0x00000262                DMA7_DriverIRQHandler
                0x00000262                UART1_RX_TX_DriverIRQHandler
                0x00000400                . = 0x400
 *fill*         0x00000264      0x19c ff
                0x00000400                PROVIDE (__FLASH_CONFIG_START__ = .)
 *(SORT_BY_ALIGNMENT(.FlashConfig))
 .FlashConfig   0x00000400       0x10 ./startup/startup_mk64f12.o
                0x00000400                Flash_Config
                0x00000410                PROVIDE (__FLASH_CONFIG_END__ = .)
                0x00000001                ASSERT (! ((__FLASH_CONFIG_START__ == __FLASH_CONFIG_END__)), Linker Flash Config Support Enabled, but no .FlashConfig section provided within application)
 *(SORT_BY_ALIGNMENT(.text*))
 .text.PendSV_Handler
                0x00000410       0x5c C:\Users\User\git\Lab5\Library\libOS.a(OS.o)
                0x00000410                PendSV_Handler
 *fill*         0x0000046c        0x4 ff
 .text          0x00000470       0xa0 c:/nxp/mcuxpressoide_11.1.1_3241/ide/plugins/com.nxp.mcuxpresso.tools.win32_11.1.0.202001081728/tools/bin/../lib/gcc/arm-none-eabi/8.3.1/../../../../arm-none-eabi/lib/thumb/v7e-m+fp/hard\libc_nano.a(lib_a-memchr.o)
                0x00000470                memchr
 .text.__NVIC_EnableIRQ
                0x00000510       0x3c ./source/main.o
 .text.__NVIC_ClearPendingIRQ
                0x0000054c       0x3c ./source/main.o
 .text.PORT_SetPinConfig
                0x00000588       0x44 ./source/main.o
 .text.LPTMRInit
                0x000005cc       0x88 ./source/main.o
                0x000005cc                LPTMRInit
 .text.LPTMR0_IRQHandler
                0x00000654       0x30 ./source/main.o
                0x00000654                LPTMR0_IRQHandler
 .text.LEDsInit
                0x00000684       0x9c ./source/main.o
                0x00000684                LEDsInit
 .text.InitModulesThread
                0x00000720       0x64 ./source/main.o
 .text.main     0x00000784       0xa0 ./source/main.o
                0x00000784                main
 .text.CLOCK_SetEr32kClock
                0x00000824       0x30 ./drivers/fsl_clock.o
 .text.CLOCK_SetPllFllSelClock
                0x00000854       0x3c ./drivers/fsl_clock.o
 .text.CLOCK_GetOscRangeFromFreq
                0x00000890       0x3c ./drivers/fsl_clock.o
 .text.CLOCK_SetSimConfig
                0x000008cc       0x38 ./drivers/fsl_clock.o
                0x000008cc                CLOCK_SetSimConfig
 .text.CLOCK_SetExternalRefClkConfig
                0x00000904       0x6c ./drivers/fsl_clock.o
                0x00000904                CLOCK_SetExternalRefClkConfig
 .text.CLOCK_SetInternalRefClkConfig
                0x00000970      0x104 ./drivers/fsl_clock.o
                0x00000970                CLOCK_SetInternalRefClkConfig
 .text.CLOCK_EnablePll0
                0x00000a74       0x94 ./drivers/fsl_clock.o
                0x00000a74                CLOCK_EnablePll0
 .text.CLOCK_InitOsc0
                0x00000b08       0x8c ./drivers/fsl_clock.o
                0x00000b08                CLOCK_InitOsc0
 .text.CLOCK_SetPbeMode
                0x00000b94       0xb8 ./drivers/fsl_clock.o
                0x00000b94                CLOCK_SetPbeMode
 .text.CLOCK_BootToPeeMode
                0x00000c4c       0x74 ./drivers/fsl_clock.o
                0x00000c4c                CLOCK_BootToPeeMode
 .text.GPIO_PinInit
                0x00000cc0       0x74 ./drivers/fsl_gpio.o
                0x00000cc0                GPIO_PinInit
 .text.SystemInit
                0x00000d34       0x3c ./device/system_MK64F12.o
                0x00000d34                SystemInit
 .text.CLOCK_SetSimSafeDivs
                0x00000d70       0x20 ./board/clock_config.o
 .text.CLOCK_SetXtal0Freq
                0x00000d90       0x20 ./board/clock_config.o
 .text.CLOCK_CONFIG_SetFllExtRefDiv
                0x00000db0       0x3c ./board/clock_config.o
 .text.BOARD_BootClockRUN
                0x00000dec       0x60 ./board/clock_config.o
                0x00000dec                BOARD_BootClockRUN
 .text.BOARD_InitPins
                0x00000e4c       0x30 ./board/pin_mux.o
                0x00000e4c                BOARD_InitPins
 .text.__NVIC_SetPriority
                0x00000e7c       0x54 C:\Users\User\git\Lab5\Library\libOS.a(OS.o)
 .text.SysTick_Config
                0x00000ed0       0x44 C:\Users\User\git\Lab5\Library\libOS.a(OS.o)
 .text.OS_Init  0x00000f14       0xc0 C:\Users\User\git\Lab5\Library\libOS.a(OS.o)
                0x00000f14                OS_Init
 .text.OS_ISREnter
                0x00000fd4       0x2c C:\Users\User\git\Lab5\Library\libOS.a(OS.o)
                0x00000fd4                OS_ISREnter
 .text.OS_ISRExit
                0x00001000       0x20 C:\Users\User\git\Lab5\Library\libOS.a(OS.o)
                0x00001000                OS_ISRExit
 .text.OS_SemaphoreCreate
                0x00001020       0x90 C:\Users\User\git\Lab5\Library\libOS.a(OS.o)
                0x00001020                OS_SemaphoreCreate
 .text.OS_SemaphoreWait
                0x000010b0       0x70 C:\Users\User\git\Lab5\Library\libOS.a(OS.o)
                0x000010b0                OS_SemaphoreWait
 .text.OS_ThreadCreate
                0x00001120      0x160 C:\Users\User\git\Lab5\Library\libOS.a(OS.o)
                0x00001120                OS_ThreadCreate
 .text.OS_ThreadDelete
                0x00001280      0x18c C:\Users\User\git\Lab5\Library\libOS.a(OS.o)
                0x00001280                OS_ThreadDelete
 .text.OS_TimeDelay
                0x0000140c       0x54 C:\Users\User\git\Lab5\Library\libOS.a(OS.o)
                0x0000140c                OS_TimeDelay
 .text.EventThreadReady
                0x00001460       0x6c C:\Users\User\git\Lab5\Library\libOS.a(OS.o)
 .text.EventThreadWait
                0x000014cc       0x68 C:\Users\User\git\Lab5\Library\libOS.a(OS.o)
 .text.EventTimeout
                0x00001534       0x40 C:\Users\User\git\Lab5\Library\libOS.a(OS.o)
 .text.Idle     0x00001574       0x18 C:\Users\User\git\Lab5\Library\libOS.a(OS.o)
 .text.Schedule
                0x0000158c       0x70 C:\Users\User\git\Lab5\Library\libOS.a(OS.o)
 .text.TimeTick
                0x000015fc       0x84 C:\Users\User\git\Lab5\Library\libOS.a(OS.o)
 .text.__assert_func
                0x00001680       0x3c c:/nxp/mcuxpressoide_11.1.1_3241/ide/plugins/com.nxp.mcuxpresso.tools.win32_11.1.0.202001081728/tools/bin/../lib/gcc/arm-none-eabi/8.3.1/../../../../arm-none-eabi/lib/thumb/v7e-m+fp/hard\libc_nano.a(lib_a-assert.o)
                0x00001680                __assert_func
 .text.fprintf  0x000016bc       0x24 c:/nxp/mcuxpressoide_11.1.1_3241/ide/plugins/com.nxp.mcuxpresso.tools.win32_11.1.0.202001081728/tools/bin/../lib/gcc/arm-none-eabi/8.3.1/../../../../arm-none-eabi/lib/thumb/v7e-m+fp/hard\libc_nano.a(lib_a-fprintf.o)
                0x000016bc                fiprintf
                0x000016bc                fprintf
 .text._free_r  0x000016e0       0x9c c:/nxp/mcuxpressoide_11.1.1_3241/ide/plugins/com.nxp.mcuxpresso.tools.win32_11.1.0.202001081728/tools/bin/../lib/gcc/arm-none-eabi/8.3.1/../../../../arm-none-eabi/lib/thumb/v7e-m+fp/hard\libc_nano.a(lib_a-nano-freer.o)
                0x000016e0                _free_r
 .text._malloc_r
                0x0000177c       0xb4 c:/nxp/mcuxpressoide_11.1.1_3241/ide/plugins/com.nxp.mcuxpresso.tools.win32_11.1.0.202001081728/tools/bin/../lib/gcc/arm-none-eabi/8.3.1/../../../../arm-none-eabi/lib/thumb/v7e-m+fp/hard\libc_nano.a(lib_a-nano-mallocr.o)
                0x0000177c                _malloc_r
 .text._vfprintf_r
                0x00001830      0x250 c:/nxp/mcuxpressoide_11.1.1_3241/ide/plugins/com.nxp.mcuxpresso.tools.win32_11.1.0.202001081728/tools/bin/../lib/gcc/arm-none-eabi/8.3.1/../../../../arm-none-eabi/lib/thumb/v7e-m+fp/hard\libc_nano.a(lib_a-nano-vfprintf.o)
                0x00001830                _vfprintf_r
                0x00001830                _vfiprintf_r
 .text._printf_i
                0x00001a80      0x228 c:/nxp/mcuxpressoide_11.1.1_3241/ide/plugins/com.nxp.mcuxpresso.tools.win32_11.1.0.202001081728/tools/bin/../lib/gcc/arm-none-eabi/8.3.1/../../../../arm-none-eabi/lib/thumb/v7e-m+fp/hard\libc_nano.a(lib_a-nano-vfprintf_i.o)
                0x00001a80                _printf_i
 .text._sbrk_r  0x00001ca8       0x20 c:/nxp/mcuxpressoide_11.1.1_3241/ide/plugins/com.nxp.mcuxpresso.tools.win32_11.1.0.202001081728/tools/bin/../lib/gcc/arm-none-eabi/8.3.1/../../../../arm-none-eabi/lib/thumb/v7e-m+fp/hard\libc_nano.a(lib_a-sbrkr.o)
                0x00001ca8                _sbrk_r
 .text.__swbuf_r
                0x00001cc8       0xa4 c:/nxp/mcuxpressoide_11.1.1_3241/ide/plugins/com.nxp.mcuxpresso.tools.win32_11.1.0.202001081728/tools/bin/../lib/gcc/arm-none-eabi/8.3.1/../../../../arm-none-eabi/lib/thumb/v7e-m+fp/hard\libc_nano.a(lib_a-wbuf.o)
                0x00001cc8                __swbuf_r
 .text.__swsetup_r
                0x00001d6c       0xdc c:/nxp/mcuxpressoide_11.1.1_3241/ide/plugins/com.nxp.mcuxpresso.tools.win32_11.1.0.202001081728/tools/bin/../lib/gcc/arm-none-eabi/8.3.1/../../../../arm-none-eabi/lib/thumb/v7e-m+fp/hard\libc_nano.a(lib_a-wsetup.o)
                0x00001d6c                __swsetup_r
 .text.__sflush_r
                0x00001e48      0x10c c:/nxp/mcuxpressoide_11.1.1_3241/ide/plugins/com.nxp.mcuxpresso.tools.win32_11.1.0.202001081728/tools/bin/../lib/gcc/arm-none-eabi/8.3.1/../../../../arm-none-eabi/lib/thumb/v7e-m+fp/hard\libc_nano.a(lib_a-fflush.o)
                0x00001e48                __sflush_r
 .text._fflush_r
                0x00001f54       0x78 c:/nxp/mcuxpressoide_11.1.1_3241/ide/plugins/com.nxp.mcuxpresso.tools.win32_11.1.0.202001081728/tools/bin/../lib/gcc/arm-none-eabi/8.3.1/../../../../arm-none-eabi/lib/thumb/v7e-m+fp/hard\libc_nano.a(lib_a-fflush.o)
                0x00001f54                _fflush_r
 .text.std      0x00001fcc       0x48 c:/nxp/mcuxpressoide_11.1.1_3241/ide/plugins/com.nxp.mcuxpresso.tools.win32_11.1.0.202001081728/tools/bin/../lib/gcc/arm-none-eabi/8.3.1/../../../../arm-none-eabi/lib/thumb/v7e-m+fp/hard\libc_nano.a(lib_a-findfp.o)
 .text._cleanup_r
                0x00002014        0xc c:/nxp/mcuxpressoide_11.1.1_3241/ide/plugins/com.nxp.mcuxpresso.tools.win32_11.1.0.202001081728/tools/bin/../lib/gcc/arm-none-eabi/8.3.1/../../../../arm-none-eabi/lib/thumb/v7e-m+fp/hard\libc_nano.a(lib_a-findfp.o)
                0x00002014                _cleanup_r
 .text.__sfp_lock_acquire
                0x00002020        0xc c:/nxp/mcuxpressoide_11.1.1_3241/ide/plugins/com.nxp.mcuxpresso.tools.win32_11.1.0.202001081728/tools/bin/../lib/gcc/arm-none-eabi/8.3.1/../../../../arm-none-eabi/lib/thumb/v7e-m+fp/hard\libc_nano.a(lib_a-findfp.o)
                0x00002020                __sfp_lock_acquire
 .text.__sfp_lock_release
                0x0000202c        0xc c:/nxp/mcuxpressoide_11.1.1_3241/ide/plugins/com.nxp.mcuxpresso.tools.win32_11.1.0.202001081728/tools/bin/../lib/gcc/arm-none-eabi/8.3.1/../../../../arm-none-eabi/lib/thumb/v7e-m+fp/hard\libc_nano.a(lib_a-findfp.o)
                0x0000202c                __sfp_lock_release
 .text.__sinit_lock_acquire
                0x00002038        0xc c:/nxp/mcuxpressoide_11.1.1_3241/ide/plugins/com.nxp.mcuxpresso.tools.win32_11.1.0.202001081728/tools/bin/../lib/gcc/arm-none-eabi/8.3.1/../../../../arm-none-eabi/lib/thumb/v7e-m+fp/hard\libc_nano.a(lib_a-findfp.o)
                0x00002038                __sinit_lock_acquire
 .text.__sinit_lock_release
                0x00002044        0xc c:/nxp/mcuxpressoide_11.1.1_3241/ide/plugins/com.nxp.mcuxpresso.tools.win32_11.1.0.202001081728/tools/bin/../lib/gcc/arm-none-eabi/8.3.1/../../../../arm-none-eabi/lib/thumb/v7e-m+fp/hard\libc_nano.a(lib_a-findfp.o)
                0x00002044                __sinit_lock_release
 .text.__sinit  0x00002050       0x70 c:/nxp/mcuxpressoide_11.1.1_3241/ide/plugins/com.nxp.mcuxpresso.tools.win32_11.1.0.202001081728/tools/bin/../lib/gcc/arm-none-eabi/8.3.1/../../../../arm-none-eabi/lib/thumb/v7e-m+fp/hard\libc_nano.a(lib_a-findfp.o)
                0x00002050                __sinit
 .text.__sfp    0x000020c0       0x8c c:/nxp/mcuxpressoide_11.1.1_3241/ide/plugins/com.nxp.mcuxpresso.tools.win32_11.1.0.202001081728/tools/bin/../lib/gcc/arm-none-eabi/8.3.1/../../../../arm-none-eabi/lib/thumb/v7e-m+fp/hard\libc_nano.a(lib_a-findfp.o)
                0x000020c0                __sfp
 .text.__smakebuf_r
                0x0000214c       0x80 c:/nxp/mcuxpressoide_11.1.1_3241/ide/plugins/com.nxp.mcuxpresso.tools.win32_11.1.0.202001081728/tools/bin/../lib/gcc/arm-none-eabi/8.3.1/../../../../arm-none-eabi/lib/thumb/v7e-m+fp/hard\libc_nano.a(lib_a-makebuf.o)
                0x0000214c                __smakebuf_r
 .text.__malloc_lock
                0x000021cc        0xc c:/nxp/mcuxpressoide_11.1.1_3241/ide/plugins/com.nxp.mcuxpresso.tools.win32_11.1.0.202001081728/tools/bin/../lib/gcc/arm-none-eabi/8.3.1/../../../../arm-none-eabi/lib/thumb/v7e-m+fp/hard\libc_nano.a(lib_a-mlock.o)
                0x000021cc                __malloc_lock
 .text.__malloc_unlock
                0x000021d8        0xc c:/nxp/mcuxpressoide_11.1.1_3241/ide/plugins/com.nxp.mcuxpresso.tools.win32_11.1.0.202001081728/tools/bin/../lib/gcc/arm-none-eabi/8.3.1/../../../../arm-none-eabi/lib/thumb/v7e-m+fp/hard\libc_nano.a(lib_a-mlock.o)
                0x000021d8                __malloc_unlock
 .text.raise    0x000021e4       0x10 c:/nxp/mcuxpressoide_11.1.1_3241/ide/plugins/com.nxp.mcuxpresso.tools.win32_11.1.0.202001081728/tools/bin/../lib/gcc/arm-none-eabi/8.3.1/../../../../arm-none-eabi/lib/thumb/v7e-m+fp/hard\libc_nano.a(lib_a-signal.o)
                0x000021e4                raise
 .text._kill_r  0x000021f4       0x24 c:/nxp/mcuxpressoide_11.1.1_3241/ide/plugins/com.nxp.mcuxpresso.tools.win32_11.1.0.202001081728/tools/bin/../lib/gcc/arm-none-eabi/8.3.1/../../../../arm-none-eabi/lib/thumb/v7e-m+fp/hard\libc_nano.a(lib_a-signalr.o)
                0x000021f4                _kill_r
 .text._write_r
                0x00002218       0x24 c:/nxp/mcuxpressoide_11.1.1_3241/ide/plugins/com.nxp.mcuxpresso.tools.win32_11.1.0.202001081728/tools/bin/../lib/gcc/arm-none-eabi/8.3.1/../../../../arm-none-eabi/lib/thumb/v7e-m+fp/hard\libc_nano.a(lib_a-writer.o)
                0x00002218                _write_r
 .text._close_r
                0x0000223c       0x20 c:/nxp/mcuxpressoide_11.1.1_3241/ide/plugins/com.nxp.mcuxpresso.tools.win32_11.1.0.202001081728/tools/bin/../lib/gcc/arm-none-eabi/8.3.1/../../../../arm-none-eabi/lib/thumb/v7e-m+fp/hard\libc_nano.a(lib_a-closer.o)
                0x0000223c                _close_r
 .text._fstat_r
                0x0000225c       0x24 c:/nxp/mcuxpressoide_11.1.1_3241/ide/plugins/com.nxp.mcuxpresso.tools.win32_11.1.0.202001081728/tools/bin/../lib/gcc/arm-none-eabi/8.3.1/../../../../arm-none-eabi/lib/thumb/v7e-m+fp/hard\libc_nano.a(lib_a-fstatr.o)
                0x0000225c                _fstat_r
 .text._isatty_r
                0x00002280       0x20 c:/nxp/mcuxpressoide_11.1.1_3241/ide/plugins/com.nxp.mcuxpresso.tools.win32_11.1.0.202001081728/tools/bin/../lib/gcc/arm-none-eabi/8.3.1/../../../../arm-none-eabi/lib/thumb/v7e-m+fp/hard\libc_nano.a(lib_a-isattyr.o)
                0x00002280                _isatty_r
 .text._lseek_r
                0x000022a0       0x24 c:/nxp/mcuxpressoide_11.1.1_3241/ide/plugins/com.nxp.mcuxpresso.tools.win32_11.1.0.202001081728/tools/bin/../lib/gcc/arm-none-eabi/8.3.1/../../../../arm-none-eabi/lib/thumb/v7e-m+fp/hard\libc_nano.a(lib_a-lseekr.o)
                0x000022a0                _lseek_r
 .text._read_r  0x000022c4       0x24 c:/nxp/mcuxpressoide_11.1.1_3241/ide/plugins/com.nxp.mcuxpresso.tools.win32_11.1.0.202001081728/tools/bin/../lib/gcc/arm-none-eabi/8.3.1/../../../../arm-none-eabi/lib/thumb/v7e-m+fp/hard\libc_nano.a(lib_a-readr.o)
                0x000022c4                _read_r
 .text._sbrk    0x000022e8       0x3c c:/nxp/mcuxpressoide_11.1.1_3241/ide/plugins/com.nxp.mcuxpresso.tools.win32_11.1.0.202001081728/tools/bin/../lib/gcc/arm-none-eabi/8.3.1/../../../../arm-none-eabi/lib/thumb/v7e-m+fp/hard\libcr_newlib_nohost.a(_cr_sbrk.o)
                0x000022e8                _sbrk
 .text._close   0x00002324       0x10 c:/nxp/mcuxpressoide_11.1.1_3241/ide/plugins/com.nxp.mcuxpresso.tools.win32_11.1.0.202001081728/tools/bin/../lib/gcc/arm-none-eabi/8.3.1/../../../../arm-none-eabi/lib/thumb/v7e-m+fp/hard\libcr_newlib_nohost.a(close.o)
                0x00002324                _close
 .text._fstat   0x00002334       0x10 c:/nxp/mcuxpressoide_11.1.1_3241/ide/plugins/com.nxp.mcuxpresso.tools.win32_11.1.0.202001081728/tools/bin/../lib/gcc/arm-none-eabi/8.3.1/../../../../arm-none-eabi/lib/thumb/v7e-m+fp/hard\libcr_newlib_nohost.a(fstat.o)
                0x00002334                _fstat
 .text._getpid  0x00002344       0x10 c:/nxp/mcuxpressoide_11.1.1_3241/ide/plugins/com.nxp.mcuxpresso.tools.win32_11.1.0.202001081728/tools/bin/../lib/gcc/arm-none-eabi/8.3.1/../../../../arm-none-eabi/lib/thumb/v7e-m+fp/hard\libcr_newlib_nohost.a(getpid.o)
                0x00002344                _getpid
 .text._isatty  0x00002354       0x10 c:/nxp/mcuxpressoide_11.1.1_3241/ide/plugins/com.nxp.mcuxpresso.tools.win32_11.1.0.202001081728/tools/bin/../lib/gcc/arm-none-eabi/8.3.1/../../../../arm-none-eabi/lib/thumb/v7e-m+fp/hard\libcr_newlib_nohost.a(isatty.o)
                0x00002354                _isatty
 .text._kill    0x00002364       0x10 c:/nxp/mcuxpressoide_11.1.1_3241/ide/plugins/com.nxp.mcuxpresso.tools.win32_11.1.0.202001081728/tools/bin/../lib/gcc/arm-none-eabi/8.3.1/../../../../arm-none-eabi/lib/thumb/v7e-m+fp/hard\libcr_newlib_nohost.a(kill.o)
                0x00002364                _kill
 .text._lseek   0x00002374       0x10 c:/nxp/mcuxpressoide_11.1.1_3241/ide/plugins/com.nxp.mcuxpresso.tools.win32_11.1.0.202001081728/tools/bin/../lib/gcc/arm-none-eabi/8.3.1/../../../../arm-none-eabi/lib/thumb/v7e-m+fp/hard\libcr_newlib_nohost.a(lseek.o)
                0x00002374                _lseek
 .text._read    0x00002384       0x10 c:/nxp/mcuxpressoide_11.1.1_3241/ide/plugins/com.nxp.mcuxpresso.tools.win32_11.1.0.202001081728/tools/bin/../lib/gcc/arm-none-eabi/8.3.1/../../../../arm-none-eabi/lib/thumb/v7e-m+fp/hard\libcr_newlib_nohost.a(read.o)
                0x00002384                _read
 .text._write   0x00002394       0x10 c:/nxp/mcuxpressoide_11.1.1_3241/ide/plugins/com.nxp.mcuxpresso.tools.win32_11.1.0.202001081728/tools/bin/../lib/gcc/arm-none-eabi/8.3.1/../../../../arm-none-eabi/lib/thumb/v7e-m+fp/hard\libcr_newlib_nohost.a(write.o)
                0x00002394                _write
 .text.__check_heap_overflow
                0x000023a4       0x18 c:/nxp/mcuxpressoide_11.1.1_3241/ide/plugins/com.nxp.mcuxpresso.tools.win32_11.1.0.202001081728/tools/bin/../lib/gcc/arm-none-eabi/8.3.1/../../../../arm-none-eabi/lib/thumb/v7e-m+fp/hard\libcr_newlib_nohost.a(_cr_check_heap.o)
                0x000023a4                __check_heap_overflow
 .text.__errno  0x000023bc        0xc c:/nxp/mcuxpressoide_11.1.1_3241/ide/plugins/com.nxp.mcuxpresso.tools.win32_11.1.0.202001081728/tools/bin/../lib/gcc/arm-none-eabi/8.3.1/../../../../arm-none-eabi/lib/thumb/v7e-m+fp/hard\libc_nano.a(lib_a-errno.o)
                0x000023bc                __errno
 .text.DMA0_IRQHandler
                0x000023c8        0x8 ./startup/startup_mk64f12.o
                0x000023c8                DMA0_IRQHandler
 .text.DMA1_IRQHandler
                0x000023d0        0x8 ./startup/startup_mk64f12.o
                0x000023d0                DMA1_IRQHandler
 .text.DMA2_IRQHandler
                0x000023d8        0x8 ./startup/startup_mk64f12.o
                0x000023d8                DMA2_IRQHandler
 .text.DMA3_IRQHandler
                0x000023e0        0x8 ./startup/startup_mk64f12.o
                0x000023e0                DMA3_IRQHandler
 .text.DMA4_IRQHandler
                0x000023e8        0x8 ./startup/startup_mk64f12.o
                0x000023e8                DMA4_IRQHandler
 .text.DMA5_IRQHandler
                0x000023f0        0x8 ./startup/startup_mk64f12.o
                0x000023f0                DMA5_IRQHandler
 .text.DMA6_IRQHandler
                0x000023f8        0x8 ./startup/startup_mk64f12.o
                0x000023f8                DMA6_IRQHandler
 .text.DMA7_IRQHandler
                0x00002400        0x8 ./startup/startup_mk64f12.o
                0x00002400                DMA7_IRQHandler
 .text.DMA8_IRQHandler
                0x00002408        0x8 ./startup/startup_mk64f12.o
                0x00002408                DMA8_IRQHandler
 .text.DMA9_IRQHandler
                0x00002410        0x8 ./startup/startup_mk64f12.o
                0x00002410                DMA9_IRQHandler
 .text.DMA10_IRQHandler
                0x00002418        0x8 ./startup/startup_mk64f12.o
                0x00002418                DMA10_IRQHandler
 .text.DMA11_IRQHandler
                0x00002420        0x8 ./startup/startup_mk64f12.o
                0x00002420                DMA11_IRQHandler
 .text.DMA12_IRQHandler
                0x00002428        0x8 ./startup/startup_mk64f12.o
                0x00002428                DMA12_IRQHandler
 .text.DMA13_IRQHandler
                0x00002430        0x8 ./startup/startup_mk64f12.o
                0x00002430                DMA13_IRQHandler
 .text.DMA14_IRQHandler
                0x00002438        0x8 ./startup/startup_mk64f12.o
                0x00002438                DMA14_IRQHandler
 .text.DMA15_IRQHandler
                0x00002440        0x8 ./startup/startup_mk64f12.o
                0x00002440                DMA15_IRQHandler
 .text.DMA_Error_IRQHandler
                0x00002448        0x8 ./startup/startup_mk64f12.o
                0x00002448                DMA_Error_IRQHandler
 .text.MCM_IRQHandler
                0x00002450        0x8 ./startup/startup_mk64f12.o
                0x00002450                MCM_IRQHandler
 .text.FTFE_IRQHandler
                0x00002458        0x8 ./startup/startup_mk64f12.o
                0x00002458                FTFE_IRQHandler
 .text.Read_Collision_IRQHandler
                0x00002460        0x8 ./startup/startup_mk64f12.o
                0x00002460                Read_Collision_IRQHandler
 .text.LVD_LVW_IRQHandler
                0x00002468        0x8 ./startup/startup_mk64f12.o
                0x00002468                LVD_LVW_IRQHandler
 .text.LLWU_IRQHandler
                0x00002470        0x8 ./startup/startup_mk64f12.o
                0x00002470                LLWU_IRQHandler
 .text.WDOG_EWM_IRQHandler
                0x00002478        0x8 ./startup/startup_mk64f12.o
                0x00002478                WDOG_EWM_IRQHandler
 .text.RNG_IRQHandler
                0x00002480        0x8 ./startup/startup_mk64f12.o
                0x00002480                RNG_IRQHandler
 .text.I2C0_IRQHandler
                0x00002488        0x8 ./startup/startup_mk64f12.o
                0x00002488                I2C0_IRQHandler
 .text.I2C1_IRQHandler
                0x00002490        0x8 ./startup/startup_mk64f12.o
                0x00002490                I2C1_IRQHandler
 .text.SPI0_IRQHandler
                0x00002498        0x8 ./startup/startup_mk64f12.o
                0x00002498                SPI0_IRQHandler
 .text.SPI1_IRQHandler
                0x000024a0        0x8 ./startup/startup_mk64f12.o
                0x000024a0                SPI1_IRQHandler
 .text.I2S0_Tx_IRQHandler
                0x000024a8        0x8 ./startup/startup_mk64f12.o
                0x000024a8                I2S0_Tx_IRQHandler
 .text.I2S0_Rx_IRQHandler
                0x000024b0        0x8 ./startup/startup_mk64f12.o
                0x000024b0                I2S0_Rx_IRQHandler
 .text.UART0_LON_IRQHandler
                0x000024b8        0x8 ./startup/startup_mk64f12.o
                0x000024b8                UART0_LON_IRQHandler
 .text.UART0_RX_TX_IRQHandler
                0x000024c0        0x8 ./startup/startup_mk64f12.o
                0x000024c0                UART0_RX_TX_IRQHandler
 .text.UART0_ERR_IRQHandler
                0x000024c8        0x8 ./startup/startup_mk64f12.o
                0x000024c8                UART0_ERR_IRQHandler
 .text.UART1_RX_TX_IRQHandler
                0x000024d0        0x8 ./startup/startup_mk64f12.o
                0x000024d0                UART1_RX_TX_IRQHandler
 .text.UART1_ERR_IRQHandler
                0x000024d8        0x8 ./startup/startup_mk64f12.o
                0x000024d8                UART1_ERR_IRQHandler
 .text.UART2_RX_TX_IRQHandler
                0x000024e0        0x8 ./startup/startup_mk64f12.o
                0x000024e0                UART2_RX_TX_IRQHandler
 .text.UART2_ERR_IRQHandler
                0x000024e8        0x8 ./startup/startup_mk64f12.o
                0x000024e8                UART2_ERR_IRQHandler
 .text.UART3_RX_TX_IRQHandler
                0x000024f0        0x8 ./startup/startup_mk64f12.o
                0x000024f0                UART3_RX_TX_IRQHandler
 .text.UART3_ERR_IRQHandler
                0x000024f8        0x8 ./startup/startup_mk64f12.o
                0x000024f8                UART3_ERR_IRQHandler
 .text.ADC0_IRQHandler
                0x00002500        0x8 ./startup/startup_mk64f12.o
                0x00002500                ADC0_IRQHandler
 .text.CMP0_IRQHandler
                0x00002508        0x8 ./startup/startup_mk64f12.o
                0x00002508                CMP0_IRQHandler
 .text.CMP1_IRQHandler
                0x00002510        0x8 ./startup/startup_mk64f12.o
                0x00002510                CMP1_IRQHandler
 .text.FTM0_IRQHandler
                0x00002518        0x8 ./startup/startup_mk64f12.o
                0x00002518                FTM0_IRQHandler
 .text.FTM1_IRQHandler
                0x00002520        0x8 ./startup/startup_mk64f12.o
                0x00002520                FTM1_IRQHandler
 .text.FTM2_IRQHandler
                0x00002528        0x8 ./startup/startup_mk64f12.o
                0x00002528                FTM2_IRQHandler
 .text.CMT_IRQHandler
                0x00002530        0x8 ./startup/startup_mk64f12.o
                0x00002530                CMT_IRQHandler
 .text.RTC_IRQHandler
                0x00002538        0x8 ./startup/startup_mk64f12.o
                0x00002538                RTC_IRQHandler
 .text.RTC_Seconds_IRQHandler
                0x00002540        0x8 ./startup/startup_mk64f12.o
                0x00002540                RTC_Seconds_IRQHandler
 .text.PIT0_IRQHandler
                0x00002548        0x8 ./startup/startup_mk64f12.o
                0x00002548                PIT0_IRQHandler
 .text.PIT1_IRQHandler
                0x00002550        0x8 ./startup/startup_mk64f12.o
                0x00002550                PIT1_IRQHandler
 .text.PIT2_IRQHandler
                0x00002558        0x8 ./startup/startup_mk64f12.o
                0x00002558                PIT2_IRQHandler
 .text.PIT3_IRQHandler
                0x00002560        0x8 ./startup/startup_mk64f12.o
                0x00002560                PIT3_IRQHandler
 .text.PDB0_IRQHandler
                0x00002568        0x8 ./startup/startup_mk64f12.o
                0x00002568                PDB0_IRQHandler
 .text.USB0_IRQHandler
                0x00002570        0x8 ./startup/startup_mk64f12.o
                0x00002570                USB0_IRQHandler
 .text.USBDCD_IRQHandler
                0x00002578        0x8 ./startup/startup_mk64f12.o
                0x00002578                USBDCD_IRQHandler
 .text.Reserved71_IRQHandler
                0x00002580        0x8 ./startup/startup_mk64f12.o
                0x00002580                Reserved71_IRQHandler
 .text.DAC0_IRQHandler
                0x00002588        0x8 ./startup/startup_mk64f12.o
                0x00002588                DAC0_IRQHandler
 .text.MCG_IRQHandler
                0x00002590        0x8 ./startup/startup_mk64f12.o
                0x00002590                MCG_IRQHandler
 .text.PORTA_IRQHandler
                0x00002598        0x8 ./startup/startup_mk64f12.o
                0x00002598                PORTA_IRQHandler
 .text.PORTB_IRQHandler
                0x000025a0        0x8 ./startup/startup_mk64f12.o
                0x000025a0                PORTB_IRQHandler
 .text.PORTC_IRQHandler
                0x000025a8        0x8 ./startup/startup_mk64f12.o
                0x000025a8                PORTC_IRQHandler
 .text.PORTD_IRQHandler
                0x000025b0        0x8 ./startup/startup_mk64f12.o
                0x000025b0                PORTD_IRQHandler
 .text.PORTE_IRQHandler
                0x000025b8        0x8 ./startup/startup_mk64f12.o
                0x000025b8                PORTE_IRQHandler
 .text.SWI_IRQHandler
                0x000025c0        0x8 ./startup/startup_mk64f12.o
                0x000025c0                SWI_IRQHandler
 .text.SPI2_IRQHandler
                0x000025c8        0x8 ./startup/startup_mk64f12.o
                0x000025c8                SPI2_IRQHandler
 .text.UART4_RX_TX_IRQHandler
                0x000025d0        0x8 ./startup/startup_mk64f12.o
                0x000025d0                UART4_RX_TX_IRQHandler
 .text.UART4_ERR_IRQHandler
                0x000025d8        0x8 ./startup/startup_mk64f12.o
                0x000025d8                UART4_ERR_IRQHandler
 .text.UART5_RX_TX_IRQHandler
                0x000025e0        0x8 ./startup/startup_mk64f12.o
                0x000025e0                UART5_RX_TX_IRQHandler
 .text.UART5_ERR_IRQHandler
                0x000025e8        0x8 ./startup/startup_mk64f12.o
                0x000025e8                UART5_ERR_IRQHandler
 .text.CMP2_IRQHandler
                0x000025f0        0x8 ./startup/startup_mk64f12.o
                0x000025f0                CMP2_IRQHandler
 .text.FTM3_IRQHandler
                0x000025f8        0x8 ./startup/startup_mk64f12.o
                0x000025f8                FTM3_IRQHandler
 .text.DAC1_IRQHandler
                0x00002600        0x8 ./startup/startup_mk64f12.o
                0x00002600                DAC1_IRQHandler
 .text.ADC1_IRQHandler
                0x00002608        0x8 ./startup/startup_mk64f12.o
                0x00002608                ADC1_IRQHandler
 .text.I2C2_IRQHandler
                0x00002610        0x8 ./startup/startup_mk64f12.o
                0x00002610                I2C2_IRQHandler
 .text.CAN0_ORed_Message_buffer_IRQHandler
                0x00002618        0x8 ./startup/startup_mk64f12.o
                0x00002618                CAN0_ORed_Message_buffer_IRQHandler
 .text.CAN0_Bus_Off_IRQHandler
                0x00002620        0x8 ./startup/startup_mk64f12.o
                0x00002620                CAN0_Bus_Off_IRQHandler
 .text.CAN0_Error_IRQHandler
                0x00002628        0x8 ./startup/startup_mk64f12.o
                0x00002628                CAN0_Error_IRQHandler
 .text.CAN0_Tx_Warning_IRQHandler
                0x00002630        0x8 ./startup/startup_mk64f12.o
                0x00002630                CAN0_Tx_Warning_IRQHandler
 .text.CAN0_Rx_Warning_IRQHandler
                0x00002638        0x8 ./startup/startup_mk64f12.o
                0x00002638                CAN0_Rx_Warning_IRQHandler
 .text.CAN0_Wake_Up_IRQHandler
                0x00002640        0x8 ./startup/startup_mk64f12.o
                0x00002640                CAN0_Wake_Up_IRQHandler
 .text.SDHC_IRQHandler
                0x00002648        0x8 ./startup/startup_mk64f12.o
                0x00002648                SDHC_IRQHandler
 .text.ENET_1588_Timer_IRQHandler
                0x00002650        0x8 ./startup/startup_mk64f12.o
                0x00002650                ENET_1588_Timer_IRQHandler
 .text.ENET_Transmit_IRQHandler
                0x00002658        0x8 ./startup/startup_mk64f12.o
                0x00002658                ENET_Transmit_IRQHandler
 .text.ENET_Receive_IRQHandler
                0x00002660        0x8 ./startup/startup_mk64f12.o
                0x00002660                ENET_Receive_IRQHandler
 .text.ENET_Error_IRQHandler
                0x00002668        0x8 ./startup/startup_mk64f12.o
                0x00002668                ENET_Error_IRQHandler
 .text.CLOCK_EnableClock
                0x00002670       0x34 ./source/main.o
 .text.GPIO_PortToggle
                0x000026a4       0x1c ./source/main.o
 .text.LEDThread
                0x000026c0       0x48 ./source/main.o
 .text.OSC_SetExtRefClkConfig
                0x00002708       0x34 ./drivers/fsl_clock.o
 .text.OSC_SetCapLoad
                0x0000273c       0x34 ./drivers/fsl_clock.o
 .text.GPIO_PinWrite
                0x00002770       0x3a ./drivers/fsl_gpio.o
 .text.SystemInitHook
                0x000027aa        0xe ./device/system_MK64F12.o
                0x000027aa                SystemInitHook
 .text.BOARD_InitBootClocks
                0x000027b8        0xc ./board/clock_config.o
                0x000027b8                BOARD_InitBootClocks
 .text.CLOCK_EnableClock
                0x000027c4       0x34 ./board/pin_mux.o
 .text.PORT_SetPinMux
                0x000027f8       0x3a ./board/pin_mux.o
 .text.OS_SemaphoreSignal
                0x00002832       0x54 C:\Users\User\git\Lab5\Library\libOS.a(OS.o)
                0x00002832                OS_SemaphoreSignal
 .text.OS_Start
                0x00002886       0x10 C:\Users\User\git\Lab5\Library\libOS.a(OS.o)
                0x00002886                OS_Start
 .text.FindFirstSet
                0x00002896       0x42 C:\Users\User\git\Lab5\Library\libOS.a(OS.o)
 .text.TCBInit  0x000028d8       0xcc C:\Users\User\git\Lab5\Library\libOS.a(OS.o)
 .text.SysTick_Handler
                0x000029a4       0x14 C:\Users\User\git\Lab5\Library\libOS.a(OS.o)
                0x000029a4                SysTick_Handler
 .text.__sfputc_r
                0x000029b8       0x2e c:/nxp/mcuxpressoide_11.1.1_3241/ide/plugins/com.nxp.mcuxpresso.tools.win32_11.1.0.202001081728/tools/bin/../lib/gcc/arm-none-eabi/8.3.1/../../../../arm-none-eabi/lib/thumb/v7e-m+fp/hard\libc_nano.a(lib_a-nano-vfprintf.o)
 .text.__sfputs_r
                0x000029e6       0x24 c:/nxp/mcuxpressoide_11.1.1_3241/ide/plugins/com.nxp.mcuxpresso.tools.win32_11.1.0.202001081728/tools/bin/../lib/gcc/arm-none-eabi/8.3.1/../../../../arm-none-eabi/lib/thumb/v7e-m+fp/hard\libc_nano.a(lib_a-nano-vfprintf.o)
                0x000029e6                __sfputs_r
 .text._printf_common
                0x00002a0a       0xea c:/nxp/mcuxpressoide_11.1.1_3241/ide/plugins/com.nxp.mcuxpresso.tools.win32_11.1.0.202001081728/tools/bin/../lib/gcc/arm-none-eabi/8.3.1/../../../../arm-none-eabi/lib/thumb/v7e-m+fp/hard\libc_nano.a(lib_a-nano-vfprintf_i.o)
                0x00002a0a                _printf_common
 .text.abort    0x00002af4        0xe c:/nxp/mcuxpressoide_11.1.1_3241/ide/plugins/com.nxp.mcuxpresso.tools.win32_11.1.0.202001081728/tools/bin/../lib/gcc/arm-none-eabi/8.3.1/../../../../arm-none-eabi/lib/thumb/v7e-m+fp/hard\libc_nano.a(lib_a-abort.o)
                0x00002af4                abort
 .text.__sfmoreglue
                0x00002b02       0x2c c:/nxp/mcuxpressoide_11.1.1_3241/ide/plugins/com.nxp.mcuxpresso.tools.win32_11.1.0.202001081728/tools/bin/../lib/gcc/arm-none-eabi/8.3.1/../../../../arm-none-eabi/lib/thumb/v7e-m+fp/hard\libc_nano.a(lib_a-findfp.o)
                0x00002b02                __sfmoreglue
 .text._fwalk_reent
                0x00002b2e       0x3c c:/nxp/mcuxpressoide_11.1.1_3241/ide/plugins/com.nxp.mcuxpresso.tools.win32_11.1.0.202001081728/tools/bin/../lib/gcc/arm-none-eabi/8.3.1/../../../../arm-none-eabi/lib/thumb/v7e-m+fp/hard\libc_nano.a(lib_a-fwalk.o)
                0x00002b2e                _fwalk_reent
 .text.__retarget_lock_init_recursive
                0x00002b6a        0x2 c:/nxp/mcuxpressoide_11.1.1_3241/ide/plugins/com.nxp.mcuxpresso.tools.win32_11.1.0.202001081728/tools/bin/../lib/gcc/arm-none-eabi/8.3.1/../../../../arm-none-eabi/lib/thumb/v7e-m+fp/hard\libc_nano.a(lib_a-lock.o)
                0x00002b6a                __retarget_lock_init_recursive
 .text.__retarget_lock_acquire_recursive
                0x00002b6c        0x2 c:/nxp/mcuxpressoide_11.1.1_3241/ide/plugins/com.nxp.mcuxpresso.tools.win32_11.1.0.202001081728/tools/bin/../lib/gcc/arm-none-eabi/8.3.1/../../../../arm-none-eabi/lib/thumb/v7e-m+fp/hard\libc_nano.a(lib_a-lock.o)
                0x00002b6c                __retarget_lock_acquire_recursive
 .text.__retarget_lock_release_recursive
                0x00002b6e        0x2 c:/nxp/mcuxpressoide_11.1.1_3241/ide/plugins/com.nxp.mcuxpresso.tools.win32_11.1.0.202001081728/tools/bin/../lib/gcc/arm-none-eabi/8.3.1/../../../../arm-none-eabi/lib/thumb/v7e-m+fp/hard\libc_nano.a(lib_a-lock.o)
                0x00002b6e                __retarget_lock_release_recursive
 .text.__swhatbuf_r
                0x00002b70       0x48 c:/nxp/mcuxpressoide_11.1.1_3241/ide/plugins/com.nxp.mcuxpresso.tools.win32_11.1.0.202001081728/tools/bin/../lib/gcc/arm-none-eabi/8.3.1/../../../../arm-none-eabi/lib/thumb/v7e-m+fp/hard\libc_nano.a(lib_a-makebuf.o)
                0x00002b70                __swhatbuf_r
 .text.memset   0x00002bb8       0x10 c:/nxp/mcuxpressoide_11.1.1_3241/ide/plugins/com.nxp.mcuxpresso.tools.win32_11.1.0.202001081728/tools/bin/../lib/gcc/arm-none-eabi/8.3.1/../../../../arm-none-eabi/lib/thumb/v7e-m+fp/hard\libc_nano.a(lib_a-memset.o)
                0x00002bb8                memset
 .text._raise_r
                0x00002bc8       0x50 c:/nxp/mcuxpressoide_11.1.1_3241/ide/plugins/com.nxp.mcuxpresso.tools.win32_11.1.0.202001081728/tools/bin/../lib/gcc/arm-none-eabi/8.3.1/../../../../arm-none-eabi/lib/thumb/v7e-m+fp/hard\libc_nano.a(lib_a-signal.o)
                0x00002bc8                _raise_r
 .text._getpid_r
                0x00002c18        0x4 c:/nxp/mcuxpressoide_11.1.1_3241/ide/plugins/com.nxp.mcuxpresso.tools.win32_11.1.0.202001081728/tools/bin/../lib/gcc/arm-none-eabi/8.3.1/../../../../arm-none-eabi/lib/thumb/v7e-m+fp/hard\libc_nano.a(lib_a-signalr.o)
                0x00002c18                _getpid_r
 .text.__sread  0x00002c1c       0x22 c:/nxp/mcuxpressoide_11.1.1_3241/ide/plugins/com.nxp.mcuxpresso.tools.win32_11.1.0.202001081728/tools/bin/../lib/gcc/arm-none-eabi/8.3.1/../../../../arm-none-eabi/lib/thumb/v7e-m+fp/hard\libc_nano.a(lib_a-stdio.o)
                0x00002c1c                __sread
 .text.__swrite
                0x00002c3e       0x38 c:/nxp/mcuxpressoide_11.1.1_3241/ide/plugins/com.nxp.mcuxpresso.tools.win32_11.1.0.202001081728/tools/bin/../lib/gcc/arm-none-eabi/8.3.1/../../../../arm-none-eabi/lib/thumb/v7e-m+fp/hard\libc_nano.a(lib_a-stdio.o)
                0x00002c3e                __swrite
 .text.__sseek  0x00002c76       0x24 c:/nxp/mcuxpressoide_11.1.1_3241/ide/plugins/com.nxp.mcuxpresso.tools.win32_11.1.0.202001081728/tools/bin/../lib/gcc/arm-none-eabi/8.3.1/../../../../arm-none-eabi/lib/thumb/v7e-m+fp/hard\libc_nano.a(lib_a-stdio.o)
                0x00002c76                __sseek
 .text.__sclose
                0x00002c9a        0x8 c:/nxp/mcuxpressoide_11.1.1_3241/ide/plugins/com.nxp.mcuxpresso.tools.win32_11.1.0.202001081728/tools/bin/../lib/gcc/arm-none-eabi/8.3.1/../../../../arm-none-eabi/lib/thumb/v7e-m+fp/hard\libc_nano.a(lib_a-stdio.o)
                0x00002c9a                __sclose
 .text._exit    0x00002ca2        0x2 c:/nxp/mcuxpressoide_11.1.1_3241/ide/plugins/com.nxp.mcuxpresso.tools.win32_11.1.0.202001081728/tools/bin/../lib/gcc/arm-none-eabi/8.3.1/../../../../arm-none-eabi/lib/thumb/v7e-m+fp/hard\libcr_newlib_nohost.a(_exit.o)
                0x00002ca2                _exit
 *(SORT_BY_ALIGNMENT(.rodata) SORT_BY_ALIGNMENT(.rodata.*) SORT_BY_ALIGNMENT(.constdata) SORT_BY_ALIGNMENT(.constdata.*))
 .rodata.PORT_SetPinConfig.str1.4
                0x00002ca4       0x2a ./source/main.o
                                 0x32 (size before relaxing)
 *fill*         0x00002cce        0x2 ff
 .rodata.LED_THREAD_PRIORITIES
                0x00002cd0        0x3 ./source/main.o
                0x00002cd0                LED_THREAD_PRIORITIES
 *fill*         0x00002cd3        0x1 ff
 .rodata.LED_GPIO_PIN_CONFIG
                0x00002cd4        0x2 ./source/main.o
                0x00002cd4                LED_GPIO_PIN_CONFIG
 *fill*         0x00002cd6        0x2 ff
 .rodata.LED_PORT_PIN_CONFIG
                0x00002cd8        0x2 ./source/main.o
                0x00002cd8                LED_PORT_PIN_CONFIG
 *fill*         0x00002cda        0x2 ff
 .rodata.__func__.8340
                0x00002cdc       0x12 ./source/main.o
 *fill*         0x00002cee        0x2 ff
 .rodata.CLOCK_GetMcgExtClkFreq.str1.4
                0x00002cf0       0x37 ./drivers/fsl_clock.o
 .rodata.CLOCK_EnablePll0.str1.4
                0x00002d27        0x7 ./drivers/fsl_clock.o
 *fill*         0x00002d27        0x1 ff
 .rodata.__func__.8439
                0x00002d28       0x11 ./drivers/fsl_clock.o
 *fill*         0x00002d39        0x3 ff
 .rodata.__func__.8582
                0x00002d3c       0x11 ./drivers/fsl_clock.o
 *fill*         0x00002d4d        0x3 ff
 .rodata.__func__.8649
                0x00002d50       0x14 ./drivers/fsl_clock.o
 .rodata.GPIO_GetInstance.str1.4
                0x00002d64       0x30 ./drivers/fsl_gpio.o
 .rodata.GPIO_PinInit.str1.4
                0x00002d94       0x10 ./drivers/fsl_gpio.o
                                  0xf (size before relaxing)
 .rodata.__func__.8267
                0x00002da4        0xd ./drivers/fsl_gpio.o
 *fill*         0x00002db1        0x3 ff
 .rodata.mcgConfig_BOARD_BootClockRUN
                0x00002db4        0xb ./board/clock_config.o
                0x00002db4                mcgConfig_BOARD_BootClockRUN
 *fill*         0x00002dbf        0x1 ff
 .rodata.simConfig_BOARD_BootClockRUN
                0x00002dc0        0x8 ./board/clock_config.o
                0x00002dc0                simConfig_BOARD_BootClockRUN
 .rodata.oscConfig_BOARD_BootClockRUN
                0x00002dc8        0x8 ./board/clock_config.o
                0x00002dc8                oscConfig_BOARD_BootClockRUN
 .rodata._global_impure_ptr
                0x00002dd0        0x4 c:/nxp/mcuxpressoide_11.1.1_3241/ide/plugins/com.nxp.mcuxpresso.tools.win32_11.1.0.202001081728/tools/bin/../lib/gcc/arm-none-eabi/8.3.1/../../../../arm-none-eabi/lib/thumb/v7e-m+fp/hard\libc_nano.a(lib_a-impure.o)
                0x00002dd0                _global_impure_ptr
 .rodata.__sf_fake_stderr
                0x00002dd4       0x20 c:/nxp/mcuxpressoide_11.1.1_3241/ide/plugins/com.nxp.mcuxpresso.tools.win32_11.1.0.202001081728/tools/bin/../lib/gcc/arm-none-eabi/8.3.1/../../../../arm-none-eabi/lib/thumb/v7e-m+fp/hard\libc_nano.a(lib_a-findfp.o)
                0x00002dd4                __sf_fake_stderr
 .rodata.__sf_fake_stdin
                0x00002df4       0x20 c:/nxp/mcuxpressoide_11.1.1_3241/ide/plugins/com.nxp.mcuxpresso.tools.win32_11.1.0.202001081728/tools/bin/../lib/gcc/arm-none-eabi/8.3.1/../../../../arm-none-eabi/lib/thumb/v7e-m+fp/hard\libc_nano.a(lib_a-findfp.o)
                0x00002df4                __sf_fake_stdin
 .rodata.__sf_fake_stdout
                0x00002e14       0x20 c:/nxp/mcuxpressoide_11.1.1_3241/ide/plugins/com.nxp.mcuxpresso.tools.win32_11.1.0.202001081728/tools/bin/../lib/gcc/arm-none-eabi/8.3.1/../../../../arm-none-eabi/lib/thumb/v7e-m+fp/hard\libc_nano.a(lib_a-findfp.o)
                0x00002e14                __sf_fake_stdout
 .rodata.__assert_func.str1.1
                0x00002e34       0x3c c:/nxp/mcuxpressoide_11.1.1_3241/ide/plugins/com.nxp.mcuxpresso.tools.win32_11.1.0.202001081728/tools/bin/../lib/gcc/arm-none-eabi/8.3.1/../../../../arm-none-eabi/lib/thumb/v7e-m+fp/hard\libc_nano.a(lib_a-assert.o)
                                 0x3d (size before relaxing)
 .rodata._vfprintf_r.str1.1
                0x00002e70       0x11 c:/nxp/mcuxpressoide_11.1.1_3241/ide/plugins/com.nxp.mcuxpresso.tools.win32_11.1.0.202001081728/tools/bin/../lib/gcc/arm-none-eabi/8.3.1/../../../../arm-none-eabi/lib/thumb/v7e-m+fp/hard\libc_nano.a(lib_a-nano-vfprintf.o)
 .rodata._printf_i.str1.1
                0x00002e81       0x22 c:/nxp/mcuxpressoide_11.1.1_3241/ide/plugins/com.nxp.mcuxpresso.tools.win32_11.1.0.202001081728/tools/bin/../lib/gcc/arm-none-eabi/8.3.1/../../../../arm-none-eabi/lib/thumb/v7e-m+fp/hard\libc_nano.a(lib_a-nano-vfprintf_i.o)
                0x00002ea8                . = ALIGN (0x8)
 *fill*         0x00002ea3        0x5 ff

.glue_7         0x00002ea8        0x0
 .glue_7        0x00002ea8        0x0 linker stubs

.glue_7t        0x00002ea8        0x0
 .glue_7t       0x00002ea8        0x0 linker stubs

.vfp11_veneer   0x00002ea8        0x0
 .vfp11_veneer  0x00002ea8        0x0 linker stubs

.v4_bx          0x00002ea8        0x0
 .v4_bx         0x00002ea8        0x0 linker stubs

.iplt           0x00002ea8        0x0
 .iplt          0x00002ea8        0x0 ./startup/startup_mk64f12.o

.rel.dyn        0x00002ea8        0x0
 .rel.iplt      0x00002ea8        0x0 ./startup/startup_mk64f12.o

.ARM.extab
 *(SORT_BY_ALIGNMENT(.ARM.extab*) SORT_BY_ALIGNMENT(.gnu.linkonce.armextab.*))

.ARM.exidx      0x00002ea8        0x0
                0x00002ea8                __exidx_start = .
 *(SORT_BY_ALIGNMENT(.ARM.exidx*) SORT_BY_ALIGNMENT(.gnu.linkonce.armexidx.*))
                0x00002ea8                __exidx_end = .
                0x00002ea8                _etext = .

.m_usb_data
 *(SORT_BY_ALIGNMENT(m_usb_bdt))

.data_RAM2      0x1fff0000        0x0 load address 0x00002ea8
 FILL mask 0xff
                [!provide]                PROVIDE (__start_data_RAM2 = .)
                [!provide]                PROVIDE (__start_data_SRAM_LOWER = .)
 *(SORT_BY_ALIGNMENT(.ramfunc.$RAM2))
 *(SORT_BY_ALIGNMENT(.ramfunc.$SRAM_LOWER))
 *(SORT_BY_ALIGNMENT(.data.$RAM2))
 *(SORT_BY_ALIGNMENT(.data.$SRAM_LOWER))
 *(SORT_BY_ALIGNMENT(.data.$RAM2.*))
 *(SORT_BY_ALIGNMENT(.data.$SRAM_LOWER.*))
                0x1fff0000                . = ALIGN (0x8)
                [!provide]                PROVIDE (__end_data_RAM2 = .)
                [!provide]                PROVIDE (__end_data_SRAM_LOWER = .)

.data_RAM3      0x14000000        0x0 load address 0x00002ea8
 FILL mask 0xff
                [!provide]                PROVIDE (__start_data_RAM3 = .)
                [!provide]                PROVIDE (__start_data_FLEX_RAM = .)
 *(SORT_BY_ALIGNMENT(.ramfunc.$RAM3))
 *(SORT_BY_ALIGNMENT(.ramfunc.$FLEX_RAM))
 *(SORT_BY_ALIGNMENT(.data.$RAM3))
 *(SORT_BY_ALIGNMENT(.data.$FLEX_RAM))
 *(SORT_BY_ALIGNMENT(.data.$RAM3.*))
 *(SORT_BY_ALIGNMENT(.data.$FLEX_RAM.*))
                0x14000000                . = ALIGN (0x8)
                [!provide]                PROVIDE (__end_data_RAM3 = .)
                [!provide]                PROVIDE (__end_data_FLEX_RAM = .)

.uninit_RESERVED
                0x20000000        0x0
                0x20000000                _start_uninit_RESERVED = .
 *(SORT_BY_ALIGNMENT(.bss.$RESERVED*))
                0x20000000                . = ALIGN (0x8)
                0x20000000                _end_uninit_RESERVED = .

.data           0x20000000       0xb0 load address 0x00002ea8
 FILL mask 0xff
                0x20000000                _data = .
                [!provide]                PROVIDE (__start_data_RAM = .)
                [!provide]                PROVIDE (__start_data_SRAM_UPPER = .)
 *(SORT_BY_ALIGNMENT(vtable))
 *(SORT_BY_ALIGNMENT(.ramfunc*))
 *(SORT_BY_ALIGNMENT(CodeQuickAccess))
 *(SORT_BY_ALIGNMENT(DataQuickAccess))
 *(SORT_BY_ALIGNMENT(RamFunction))
 *(SORT_BY_ALIGNMENT(.data*))
 .data.MyLEDThreadData
                0x20000000       0x48 ./source/main.o
 .data.SystemCoreClock
                0x20000048        0x4 ./device/system_MK64F12.o
                0x20000048                SystemCoreClock
 .data._impure_ptr
                0x2000004c        0x4 c:/nxp/mcuxpressoide_11.1.1_3241/ide/plugins/com.nxp.mcuxpresso.tools.win32_11.1.0.202001081728/tools/bin/../lib/gcc/arm-none-eabi/8.3.1/../../../../arm-none-eabi/lib/thumb/v7e-m+fp/hard\libc_nano.a(lib_a-impure.o)
                0x2000004c                _impure_ptr
 .data.impure_data
                0x20000050       0x60 c:/nxp/mcuxpressoide_11.1.1_3241/ide/plugins/com.nxp.mcuxpresso.tools.win32_11.1.0.202001081728/tools/bin/../lib/gcc/arm-none-eabi/8.3.1/../../../../arm-none-eabi/lib/thumb/v7e-m+fp/hard\libc_nano.a(lib_a-impure.o)
                0x200000b0                . = ALIGN (0x8)
                0x200000b0                _edata = .
                [!provide]                PROVIDE (__end_data_RAM = .)
                [!provide]                PROVIDE (__end_data_SRAM_UPPER = .)

.igot.plt       0x200000b0        0x0 load address 0x00002f58
 .igot.plt      0x200000b0        0x0 ./startup/startup_mk64f12.o

.bss_RAM2       0x1fff0000        0x0
                [!provide]                PROVIDE (__start_bss_RAM2 = .)
                [!provide]                PROVIDE (__start_bss_SRAM_LOWER = .)
 *(SORT_BY_ALIGNMENT(.bss.$RAM2))
 *(SORT_BY_ALIGNMENT(.bss.$SRAM_LOWER))
 *(SORT_BY_ALIGNMENT(.bss.$RAM2.*))
 *(SORT_BY_ALIGNMENT(.bss.$SRAM_LOWER.*))
                0x1fff0000                . = ALIGN ((. != 0x0)?0x8:0x1)
                [!provide]                PROVIDE (__end_bss_RAM2 = .)
                [!provide]                PROVIDE (__end_bss_SRAM_LOWER = .)

.bss_RAM3       0x14000000        0x0
                [!provide]                PROVIDE (__start_bss_RAM3 = .)
                [!provide]                PROVIDE (__start_bss_FLEX_RAM = .)
 *(SORT_BY_ALIGNMENT(.bss.$RAM3))
 *(SORT_BY_ALIGNMENT(.bss.$FLEX_RAM))
 *(SORT_BY_ALIGNMENT(.bss.$RAM3.*))
 *(SORT_BY_ALIGNMENT(.bss.$FLEX_RAM.*))
                0x14000000                . = ALIGN ((. != 0x0)?0x8:0x1)
                [!provide]                PROVIDE (__end_bss_RAM3 = .)
                [!provide]                PROVIDE (__end_bss_FLEX_RAM = .)

.bss            0x200000b0      0xf18
                0x200000b0                _bss = .
                [!provide]                PROVIDE (__start_bss_RAM = .)
                [!provide]                PROVIDE (__start_bss_SRAM_UPPER = .)
 *(SORT_BY_ALIGNMENT(.bss*))
 .bss.InitModulesThreadStack
                0x200000b0      0x190 ./source/main.o
 .bss.MyLEDThreadStacks
                0x20000240      0x4b0 ./source/main.o
 .bss.IdleStack
                0x200006f0      0x400 C:\Users\User\git\Lab5\Library\libOS.a(OS.o)
 .bss.g_xtal0Freq
                0x20000af0        0x4 ./drivers/fsl_clock.o
                0x20000af0                g_xtal0Freq
 .bss.TCBUnusedMain
                0x20000af4       0x18 C:\Users\User\git\Lab5\Library\libOS.a(OS.o)
 .bss.TCBTable  0x20000b0c      0x300 C:\Users\User\git\Lab5\Library\libOS.a(OS.o)
 .bss.pTCBFreeList
                0x20000e0c        0x4 C:\Users\User\git\Lab5\Library\libOS.a(OS.o)
 .bss.pTCBAllocatedList
                0x20000e10        0x4 C:\Users\User\git\Lab5\Library\libOS.a(OS.o)
 .bss.pTCBPriorityTable
                0x20000e14       0x80 C:\Users\User\git\Lab5\Library\libOS.a(OS.o)
 .bss.pTCBRunning
                0x20000e94        0x4 C:\Users\User\git\Lab5\Library\libOS.a(OS.o)
 .bss.pTCBHighestReady
                0x20000e98        0x4 C:\Users\User\git\Lab5\Library\libOS.a(OS.o)
 .bss.ReadyList
                0x20000e9c        0x4 C:\Users\User\git\Lab5\Library\libOS.a(OS.o)
 .bss.ECBTable  0x20000ea0      0x100 C:\Users\User\git\Lab5\Library\libOS.a(OS.o)
 .bss.IdleCounter
                0x20000fa0        0x4 C:\Users\User\git\Lab5\Library\libOS.a(OS.o)
 .bss.Ticks     0x20000fa4        0x4 C:\Users\User\git\Lab5\Library\libOS.a(OS.o)
 .bss.__malloc_free_list
                0x20000fa8        0x4 c:/nxp/mcuxpressoide_11.1.1_3241/ide/plugins/com.nxp.mcuxpresso.tools.win32_11.1.0.202001081728/tools/bin/../lib/gcc/arm-none-eabi/8.3.1/../../../../arm-none-eabi/lib/thumb/v7e-m+fp/hard\libc_nano.a(lib_a-nano-mallocr.o)
                0x20000fa8                __malloc_free_list
 .bss.__malloc_sbrk_start
                0x20000fac        0x4 c:/nxp/mcuxpressoide_11.1.1_3241/ide/plugins/com.nxp.mcuxpresso.tools.win32_11.1.0.202001081728/tools/bin/../lib/gcc/arm-none-eabi/8.3.1/../../../../arm-none-eabi/lib/thumb/v7e-m+fp/hard\libc_nano.a(lib_a-nano-mallocr.o)
                0x20000fac                __malloc_sbrk_start
 .bss.__end_of_heap
                0x20000fb0        0x4 c:/nxp/mcuxpressoide_11.1.1_3241/ide/plugins/com.nxp.mcuxpresso.tools.win32_11.1.0.202001081728/tools/bin/../lib/gcc/arm-none-eabi/8.3.1/../../../../arm-none-eabi/lib/thumb/v7e-m+fp/hard\libcr_newlib_nohost.a(_cr_sbrk.o)
                0x20000fb0                __end_of_heap
 .bss.NextECBFree
                0x20000fb4        0x1 C:\Users\User\git\Lab5\Library\libOS.a(OS.o)
 .bss.ISRNestLevel
                0x20000fb5        0x1 C:\Users\User\git\Lab5\Library\libOS.a(OS.o)
 .bss.OSSR_reg  0x20000fb6        0x1 C:\Users\User\git\Lab5\Library\libOS.a(OS.o)
                0x20000fb6                OSSR_reg
 .bss.OSSR_lock
                0x20000fb7        0x1 C:\Users\User\git\Lab5\Library\libOS.a(OS.o)
                0x20000fb7                OSSR_lock
 *(SORT_BY_ALIGNMENT(COMMON))
 COMMON         0x20000fb8        0x4 c:/nxp/mcuxpressoide_11.1.1_3241/ide/plugins/com.nxp.mcuxpresso.tools.win32_11.1.0.202001081728/tools/bin/../lib/gcc/arm-none-eabi/8.3.1/../../../../arm-none-eabi/lib/thumb/v7e-m+fp/hard\libc_nano.a(lib_a-reent.o)
                0x20000fb8                errno
 COMMON         0x20000fbc        0x9 c:/nxp/mcuxpressoide_11.1.1_3241/ide/plugins/com.nxp.mcuxpresso.tools.win32_11.1.0.202001081728/tools/bin/../lib/gcc/arm-none-eabi/8.3.1/../../../../arm-none-eabi/lib/thumb/v7e-m+fp/hard\libc_nano.a(lib_a-lock.o)
                0x20000fbc                __lock___atexit_recursive_mutex
                0x20000fbd                __lock___arc4random_mutex
                0x20000fbe                __lock___env_recursive_mutex
                0x20000fbf                __lock___sinit_recursive_mutex
                0x20000fc0                __lock___malloc_recursive_mutex
                0x20000fc1                __lock___at_quick_exit_mutex
                0x20000fc2                __lock___dd_hash_mutex
                0x20000fc3                __lock___tz_mutex
                0x20000fc4                __lock___sfp_recursive_mutex
                0x20000fc8                . = ALIGN (0x8)
 *fill*         0x20000fc5        0x3 
                0x20000fc8                _ebss = .
                [!provide]                PROVIDE (__end_bss_RAM = .)
                [!provide]                PROVIDE (__end_bss_SRAM_UPPER = .)
                [!provide]                PROVIDE (end = .)

.noinit_RAM2    0x1fff0000        0x0
                [!provide]                PROVIDE (__start_noinit_RAM2 = .)
                [!provide]                PROVIDE (__start_noinit_SRAM_LOWER = .)
 *(SORT_BY_ALIGNMENT(.noinit.$RAM2))
 *(SORT_BY_ALIGNMENT(.noinit.$SRAM_LOWER))
 *(SORT_BY_ALIGNMENT(.noinit.$RAM2.*))
 *(SORT_BY_ALIGNMENT(.noinit.$SRAM_LOWER.*))
                0x1fff0000                . = ALIGN (0x8)
                [!provide]                PROVIDE (__end_noinit_RAM2 = .)
                [!provide]                PROVIDE (__end_noinit_SRAM_LOWER = .)

.noinit_RAM3    0x14000000        0x0
                [!provide]                PROVIDE (__start_noinit_RAM3 = .)
                [!provide]                PROVIDE (__start_noinit_FLEX_RAM = .)
 *(SORT_BY_ALIGNMENT(.noinit.$RAM3))
 *(SORT_BY_ALIGNMENT(.noinit.$FLEX_RAM))
 *(SORT_BY_ALIGNMENT(.noinit.$RAM3.*))
 *(SORT_BY_ALIGNMENT(.noinit.$FLEX_RAM.*))
                0x14000000                . = ALIGN (0x8)
                [!provide]                PROVIDE (__end_noinit_RAM3 = .)
                [!provide]                PROVIDE (__end_noinit_FLEX_RAM = .)

.noinit         0x20000fc8        0x0
                0x20000fc8                _noinit = .
                [!provide]                PROVIDE (__start_noinit_RAM = .)
                [!provide]                PROVIDE (__start_noinit_SRAM_UPPER = .)
 *(SORT_BY_ALIGNMENT(.noinit*))
                0x20000fc8                . = ALIGN (0x8)
                0x20000fc8                _end_noinit = .
                [!provide]                PROVIDE (__end_noinit_RAM = .)
                [!provide]                PROVIDE (__end_noinit_SRAM_UPPER = .)
                0x00001000                _HeapSize = 0x1000

.heap           0x20000fc8     0x1000
                0x20000fc8                _pvHeapStart = .
                0x20001fc8                . = (. + _HeapSize)
 *fill*         0x20000fc8     0x1000 
                0x20001fc8                . = ALIGN (0x8)
                0x20001fc8                _pvHeapLimit = .
                0x00001000                _StackSize = 0x1000

.heap2stackfill
                0x20001fc8     0x1000
                0x20002fc8                . = (. + _StackSize)
 *fill*         0x20001fc8     0x1000 

.stack          0x2002f000        0x0
                0x2002f000                _vStackBase = .
                0x2002f000                . = ALIGN (0x8)
                0x20030000                _vStackTop = (. + _StackSize)
                0x00000000                _image_start = LOADADDR (.text)
                0x00002f58                _image_end = (LOADADDR (.data) + SIZEOF (.data))
                0x00002f58                _image_size = (_image_end - _image_start)
OUTPUT(Project.axf elf32-littlearm)

.debug_info     0x00000000     0xff19
 .debug_info    0x00000000      0x92e ./startup/startup_mk64f12.o
 .debug_info    0x0000092e     0x1c93 ./source/main.o
 .debug_info    0x000025c1     0x2b25 ./drivers/fsl_clock.o
 .debug_info    0x000050e6      0xfa5 ./drivers/fsl_gpio.o
 .debug_info    0x0000608b      0x667 ./device/system_MK64F12.o
 .debug_info    0x000066f2     0x1464 ./board/clock_config.o
 .debug_info    0x00007b56      0xd8f ./board/pin_mux.o
 .debug_info    0x000088e5     0x1cbf C:\Users\User\git\Lab5\Library\libOS.a(OS.o)
 .debug_info    0x0000a5a4      0x9f8 c:/nxp/mcuxpressoide_11.1.1_3241/ide/plugins/com.nxp.mcuxpresso.tools.win32_11.1.0.202001081728/tools/bin/../lib/gcc/arm-none-eabi/8.3.1/../../../../arm-none-eabi/lib/thumb/v7e-m+fp/hard\libcr_newlib_nohost.a(_cr_sbrk.o)
 .debug_info    0x0000af9c       0xa3 c:/nxp/mcuxpressoide_11.1.1_3241/ide/plugins/com.nxp.mcuxpresso.tools.win32_11.1.0.202001081728/tools/bin/../lib/gcc/arm-none-eabi/8.3.1/../../../../arm-none-eabi/lib/thumb/v7e-m+fp/hard\libcr_newlib_nohost.a(_exit.o)
 .debug_info    0x0000b03f      0x979 c:/nxp/mcuxpressoide_11.1.1_3241/ide/plugins/com.nxp.mcuxpresso.tools.win32_11.1.0.202001081728/tools/bin/../lib/gcc/arm-none-eabi/8.3.1/../../../../arm-none-eabi/lib/thumb/v7e-m+fp/hard\libcr_newlib_nohost.a(close.o)
 .debug_info    0x0000b9b8      0xbbb c:/nxp/mcuxpressoide_11.1.1_3241/ide/plugins/com.nxp.mcuxpresso.tools.win32_11.1.0.202001081728/tools/bin/../lib/gcc/arm-none-eabi/8.3.1/../../../../arm-none-eabi/lib/thumb/v7e-m+fp/hard\libcr_newlib_nohost.a(fstat.o)
 .debug_info    0x0000c573      0x964 c:/nxp/mcuxpressoide_11.1.1_3241/ide/plugins/com.nxp.mcuxpresso.tools.win32_11.1.0.202001081728/tools/bin/../lib/gcc/arm-none-eabi/8.3.1/../../../../arm-none-eabi/lib/thumb/v7e-m+fp/hard\libcr_newlib_nohost.a(getpid.o)
 .debug_info    0x0000ced7      0x979 c:/nxp/mcuxpressoide_11.1.1_3241/ide/plugins/com.nxp.mcuxpresso.tools.win32_11.1.0.202001081728/tools/bin/../lib/gcc/arm-none-eabi/8.3.1/../../../../arm-none-eabi/lib/thumb/v7e-m+fp/hard\libcr_newlib_nohost.a(isatty.o)
 .debug_info    0x0000d850      0x987 c:/nxp/mcuxpressoide_11.1.1_3241/ide/plugins/com.nxp.mcuxpresso.tools.win32_11.1.0.202001081728/tools/bin/../lib/gcc/arm-none-eabi/8.3.1/../../../../arm-none-eabi/lib/thumb/v7e-m+fp/hard\libcr_newlib_nohost.a(kill.o)
 .debug_info    0x0000e1d7      0x99b c:/nxp/mcuxpressoide_11.1.1_3241/ide/plugins/com.nxp.mcuxpresso.tools.win32_11.1.0.202001081728/tools/bin/../lib/gcc/arm-none-eabi/8.3.1/../../../../arm-none-eabi/lib/thumb/v7e-m+fp/hard\libcr_newlib_nohost.a(lseek.o)
 .debug_info    0x0000eb72      0x99b c:/nxp/mcuxpressoide_11.1.1_3241/ide/plugins/com.nxp.mcuxpresso.tools.win32_11.1.0.202001081728/tools/bin/../lib/gcc/arm-none-eabi/8.3.1/../../../../arm-none-eabi/lib/thumb/v7e-m+fp/hard\libcr_newlib_nohost.a(read.o)
 .debug_info    0x0000f50d      0x99b c:/nxp/mcuxpressoide_11.1.1_3241/ide/plugins/com.nxp.mcuxpresso.tools.win32_11.1.0.202001081728/tools/bin/../lib/gcc/arm-none-eabi/8.3.1/../../../../arm-none-eabi/lib/thumb/v7e-m+fp/hard\libcr_newlib_nohost.a(write.o)
 .debug_info    0x0000fea8       0x71 c:/nxp/mcuxpressoide_11.1.1_3241/ide/plugins/com.nxp.mcuxpresso.tools.win32_11.1.0.202001081728/tools/bin/../lib/gcc/arm-none-eabi/8.3.1/../../../../arm-none-eabi/lib/thumb/v7e-m+fp/hard\libcr_newlib_nohost.a(_cr_check_heap.o)

.debug_abbrev   0x00000000     0x2ad0
 .debug_abbrev  0x00000000      0x17a ./startup/startup_mk64f12.o
 .debug_abbrev  0x0000017a      0x3fa ./source/main.o
 .debug_abbrev  0x00000574      0x455 ./drivers/fsl_clock.o
 .debug_abbrev  0x000009c9      0x29c ./drivers/fsl_gpio.o
 .debug_abbrev  0x00000c65      0x15b ./device/system_MK64F12.o
 .debug_abbrev  0x00000dc0      0x30a ./board/clock_config.o
 .debug_abbrev  0x000010ca      0x28b ./board/pin_mux.o
 .debug_abbrev  0x00001355      0x490 C:\Users\User\git\Lab5\Library\libOS.a(OS.o)
 .debug_abbrev  0x000017e5      0x24a c:/nxp/mcuxpressoide_11.1.1_3241/ide/plugins/com.nxp.mcuxpresso.tools.win32_11.1.0.202001081728/tools/bin/../lib/gcc/arm-none-eabi/8.3.1/../../../../arm-none-eabi/lib/thumb/v7e-m+fp/hard\libcr_newlib_nohost.a(_cr_sbrk.o)
 .debug_abbrev  0x00001a2f       0x67 c:/nxp/mcuxpressoide_11.1.1_3241/ide/plugins/com.nxp.mcuxpresso.tools.win32_11.1.0.202001081728/tools/bin/../lib/gcc/arm-none-eabi/8.3.1/../../../../arm-none-eabi/lib/thumb/v7e-m+fp/hard\libcr_newlib_nohost.a(_exit.o)
 .debug_abbrev  0x00001a96      0x1ea c:/nxp/mcuxpressoide_11.1.1_3241/ide/plugins/com.nxp.mcuxpresso.tools.win32_11.1.0.202001081728/tools/bin/../lib/gcc/arm-none-eabi/8.3.1/../../../../arm-none-eabi/lib/thumb/v7e-m+fp/hard\libcr_newlib_nohost.a(close.o)
 .debug_abbrev  0x00001c80      0x1fd c:/nxp/mcuxpressoide_11.1.1_3241/ide/plugins/com.nxp.mcuxpresso.tools.win32_11.1.0.202001081728/tools/bin/../lib/gcc/arm-none-eabi/8.3.1/../../../../arm-none-eabi/lib/thumb/v7e-m+fp/hard\libcr_newlib_nohost.a(fstat.o)
 .debug_abbrev  0x00001e7d      0x1d6 c:/nxp/mcuxpressoide_11.1.1_3241/ide/plugins/com.nxp.mcuxpresso.tools.win32_11.1.0.202001081728/tools/bin/../lib/gcc/arm-none-eabi/8.3.1/../../../../arm-none-eabi/lib/thumb/v7e-m+fp/hard\libcr_newlib_nohost.a(getpid.o)
 .debug_abbrev  0x00002053      0x1ea c:/nxp/mcuxpressoide_11.1.1_3241/ide/plugins/com.nxp.mcuxpresso.tools.win32_11.1.0.202001081728/tools/bin/../lib/gcc/arm-none-eabi/8.3.1/../../../../arm-none-eabi/lib/thumb/v7e-m+fp/hard\libcr_newlib_nohost.a(isatty.o)
 .debug_abbrev  0x0000223d      0x1fb c:/nxp/mcuxpressoide_11.1.1_3241/ide/plugins/com.nxp.mcuxpresso.tools.win32_11.1.0.202001081728/tools/bin/../lib/gcc/arm-none-eabi/8.3.1/../../../../arm-none-eabi/lib/thumb/v7e-m+fp/hard\libcr_newlib_nohost.a(kill.o)
 .debug_abbrev  0x00002438      0x20f c:/nxp/mcuxpressoide_11.1.1_3241/ide/plugins/com.nxp.mcuxpresso.tools.win32_11.1.0.202001081728/tools/bin/../lib/gcc/arm-none-eabi/8.3.1/../../../../arm-none-eabi/lib/thumb/v7e-m+fp/hard\libcr_newlib_nohost.a(lseek.o)
 .debug_abbrev  0x00002647      0x20f c:/nxp/mcuxpressoide_11.1.1_3241/ide/plugins/com.nxp.mcuxpresso.tools.win32_11.1.0.202001081728/tools/bin/../lib/gcc/arm-none-eabi/8.3.1/../../../../arm-none-eabi/lib/thumb/v7e-m+fp/hard\libcr_newlib_nohost.a(read.o)
 .debug_abbrev  0x00002856      0x20f c:/nxp/mcuxpressoide_11.1.1_3241/ide/plugins/com.nxp.mcuxpresso.tools.win32_11.1.0.202001081728/tools/bin/../lib/gcc/arm-none-eabi/8.3.1/../../../../arm-none-eabi/lib/thumb/v7e-m+fp/hard\libcr_newlib_nohost.a(write.o)
 .debug_abbrev  0x00002a65       0x6b c:/nxp/mcuxpressoide_11.1.1_3241/ide/plugins/com.nxp.mcuxpresso.tools.win32_11.1.0.202001081728/tools/bin/../lib/gcc/arm-none-eabi/8.3.1/../../../../arm-none-eabi/lib/thumb/v7e-m+fp/hard\libcr_newlib_nohost.a(_cr_check_heap.o)

.debug_aranges  0x00000000      0x8d0
 .debug_aranges
                0x00000000      0x330 ./startup/startup_mk64f12.o
 .debug_aranges
                0x00000330       0x70 ./source/main.o
 .debug_aranges
                0x000003a0      0x1f8 ./drivers/fsl_clock.o
 .debug_aranges
                0x00000598       0x40 ./drivers/fsl_gpio.o
 .debug_aranges
                0x000005d8       0x30 ./device/system_MK64F12.o
 .debug_aranges
                0x00000608       0x58 ./board/clock_config.o
 .debug_aranges
                0x00000660       0x38 ./board/pin_mux.o
 .debug_aranges
                0x00000698       0xd8 C:\Users\User\git\Lab5\Library\libOS.a(OS.o)
 .debug_aranges
                0x00000770       0x20 c:/nxp/mcuxpressoide_11.1.1_3241/ide/plugins/com.nxp.mcuxpresso.tools.win32_11.1.0.202001081728/tools/bin/../lib/gcc/arm-none-eabi/8.3.1/../../../../arm-none-eabi/lib/thumb/v7e-m+fp/hard\libcr_newlib_nohost.a(_cr_sbrk.o)
 .debug_aranges
                0x00000790       0x20 c:/nxp/mcuxpressoide_11.1.1_3241/ide/plugins/com.nxp.mcuxpresso.tools.win32_11.1.0.202001081728/tools/bin/../lib/gcc/arm-none-eabi/8.3.1/../../../../arm-none-eabi/lib/thumb/v7e-m+fp/hard\libcr_newlib_nohost.a(_exit.o)
 .debug_aranges
                0x000007b0       0x20 c:/nxp/mcuxpressoide_11.1.1_3241/ide/plugins/com.nxp.mcuxpresso.tools.win32_11.1.0.202001081728/tools/bin/../lib/gcc/arm-none-eabi/8.3.1/../../../../arm-none-eabi/lib/thumb/v7e-m+fp/hard\libcr_newlib_nohost.a(close.o)
 .debug_aranges
                0x000007d0       0x20 c:/nxp/mcuxpressoide_11.1.1_3241/ide/plugins/com.nxp.mcuxpresso.tools.win32_11.1.0.202001081728/tools/bin/../lib/gcc/arm-none-eabi/8.3.1/../../../../arm-none-eabi/lib/thumb/v7e-m+fp/hard\libcr_newlib_nohost.a(fstat.o)
 .debug_aranges
                0x000007f0       0x20 c:/nxp/mcuxpressoide_11.1.1_3241/ide/plugins/com.nxp.mcuxpresso.tools.win32_11.1.0.202001081728/tools/bin/../lib/gcc/arm-none-eabi/8.3.1/../../../../arm-none-eabi/lib/thumb/v7e-m+fp/hard\libcr_newlib_nohost.a(getpid.o)
 .debug_aranges
                0x00000810       0x20 c:/nxp/mcuxpressoide_11.1.1_3241/ide/plugins/com.nxp.mcuxpresso.tools.win32_11.1.0.202001081728/tools/bin/../lib/gcc/arm-none-eabi/8.3.1/../../../../arm-none-eabi/lib/thumb/v7e-m+fp/hard\libcr_newlib_nohost.a(isatty.o)
 .debug_aranges
                0x00000830       0x20 c:/nxp/mcuxpressoide_11.1.1_3241/ide/plugins/com.nxp.mcuxpresso.tools.win32_11.1.0.202001081728/tools/bin/../lib/gcc/arm-none-eabi/8.3.1/../../../../arm-none-eabi/lib/thumb/v7e-m+fp/hard\libcr_newlib_nohost.a(kill.o)
 .debug_aranges
                0x00000850       0x20 c:/nxp/mcuxpressoide_11.1.1_3241/ide/plugins/com.nxp.mcuxpresso.tools.win32_11.1.0.202001081728/tools/bin/../lib/gcc/arm-none-eabi/8.3.1/../../../../arm-none-eabi/lib/thumb/v7e-m+fp/hard\libcr_newlib_nohost.a(lseek.o)
 .debug_aranges
                0x00000870       0x20 c:/nxp/mcuxpressoide_11.1.1_3241/ide/plugins/com.nxp.mcuxpresso.tools.win32_11.1.0.202001081728/tools/bin/../lib/gcc/arm-none-eabi/8.3.1/../../../../arm-none-eabi/lib/thumb/v7e-m+fp/hard\libcr_newlib_nohost.a(read.o)
 .debug_aranges
                0x00000890       0x20 c:/nxp/mcuxpressoide_11.1.1_3241/ide/plugins/com.nxp.mcuxpresso.tools.win32_11.1.0.202001081728/tools/bin/../lib/gcc/arm-none-eabi/8.3.1/../../../../arm-none-eabi/lib/thumb/v7e-m+fp/hard\libcr_newlib_nohost.a(write.o)
 .debug_aranges
                0x000008b0       0x20 c:/nxp/mcuxpressoide_11.1.1_3241/ide/plugins/com.nxp.mcuxpresso.tools.win32_11.1.0.202001081728/tools/bin/../lib/gcc/arm-none-eabi/8.3.1/../../../../arm-none-eabi/lib/thumb/v7e-m+fp/hard\libcr_newlib_nohost.a(_cr_check_heap.o)

.debug_ranges   0x00000000      0x7a0
 .debug_ranges  0x00000000      0x320 ./startup/startup_mk64f12.o
 .debug_ranges  0x00000320       0x60 ./source/main.o
 .debug_ranges  0x00000380      0x1e8 ./drivers/fsl_clock.o
 .debug_ranges  0x00000568       0x30 ./drivers/fsl_gpio.o
 .debug_ranges  0x00000598       0x20 ./device/system_MK64F12.o
 .debug_ranges  0x000005b8       0x48 ./board/clock_config.o
 .debug_ranges  0x00000600       0x28 ./board/pin_mux.o
 .debug_ranges  0x00000628       0xc8 C:\Users\User\git\Lab5\Library\libOS.a(OS.o)
 .debug_ranges  0x000006f0       0x10 c:/nxp/mcuxpressoide_11.1.1_3241/ide/plugins/com.nxp.mcuxpresso.tools.win32_11.1.0.202001081728/tools/bin/../lib/gcc/arm-none-eabi/8.3.1/../../../../arm-none-eabi/lib/thumb/v7e-m+fp/hard\libcr_newlib_nohost.a(_cr_sbrk.o)
 .debug_ranges  0x00000700       0x10 c:/nxp/mcuxpressoide_11.1.1_3241/ide/plugins/com.nxp.mcuxpresso.tools.win32_11.1.0.202001081728/tools/bin/../lib/gcc/arm-none-eabi/8.3.1/../../../../arm-none-eabi/lib/thumb/v7e-m+fp/hard\libcr_newlib_nohost.a(_exit.o)
 .debug_ranges  0x00000710       0x10 c:/nxp/mcuxpressoide_11.1.1_3241/ide/plugins/com.nxp.mcuxpresso.tools.win32_11.1.0.202001081728/tools/bin/../lib/gcc/arm-none-eabi/8.3.1/../../../../arm-none-eabi/lib/thumb/v7e-m+fp/hard\libcr_newlib_nohost.a(close.o)
 .debug_ranges  0x00000720       0x10 c:/nxp/mcuxpressoide_11.1.1_3241/ide/plugins/com.nxp.mcuxpresso.tools.win32_11.1.0.202001081728/tools/bin/../lib/gcc/arm-none-eabi/8.3.1/../../../../arm-none-eabi/lib/thumb/v7e-m+fp/hard\libcr_newlib_nohost.a(fstat.o)
 .debug_ranges  0x00000730       0x10 c:/nxp/mcuxpressoide_11.1.1_3241/ide/plugins/com.nxp.mcuxpresso.tools.win32_11.1.0.202001081728/tools/bin/../lib/gcc/arm-none-eabi/8.3.1/../../../../arm-none-eabi/lib/thumb/v7e-m+fp/hard\libcr_newlib_nohost.a(getpid.o)
 .debug_ranges  0x00000740       0x10 c:/nxp/mcuxpressoide_11.1.1_3241/ide/plugins/com.nxp.mcuxpresso.tools.win32_11.1.0.202001081728/tools/bin/../lib/gcc/arm-none-eabi/8.3.1/../../../../arm-none-eabi/lib/thumb/v7e-m+fp/hard\libcr_newlib_nohost.a(isatty.o)
 .debug_ranges  0x00000750       0x10 c:/nxp/mcuxpressoide_11.1.1_3241/ide/plugins/com.nxp.mcuxpresso.tools.win32_11.1.0.202001081728/tools/bin/../lib/gcc/arm-none-eabi/8.3.1/../../../../arm-none-eabi/lib/thumb/v7e-m+fp/hard\libcr_newlib_nohost.a(kill.o)
 .debug_ranges  0x00000760       0x10 c:/nxp/mcuxpressoide_11.1.1_3241/ide/plugins/com.nxp.mcuxpresso.tools.win32_11.1.0.202001081728/tools/bin/../lib/gcc/arm-none-eabi/8.3.1/../../../../arm-none-eabi/lib/thumb/v7e-m+fp/hard\libcr_newlib_nohost.a(lseek.o)
 .debug_ranges  0x00000770       0x10 c:/nxp/mcuxpressoide_11.1.1_3241/ide/plugins/com.nxp.mcuxpresso.tools.win32_11.1.0.202001081728/tools/bin/../lib/gcc/arm-none-eabi/8.3.1/../../../../arm-none-eabi/lib/thumb/v7e-m+fp/hard\libcr_newlib_nohost.a(read.o)
 .debug_ranges  0x00000780       0x10 c:/nxp/mcuxpressoide_11.1.1_3241/ide/plugins/com.nxp.mcuxpresso.tools.win32_11.1.0.202001081728/tools/bin/../lib/gcc/arm-none-eabi/8.3.1/../../../../arm-none-eabi/lib/thumb/v7e-m+fp/hard\libcr_newlib_nohost.a(write.o)
 .debug_ranges  0x00000790       0x10 c:/nxp/mcuxpressoide_11.1.1_3241/ide/plugins/com.nxp.mcuxpresso.tools.win32_11.1.0.202001081728/tools/bin/../lib/gcc/arm-none-eabi/8.3.1/../../../../arm-none-eabi/lib/thumb/v7e-m+fp/hard\libcr_newlib_nohost.a(_cr_check_heap.o)

.debug_macro    0x00000000    0x143ad
 .debug_macro   0x00000000       0x29 ./startup/startup_mk64f12.o
 .debug_macro   0x00000029      0xad2 ./startup/startup_mk64f12.o
 .debug_macro   0x00000afb      0x216 ./source/main.o
 .debug_macro   0x00000d11       0x22 ./source/main.o
 .debug_macro   0x00000d33       0x58 ./source/main.o
 .debug_macro   0x00000d8b       0x18 ./source/main.o
 .debug_macro   0x00000da3       0x94 ./source/main.o
 .debug_macro   0x00000e37       0x35 ./source/main.o
 .debug_macro   0x00000e6c       0x34 ./source/main.o
 .debug_macro   0x00000ea0       0x1c ./source/main.o
 .debug_macro   0x00000ebc       0x22 ./source/main.o
 .debug_macro   0x00000ede      0x34e ./source/main.o
 .debug_macro   0x0000122c      0x174 ./source/main.o
 .debug_macro   0x000013a0       0x16 ./source/main.o
 .debug_macro   0x000013b6       0x43 ./source/main.o
 .debug_macro   0x000013f9       0x57 ./source/main.o
 .debug_macro   0x00001450       0x34 ./source/main.o
 .debug_macro   0x00001484       0x10 ./source/main.o
 .debug_macro   0x00001494       0x58 ./source/main.o
 .debug_macro   0x000014ec      0x182 ./source/main.o
 .debug_macro   0x0000166e      0x339 ./source/main.o
 .debug_macro   0x000019a7       0x10 ./source/main.o
 .debug_macro   0x000019b7       0x35 ./source/main.o
 .debug_macro   0x000019ec       0x16 ./source/main.o
 .debug_macro   0x00001a02       0x16 ./source/main.o
 .debug_macro   0x00001a18       0x29 ./source/main.o
 .debug_macro   0x00001a41       0x10 ./source/main.o
 .debug_macro   0x00001a51       0x57 ./source/main.o
 .debug_macro   0x00001aa8       0x1c ./source/main.o
 .debug_macro   0x00001ac4       0x22 ./source/main.o
 .debug_macro   0x00001ae6       0xd2 ./source/main.o
 .debug_macro   0x00001bb8      0xeeb ./source/main.o
 .debug_macro   0x00002aa3       0x40 ./source/main.o
 .debug_macro   0x00002ae3     0xe977 ./source/main.o
 .debug_macro   0x0001145a     0x127f ./source/main.o
 .debug_macro   0x000126d9       0xd0 ./source/main.o
 .debug_macro   0x000127a9      0x174 ./source/main.o
 .debug_macro   0x0001291d       0x16 ./source/main.o
 .debug_macro   0x00012933       0x10 ./source/main.o
 .debug_macro   0x00012943       0x16 ./source/main.o
 .debug_macro   0x00012959       0x36 ./source/main.o
 .debug_macro   0x0001298f      0x295 ./drivers/fsl_clock.o
 .debug_macro   0x00012c24      0x1df ./drivers/fsl_gpio.o
 .debug_macro   0x00012e03       0x80 ./device/system_MK64F12.o
 .debug_macro   0x00012e83       0xd8 ./device/system_MK64F12.o
 .debug_macro   0x00012f5b      0x210 ./board/clock_config.o
 .debug_macro   0x0001316b      0x1e5 ./board/pin_mux.o
 .debug_macro   0x00013350      0x20c C:\Users\User\git\Lab5\Library\libOS.a(OS.o)
 .debug_macro   0x0001355c      0xad8 C:\Users\User\git\Lab5\Library\libOS.a(OS.o)
 .debug_macro   0x00014034       0x30 C:\Users\User\git\Lab5\Library\libOS.a(OS.o)
 .debug_macro   0x00014064       0x16 C:\Users\User\git\Lab5\Library\libOS.a(OS.o)
 .debug_macro   0x0001407a      0x333 C:\Users\User\git\Lab5\Library\libOS.a(OS.o)

.debug_line     0x00000000     0x56b2
 .debug_line    0x00000000      0x90e ./startup/startup_mk64f12.o
 .debug_line    0x0000090e      0x730 ./source/main.o
 .debug_line    0x0000103e     0x163f ./drivers/fsl_clock.o
 .debug_line    0x0000267d      0x56b ./drivers/fsl_gpio.o
 .debug_line    0x00002be8      0x331 ./device/system_MK64F12.o
 .debug_line    0x00002f19      0x5a3 ./board/clock_config.o
 .debug_line    0x000034bc      0x53e ./board/pin_mux.o
 .debug_line    0x000039fa      0xc06 C:\Users\User\git\Lab5\Library\libOS.a(OS.o)
 .debug_line    0x00004600      0x1e8 c:/nxp/mcuxpressoide_11.1.1_3241/ide/plugins/com.nxp.mcuxpresso.tools.win32_11.1.0.202001081728/tools/bin/../lib/gcc/arm-none-eabi/8.3.1/../../../../arm-none-eabi/lib/thumb/v7e-m+fp/hard\libcr_newlib_nohost.a(_cr_sbrk.o)
 .debug_line    0x000047e8       0x4e c:/nxp/mcuxpressoide_11.1.1_3241/ide/plugins/com.nxp.mcuxpresso.tools.win32_11.1.0.202001081728/tools/bin/../lib/gcc/arm-none-eabi/8.3.1/../../../../arm-none-eabi/lib/thumb/v7e-m+fp/hard\libcr_newlib_nohost.a(_exit.o)
 .debug_line    0x00004836      0x19a c:/nxp/mcuxpressoide_11.1.1_3241/ide/plugins/com.nxp.mcuxpresso.tools.win32_11.1.0.202001081728/tools/bin/../lib/gcc/arm-none-eabi/8.3.1/../../../../arm-none-eabi/lib/thumb/v7e-m+fp/hard\libcr_newlib_nohost.a(close.o)
 .debug_line    0x000049d0      0x2e3 c:/nxp/mcuxpressoide_11.1.1_3241/ide/plugins/com.nxp.mcuxpresso.tools.win32_11.1.0.202001081728/tools/bin/../lib/gcc/arm-none-eabi/8.3.1/../../../../arm-none-eabi/lib/thumb/v7e-m+fp/hard\libcr_newlib_nohost.a(fstat.o)
 .debug_line    0x00004cb3      0x19a c:/nxp/mcuxpressoide_11.1.1_3241/ide/plugins/com.nxp.mcuxpresso.tools.win32_11.1.0.202001081728/tools/bin/../lib/gcc/arm-none-eabi/8.3.1/../../../../arm-none-eabi/lib/thumb/v7e-m+fp/hard\libcr_newlib_nohost.a(getpid.o)
 .debug_line    0x00004e4d      0x19b c:/nxp/mcuxpressoide_11.1.1_3241/ide/plugins/com.nxp.mcuxpresso.tools.win32_11.1.0.202001081728/tools/bin/../lib/gcc/arm-none-eabi/8.3.1/../../../../arm-none-eabi/lib/thumb/v7e-m+fp/hard\libcr_newlib_nohost.a(isatty.o)
 .debug_line    0x00004fe8      0x199 c:/nxp/mcuxpressoide_11.1.1_3241/ide/plugins/com.nxp.mcuxpresso.tools.win32_11.1.0.202001081728/tools/bin/../lib/gcc/arm-none-eabi/8.3.1/../../../../arm-none-eabi/lib/thumb/v7e-m+fp/hard\libcr_newlib_nohost.a(kill.o)
 .debug_line    0x00005181      0x19b c:/nxp/mcuxpressoide_11.1.1_3241/ide/plugins/com.nxp.mcuxpresso.tools.win32_11.1.0.202001081728/tools/bin/../lib/gcc/arm-none-eabi/8.3.1/../../../../arm-none-eabi/lib/thumb/v7e-m+fp/hard\libcr_newlib_nohost.a(lseek.o)
 .debug_line    0x0000531c      0x19a c:/nxp/mcuxpressoide_11.1.1_3241/ide/plugins/com.nxp.mcuxpresso.tools.win32_11.1.0.202001081728/tools/bin/../lib/gcc/arm-none-eabi/8.3.1/../../../../arm-none-eabi/lib/thumb/v7e-m+fp/hard\libcr_newlib_nohost.a(read.o)
 .debug_line    0x000054b6      0x19b c:/nxp/mcuxpressoide_11.1.1_3241/ide/plugins/com.nxp.mcuxpresso.tools.win32_11.1.0.202001081728/tools/bin/../lib/gcc/arm-none-eabi/8.3.1/../../../../arm-none-eabi/lib/thumb/v7e-m+fp/hard\libcr_newlib_nohost.a(write.o)
 .debug_line    0x00005651       0x61 c:/nxp/mcuxpressoide_11.1.1_3241/ide/plugins/com.nxp.mcuxpresso.tools.win32_11.1.0.202001081728/tools/bin/../lib/gcc/arm-none-eabi/8.3.1/../../../../arm-none-eabi/lib/thumb/v7e-m+fp/hard\libcr_newlib_nohost.a(_cr_check_heap.o)

.debug_str      0x00000000    0x7ffc2
 .debug_str     0x00000000     0x3693 ./startup/startup_mk64f12.o
                               0x36f3 (size before relaxing)
 .debug_str     0x00003693    0x7a185 ./source/main.o
                              0x7d311 (size before relaxing)
 .debug_str     0x0007d818     0x1905 ./drivers/fsl_clock.o
                              0x7dd77 (size before relaxing)
 .debug_str     0x0007f11d       0xd3 ./drivers/fsl_gpio.o
                              0x7c071 (size before relaxing)
 .debug_str     0x0007f1f0      0x12c ./device/system_MK64F12.o
                              0x775a5 (size before relaxing)
 .debug_str     0x0007f31c      0x306 ./board/clock_config.o
                              0x7c6e7 (size before relaxing)
 .debug_str     0x0007f622       0x4f ./board/pin_mux.o
                              0x7bbf5 (size before relaxing)
 .debug_str     0x0007f671      0x568 C:\Users\User\git\Lab5\Library\libOS.a(OS.o)
                              0x7cefa (size before relaxing)
 .debug_str     0x0007fbd9      0x1f7 c:/nxp/mcuxpressoide_11.1.1_3241/ide/plugins/com.nxp.mcuxpresso.tools.win32_11.1.0.202001081728/tools/bin/../lib/gcc/arm-none-eabi/8.3.1/../../../../arm-none-eabi/lib/thumb/v7e-m+fp/hard\libcr_newlib_nohost.a(_cr_sbrk.o)
                                0x66f (size before relaxing)
 .debug_str     0x0007fdd0       0x15 c:/nxp/mcuxpressoide_11.1.1_3241/ide/plugins/com.nxp.mcuxpresso.tools.win32_11.1.0.202001081728/tools/bin/../lib/gcc/arm-none-eabi/8.3.1/../../../../arm-none-eabi/lib/thumb/v7e-m+fp/hard\libcr_newlib_nohost.a(_exit.o)
                                0x20f (size before relaxing)
 .debug_str     0x0007fde5       0x16 c:/nxp/mcuxpressoide_11.1.1_3241/ide/plugins/com.nxp.mcuxpresso.tools.win32_11.1.0.202001081728/tools/bin/../lib/gcc/arm-none-eabi/8.3.1/../../../../arm-none-eabi/lib/thumb/v7e-m+fp/hard\libcr_newlib_nohost.a(close.o)
                                0x60e (size before relaxing)
 .debug_str     0x0007fdfb      0x12b c:/nxp/mcuxpressoide_11.1.1_3241/ide/plugins/com.nxp.mcuxpresso.tools.win32_11.1.0.202001081728/tools/bin/../lib/gcc/arm-none-eabi/8.3.1/../../../../arm-none-eabi/lib/thumb/v7e-m+fp/hard\libcr_newlib_nohost.a(fstat.o)
                                0x77f (size before relaxing)
 .debug_str     0x0007ff26       0x18 c:/nxp/mcuxpressoide_11.1.1_3241/ide/plugins/com.nxp.mcuxpresso.tools.win32_11.1.0.202001081728/tools/bin/../lib/gcc/arm-none-eabi/8.3.1/../../../../arm-none-eabi/lib/thumb/v7e-m+fp/hard\libcr_newlib_nohost.a(getpid.o)
                                0x610 (size before relaxing)
 .debug_str     0x0007ff3e       0x18 c:/nxp/mcuxpressoide_11.1.1_3241/ide/plugins/com.nxp.mcuxpresso.tools.win32_11.1.0.202001081728/tools/bin/../lib/gcc/arm-none-eabi/8.3.1/../../../../arm-none-eabi/lib/thumb/v7e-m+fp/hard\libcr_newlib_nohost.a(isatty.o)
                                0x615 (size before relaxing)
 .debug_str     0x0007ff56       0x14 c:/nxp/mcuxpressoide_11.1.1_3241/ide/plugins/com.nxp.mcuxpresso.tools.win32_11.1.0.202001081728/tools/bin/../lib/gcc/arm-none-eabi/8.3.1/../../../../arm-none-eabi/lib/thumb/v7e-m+fp/hard\libcr_newlib_nohost.a(kill.o)
                                0x60c (size before relaxing)
 .debug_str     0x0007ff6a       0x16 c:/nxp/mcuxpressoide_11.1.1_3241/ide/plugins/com.nxp.mcuxpresso.tools.win32_11.1.0.202001081728/tools/bin/../lib/gcc/arm-none-eabi/8.3.1/../../../../arm-none-eabi/lib/thumb/v7e-m+fp/hard\libcr_newlib_nohost.a(lseek.o)
                                0x613 (size before relaxing)
 .debug_str     0x0007ff80        0xe c:/nxp/mcuxpressoide_11.1.1_3241/ide/plugins/com.nxp.mcuxpresso.tools.win32_11.1.0.202001081728/tools/bin/../lib/gcc/arm-none-eabi/8.3.1/../../../../arm-none-eabi/lib/thumb/v7e-m+fp/hard\libcr_newlib_nohost.a(read.o)
                                0x60b (size before relaxing)
 .debug_str     0x0007ff8e        0xf c:/nxp/mcuxpressoide_11.1.1_3241/ide/plugins/com.nxp.mcuxpresso.tools.win32_11.1.0.202001081728/tools/bin/../lib/gcc/arm-none-eabi/8.3.1/../../../../arm-none-eabi/lib/thumb/v7e-m+fp/hard\libcr_newlib_nohost.a(write.o)
                                0x60c (size before relaxing)
 .debug_str     0x0007ff9d       0x25 c:/nxp/mcuxpressoide_11.1.1_3241/ide/plugins/com.nxp.mcuxpresso.tools.win32_11.1.0.202001081728/tools/bin/../lib/gcc/arm-none-eabi/8.3.1/../../../../arm-none-eabi/lib/thumb/v7e-m+fp/hard\libcr_newlib_nohost.a(_cr_check_heap.o)
                                0x1c7 (size before relaxing)

.comment        0x00000000       0x76
 .comment       0x00000000       0x76 ./startup/startup_mk64f12.o
                                 0x77 (size before relaxing)
 .comment       0x00000076       0x77 ./source/main.o
 .comment       0x00000076       0x77 ./drivers/fsl_clock.o
 .comment       0x00000076       0x77 ./drivers/fsl_gpio.o
 .comment       0x00000076       0x77 ./device/system_MK64F12.o
 .comment       0x00000076       0x77 ./board/clock_config.o
 .comment       0x00000076       0x77 ./board/pin_mux.o
 .comment       0x00000076       0x77 C:\Users\User\git\Lab5\Library\libOS.a(OS.o)
 .comment       0x00000076       0x77 c:/nxp/mcuxpressoide_11.1.1_3241/ide/plugins/com.nxp.mcuxpresso.tools.win32_11.1.0.202001081728/tools/bin/../lib/gcc/arm-none-eabi/8.3.1/../../../../arm-none-eabi/lib/thumb/v7e-m+fp/hard\libcr_newlib_nohost.a(_cr_sbrk.o)
 .comment       0x00000076       0x77 c:/nxp/mcuxpressoide_11.1.1_3241/ide/plugins/com.nxp.mcuxpresso.tools.win32_11.1.0.202001081728/tools/bin/../lib/gcc/arm-none-eabi/8.3.1/../../../../arm-none-eabi/lib/thumb/v7e-m+fp/hard\libcr_newlib_nohost.a(_exit.o)
 .comment       0x00000076       0x77 c:/nxp/mcuxpressoide_11.1.1_3241/ide/plugins/com.nxp.mcuxpresso.tools.win32_11.1.0.202001081728/tools/bin/../lib/gcc/arm-none-eabi/8.3.1/../../../../arm-none-eabi/lib/thumb/v7e-m+fp/hard\libcr_newlib_nohost.a(close.o)
 .comment       0x00000076       0x77 c:/nxp/mcuxpressoide_11.1.1_3241/ide/plugins/com.nxp.mcuxpresso.tools.win32_11.1.0.202001081728/tools/bin/../lib/gcc/arm-none-eabi/8.3.1/../../../../arm-none-eabi/lib/thumb/v7e-m+fp/hard\libcr_newlib_nohost.a(fstat.o)
 .comment       0x00000076       0x77 c:/nxp/mcuxpressoide_11.1.1_3241/ide/plugins/com.nxp.mcuxpresso.tools.win32_11.1.0.202001081728/tools/bin/../lib/gcc/arm-none-eabi/8.3.1/../../../../arm-none-eabi/lib/thumb/v7e-m+fp/hard\libcr_newlib_nohost.a(getpid.o)