Archive member included to satisfy reference by file (symbol)

C:\Users\User\git\Project\Library\libOS.a(OS.o)
                              ./source/main.o (OS_Init)
c:/nxp/mcuxpressoide_11.1.1_3241/ide/plugins/com.nxp.mcuxpresso.tools.win32_11.1.0.202001081728/tools/bin/../lib/gcc/arm-none-eabi/8.3.1/thumb/v7e-m+fp/hard\libgcc.a(_arm_addsubdf3.o)
                              ./Modules/PIT/PIT.o (__aeabi_ui2d)
c:/nxp/mcuxpressoide_11.1.1_3241/ide/plugins/com.nxp.mcuxpresso.tools.win32_11.1.0.202001081728/tools/bin/../lib/gcc/arm-none-eabi/8.3.1/thumb/v7e-m+fp/hard\libgcc.a(_arm_muldivdf3.o)
                              ./Modules/PIT/PIT.o (__aeabi_ddiv)
c:/nxp/mcuxpressoide_11.1.1_3241/ide/plugins/com.nxp.mcuxpresso.tools.win32_11.1.0.202001081728/tools/bin/../lib/gcc/arm-none-eabi/8.3.1/thumb/v7e-m+fp/hard\libgcc.a(_arm_fixunsdfsi.o)
                              ./Modules/PIT/PIT.o (__aeabi_d2uiz)
c:/nxp/mcuxpressoide_11.1.1_3241/ide/plugins/com.nxp.mcuxpresso.tools.win32_11.1.0.202001081728/tools/bin/../lib/gcc/arm-none-eabi/8.3.1/thumb/v7e-m+fp/hard\libgcc.a(_aeabi_uldivmod.o)
                              ./drivers/fsl_common.o (__aeabi_uldivmod)
c:/nxp/mcuxpressoide_11.1.1_3241/ide/plugins/com.nxp.mcuxpresso.tools.win32_11.1.0.202001081728/tools/bin/../lib/gcc/arm-none-eabi/8.3.1/thumb/v7e-m+fp/hard\libgcc.a(_udivmoddi4.o)
                              c:/nxp/mcuxpressoide_11.1.1_3241/ide/plugins/com.nxp.mcuxpresso.tools.win32_11.1.0.202001081728/tools/bin/../lib/gcc/arm-none-eabi/8.3.1/thumb/v7e-m+fp/hard\libgcc.a(_aeabi_uldivmod.o) (__udivmoddi4)
c:/nxp/mcuxpressoide_11.1.1_3241/ide/plugins/com.nxp.mcuxpresso.tools.win32_11.1.0.202001081728/tools/bin/../lib/gcc/arm-none-eabi/8.3.1/thumb/v7e-m+fp/hard\libgcc.a(_dvmd_tls.o)
                              c:/nxp/mcuxpressoide_11.1.1_3241/ide/plugins/com.nxp.mcuxpresso.tools.win32_11.1.0.202001081728/tools/bin/../lib/gcc/arm-none-eabi/8.3.1/thumb/v7e-m+fp/hard\libgcc.a(_aeabi_uldivmod.o) (__aeabi_ldiv0)
c:/nxp/mcuxpressoide_11.1.1_3241/ide/plugins/com.nxp.mcuxpresso.tools.win32_11.1.0.202001081728/tools/bin/../lib/gcc/arm-none-eabi/8.3.1/../../../../arm-none-eabi/lib/thumb/v7e-m+fp/hard\libc_nano.a(lib_a-assert.o)
                              ./drivers/fsl_clock.o (__assert_func)
c:/nxp/mcuxpressoide_11.1.1_3241/ide/plugins/com.nxp.mcuxpresso.tools.win32_11.1.0.202001081728/tools/bin/../lib/gcc/arm-none-eabi/8.3.1/../../../../arm-none-eabi/lib/thumb/v7e-m+fp/hard\libc_nano.a(lib_a-fprintf.o)
                              c:/nxp/mcuxpressoide_11.1.1_3241/ide/plugins/com.nxp.mcuxpresso.tools.win32_11.1.0.202001081728/tools/bin/../lib/gcc/arm-none-eabi/8.3.1/../../../../arm-none-eabi/lib/thumb/v7e-m+fp/hard\libc_nano.a(lib_a-assert.o) (fiprintf)
c:/nxp/mcuxpressoide_11.1.1_3241/ide/plugins/com.nxp.mcuxpresso.tools.win32_11.1.0.202001081728/tools/bin/../lib/gcc/arm-none-eabi/8.3.1/../../../../arm-none-eabi/lib/thumb/v7e-m+fp/hard\libc_nano.a(lib_a-impure.o)
                              c:/nxp/mcuxpressoide_11.1.1_3241/ide/plugins/com.nxp.mcuxpresso.tools.win32_11.1.0.202001081728/tools/bin/../lib/gcc/arm-none-eabi/8.3.1/../../../../arm-none-eabi/lib/thumb/v7e-m+fp/hard\libc_nano.a(lib_a-assert.o) (_impure_ptr)
c:/nxp/mcuxpressoide_11.1.1_3241/ide/plugins/com.nxp.mcuxpresso.tools.win32_11.1.0.202001081728/tools/bin/../lib/gcc/arm-none-eabi/8.3.1/../../../../arm-none-eabi/lib/thumb/v7e-m+fp/hard\libc_nano.a(lib_a-malloc.o)
                              ./drivers/fsl_common.o (malloc)
c:/nxp/mcuxpressoide_11.1.1_3241/ide/plugins/com.nxp.mcuxpresso.tools.win32_11.1.0.202001081728/tools/bin/../lib/gcc/arm-none-eabi/8.3.1/../../../../arm-none-eabi/lib/thumb/v7e-m+fp/hard\libc_nano.a(lib_a-nano-freer.o)
                              c:/nxp/mcuxpressoide_11.1.1_3241/ide/plugins/com.nxp.mcuxpresso.tools.win32_11.1.0.202001081728/tools/bin/../lib/gcc/arm-none-eabi/8.3.1/../../../../arm-none-eabi/lib/thumb/v7e-m+fp/hard\libc_nano.a(lib_a-malloc.o) (_free_r)
c:/nxp/mcuxpressoide_11.1.1_3241/ide/plugins/com.nxp.mcuxpresso.tools.win32_11.1.0.202001081728/tools/bin/../lib/gcc/arm-none-eabi/8.3.1/../../../../arm-none-eabi/lib/thumb/v7e-m+fp/hard\libc_nano.a(lib_a-nano-mallocr.o)
                              c:/nxp/mcuxpressoide_11.1.1_3241/ide/plugins/com.nxp.mcuxpresso.tools.win32_11.1.0.202001081728/tools/bin/../lib/gcc/arm-none-eabi/8.3.1/../../../../arm-none-eabi/lib/thumb/v7e-m+fp/hard\libc_nano.a(lib_a-malloc.o) (_malloc_r)
c:/nxp/mcuxpressoide_11.1.1_3241/ide/plugins/com.nxp.mcuxpresso.tools.win32_11.1.0.202001081728/tools/bin/../lib/gcc/arm-none-eabi/8.3.1/../../../../arm-none-eabi/lib/thumb/v7e-m+fp/hard\libc_nano.a(lib_a-nano-vfprintf.o)
                              c:/nxp/mcuxpressoide_11.1.1_3241/ide/plugins/com.nxp.mcuxpresso.tools.win32_11.1.0.202001081728/tools/bin/../lib/gcc/arm-none-eabi/8.3.1/../../../../arm-none-eabi/lib/thumb/v7e-m+fp/hard\libc_nano.a(lib_a-fprintf.o) (_vfprintf_r)
[...]
Memory Configuration

Name             Origin             Length             Attributes
PROGRAM_FLASH    0x00000000         0x00100000         xr
SRAM_UPPER       0x20000000         0x00030000         xrw
SRAM_LOWER       0x1fff0000         0x00010000         xrw
FLEX_RAM         0x14000000         0x00001000         xrw
*default*        0x00000000         0xffffffff

Linker script and memory map

LOAD ./startup/startup_mk64f12.o
LOAD ./source/main.o
LOAD ./drivers/fsl_clock.o
LOAD ./drivers/fsl_common.o
LOAD ./drivers/fsl_gpio.o
LOAD ./drivers/fsl_smc.o
LOAD ./device/system_MK64F12.o
LOAD ./board/clock_config.o
LOAD ./board/pin_mux.o
LOAD ./Modules/UART/UART.o
LOAD ./Modules/Packet/packet.o
LOAD ./Modules/PIT/PIT.o
LOAD ./Modules/Median/median.o
LOAD ./Modules/LEDs/LEDs.o
LOAD ./Modules/Flash/Flash.o
LOAD ./Modules/FTM/FTM.o
LOAD ./Modules/FIFO/FIFO.o
LOAD ./Modules/Critical/critical.o
LOAD C:\Users\User\git\Project\Library\libOS.a
START GROUP
LOAD c:/nxp/mcuxpressoide_11.1.1_3241/ide/plugins/com.nxp.mcuxpresso.tools.win32_11.1.0.202001081728/tools/bin/../lib/gcc/arm-none-eabi/8.3.1/thumb/v7e-m+fp/hard\libgcc.a
LOAD c:/nxp/mcuxpressoide_11.1.1_3241/ide/plugins/com.nxp.mcuxpresso.tools.win32_11.1.0.202001081728/tools/bin/../lib/gcc/arm-none-eabi/8.3.1/../../../../arm-none-eabi/lib/thumb/v7e-m+fp/hard\libc_nano.a
LOAD c:/nxp/mcuxpressoide_11.1.1_3241/ide/plugins/com.nxp.mcuxpresso.tools.win32_11.1.0.202001081728/tools/bin/../lib/gcc/arm-none-eabi/8.3.1/../../../../arm-none-eabi/lib/thumb/v7e-m+fp/hard\libm.a
LOAD c:/nxp/mcuxpressoide_11.1.1_3241/ide/plugins/com.nxp.mcuxpresso.tools.win32_11.1.0.202001081728/tools/bin/../lib/gcc/arm-none-eabi/8.3.1/../../../../arm-none-eabi/lib/thumb/v7e-m+fp/hard\libcr_newlib_nohost.a
END GROUP
                0x00000000                __base_PROGRAM_FLASH = 0x0
                0x00000000                __base_Flash = 0x0
                0x00100000                __top_PROGRAM_FLASH = 0x100000
                0x00100000                __top_Flash = 0x100000
                0x20000000                __base_SRAM_UPPER = 0x20000000
                0x20000000                __base_RAM = 0x20000000
                0x20030000                __top_SRAM_UPPER = 0x20030000
                0x20030000                __top_RAM = 0x20030000
                0x1fff0000                __base_SRAM_LOWER = 0x1fff0000
                0x1fff0000                __base_RAM2 = 0x1fff0000
                0x20000000                __top_SRAM_LOWER = 0x20000000
                0x20000000                __top_RAM2 = 0x20000000
                0x14000000                __base_FLEX_RAM = 0x14000000
                0x14000000                __base_RAM3 = 0x14000000
                0x14001000                __top_FLEX_RAM = 0x14001000
                0x14001000                __top_RAM3 = 0x14001000

.text           0x00000000     0x4f48
 FILL mask 0xff
                0x00000000                __vectors_start__ = ABSOLUTE (.)
 *(SORT_BY_ALIGNMENT(.isr_vector))
 .isr_vector    0x00000000      0x198 ./startup/startup_mk64f12.o
                0x00000000                g_pfnVectors
                0x00000000                __Vectors
                0x00000198                . = ALIGN (0x4)
                0x00000198                __section_table_start = .
                0x00000198                __data_section_table = .
                0x00000198        0x4 LONG 0x4f48 LOADADDR (.data)
                0x0000019c        0x4 LONG 0x20000000 ADDR (.data)
                0x000001a0        0x4 LONG 0x78 SIZEOF (.data)
                0x000001a4        0x4 LONG 0x4f48 LOADADDR (.data_RAM2)
                0x000001a8        0x4 LONG 0x1fff0000 ADDR (.data_RAM2)
                0x000001ac        0x4 LONG 0x0 SIZEOF (.data_RAM2)
                0x000001b0        0x4 LONG 0x4f48 LOADADDR (.data_RAM3)
                0x000001b4        0x4 LONG 0x14000000 ADDR (.data_RAM3)
                0x000001b8        0x4 LONG 0x0 SIZEOF (.data_RAM3)
                0x000001bc                __data_section_table_end = .
                0x000001bc                __bss_section_table = .
                0x000001bc        0x4 LONG 0x20000078 ADDR (.bss)
                0x000001c0        0x4 LONG 0x14d8 SIZEOF (.bss)
                0x000001c4        0x4 LONG 0x1fff0000 ADDR (.bss_RAM2)
                0x000001c8        0x4 LONG 0x0 SIZEOF (.bss_RAM2)
                0x000001cc        0x4 LONG 0x14000000 ADDR (.bss_RAM3)
                0x000001d0        0x4 LONG 0x0 SIZEOF (.bss_RAM3)
                0x000001d4                __bss_section_table_end = .
                0x000001d4                __section_table_end = .
 *(SORT_BY_ALIGNMENT(.after_vectors*))
 .after_vectors.reset
                0x000001d4       0x4c ./startup/startup_mk64f12.o
                0x000001d4                ResetISR
 .after_vectors.init_data
                0x00000220       0x1e ./startup/startup_mk64f12.o
                0x00000220                data_init
 .after_vectors.init_bss
                0x0000023e       0x12 ./startup/startup_mk64f12.o
                0x0000023e                bss_init
 .after_vectors
                0x00000250       0x14 ./startup/startup_mk64f12.o
                0x00000250                NMI_Handler
                0x00000252                HardFault_Handler
                0x00000254                MemManage_Handler
                0x00000256                BusFault_Handler
                0x00000258                UsageFault_Handler
                0x0000025a                SVC_Handler
                0x0000025c                DebugMon_Handler
                0x00000262                DMA_Error_DriverIRQHandler
                0x00000262                LPTMR0_DriverIRQHandler
                0x00000262                FTM1_DriverIRQHandler
                0x00000262                FTM2_DriverIRQHandler
                0x00000262                PIT2_DriverIRQHandler
                0x00000262                SDHC_DriverIRQHandler
                0x00000262                I2S0_Tx_DriverIRQHandler
                0x00000262                RTC_Seconds_DriverIRQHandler
                0x00000262                DMA6_DriverIRQHandler
                0x00000262                LLWU_DriverIRQHandler
                0x00000262                MCM_DriverIRQHandler
                0x00000262                MCG_DriverIRQHandler
                0x00000262                ENET_1588_Timer_DriverIRQHandler
                0x00000262                I2C2_DriverIRQHandler
                0x00000262                DAC1_DriverIRQHandler
                0x00000262                SPI1_DriverIRQHandler
                0x00000262                CMP1_DriverIRQHandler
                0x00000262                UART5_RX_TX_DriverIRQHandler
                0x00000262                FTM0_DriverIRQHandler
                0x00000262                IntDefaultHandler
                0x00000262                USB0_DriverIRQHandler
                0x00000262                UART5_ERR_DriverIRQHandler
                0x00000262                PORTC_DriverIRQHandler
                0x00000262                DMA11_DriverIRQHandler
                0x00000262                DAC0_DriverIRQHandler
                0x00000262                DMA10_DriverIRQHandler
                0x00000262                CMP2_DriverIRQHandler
                0x00000262                UART2_ERR_DriverIRQHandler
                0x00000262                SPI2_DriverIRQHandler
                0x00000262                LVD_LVW_DriverIRQHandler
                0x00000262                PIT0_DriverIRQHandler
                0x00000262                RNG_DriverIRQHandler
                0x00000262                DMA5_DriverIRQHandler
                0x00000262                DMA12_DriverIRQHandler
                0x00000262                UART2_RX_TX_DriverIRQHandler
                0x00000262                USBDCD_DriverIRQHandler
                0x00000262                UART3_ERR_DriverIRQHandler
                0x00000262                DMA3_DriverIRQHandler
                0x00000262                DMA8_DriverIRQHandler
                0x00000262                DMA9_DriverIRQHandler
                0x00000262                UART0_ERR_DriverIRQHandler
                0x00000262                CMT_DriverIRQHandler
                0x00000262                Reserved71_DriverIRQHandler
                0x00000262                ADC1_DriverIRQHandler
                0x00000262                PORTA_DriverIRQHandler
                0x00000262                DMA14_DriverIRQHandler
                0x00000262                PIT3_DriverIRQHandler
                0x00000262                PIT1_DriverIRQHandler
                0x00000262                WDOG_EWM_DriverIRQHandler
                0x00000262                PDB0_DriverIRQHandler
                0x00000262                RTC_DriverIRQHandler
                0x00000262                I2S0_Rx_DriverIRQHandler
                0x00000262                Read_Collision_DriverIRQHandler
                0x00000262                SWI_DriverIRQHandler
                0x00000262                UART4_RX_TX_DriverIRQHandler
                0x00000262                UART4_ERR_DriverIRQHandler
                0x00000262                PORTB_DriverIRQHandler
                0x00000262                UART0_LON_DriverIRQHandler
                0x00000262                DMA0_DriverIRQHandler
                0x00000262                DMA1_DriverIRQHandler
                0x00000262                I2C1_DriverIRQHandler
                0x00000262                UART3_RX_TX_DriverIRQHandler
                0x00000262                ENET_Receive_DriverIRQHandler
                0x00000262                DMA13_DriverIRQHandler
                0x00000262                ENET_Error_DriverIRQHandler
                0x00000262                DMA15_DriverIRQHandler
                0x00000262                UART0_RX_TX_DriverIRQHandler
                0x00000262                SPI0_DriverIRQHandler
                0x00000262                ADC0_DriverIRQHandler
                0x00000262                CMP0_DriverIRQHandler
                0x00000262                CAN0_DriverIRQHandler
                0x00000262                FTM3_DriverIRQHandler
                0x00000262                DMA4_DriverIRQHandler
                0x00000262                UART1_ERR_DriverIRQHandler
                0x00000262                DMA2_DriverIRQHandler
                0x00000262                ENET_Transmit_DriverIRQHandler
                0x00000262                PORTD_DriverIRQHandler
                0x00000262                PORTE_DriverIRQHandler
                0x00000262                FTFE_DriverIRQHandler
                0x00000262                I2C0_DriverIRQHandler
                0x00000262                DMA7_DriverIRQHandler
                0x00000262                UART1_RX_TX_DriverIRQHandler
                0x00000400                . = 0x400
 *fill*         0x00000264      0x19c ff
                0x00000400                PROVIDE (__FLASH_CONFIG_START__ = .)
 *(SORT_BY_ALIGNMENT(.FlashConfig))
 .FlashConfig   0x00000400       0x10 ./startup/startup_mk64f12.o
                0x00000400                Flash_Config
                0x00000410                PROVIDE (__FLASH_CONFIG_END__ = .)
                0x00000001                ASSERT (! ((__FLASH_CONFIG_START__ == __FLASH_CONFIG_END__)), Linker Flash Config Support Enabled, but no .FlashConfig section provided within application)
 *(SORT_BY_ALIGNMENT(.text*))
 .text.PendSV_Handler
                0x00000410       0x5c C:\Users\User\git\Project\Library\libOS.a(OS.o)
                0x00000410                PendSV_Handler
 *fill*         0x0000046c        0x4 ff
 .text          0x00000470       0xa0 c:/nxp/mcuxpressoide_11.1.1_3241/ide/plugins/com.nxp.mcuxpresso.tools.win32_11.1.0.202001081728/tools/bin/../lib/gcc/arm-none-eabi/8.3.1/../../../../arm-none-eabi/lib/thumb/v7e-m+fp/hard\libc_nano.a(lib_a-memchr.o)
                0x00000470                memchr
 .text.PIT_Set  0x00000510       0x78 ./Modules/PIT/PIT.o
                0x00000510                PIT_Set
 .text.UARTTimerCallbackThread
                0x00000588       0x24 ./source/main.o
                0x00000588                UARTTimerCallbackThread
 .text.PITCallbackThread
                0x000005ac       0x24 ./source/main.o
                0x000005ac                PITCallbackThread
 .text.HandlePacketMCUNumber
                0x000005d0       0x54 ./source/main.o
                0x000005d0                HandlePacketMCUNumber
 .text.HandlePacketMCUMode
                0x00000624       0x58 ./source/main.o
                0x00000624                HandlePacketMCUMode
 .text.HandlePacketFlash
                0x0000067c       0x38 ./source/main.o
                0x0000067c                HandlePacketFlash
 .text.HandlePacketFlashProgram
                0x000006b4       0x38 ./source/main.o
                0x000006b4                HandlePacketFlashProgram
 .text.HandlePacketSpecial
                0x000006ec       0x34 ./source/main.o
                0x000006ec                HandlePacketSpecial
 .text.SendStartupPackets
                0x00000720       0x18 ./source/main.o
                0x00000720                SendStartupPackets
 .text.HandlePackets
                0x00000738       0xdc ./source/main.o
                0x00000738                HandlePackets
 .text.FreedomInit
                0x00000814       0xcc ./source/main.o
 .text.InitModulesThread
                0x000008e0       0x90 ./source/main.o
 .text.main     0x00000970       0x84 ./source/main.o
                0x00000970                main
 .text.CLOCK_SetEr32kClock
                0x000009f4       0x30 ./drivers/fsl_clock.o
 .text.CLOCK_SetPllFllSelClock
                0x00000a24       0x3c ./drivers/fsl_clock.o
 .text.CLOCK_GetMcgExtClkFreq
                0x00000a60       0x8c ./drivers/fsl_clock.o
 .text.CLOCK_GetFllExtRefClkFreq
                0x00000aec       0xc4 ./drivers/fsl_clock.o
 .text.CLOCK_GetInternalRefClkSelectFreq
                0x00000bb0       0x4c ./drivers/fsl_clock.o
 .text.CLOCK_GetFllRefClkFreq
                0x00000bfc       0x34 ./drivers/fsl_clock.o
 .text.CLOCK_GetOscRangeFromFreq
                0x00000c30       0x3c ./drivers/fsl_clock.o
 .text.CLOCK_GetOsc0ErClkFreq
                0x00000c6c       0x54 ./drivers/fsl_clock.o
                0x00000c6c                CLOCK_GetOsc0ErClkFreq
 .text.CLOCK_GetEr32kClkFreq
                0x00000cc0       0x80 ./drivers/fsl_clock.o
                0x00000cc0                CLOCK_GetEr32kClkFreq
 .text.CLOCK_GetPllFllSelClkFreq
                0x00000d40       0x54 ./drivers/fsl_clock.o
                0x00000d40                CLOCK_GetPllFllSelClkFreq
 .text.CLOCK_GetFreq
                0x00000d94      0x148 ./drivers/fsl_clock.o
                0x00000d94                CLOCK_GetFreq
 .text.CLOCK_SetSimConfig
                0x00000edc       0x38 ./drivers/fsl_clock.o
                0x00000edc                CLOCK_SetSimConfig
 .text.CLOCK_GetOutClkFreq
                0x00000f14       0x64 ./drivers/fsl_clock.o
                0x00000f14                CLOCK_GetOutClkFreq
 .text.CLOCK_GetFllFreq
                0x00000f78       0x84 ./drivers/fsl_clock.o
                0x00000f78                CLOCK_GetFllFreq
 .text.CLOCK_GetInternalRefClkFreq
                0x00000ffc       0x30 ./drivers/fsl_clock.o
                0x00000ffc                CLOCK_GetInternalRefClkFreq
 .text.CLOCK_GetPll0Freq
                0x0000102c       0x88 ./drivers/fsl_clock.o
                0x0000102c                CLOCK_GetPll0Freq
 .text.CLOCK_SetExternalRefClkConfig
                0x000010b4       0x6c ./drivers/fsl_clock.o
                0x000010b4                CLOCK_SetExternalRefClkConfig
 .text.CLOCK_SetInternalRefClkConfig
                0x00001120      0x104 ./drivers/fsl_clock.o
                0x00001120                CLOCK_SetInternalRefClkConfig
 .text.CLOCK_EnablePll0
                0x00001224       0x94 ./drivers/fsl_clock.o
                0x00001224                CLOCK_EnablePll0
 .text.CLOCK_InitOsc0
                0x000012b8       0x8c ./drivers/fsl_clock.o
                0x000012b8                CLOCK_InitOsc0
 .text.CLOCK_SetPbeMode
                0x00001344       0xb8 ./drivers/fsl_clock.o
                0x00001344                CLOCK_SetPbeMode
 .text.CLOCK_BootToPeeMode
                0x000013fc       0x74 ./drivers/fsl_clock.o
                0x000013fc                CLOCK_BootToPeeMode
 .text.GPIO_PinInit
                0x00001470       0x74 ./drivers/fsl_gpio.o
                0x00001470                GPIO_PinInit
 .text.SystemInit
                0x000014e4       0x3c ./device/system_MK64F12.o
                0x000014e4                SystemInit
 .text.CLOCK_SetSimSafeDivs
                0x00001520       0x20 ./board/clock_config.o
 .text.CLOCK_SetXtal0Freq
                0x00001540       0x20 ./board/clock_config.o
 .text.CLOCK_CONFIG_SetFllExtRefDiv
                0x00001560       0x3c ./board/clock_config.o
 .text.BOARD_BootClockRUN
                0x0000159c       0x60 ./board/clock_config.o
                0x0000159c                BOARD_BootClockRUN
 .text.BOARD_InitPins
                0x000015fc       0x30 ./board/pin_mux.o
                0x000015fc                BOARD_InitPins
 .text.__NVIC_EnableIRQ
                0x0000162c       0x3c ./Modules/UART/UART.o
 .text.__NVIC_ClearPendingIRQ
                0x00001668       0x3c ./Modules/UART/UART.o
 .text.PORT_SetPinConfig
                0x000016a4       0x44 ./Modules/UART/UART.o
 .text.ReceiveThread
                0x000016e8       0x40 ./Modules/UART/UART.o
 .text.TransmitThread
                0x00001728       0x44 ./Modules/UART/UART.o
                0x00001728                TransmitThread
 .text.UART_Init
                0x0000176c      0x198 ./Modules/UART/UART.o
                0x0000176c                UART_Init
 .text.UART_InChar
                0x00001904       0x1c ./Modules/UART/UART.o
                0x00001904                UART_InChar
 .text.UART_OutChar
                0x00001920       0x20 ./Modules/UART/UART.o
                0x00001920                UART_OutChar
 .text.UART0_RX_TX_IRQHandler
                0x00001940       0x84 ./Modules/UART/UART.o
                0x00001940                UART0_RX_TX_IRQHandler
 .text.Byte_Checksum
                0x000019c4       0x48 ./Modules/Packet/packet.o
                0x000019c4                Byte_Checksum
 .text.Packet_Init
                0x00001a0c       0x30 ./Modules/Packet/packet.o
                0x00001a0c                Packet_Init
 .text.Packet_Get
                0x00001a3c       0xe4 ./Modules/Packet/packet.o
                0x00001a3c                Packet_Get
 .text.Packet_Put
                0x00001b20       0x74 ./Modules/Packet/packet.o
                0x00001b20                Packet_Put
 .text.__NVIC_EnableIRQ
                0x00001b94       0x3c ./Modules/PIT/PIT.o
 .text.__NVIC_ClearPendingIRQ
                0x00001bd0       0x3c ./Modules/PIT/PIT.o
 .text.PIT_Init
                0x00001c0c       0x58 ./Modules/PIT/PIT.o
                0x00001c0c                PIT_Init
 .text.PIT_Enable
                0x00001c64       0x44 ./Modules/PIT/PIT.o
                0x00001c64                PIT_Enable
 .text.PIT0_IRQHandler
                0x00001ca8       0x34 ./Modules/PIT/PIT.o
                0x00001ca8                PIT0_IRQHandler
 .text.PORT_SetPinConfig
                0x00001cdc       0x44 ./Modules/LEDs/LEDs.o
 .text.LEDs_Init
                0x00001d20       0xac ./Modules/LEDs/LEDs.o
                0x00001d20                LEDs_Init
 .text.LEDs_On  0x00001dcc       0x28 ./Modules/LEDs/LEDs.o
                0x00001dcc                LEDs_On
 .text.LEDs_Off
                0x00001df4       0x28 ./Modules/LEDs/LEDs.o
                0x00001df4                LEDs_Off
 .text.LEDs_Toggle
                0x00001e1c       0x28 ./Modules/LEDs/LEDs.o
                0x00001e1c                LEDs_Toggle
 .text.LaunchCommand
                0x00001e44       0xc4 ./Modules/Flash/Flash.o
 .text.Flash_AllocateVar
                0x00001f08       0x90 ./Modules/Flash/Flash.o
                0x00001f08                Flash_AllocateVar
 .text.Flash_Write32
                0x00001f98       0x74 ./Modules/Flash/Flash.o
                0x00001f98                Flash_Write32
 .text.__NVIC_EnableIRQ
                0x0000200c       0x3c ./Modules/FTM/FTM.o
 .text.__NVIC_ClearPendingIRQ
                0x00002048       0x3c ./Modules/FTM/FTM.o
 .text.FTM_Init
                0x00002084       0x64 ./Modules/FTM/FTM.o
                0x00002084                FTM_Init
 .text.FTM_Set  0x000020e8      0x1c4 ./Modules/FTM/FTM.o
                0x000020e8                FTM_Set
 .text.FTM_StartTimer
                0x000022ac       0x7c ./Modules/FTM/FTM.o
                0x000022ac                FTM_StartTimer
 .text.FTM0_IRQHandler
                0x00002328       0xb0 ./Modules/FTM/FTM.o
                0x00002328                FTM0_IRQHandler
 .text.__NVIC_SetPriority
                0x000023d8       0x54 C:\Users\User\git\Project\Library\libOS.a(OS.o)
 .text.SysTick_Config
                0x0000242c       0x44 C:\Users\User\git\Project\Library\libOS.a(OS.o)
 .text.OS_Init  0x00002470       0xc0 C:\Users\User\git\Project\Library\libOS.a(OS.o)
                0x00002470                OS_Init
 .text.OS_ISREnter
                0x00002530       0x2c C:\Users\User\git\Project\Library\libOS.a(OS.o)
                0x00002530                OS_ISREnter
 .text.OS_ISRExit
                0x0000255c       0x20 C:\Users\User\git\Project\Library\libOS.a(OS.o)
                0x0000255c                OS_ISRExit
 .text.OS_SemaphoreCreate
                0x0000257c       0x90 C:\Users\User\git\Project\Library\libOS.a(OS.o)
                0x0000257c                OS_SemaphoreCreate
 .text.OS_SemaphoreWait
                0x0000260c       0x70 C:\Users\User\git\Project\Library\libOS.a(OS.o)
                0x0000260c                OS_SemaphoreWait
 .text.OS_ThreadCreate
                0x0000267c      0x160 C:\Users\User\git\Project\Library\libOS.a(OS.o)
                0x0000267c                OS_ThreadCreate
 .text.OS_ThreadDelete
                0x000027dc      0x18c C:\Users\User\git\Project\Library\libOS.a(OS.o)
                0x000027dc                OS_ThreadDelete
 .text.EventThreadReady
                0x00002968       0x6c C:\Users\User\git\Project\Library\libOS.a(OS.o)
 .text.EventThreadWait
                0x000029d4       0x68 C:\Users\User\git\Project\Library\libOS.a(OS.o)
 .text.EventTimeout
                0x00002a3c       0x40 C:\Users\User\git\Project\Library\libOS.a(OS.o)
 .text.Idle     0x00002a7c       0x18 C:\Users\User\git\Project\Library\libOS.a(OS.o)
 .text.Schedule
                0x00002a94       0x70 C:\Users\User\git\Project\Library\libOS.a(OS.o)
 .text.TimeTick
                0x00002b04       0x84 C:\Users\User\git\Project\Library\libOS.a(OS.o)
 .text          0x00002b88      0x378 c:/nxp/mcuxpressoide_11.1.1_3241/ide/plugins/com.nxp.mcuxpresso.tools.win32_11.1.0.202001081728/tools/bin/../lib/gcc/arm-none-eabi/8.3.1/thumb/v7e-m+fp/hard\libgcc.a(_arm_addsubdf3.o)
                0x00002b88                __aeabi_drsub
                0x00002b90                __aeabi_dsub
                0x00002b90                __subdf3
                0x00002b94                __aeabi_dadd
                0x00002b94                __adddf3
                0x00002e0c                __floatunsidf
                0x00002e0c                __aeabi_ui2d
                0x00002e2c                __floatsidf
                0x00002e2c                __aeabi_i2d
                0x00002e50                __aeabi_f2d
                0x00002e50                __extendsfdf2
                0x00002e94                __floatundidf
                0x00002e94                __aeabi_ul2d
                0x00002ea4                __floatdidf
                0x00002ea4                __aeabi_l2d
 .text          0x00002f00      0x424 c:/nxp/mcuxpressoide_11.1.1_3241/ide/plugins/com.nxp.mcuxpresso.tools.win32_11.1.0.202001081728/tools/bin/../lib/gcc/arm-none-eabi/8.3.1/thumb/v7e-m+fp/hard\libgcc.a(_arm_muldivdf3.o)
                0x00002f00                __aeabi_dmul
                0x00002f00                __muldf3
                0x00003154                __divdf3
                0x00003154                __aeabi_ddiv
 .text          0x00003324       0x40 c:/nxp/mcuxpressoide_11.1.1_3241/ide/plugins/com.nxp.mcuxpresso.tools.win32_11.1.0.202001081728/tools/bin/../lib/gcc/arm-none-eabi/8.3.1/thumb/v7e-m+fp/hard\libgcc.a(_arm_fixunsdfsi.o)
                0x00003324                __aeabi_d2uiz
                0x00003324                __fixunsdfsi
 .text.__assert_func
                0x00003364       0x3c c:/nxp/mcuxpressoide_11.1.1_3241/ide/plugins/com.nxp.mcuxpresso.tools.win32_11.1.0.202001081728/tools/bin/../lib/gcc/arm-none-eabi/8.3.1/../../../../arm-none-eabi/lib/thumb/v7e-m+fp/hard\libc_nano.a(lib_a-assert.o)
                0x00003364                __assert_func
 .text.fprintf  0x000033a0       0x24 c:/nxp/mcuxpressoide_11.1.1_3241/ide/plugins/com.nxp.mcuxpresso.tools.win32_11.1.0.202001081728/tools/bin/../lib/gcc/arm-none-eabi/8.3.1/../../../../arm-none-eabi/lib/thumb/v7e-m+fp/hard\libc_nano.a(lib_a-fprintf.o)
                0x000033a0                fiprintf
                0x000033a0                fprintf
 .text._free_r  0x000033c4       0x9c c:/nxp/mcuxpressoide_11.1.1_3241/ide/plugins/com.nxp.mcuxpresso.tools.win32_11.1.0.202001081728/tools/bin/../lib/gcc/arm-none-eabi/8.3.1/../../../../arm-none-eabi/lib/thumb/v7e-m+fp/hard\libc_nano.a(lib_a-nano-freer.o)
                0x000033c4                _free_r
 .text._malloc_r
                0x00003460       0xb4 c:/nxp/mcuxpressoide_11.1.1_3241/ide/plugins/com.nxp.mcuxpresso.tools.win32_11.1.0.202001081728/tools/bin/../lib/gcc/arm-none-eabi/8.3.1/../../../../arm-none-eabi/lib/thumb/v7e-m+fp/hard\libc_nano.a(lib_a-nano-mallocr.o)
                0x00003460                _malloc_r
 .text._vfprintf_r
                0x00003514      0x250 c:/nxp/mcuxpressoide_11.1.1_3241/ide/plugins/com.nxp.mcuxpresso.tools.win32_11.1.0.202001081728/tools/bin/../lib/gcc/arm-none-eabi/8.3.1/../../../../arm-none-eabi/lib/thumb/v7e-m+fp/hard\libc_nano.a(lib_a-nano-vfprintf.o)
                0x00003514                _vfprintf_r
                0x00003514                _vfiprintf_r
 .text._printf_i
                0x00003764      0x228 c:/nxp/mcuxpressoide_11.1.1_3241/ide/plugins/com.nxp.mcuxpresso.tools.win32_11.1.0.202001081728/tools/bin/../lib/gcc/arm-none-eabi/8.3.1/../../../../arm-none-eabi/lib/thumb/v7e-m+fp/hard\libc_nano.a(lib_a-nano-vfprintf_i.o)
                0x00003764                _printf_i
 .text._sbrk_r  0x0000398c       0x20 c:/nxp/mcuxpressoide_11.1.1_3241/ide/plugins/com.nxp.mcuxpresso.tools.win32_11.1.0.202001081728/tools/bin/../lib/gcc/arm-none-eabi/8.3.1/../../../../arm-none-eabi/lib/thumb/v7e-m+fp/hard\libc_nano.a(lib_a-sbrkr.o)
                0x0000398c                _sbrk_r
 .text.__swbuf_r
                0x000039ac       0xa4 c:/nxp/mcuxpressoide_11.1.1_3241/ide/plugins/com.nxp.mcuxpresso.tools.win32_11.1.0.202001081728/tools/bin/../lib/gcc/arm-none-eabi/8.3.1/../../../../arm-none-eabi/lib/thumb/v7e-m+fp/hard\libc_nano.a(lib_a-wbuf.o)
                0x000039ac                __swbuf_r
 .text.__swsetup_r
                0x00003a50       0xdc c:/nxp/mcuxpressoide_11.1.1_3241/ide/plugins/com.nxp.mcuxpresso.tools.win32_11.1.0.202001081728/tools/bin/../lib/gcc/arm-none-eabi/8.3.1/../../../../arm-none-eabi/lib/thumb/v7e-m+fp/hard\libc_nano.a(lib_a-wsetup.o)
                0x00003a50                __swsetup_r
 .text.__sflush_r
                0x00003b2c      0x10c c:/nxp/mcuxpressoide_11.1.1_3241/ide/plugins/com.nxp.mcuxpresso.tools.win32_11.1.0.202001081728/tools/bin/../lib/gcc/arm-none-eabi/8.3.1/../../../../arm-none-eabi/lib/thumb/v7e-m+fp/hard\libc_nano.a(lib_a-fflush.o)
                0x00003b2c                __sflush_r
 .text._fflush_r
                0x00003c38       0x78 c:/nxp/mcuxpressoide_11.1.1_3241/ide/plugins/com.nxp.mcuxpresso.tools.win32_11.1.0.202001081728/tools/bin/../lib/gcc/arm-none-eabi/8.3.1/../../../../arm-none-eabi/lib/thumb/v7e-m+fp/hard\libc_nano.a(lib_a-fflush.o)
                0x00003c38                _fflush_r
 .text.std      0x00003cb0       0x48 c:/nxp/mcuxpressoide_11.1.1_3241/ide/plugins/com.nxp.mcuxpresso.tools.win32_11.1.0.202001081728/tools/bin/../lib/gcc/arm-none-eabi/8.3.1/../../../../arm-none-eabi/lib/thumb/v7e-m+fp/hard\libc_nano.a(lib_a-findfp.o)
 .text._cleanup_r
                0x00003cf8        0xc c:/nxp/mcuxpressoide_11.1.1_3241/ide/plugins/com.nxp.mcuxpresso.tools.win32_11.1.0.202001081728/tools/bin/../lib/gcc/arm-none-eabi/8.3.1/../../../../arm-none-eabi/lib/thumb/v7e-m+fp/hard\libc_nano.a(lib_a-findfp.o)
                0x00003cf8                _cleanup_r
 .text.__sfp_lock_acquire
                0x00003d04        0xc c:/nxp/mcuxpressoide_11.1.1_3241/ide/plugins/com.nxp.mcuxpresso.tools.win32_11.1.0.202001081728/tools/bin/../lib/gcc/arm-none-eabi/8.3.1/../../../../arm-none-eabi/lib/thumb/v7e-m+fp/hard\libc_nano.a(lib_a-findfp.o)
                0x00003d04                __sfp_lock_acquire
 .text.__sfp_lock_release
                0x00003d10        0xc c:/nxp/mcuxpressoide_11.1.1_3241/ide/plugins/com.nxp.mcuxpresso.tools.win32_11.1.0.202001081728/tools/bin/../lib/gcc/arm-none-eabi/8.3.1/../../../../arm-none-eabi/lib/thumb/v7e-m+fp/hard\libc_nano.a(lib_a-findfp.o)
                0x00003d10                __sfp_lock_release
 .text.__sinit_lock_acquire
                0x00003d1c        0xc c:/nxp/mcuxpressoide_11.1.1_3241/ide/plugins/com.nxp.mcuxpresso.tools.win32_11.1.0.202001081728/tools/bin/../lib/gcc/arm-none-eabi/8.3.1/../../../../arm-none-eabi/lib/thumb/v7e-m+fp/hard\libc_nano.a(lib_a-findfp.o)
                0x00003d1c                __sinit_lock_acquire
 .text.__sinit_lock_release
                0x00003d28        0xc c:/nxp/mcuxpressoide_11.1.1_3241/ide/plugins/com.nxp.mcuxpresso.tools.win32_11.1.0.202001081728/tools/bin/../lib/gcc/arm-none-eabi/8.3.1/../../../../arm-none-eabi/lib/thumb/v7e-m+fp/hard\libc_nano.a(lib_a-findfp.o)
                0x00003d28                __sinit_lock_release
 .text.__sinit  0x00003d34       0x70 c:/nxp/mcuxpressoide_11.1.1_3241/ide/plugins/com.nxp.mcuxpresso.tools.win32_11.1.0.202001081728/tools/bin/../lib/gcc/arm-none-eabi/8.3.1/../../../../arm-none-eabi/lib/thumb/v7e-m+fp/hard\libc_nano.a(lib_a-findfp.o)
                0x00003d34                __sinit
 .text.__sfp    0x00003da4       0x8c c:/nxp/mcuxpressoide_11.1.1_3241/ide/plugins/com.nxp.mcuxpresso.tools.win32_11.1.0.202001081728/tools/bin/../lib/gcc/arm-none-eabi/8.3.1/../../../../arm-none-eabi/lib/thumb/v7e-m+fp/hard\libc_nano.a(lib_a-findfp.o)
                0x00003da4                __sfp
 .text.__smakebuf_r
                0x00003e30       0x80 c:/nxp/mcuxpressoide_11.1.1_3241/ide/plugins/com.nxp.mcuxpresso.tools.win32_11.1.0.202001081728/tools/bin/../lib/gcc/arm-none-eabi/8.3.1/../../../../arm-none-eabi/lib/thumb/v7e-m+fp/hard\libc_nano.a(lib_a-makebuf.o)
                0x00003e30                __smakebuf_r
 .text.__malloc_lock
                0x00003eb0        0xc c:/nxp/mcuxpressoide_11.1.1_3241/ide/plugins/com.nxp.mcuxpresso.tools.win32_11.1.0.202001081728/tools/bin/../lib/gcc/arm-none-eabi/8.3.1/../../../../arm-none-eabi/lib/thumb/v7e-m+fp/hard\libc_nano.a(lib_a-mlock.o)
                0x00003eb0                __malloc_lock
 .text.__malloc_unlock
                0x00003ebc        0xc c:/nxp/mcuxpressoide_11.1.1_3241/ide/plugins/com.nxp.mcuxpresso.tools.win32_11.1.0.202001081728/tools/bin/../lib/gcc/arm-none-eabi/8.3.1/../../../../arm-none-eabi/lib/thumb/v7e-m+fp/hard\libc_nano.a(lib_a-mlock.o)
                0x00003ebc                __malloc_unlock
 .text.raise    0x00003ec8       0x10 c:/nxp/mcuxpressoide_11.1.1_3241/ide/plugins/com.nxp.mcuxpresso.tools.win32_11.1.0.202001081728/tools/bin/../lib/gcc/arm-none-eabi/8.3.1/../../../../arm-none-eabi/lib/thumb/v7e-m+fp/hard\libc_nano.a(lib_a-signal.o)
                0x00003ec8                raise
 .text._kill_r  0x00003ed8       0x24 c:/nxp/mcuxpressoide_11.1.1_3241/ide/plugins/com.nxp.mcuxpresso.tools.win32_11.1.0.202001081728/tools/bin/../lib/gcc/arm-none-eabi/8.3.1/../../../../arm-none-eabi/lib/thumb/v7e-m+fp/hard\libc_nano.a(lib_a-signalr.o)
                0x00003ed8                _kill_r
 .text._write_r
                0x00003efc       0x24 c:/nxp/mcuxpressoide_11.1.1_3241/ide/plugins/com.nxp.mcuxpresso.tools.win32_11.1.0.202001081728/tools/bin/../lib/gcc/arm-none-eabi/8.3.1/../../../../arm-none-eabi/lib/thumb/v7e-m+fp/hard\libc_nano.a(lib_a-writer.o)
                0x00003efc                _write_r
 .text._close_r
                0x00003f20       0x20 c:/nxp/mcuxpressoide_11.1.1_3241/ide/plugins/com.nxp.mcuxpresso.tools.win32_11.1.0.202001081728/tools/bin/../lib/gcc/arm-none-eabi/8.3.1/../../../../arm-none-eabi/lib/thumb/v7e-m+fp/hard\libc_nano.a(lib_a-closer.o)
                0x00003f20                _close_r
 .text._fstat_r
                0x00003f40       0x24 c:/nxp/mcuxpressoide_11.1.1_3241/ide/plugins/com.nxp.mcuxpresso.tools.win32_11.1.0.202001081728/tools/bin/../lib/gcc/arm-none-eabi/8.3.1/../../../../arm-none-eabi/lib/thumb/v7e-m+fp/hard\libc_nano.a(lib_a-fstatr.o)
                0x00003f40                _fstat_r
 .text._isatty_r
                0x00003f64       0x20 c:/nxp/mcuxpressoide_11.1.1_3241/ide/plugins/com.nxp.mcuxpresso.tools.win32_11.1.0.202001081728/tools/bin/../lib/gcc/arm-none-eabi/8.3.1/../../../../arm-none-eabi/lib/thumb/v7e-m+fp/hard\libc_nano.a(lib_a-isattyr.o)
                0x00003f64                _isatty_r
 .text._lseek_r
                0x00003f84       0x24 c:/nxp/mcuxpressoide_11.1.1_3241/ide/plugins/com.nxp.mcuxpresso.tools.win32_11.1.0.202001081728/tools/bin/../lib/gcc/arm-none-eabi/8.3.1/../../../../arm-none-eabi/lib/thumb/v7e-m+fp/hard\libc_nano.a(lib_a-lseekr.o)
                0x00003f84                _lseek_r
 .text._read_r  0x00003fa8       0x24 c:/nxp/mcuxpressoide_11.1.1_3241/ide/plugins/com.nxp.mcuxpresso.tools.win32_11.1.0.202001081728/tools/bin/../lib/gcc/arm-none-eabi/8.3.1/../../../../arm-none-eabi/lib/thumb/v7e-m+fp/hard\libc_nano.a(lib_a-readr.o)
                0x00003fa8                _read_r
 .text._sbrk    0x00003fcc       0x3c c:/nxp/mcuxpressoide_11.1.1_3241/ide/plugins/com.nxp.mcuxpresso.tools.win32_11.1.0.202001081728/tools/bin/../lib/gcc/arm-none-eabi/8.3.1/../../../../arm-none-eabi/lib/thumb/v7e-m+fp/hard\libcr_newlib_nohost.a(_cr_sbrk.o)
                0x00003fcc                _sbrk
 .text._close   0x00004008       0x10 c:/nxp/mcuxpressoide_11.1.1_3241/ide/plugins/com.nxp.mcuxpresso.tools.win32_11.1.0.202001081728/tools/bin/../lib/gcc/arm-none-eabi/8.3.1/../../../../arm-none-eabi/lib/thumb/v7e-m+fp/hard\libcr_newlib_nohost.a(close.o)
                0x00004008                _close
 .text._fstat   0x00004018       0x10 c:/nxp/mcuxpressoide_11.1.1_3241/ide/plugins/com.nxp.mcuxpresso.tools.win32_11.1.0.202001081728/tools/bin/../lib/gcc/arm-none-eabi/8.3.1/../../../../arm-none-eabi/lib/thumb/v7e-m+fp/hard\libcr_newlib_nohost.a(fstat.o)
                0x00004018                _fstat
 .text._getpid  0x00004028       0x10 c:/nxp/mcuxpressoide_11.1.1_3241/ide/plugins/com.nxp.mcuxpresso.tools.win32_11.1.0.202001081728/tools/bin/../lib/gcc/arm-none-eabi/8.3.1/../../../../arm-none-eabi/lib/thumb/v7e-m+fp/hard\libcr_newlib_nohost.a(getpid.o)
                0x00004028                _getpid
 .text._isatty  0x00004038       0x10 c:/nxp/mcuxpressoide_11.1.1_3241/ide/plugins/com.nxp.mcuxpresso.tools.win32_11.1.0.202001081728/tools/bin/../lib/gcc/arm-none-eabi/8.3.1/../../../../arm-none-eabi/lib/thumb/v7e-m+fp/hard\libcr_newlib_nohost.a(isatty.o)
                0x00004038                _isatty
 .text._kill    0x00004048       0x10 c:/nxp/mcuxpressoide_11.1.1_3241/ide/plugins/com.nxp.mcuxpresso.tools.win32_11.1.0.202001081728/tools/bin/../lib/gcc/arm-none-eabi/8.3.1/../../../../arm-none-eabi/lib/thumb/v7e-m+fp/hard\libcr_newlib_nohost.a(kill.o)
                0x00004048                _kill
 .text._lseek   0x00004058       0x10 c:/nxp/mcuxpressoide_11.1.1_3241/ide/plugins/com.nxp.mcuxpresso.tools.win32_11.1.0.202001081728/tools/bin/../lib/gcc/arm-none-eabi/8.3.1/../../../../arm-none-eabi/lib/thumb/v7e-m+fp/hard\libcr_newlib_nohost.a(lseek.o)
                0x00004058                _lseek
 .text._read    0x00004068       0x10 c:/nxp/mcuxpressoide_11.1.1_3241/ide/plugins/com.nxp.mcuxpresso.tools.win32_11.1.0.202001081728/tools/bin/../lib/gcc/arm-none-eabi/8.3.1/../../../../arm-none-eabi/lib/thumb/v7e-m+fp/hard\libcr_newlib_nohost.a(read.o)
                0x00004068                _read
 .text._write   0x00004078       0x10 c:/nxp/mcuxpressoide_11.1.1_3241/ide/plugins/com.nxp.mcuxpresso.tools.win32_11.1.0.202001081728/tools/bin/../lib/gcc/arm-none-eabi/8.3.1/../../../../arm-none-eabi/lib/thumb/v7e-m+fp/hard\libcr_newlib_nohost.a(write.o)
                0x00004078                _write
 .text.__check_heap_overflow
                0x00004088       0x18 c:/nxp/mcuxpressoide_11.1.1_3241/ide/plugins/com.nxp.mcuxpresso.tools.win32_11.1.0.202001081728/tools/bin/../lib/gcc/arm-none-eabi/8.3.1/../../../../arm-none-eabi/lib/thumb/v7e-m+fp/hard\libcr_newlib_nohost.a(_cr_check_heap.o)
                0x00004088                __check_heap_overflow
 .text.__errno  0x000040a0        0xc c:/nxp/mcuxpressoide_11.1.1_3241/ide/plugins/com.nxp.mcuxpresso.tools.win32_11.1.0.202001081728/tools/bin/../lib/gcc/arm-none-eabi/8.3.1/../../../../arm-none-eabi/lib/thumb/v7e-m+fp/hard\libc_nano.a(lib_a-errno.o)
                0x000040a0                __errno
 .text.DMA0_IRQHandler
                0x000040ac        0x8 ./startup/startup_mk64f12.o
                0x000040ac                DMA0_IRQHandler
 .text.DMA1_IRQHandler
                0x000040b4        0x8 ./startup/startup_mk64f12.o
                0x000040b4                DMA1_IRQHandler
 .text.DMA2_IRQHandler
                0x000040bc        0x8 ./startup/startup_mk64f12.o
                0x000040bc                DMA2_IRQHandler
 .text.DMA3_IRQHandler
                0x000040c4        0x8 ./startup/startup_mk64f12.o
                0x000040c4                DMA3_IRQHandler
 .text.DMA4_IRQHandler
                0x000040cc        0x8 ./startup/startup_mk64f12.o
                0x000040cc                DMA4_IRQHandler
 .text.DMA5_IRQHandler
                0x000040d4        0x8 ./startup/startup_mk64f12.o
                0x000040d4                DMA5_IRQHandler
 .text.DMA6_IRQHandler
                0x000040dc        0x8 ./startup/startup_mk64f12.o
                0x000040dc                DMA6_IRQHandler
 .text.DMA7_IRQHandler
                0x000040e4        0x8 ./startup/startup_mk64f12.o
                0x000040e4                DMA7_IRQHandler
 .text.DMA8_IRQHandler
                0x000040ec        0x8 ./startup/startup_mk64f12.o
                0x000040ec                DMA8_IRQHandler
 .text.DMA9_IRQHandler
                0x000040f4        0x8 ./startup/startup_mk64f12.o
                0x000040f4                DMA9_IRQHandler
 .text.DMA10_IRQHandler
                0x000040fc        0x8 ./startup/startup_mk64f12.o
                0x000040fc                DMA10_IRQHandler
 .text.DMA11_IRQHandler
                0x00004104        0x8 ./startup/startup_mk64f12.o
                0x00004104                DMA11_IRQHandler
 .text.DMA12_IRQHandler
                0x0000410c        0x8 ./startup/startup_mk64f12.o
                0x0000410c                DMA12_IRQHandler
 .text.DMA13_IRQHandler
                0x00004114        0x8 ./startup/startup_mk64f12.o
                0x00004114                DMA13_IRQHandler
 .text.DMA14_IRQHandler
                0x0000411c        0x8 ./startup/startup_mk64f12.o
                0x0000411c                DMA14_IRQHandler
 .text.DMA15_IRQHandler
                0x00004124        0x8 ./startup/startup_mk64f12.o
                0x00004124                DMA15_IRQHandler
 .text.DMA_Error_IRQHandler
                0x0000412c        0x8 ./startup/startup_mk64f12.o
                0x0000412c                DMA_Error_IRQHandler
 .text.MCM_IRQHandler
                0x00004134        0x8 ./startup/startup_mk64f12.o
                0x00004134                MCM_IRQHandler
 .text.FTFE_IRQHandler
                0x0000413c        0x8 ./startup/startup_mk64f12.o
                0x0000413c                FTFE_IRQHandler
 .text.Read_Collision_IRQHandler
                0x00004144        0x8 ./startup/startup_mk64f12.o
                0x00004144                Read_Collision_IRQHandler
 .text.LVD_LVW_IRQHandler
                0x0000414c        0x8 ./startup/startup_mk64f12.o
                0x0000414c                LVD_LVW_IRQHandler
 .text.LLWU_IRQHandler
                0x00004154        0x8 ./startup/startup_mk64f12.o
                0x00004154                LLWU_IRQHandler
 .text.WDOG_EWM_IRQHandler
                0x0000415c        0x8 ./startup/startup_mk64f12.o
                0x0000415c                WDOG_EWM_IRQHandler
 .text.RNG_IRQHandler
                0x00004164        0x8 ./startup/startup_mk64f12.o
                0x00004164                RNG_IRQHandler
 .text.I2C0_IRQHandler
                0x0000416c        0x8 ./startup/startup_mk64f12.o
                0x0000416c                I2C0_IRQHandler
 .text.I2C1_IRQHandler
                0x00004174        0x8 ./startup/startup_mk64f12.o
                0x00004174                I2C1_IRQHandler
 .text.SPI0_IRQHandler
                0x0000417c        0x8 ./startup/startup_mk64f12.o
                0x0000417c                SPI0_IRQHandler
 .text.SPI1_IRQHandler
                0x00004184        0x8 ./startup/startup_mk64f12.o
                0x00004184                SPI1_IRQHandler
 .text.I2S0_Tx_IRQHandler
                0x0000418c        0x8 ./startup/startup_mk64f12.o
                0x0000418c                I2S0_Tx_IRQHandler
 .text.I2S0_Rx_IRQHandler
                0x00004194        0x8 ./startup/startup_mk64f12.o
                0x00004194                I2S0_Rx_IRQHandler
 .text.UART0_LON_IRQHandler
                0x0000419c        0x8 ./startup/startup_mk64f12.o
                0x0000419c                UART0_LON_IRQHandler
 .text.UART0_ERR_IRQHandler
                0x000041a4        0x8 ./startup/startup_mk64f12.o
                0x000041a4                UART0_ERR_IRQHandler
 .text.UART1_RX_TX_IRQHandler
                0x000041ac        0x8 ./startup/startup_mk64f12.o
                0x000041ac                UART1_RX_TX_IRQHandler
 .text.UART1_ERR_IRQHandler
                0x000041b4        0x8 ./startup/startup_mk64f12.o
                0x000041b4                UART1_ERR_IRQHandler
 .text.UART2_RX_TX_IRQHandler
                0x000041bc        0x8 ./startup/startup_mk64f12.o
                0x000041bc                UART2_RX_TX_IRQHandler
 .text.UART2_ERR_IRQHandler
                0x000041c4        0x8 ./startup/startup_mk64f12.o
                0x000041c4                UART2_ERR_IRQHandler
 .text.UART3_RX_TX_IRQHandler
                0x000041cc        0x8 ./startup/startup_mk64f12.o
                0x000041cc                UART3_RX_TX_IRQHandler
 .text.UART3_ERR_IRQHandler
                0x000041d4        0x8 ./startup/startup_mk64f12.o
                0x000041d4                UART3_ERR_IRQHandler
 .text.ADC0_IRQHandler
                0x000041dc        0x8 ./startup/startup_mk64f12.o
                0x000041dc                ADC0_IRQHandler
 .text.CMP0_IRQHandler
                0x000041e4        0x8 ./startup/startup_mk64f12.o
                0x000041e4                CMP0_IRQHandler
 .text.CMP1_IRQHandler
                0x000041ec        0x8 ./startup/startup_mk64f12.o
                0x000041ec                CMP1_IRQHandler
 .text.FTM1_IRQHandler
                0x000041f4        0x8 ./startup/startup_mk64f12.o
                0x000041f4                FTM1_IRQHandler
 .text.FTM2_IRQHandler
                0x000041fc        0x8 ./startup/startup_mk64f12.o
                0x000041fc                FTM2_IRQHandler
 .text.CMT_IRQHandler
                0x00004204        0x8 ./startup/startup_mk64f12.o
                0x00004204                CMT_IRQHandler
 .text.RTC_IRQHandler
                0x0000420c        0x8 ./startup/startup_mk64f12.o
                0x0000420c                RTC_IRQHandler
 .text.RTC_Seconds_IRQHandler
                0x00004214        0x8 ./startup/startup_mk64f12.o
                0x00004214                RTC_Seconds_IRQHandler
 .text.PIT1_IRQHandler
                0x0000421c        0x8 ./startup/startup_mk64f12.o
                0x0000421c                PIT1_IRQHandler
 .text.PIT2_IRQHandler
                0x00004224        0x8 ./startup/startup_mk64f12.o
                0x00004224                PIT2_IRQHandler
 .text.PIT3_IRQHandler
                0x0000422c        0x8 ./startup/startup_mk64f12.o
                0x0000422c                PIT3_IRQHandler
 .text.PDB0_IRQHandler
                0x00004234        0x8 ./startup/startup_mk64f12.o
                0x00004234                PDB0_IRQHandler
 .text.USB0_IRQHandler
                0x0000423c        0x8 ./startup/startup_mk64f12.o
                0x0000423c                USB0_IRQHandler
 .text.USBDCD_IRQHandler
                0x00004244        0x8 ./startup/startup_mk64f12.o
                0x00004244                USBDCD_IRQHandler
 .text.Reserved71_IRQHandler
                0x0000424c        0x8 ./startup/startup_mk64f12.o
                0x0000424c                Reserved71_IRQHandler
 .text.DAC0_IRQHandler
                0x00004254        0x8 ./startup/startup_mk64f12.o
                0x00004254                DAC0_IRQHandler
 .text.MCG_IRQHandler
                0x0000425c        0x8 ./startup/startup_mk64f12.o
                0x0000425c                MCG_IRQHandler
 .text.LPTMR0_IRQHandler
                0x00004264        0x8 ./startup/startup_mk64f12.o
                0x00004264                LPTMR0_IRQHandler
 .text.PORTA_IRQHandler
                0x0000426c        0x8 ./startup/startup_mk64f12.o
                0x0000426c                PORTA_IRQHandler
 .text.PORTB_IRQHandler
                0x00004274        0x8 ./startup/startup_mk64f12.o
                0x00004274                PORTB_IRQHandler
 .text.PORTC_IRQHandler
                0x0000427c        0x8 ./startup/startup_mk64f12.o
                0x0000427c                PORTC_IRQHandler
 .text.PORTD_IRQHandler
                0x00004284        0x8 ./startup/startup_mk64f12.o
                0x00004284                PORTD_IRQHandler
 .text.PORTE_IRQHandler
                0x0000428c        0x8 ./startup/startup_mk64f12.o
                0x0000428c                PORTE_IRQHandler
 .text.SWI_IRQHandler
                0x00004294        0x8 ./startup/startup_mk64f12.o
                0x00004294                SWI_IRQHandler
 .text.SPI2_IRQHandler
                0x0000429c        0x8 ./startup/startup_mk64f12.o
                0x0000429c                SPI2_IRQHandler
 .text.UART4_RX_TX_IRQHandler
                0x000042a4        0x8 ./startup/startup_mk64f12.o
                0x000042a4                UART4_RX_TX_IRQHandler
 .text.UART4_ERR_IRQHandler
                0x000042ac        0x8 ./startup/startup_mk64f12.o
                0x000042ac                UART4_ERR_IRQHandler
 .text.UART5_RX_TX_IRQHandler
                0x000042b4        0x8 ./startup/startup_mk64f12.o
                0x000042b4                UART5_RX_TX_IRQHandler
 .text.UART5_ERR_IRQHandler
                0x000042bc        0x8 ./startup/startup_mk64f12.o
                0x000042bc                UART5_ERR_IRQHandler
 .text.CMP2_IRQHandler
                0x000042c4        0x8 ./startup/startup_mk64f12.o
                0x000042c4                CMP2_IRQHandler
 .text.FTM3_IRQHandler
                0x000042cc        0x8 ./startup/startup_mk64f12.o
                0x000042cc                FTM3_IRQHandler
 .text.DAC1_IRQHandler
                0x000042d4        0x8 ./startup/startup_mk64f12.o
                0x000042d4                DAC1_IRQHandler
 .text.ADC1_IRQHandler
                0x000042dc        0x8 ./startup/startup_mk64f12.o
                0x000042dc                ADC1_IRQHandler
 .text.I2C2_IRQHandler
                0x000042e4        0x8 ./startup/startup_mk64f12.o
                0x000042e4                I2C2_IRQHandler
 .text.CAN0_ORed_Message_buffer_IRQHandler
                0x000042ec        0x8 ./startup/startup_mk64f12.o
                0x000042ec                CAN0_ORed_Message_buffer_IRQHandler
 .text.CAN0_Bus_Off_IRQHandler
                0x000042f4        0x8 ./startup/startup_mk64f12.o
                0x000042f4                CAN0_Bus_Off_IRQHandler
 .text.CAN0_Error_IRQHandler
                0x000042fc        0x8 ./startup/startup_mk64f12.o
                0x000042fc                CAN0_Error_IRQHandler
 .text.CAN0_Tx_Warning_IRQHandler
                0x00004304        0x8 ./startup/startup_mk64f12.o
                0x00004304                CAN0_Tx_Warning_IRQHandler
 .text.CAN0_Rx_Warning_IRQHandler
                0x0000430c        0x8 ./startup/startup_mk64f12.o
                0x0000430c                CAN0_Rx_Warning_IRQHandler
 .text.CAN0_Wake_Up_IRQHandler
                0x00004314        0x8 ./startup/startup_mk64f12.o
                0x00004314                CAN0_Wake_Up_IRQHandler
 .text.SDHC_IRQHandler
                0x0000431c        0x8 ./startup/startup_mk64f12.o
                0x0000431c                SDHC_IRQHandler
 .text.ENET_1588_Timer_IRQHandler
                0x00004324        0x8 ./startup/startup_mk64f12.o
                0x00004324                ENET_1588_Timer_IRQHandler
 .text.ENET_Transmit_IRQHandler
                0x0000432c        0x8 ./startup/startup_mk64f12.o
                0x0000432c                ENET_Transmit_IRQHandler
 .text.ENET_Receive_IRQHandler
                0x00004334        0x8 ./startup/startup_mk64f12.o
                0x00004334                ENET_Receive_IRQHandler
 .text.ENET_Error_IRQHandler
                0x0000433c        0x8 ./startup/startup_mk64f12.o
                0x0000433c                ENET_Error_IRQHandler
 .text.PacketGetThread
                0x00004344       0x12 ./source/main.o
                0x00004344                PacketGetThread
 .text.HandleStartupPacket
                0x00004356        0xc ./source/main.o
                0x00004356                HandleStartupPacket
 .text.OSC_SetExtRefClkConfig
                0x00004362       0x34 ./drivers/fsl_clock.o
 .text.OSC_SetCapLoad
                0x00004396       0x34 ./drivers/fsl_clock.o
 .text.CLOCK_GetPll0RefFreq
                0x000043ca        0xe ./drivers/fsl_clock.o
 .text.CLOCK_GetFixedFreqClkFreq
                0x000043d8       0x34 ./drivers/fsl_clock.o
                0x000043d8                CLOCK_GetFixedFreqClkFreq
 .text.GPIO_PinWrite
                0x0000440c       0x3a ./drivers/fsl_gpio.o
 .text.SystemInitHook
                0x00004446        0xe ./device/system_MK64F12.o
                0x00004446                SystemInitHook
 .text.BOARD_InitBootClocks
                0x00004454        0xc ./board/clock_config.o
                0x00004454                BOARD_InitBootClocks
 .text.CLOCK_EnableClock
                0x00004460       0x34 ./board/pin_mux.o
 .text.PORT_SetPinMux
                0x00004494       0x3a ./board/pin_mux.o
 .text.CLOCK_EnableClock
                0x000044ce       0x34 ./Modules/UART/UART.o
 .text.CLOCK_EnableClock
                0x00004502       0x34 ./Modules/PIT/PIT.o
 .text.CLOCK_EnableClock
                0x00004536       0x34 ./Modules/LEDs/LEDs.o
 .text.EraseSector
                0x0000456a       0x24 ./Modules/Flash/Flash.o
 .text.WritePhrase
                0x0000458e       0x6c ./Modules/Flash/Flash.o
 .text.ModifyPhrase
                0x000045fa       0x38 ./Modules/Flash/Flash.o
 .text.Flash_Init
                0x00004632       0x10 ./Modules/Flash/Flash.o
                0x00004632                Flash_Init
 .text.Flash_Write16
                0x00004642       0x5a ./Modules/Flash/Flash.o
                0x00004642                Flash_Write16
 .text.Flash_Write8
                0x0000469c       0x5c ./Modules/Flash/Flash.o
                0x0000469c                Flash_Write8
 .text.CLOCK_EnableClock
                0x000046f8       0x34 ./Modules/FTM/FTM.o
 .text.FIFO_Init
                0x0000472c       0x38 ./Modules/FIFO/FIFO.o
                0x0000472c                FIFO_Init
 .text.FIFO_Put
                0x00004764       0x5e ./Modules/FIFO/FIFO.o
                0x00004764                FIFO_Put
 .text.FIFO_Get
                0x000047c2       0x5e ./Modules/FIFO/FIFO.o
                0x000047c2                FIFO_Get
 .text.OS_SemaphoreSignal
                0x00004820       0x54 C:\Users\User\git\Project\Library\libOS.a(OS.o)
                0x00004820                OS_SemaphoreSignal
 .text.OS_Start
                0x00004874       0x10 C:\Users\User\git\Project\Library\libOS.a(OS.o)
                0x00004874                OS_Start
 .text.FindFirstSet
                0x00004884       0x42 C:\Users\User\git\Project\Library\libOS.a(OS.o)
 .text.TCBInit  0x000048c6       0xcc C:\Users\User\git\Project\Library\libOS.a(OS.o)
 .text.SysTick_Handler
                0x00004992       0x14 C:\Users\User\git\Project\Library\libOS.a(OS.o)
                0x00004992                SysTick_Handler
 .text.__sfputc_r
                0x000049a6       0x2e c:/nxp/mcuxpressoide_11.1.1_3241/ide/plugins/com.nxp.mcuxpresso.tools.win32_11.1.0.202001081728/tools/bin/../lib/gcc/arm-none-eabi/8.3.1/../../../../arm-none-eabi/lib/thumb/v7e-m+fp/hard\libc_nano.a(lib_a-nano-vfprintf.o)
 .text.__sfputs_r
                0x000049d4       0x24 c:/nxp/mcuxpressoide_11.1.1_3241/ide/plugins/com.nxp.mcuxpresso.tools.win32_11.1.0.202001081728/tools/bin/../lib/gcc/arm-none-eabi/8.3.1/../../../../arm-none-eabi/lib/thumb/v7e-m+fp/hard\libc_nano.a(lib_a-nano-vfprintf.o)
                0x000049d4                __sfputs_r
 .text._printf_common
                0x000049f8       0xea c:/nxp/mcuxpressoide_11.1.1_3241/ide/plugins/com.nxp.mcuxpresso.tools.win32_11.1.0.202001081728/tools/bin/../lib/gcc/arm-none-eabi/8.3.1/../../../../arm-none-eabi/lib/thumb/v7e-m+fp/hard\libc_nano.a(lib_a-nano-vfprintf_i.o)
                0x000049f8                _printf_common
 .text.abort    0x00004ae2        0xe c:/nxp/mcuxpressoide_11.1.1_3241/ide/plugins/com.nxp.mcuxpresso.tools.win32_11.1.0.202001081728/tools/bin/../lib/gcc/arm-none-eabi/8.3.1/../../../../arm-none-eabi/lib/thumb/v7e-m+fp/hard\libc_nano.a(lib_a-abort.o)
                0x00004ae2                abort
 .text.__sfmoreglue
                0x00004af0       0x2c c:/nxp/mcuxpressoide_11.1.1_3241/ide/plugins/com.nxp.mcuxpresso.tools.win32_11.1.0.202001081728/tools/bin/../lib/gcc/arm-none-eabi/8.3.1/../../../../arm-none-eabi/lib/thumb/v7e-m+fp/hard\libc_nano.a(lib_a-findfp.o)
                0x00004af0                __sfmoreglue
 .text._fwalk_reent
                0x00004b1c       0x3c c:/nxp/mcuxpressoide_11.1.1_3241/ide/plugins/com.nxp.mcuxpresso.tools.win32_11.1.0.202001081728/tools/bin/../lib/gcc/arm-none-eabi/8.3.1/../../../../arm-none-eabi/lib/thumb/v7e-m+fp/hard\libc_nano.a(lib_a-fwalk.o)
                0x00004b1c                _fwalk_reent
 .text.__retarget_lock_init_recursive
                0x00004b58        0x2 c:/nxp/mcuxpressoide_11.1.1_3241/ide/plugins/com.nxp.mcuxpresso.tools.win32_11.1.0.202001081728/tools/bin/../lib/gcc/arm-none-eabi/8.3.1/../../../../arm-none-eabi/lib/thumb/v7e-m+fp/hard\libc_nano.a(lib_a-lock.o)
                0x00004b58                __retarget_lock_init_recursive
 .text.__retarget_lock_acquire_recursive
                0x00004b5a        0x2 c:/nxp/mcuxpressoide_11.1.1_3241/ide/plugins/com.nxp.mcuxpresso.tools.win32_11.1.0.202001081728/tools/bin/../lib/gcc/arm-none-eabi/8.3.1/../../../../arm-none-eabi/lib/thumb/v7e-m+fp/hard\libc_nano.a(lib_a-lock.o)
                0x00004b5a                __retarget_lock_acquire_recursive
 .text.__retarget_lock_release_recursive
                0x00004b5c        0x2 c:/nxp/mcuxpressoide_11.1.1_3241/ide/plugins/com.nxp.mcuxpresso.tools.win32_11.1.0.202001081728/tools/bin/../lib/gcc/arm-none-eabi/8.3.1/../../../../arm-none-eabi/lib/thumb/v7e-m+fp/hard\libc_nano.a(lib_a-lock.o)
                0x00004b5c                __retarget_lock_release_recursive
 .text.__swhatbuf_r
                0x00004b5e       0x48 c:/nxp/mcuxpressoide_11.1.1_3241/ide/plugins/com.nxp.mcuxpresso.tools.win32_11.1.0.202001081728/tools/bin/../lib/gcc/arm-none-eabi/8.3.1/../../../../arm-none-eabi/lib/thumb/v7e-m+fp/hard\libc_nano.a(lib_a-makebuf.o)
                0x00004b5e                __swhatbuf_r
 .text.memset   0x00004ba6       0x10 c:/nxp/mcuxpressoide_11.1.1_3241/ide/plugins/com.nxp.mcuxpresso.tools.win32_11.1.0.202001081728/tools/bin/../lib/gcc/arm-none-eabi/8.3.1/../../../../arm-none-eabi/lib/thumb/v7e-m+fp/hard\libc_nano.a(lib_a-memset.o)
                0x00004ba6                memset
 .text._raise_r
                0x00004bb6       0x50 c:/nxp/mcuxpressoide_11.1.1_3241/ide/plugins/com.nxp.mcuxpresso.tools.win32_11.1.0.202001081728/tools/bin/../lib/gcc/arm-none-eabi/8.3.1/../../../../arm-none-eabi/lib/thumb/v7e-m+fp/hard\libc_nano.a(lib_a-signal.o)
                0x00004bb6                _raise_r
 .text._getpid_r
                0x00004c06        0x4 c:/nxp/mcuxpressoide_11.1.1_3241/ide/plugins/com.nxp.mcuxpresso.tools.win32_11.1.0.202001081728/tools/bin/../lib/gcc/arm-none-eabi/8.3.1/../../../../arm-none-eabi/lib/thumb/v7e-m+fp/hard\libc_nano.a(lib_a-signalr.o)
                0x00004c06                _getpid_r
 .text.__sread  0x00004c0a       0x22 c:/nxp/mcuxpressoide_11.1.1_3241/ide/plugins/com.nxp.mcuxpresso.tools.win32_11.1.0.202001081728/tools/bin/../lib/gcc/arm-none-eabi/8.3.1/../../../../arm-none-eabi/lib/thumb/v7e-m+fp/hard\libc_nano.a(lib_a-stdio.o)
                0x00004c0a                __sread
 .text.__swrite
                0x00004c2c       0x38 c:/nxp/mcuxpressoide_11.1.1_3241/ide/plugins/com.nxp.mcuxpresso.tools.win32_11.1.0.202001081728/tools/bin/../lib/gcc/arm-none-eabi/8.3.1/../../../../arm-none-eabi/lib/thumb/v7e-m+fp/hard\libc_nano.a(lib_a-stdio.o)
                0x00004c2c                __swrite
 .text.__sseek  0x00004c64       0x24 c:/nxp/mcuxpressoide_11.1.1_3241/ide/plugins/com.nxp.mcuxpresso.tools.win32_11.1.0.202001081728/tools/bin/../lib/gcc/arm-none-eabi/8.3.1/../../../../arm-none-eabi/lib/thumb/v7e-m+fp/hard\libc_nano.a(lib_a-stdio.o)
                0x00004c64                __sseek
 .text.__sclose
                0x00004c88        0x8 c:/nxp/mcuxpressoide_11.1.1_3241/ide/plugins/com.nxp.mcuxpresso.tools.win32_11.1.0.202001081728/tools/bin/../lib/gcc/arm-none-eabi/8.3.1/../../../../arm-none-eabi/lib/thumb/v7e-m+fp/hard\libc_nano.a(lib_a-stdio.o)
                0x00004c88                __sclose
 .text._exit    0x00004c90        0x2 c:/nxp/mcuxpressoide_11.1.1_3241/ide/plugins/com.nxp.mcuxpresso.tools.win32_11.1.0.202001081728/tools/bin/../lib/gcc/arm-none-eabi/8.3.1/../../../../arm-none-eabi/lib/thumb/v7e-m+fp/hard\libcr_newlib_nohost.a(_exit.o)
                0x00004c90                _exit
 *(SORT_BY_ALIGNMENT(.rodata) SORT_BY_ALIGNMENT(.rodata.*) SORT_BY_ALIGNMENT(.constdata) SORT_BY_ALIGNMENT(.constdata.*))
 *fill*         0x00004c92        0x2 ff
 .rodata.TimerPeriod.8683
                0x00004c94        0x4 ./source/main.o
 .rodata.CLOCK_GetMcgExtClkFreq.str1.4
                0x00004c98       0x37 ./drivers/fsl_clock.o
 *fill*         0x00004ccf        0x1 ff
 .rodata.CLOCK_GetOsc0ErClkFreq.str1.4
                0x00004cd0        0xc ./drivers/fsl_clock.o
 .rodata.CLOCK_GetEr32kClkFreq.str1.4
                0x00004cdc        0xd ./drivers/fsl_clock.o
 *fill*         0x00004ce9        0x3 ff
 .rodata.CLOCK_GetPll0Freq.str1.4
                0x00004cec        0xb ./drivers/fsl_clock.o
 .rodata.CLOCK_EnablePll0.str1.4
                0x00004cf7        0xb ./drivers/fsl_clock.o
                                  0x7 (size before relaxing)
 *fill*         0x00004cf7        0x1 ff
 .rodata.__func__.8249
                0x00004cf8       0x17 ./drivers/fsl_clock.o
 *fill*         0x00004d0f        0x1 ff
 .rodata.__func__.8290
                0x00004d10       0x17 ./drivers/fsl_clock.o
 *fill*         0x00004d27        0x1 ff
 .rodata.__func__.8298
                0x00004d28       0x16 ./drivers/fsl_clock.o
 *fill*         0x00004d3e        0x2 ff
 .rodata.fllFactorTable.8373
                0x00004d40       0x10 ./drivers/fsl_clock.o
 .rodata.__func__.8394
                0x00004d50       0x12 ./drivers/fsl_clock.o
 *fill*         0x00004d62        0x2 ff
 .rodata.__func__.8439
                0x00004d64       0x11 ./drivers/fsl_clock.o
 *fill*         0x00004d75        0x3 ff
 .rodata.__func__.8582
                0x00004d78       0x11 ./drivers/fsl_clock.o
 *fill*         0x00004d89        0x3 ff
 .rodata.__func__.8649
                0x00004d8c       0x14 ./drivers/fsl_clock.o
 .rodata.GPIO_GetInstance.str1.4
                0x00004da0       0x30 ./drivers/fsl_gpio.o
 .rodata.GPIO_PinInit.str1.4
                0x00004dd0        0xf ./drivers/fsl_gpio.o
 *fill*         0x00004ddf        0x1 ff
 .rodata.__func__.8267
                0x00004de0        0xd ./drivers/fsl_gpio.o
 *fill*         0x00004ded        0x3 ff
 .rodata.mcgConfig_BOARD_BootClockRUN
                0x00004df0        0xb ./board/clock_config.o
                0x00004df0                mcgConfig_BOARD_BootClockRUN
 *fill*         0x00004dfb        0x1 ff
 .rodata.simConfig_BOARD_BootClockRUN
                0x00004dfc        0x8 ./board/clock_config.o
                0x00004dfc                simConfig_BOARD_BootClockRUN
 .rodata.oscConfig_BOARD_BootClockRUN
                0x00004e04        0x8 ./board/clock_config.o
                0x00004e04                oscConfig_BOARD_BootClockRUN
 .rodata.PORT_SetPinConfig.str1.4
                0x00004e0c       0x30 ./Modules/UART/UART.o
                                 0x35 (size before relaxing)
 .rodata.UART_PORT_PIN_CONFIG
                0x00004e3c        0x2 ./Modules/UART/UART.o
                0x00004e3c                UART_PORT_PIN_CONFIG
 *fill*         0x00004e3e        0x2 ff
 .rodata.__func__.8403
                0x00004e40       0x12 ./Modules/UART/UART.o
 .rodata.PORT_SetPinConfig.str1.4
                0x00004e52       0x35 ./Modules/LEDs/LEDs.o
 *fill*         0x00004e52        0x2 ff
 .rodata.LED_PORT_PIN_CONFIG
                0x00004e54        0x2 ./Modules/LEDs/LEDs.o
                0x00004e54                LED_PORT_PIN_CONFIG
 *fill*         0x00004e56        0x2 ff
 .rodata.GPIO_LED_PIN_CONFIG
                0x00004e58        0x2 ./Modules/LEDs/LEDs.o
                0x00004e58                GPIO_LED_PIN_CONFIG
 *fill*         0x00004e5a        0x2 ff
 .rodata.__func__.8324
                0x00004e5c       0x12 ./Modules/LEDs/LEDs.o
 *fill*         0x00004e6e        0x2 ff
 .rodata.FIXED_FREQUENCY_CLOCK.8337
                0x00004e70        0x4 ./Modules/FTM/FTM.o
 .rodata._global_impure_ptr
                0x00004e74        0x4 c:/nxp/mcuxpressoide_11.1.1_3241/ide/plugins/com.nxp.mcuxpresso.tools.win32_11.1.0.202001081728/tools/bin/../lib/gcc/arm-none-eabi/8.3.1/../../../../arm-none-eabi/lib/thumb/v7e-m+fp/hard\libc_nano.a(lib_a-impure.o)
                0x00004e74                _global_impure_ptr
 .rodata.__sf_fake_stderr
                0x00004e78       0x20 c:/nxp/mcuxpressoide_11.1.1_3241/ide/plugins/com.nxp.mcuxpresso.tools.win32_11.1.0.202001081728/tools/bin/../lib/gcc/arm-none-eabi/8.3.1/../../../../arm-none-eabi/lib/thumb/v7e-m+fp/hard\libc_nano.a(lib_a-findfp.o)
                0x00004e78                __sf_fake_stderr
 .rodata.__sf_fake_stdin
                0x00004e98       0x20 c:/nxp/mcuxpressoide_11.1.1_3241/ide/plugins/com.nxp.mcuxpresso.tools.win32_11.1.0.202001081728/tools/bin/../lib/gcc/arm-none-eabi/8.3.1/../../../../arm-none-eabi/lib/thumb/v7e-m+fp/hard\libc_nano.a(lib_a-findfp.o)
                0x00004e98                __sf_fake_stdin
 .rodata.__sf_fake_stdout
                0x00004eb8       0x20 c:/nxp/mcuxpressoide_11.1.1_3241/ide/plugins/com.nxp.mcuxpresso.tools.win32_11.1.0.202001081728/tools/bin/../lib/gcc/arm-none-eabi/8.3.1/../../../../arm-none-eabi/lib/thumb/v7e-m+fp/hard\libc_nano.a(lib_a-findfp.o)
                0x00004eb8                __sf_fake_stdout
 .rodata.__assert_func.str1.1
                0x00004ed8       0x3c c:/nxp/mcuxpressoide_11.1.1_3241/ide/plugins/com.nxp.mcuxpresso.tools.win32_11.1.0.202001081728/tools/bin/../lib/gcc/arm-none-eabi/8.3.1/../../../../arm-none-eabi/lib/thumb/v7e-m+fp/hard\libc_nano.a(lib_a-assert.o)
                                 0x3d (size before relaxing)
 .rodata._vfprintf_r.str1.1
                0x00004f14       0x11 c:/nxp/mcuxpressoide_11.1.1_3241/ide/plugins/com.nxp.mcuxpresso.tools.win32_11.1.0.202001081728/tools/bin/../lib/gcc/arm-none-eabi/8.3.1/../../../../arm-none-eabi/lib/thumb/v7e-m+fp/hard\libc_nano.a(lib_a-nano-vfprintf.o)
 .rodata._printf_i.str1.1
                0x00004f25       0x22 c:/nxp/mcuxpressoide_11.1.1_3241/ide/plugins/com.nxp.mcuxpresso.tools.win32_11.1.0.202001081728/tools/bin/../lib/gcc/arm-none-eabi/8.3.1/../../../../arm-none-eabi/lib/thumb/v7e-m+fp/hard\libc_nano.a(lib_a-nano-vfprintf_i.o)
                0x00004f48                . = ALIGN (0x8)
 *fill*         0x00004f47        0x1 ff

.glue_7         0x00004f48        0x0
 .glue_7        0x00004f48        0x0 linker stubs

.glue_7t        0x00004f48        0x0
 .glue_7t       0x00004f48        0x0 linker stubs

.vfp11_veneer   0x00004f48        0x0
 .vfp11_veneer  0x00004f48        0x0 linker stubs

.v4_bx          0x00004f48        0x0
 .v4_bx         0x00004f48        0x0 linker stubs

.iplt           0x00004f48        0x0
 .iplt          0x00004f48        0x0 ./startup/startup_mk64f12.o

.rel.dyn        0x00004f48        0x0
 .rel.iplt      0x00004f48        0x0 ./startup/startup_mk64f12.o

.ARM.extab
 *(SORT_BY_ALIGNMENT(.ARM.extab*) SORT_BY_ALIGNMENT(.gnu.linkonce.armextab.*))

.ARM.exidx      0x00004f48        0x0
                0x00004f48                __exidx_start = .
 *(SORT_BY_ALIGNMENT(.ARM.exidx*) SORT_BY_ALIGNMENT(.gnu.linkonce.armexidx.*))
                0x00004f48                __exidx_end = .
                0x00004f48                _etext = .

.m_usb_data
 *(SORT_BY_ALIGNMENT(m_usb_bdt))

.data_RAM2      0x1fff0000        0x0 load address 0x00004f48
 FILL mask 0xff
                [!provide]                PROVIDE (__start_data_RAM2 = .)
                [!provide]                PROVIDE (__start_data_SRAM_LOWER = .)
 *(SORT_BY_ALIGNMENT(.ramfunc.$RAM2))
 *(SORT_BY_ALIGNMENT(.ramfunc.$SRAM_LOWER))
 *(SORT_BY_ALIGNMENT(.data.$RAM2))
 *(SORT_BY_ALIGNMENT(.data.$SRAM_LOWER))
 *(SORT_BY_ALIGNMENT(.data.$RAM2.*))
 *(SORT_BY_ALIGNMENT(.data.$SRAM_LOWER.*))
                0x1fff0000                . = ALIGN (0x8)
                [!provide]                PROVIDE (__end_data_RAM2 = .)
                [!provide]                PROVIDE (__end_data_SRAM_LOWER = .)

.data_RAM3      0x14000000        0x0 load address 0x00004f48
 FILL mask 0xff
                [!provide]                PROVIDE (__start_data_RAM3 = .)
                [!provide]                PROVIDE (__start_data_FLEX_RAM = .)
 *(SORT_BY_ALIGNMENT(.ramfunc.$RAM3))
 *(SORT_BY_ALIGNMENT(.ramfunc.$FLEX_RAM))
 *(SORT_BY_ALIGNMENT(.data.$RAM3))
 *(SORT_BY_ALIGNMENT(.data.$FLEX_RAM))
 *(SORT_BY_ALIGNMENT(.data.$RAM3.*))
 *(SORT_BY_ALIGNMENT(.data.$FLEX_RAM.*))
                0x14000000                . = ALIGN (0x8)
                [!provide]                PROVIDE (__end_data_RAM3 = .)
                [!provide]                PROVIDE (__end_data_FLEX_RAM = .)

.uninit_RESERVED
                0x20000000        0x0
                0x20000000                _start_uninit_RESERVED = .
 *(SORT_BY_ALIGNMENT(.bss.$RESERVED*))
                0x20000000                . = ALIGN (0x8)
                0x20000000                _end_uninit_RESERVED = .

.data           0x20000000       0x78 load address 0x00004f48
 FILL mask 0xff
                0x20000000                _data = .
                [!provide]                PROVIDE (__start_data_RAM = .)
                [!provide]                PROVIDE (__start_data_SRAM_UPPER = .)
 *(SORT_BY_ALIGNMENT(vtable))
 *(SORT_BY_ALIGNMENT(.ramfunc*))
 *(SORT_BY_ALIGNMENT(CodeQuickAccess))
 *(SORT_BY_ALIGNMENT(DataQuickAccess))
 *(SORT_BY_ALIGNMENT(RamFunction))
 *(SORT_BY_ALIGNMENT(.data*))
 .data.s_slowIrcFreq
                0x20000000        0x4 ./drivers/fsl_clock.o
 .data.s_fastIrcFreq
                0x20000004        0x4 ./drivers/fsl_clock.o
 .data.SystemCoreClock
                0x20000008        0x4 ./device/system_MK64F12.o
                0x20000008                SystemCoreClock
 .data._impure_ptr
                0x2000000c        0x4 c:/nxp/mcuxpressoide_11.1.1_3241/ide/plugins/com.nxp.mcuxpresso.tools.win32_11.1.0.202001081728/tools/bin/../lib/gcc/arm-none-eabi/8.3.1/../../../../arm-none-eabi/lib/thumb/v7e-m+fp/hard\libc_nano.a(lib_a-impure.o)
                0x2000000c                _impure_ptr
 .data.impure_data
                0x20000010       0x60 c:/nxp/mcuxpressoide_11.1.1_3241/ide/plugins/com.nxp.mcuxpresso.tools.win32_11.1.0.202001081728/tools/bin/../lib/gcc/arm-none-eabi/8.3.1/../../../../arm-none-eabi/lib/thumb/v7e-m+fp/hard\libc_nano.a(lib_a-impure.o)
 .data.MCU_NUM_L
                0x20000070        0x1 ./source/main.o
 .data.MCU_NUM_H
                0x20000071        0x1 ./source/main.o
                0x20000078                . = ALIGN (0x8)
 *fill*         0x20000072        0x6 ff
                0x20000078                _edata = .
                [!provide]                PROVIDE (__end_data_RAM = .)
                [!provide]                PROVIDE (__end_data_SRAM_UPPER = .)

.igot.plt       0x20000078        0x0 load address 0x00004fc0
 .igot.plt      0x20000078        0x0 ./startup/startup_mk64f12.o

.bss_RAM2       0x1fff0000        0x0
                [!provide]                PROVIDE (__start_bss_RAM2 = .)
                [!provide]                PROVIDE (__start_bss_SRAM_LOWER = .)
 *(SORT_BY_ALIGNMENT(.bss.$RAM2))
 *(SORT_BY_ALIGNMENT(.bss.$SRAM_LOWER))
 *(SORT_BY_ALIGNMENT(.bss.$RAM2.*))
 *(SORT_BY_ALIGNMENT(.bss.$SRAM_LOWER.*))
                0x1fff0000                . = ALIGN ((. != 0x0)?0x8:0x1)
                [!provide]                PROVIDE (__end_bss_RAM2 = .)
                [!provide]                PROVIDE (__end_bss_SRAM_LOWER = .)

.bss_RAM3       0x14000000        0x0
                [!provide]                PROVIDE (__start_bss_RAM3 = .)
                [!provide]                PROVIDE (__start_bss_FLEX_RAM = .)
 *(SORT_BY_ALIGNMENT(.bss.$RAM3))
 *(SORT_BY_ALIGNMENT(.bss.$FLEX_RAM))
 *(SORT_BY_ALIGNMENT(.bss.$RAM3.*))
 *(SORT_BY_ALIGNMENT(.bss.$FLEX_RAM.*))
                0x14000000                . = ALIGN ((. != 0x0)?0x8:0x1)
                [!provide]                PROVIDE (__end_bss_RAM3 = .)
                [!provide]                PROVIDE (__end_bss_FLEX_RAM = .)

.bss            0x20000078     0x14d8
                0x20000078                _bss = .
                [!provide]                PROVIDE (__start_bss_RAM = .)
                [!provide]                PROVIDE (__start_bss_SRAM_UPPER = .)
 *(SORT_BY_ALIGNMENT(.bss*))
 .bss.InitModulesThreadStack
                0x20000078      0x190 ./source/main.o
 .bss.PacketGetModulesThreadStack
                0x20000208      0x190 ./source/main.o
 .bss.UARTTimerThreadStack
                0x20000398      0x190 ./source/main.o
 .bss.PITCallbackThreadStack
                0x20000528      0x190 ./source/main.o
 .bss.ReceiveThreadStack
                0x200006b8      0x190 ./Modules/UART/UART.o
 .bss.TransmitThreadStack
                0x20000848      0x190 ./Modules/UART/UART.o
 .bss.phraseToWrite.6953
                0x200009d8        0x8 ./Modules/Flash/Flash.o
 .bss.IdleStack
                0x200009e0      0x400 C:\Users\User\git\Project\Library\libOS.a(OS.o)
 .bss.UART_TIMER
                0x20000de0       0x14 ./source/main.o
 .bss.UART_SETUP
                0x20000df4        0x8 ./source/main.o
 .bss.UARTTimerSemaphore
                0x20000dfc       0x20 ./source/main.o
                0x20000dfc                UARTTimerSemaphore
 .bss.PITSemaphore
                0x20000e1c        0x4 ./source/main.o
                0x20000e1c                PITSemaphore
 .bss.g_xtal0Freq
                0x20000e20        0x4 ./drivers/fsl_clock.o
                0x20000e20                g_xtal0Freq
 .bss.g_xtal32Freq
                0x20000e24        0x4 ./drivers/fsl_clock.o
                0x20000e24                g_xtal32Freq
 .bss.RxFIFO    0x20000e28      0x10c ./Modules/UART/UART.o
 .bss.TxFIFO    0x20000f34      0x10c ./Modules/UART/UART.o
 .bss.RxSemaphore
                0x20001040        0x4 ./Modules/UART/UART.o
                0x20001040                RxSemaphore
 .bss.TxSemaphore
                0x20001044        0x4 ./Modules/UART/UART.o
                0x20001044                TxSemaphore
 .bss.PacketPutSemaphore
                0x20001048        0x4 ./Modules/Packet/packet.o
 .bss.Packet    0x2000104c        0x5 ./Modules/Packet/packet.o
                0x2000104c                Packet
 *fill*         0x20001051        0x3 
 .bss.PITmoduleClk.8320
                0x20001054        0x4 ./Modules/PIT/PIT.o
 .bss.FlashSectorsAllocated.6939
                0x20001058        0x8 ./Modules/Flash/Flash.o
 .bss.phraseAddress.6954
                0x20001060        0x4 ./Modules/Flash/Flash.o
 .bss.CallbackFunction
                0x20001064        0x4 ./Modules/FTM/FTM.o
 .bss.CallbackArguments
                0x20001068        0x4 ./Modules/FTM/FTM.o
 .bss.FTMSemaphore
                0x2000106c        0x4 ./Modules/FTM/FTM.o
 .bss.TCBUnusedMain
                0x20001070       0x18 C:\Users\User\git\Project\Library\libOS.a(OS.o)
 .bss.TCBTable  0x20001088      0x300 C:\Users\User\git\Project\Library\libOS.a(OS.o)
 .bss.pTCBFreeList
                0x20001388        0x4 C:\Users\User\git\Project\Library\libOS.a(OS.o)
 .bss.pTCBAllocatedList
                0x2000138c        0x4 C:\Users\User\git\Project\Library\libOS.a(OS.o)
 .bss.pTCBPriorityTable
                0x20001390       0x80 C:\Users\User\git\Project\Library\libOS.a(OS.o)
 .bss.pTCBRunning
                0x20001410        0x4 C:\Users\User\git\Project\Library\libOS.a(OS.o)
 .bss.pTCBHighestReady
                0x20001414        0x4 C:\Users\User\git\Project\Library\libOS.a(OS.o)
 .bss.ReadyList
                0x20001418        0x4 C:\Users\User\git\Project\Library\libOS.a(OS.o)
 .bss.ECBTable  0x2000141c      0x100 C:\Users\User\git\Project\Library\libOS.a(OS.o)
 .bss.IdleCounter
                0x2000151c        0x4 C:\Users\User\git\Project\Library\libOS.a(OS.o)
 .bss.Ticks     0x20001520        0x4 C:\Users\User\git\Project\Library\libOS.a(OS.o)
 .bss.__malloc_free_list
                0x20001524        0x4 c:/nxp/mcuxpressoide_11.1.1_3241/ide/plugins/com.nxp.mcuxpresso.tools.win32_11.1.0.202001081728/tools/bin/../lib/gcc/arm-none-eabi/8.3.1/../../../../arm-none-eabi/lib/thumb/v7e-m+fp/hard\libc_nano.a(lib_a-nano-mallocr.o)
                0x20001524                __malloc_free_list
 .bss.__malloc_sbrk_start
                0x20001528        0x4 c:/nxp/mcuxpressoide_11.1.1_3241/ide/plugins/com.nxp.mcuxpresso.tools.win32_11.1.0.202001081728/tools/bin/../lib/gcc/arm-none-eabi/8.3.1/../../../../arm-none-eabi/lib/thumb/v7e-m+fp/hard\libc_nano.a(lib_a-nano-mallocr.o)
                0x20001528                __malloc_sbrk_start
 .bss.__end_of_heap
                0x2000152c        0x4 c:/nxp/mcuxpressoide_11.1.1_3241/ide/plugins/com.nxp.mcuxpresso.tools.win32_11.1.0.202001081728/tools/bin/../lib/gcc/arm-none-eabi/8.3.1/../../../../arm-none-eabi/lib/thumb/v7e-m+fp/hard\libcr_newlib_nohost.a(_cr_sbrk.o)
                0x2000152c                __end_of_heap
 .bss.setBaudRate.8469
                0x20001530        0x2 ./Modules/UART/UART.o
 .bss.BaudRateFineAdjust.8470
                0x20001532        0x2 ./Modules/UART/UART.o
 .bss.success.8689
                0x20001534        0x1 ./source/main.o
 .bss.error     0x20001535        0x1 ./Modules/UART/UART.o
                0x20001535                error
 .bss.temp.6976
                0x20001536        0x1 ./Modules/Packet/packet.o
 .bss.uartInData.6985
                0x20001537        0x1 ./Modules/Packet/packet.o
 .bss.packetPosition.6984
                0x20001538        0x1 ./Modules/Packet/packet.o
 .bss.NextECBFree
                0x20001539        0x1 C:\Users\User\git\Project\Library\libOS.a(OS.o)
 .bss.ISRNestLevel
                0x2000153a        0x1 C:\Users\User\git\Project\Library\libOS.a(OS.o)
 .bss.OSSR_reg  0x2000153b        0x1 C:\Users\User\git\Project\Library\libOS.a(OS.o)
                0x2000153b                OSSR_reg
 .bss.OSSR_lock
                0x2000153c        0x1 C:\Users\User\git\Project\Library\libOS.a(OS.o)
                0x2000153c                OSSR_lock
 *(SORT_BY_ALIGNMENT(COMMON))
 *fill*         0x2000153d        0x3 
 COMMON         0x20001540        0x4 c:/nxp/mcuxpressoide_11.1.1_3241/ide/plugins/com.nxp.mcuxpresso.tools.win32_11.1.0.202001081728/tools/bin/../lib/gcc/arm-none-eabi/8.3.1/../../../../arm-none-eabi/lib/thumb/v7e-m+fp/hard\libc_nano.a(lib_a-reent.o)
                0x20001540                errno
 COMMON         0x20001544        0x9 c:/nxp/mcuxpressoide_11.1.1_3241/ide/plugins/com.nxp.mcuxpresso.tools.win32_11.1.0.202001081728/tools/bin/../lib/gcc/arm-none-eabi/8.3.1/../../../../arm-none-eabi/lib/thumb/v7e-m+fp/hard\libc_nano.a(lib_a-lock.o)
                0x20001544                __lock___atexit_recursive_mutex
                0x20001545                __lock___arc4random_mutex
                0x20001546                __lock___env_recursive_mutex
                0x20001547                __lock___sinit_recursive_mutex
                0x20001548                __lock___malloc_recursive_mutex
                0x20001549                __lock___at_quick_exit_mutex
                0x2000154a                __lock___dd_hash_mutex
                0x2000154b                __lock___tz_mutex
                0x2000154c                __lock___sfp_recursive_mutex
                0x20001550                . = ALIGN (0x8)
 *fill*         0x2000154d        0x3 
                0x20001550                _ebss = .
                [!provide]                PROVIDE (__end_bss_RAM = .)
                [!provide]                PROVIDE (__end_bss_SRAM_UPPER = .)
                [!provide]                PROVIDE (end = .)

.noinit_RAM2    0x1fff0000        0x0
                [!provide]                PROVIDE (__start_noinit_RAM2 = .)
                [!provide]                PROVIDE (__start_noinit_SRAM_LOWER = .)
 *(SORT_BY_ALIGNMENT(.noinit.$RAM2))
 *(SORT_BY_ALIGNMENT(.noinit.$SRAM_LOWER))
 *(SORT_BY_ALIGNMENT(.noinit.$RAM2.*))
 *(SORT_BY_ALIGNMENT(.noinit.$SRAM_LOWER.*))
                0x1fff0000                . = ALIGN (0x8)
                [!provide]                PROVIDE (__end_noinit_RAM2 = .)
                [!provide]                PROVIDE (__end_noinit_SRAM_LOWER = .)

.noinit_RAM3    0x14000000        0x0
                [!provide]                PROVIDE (__start_noinit_RAM3 = .)
                [!provide]                PROVIDE (__start_noinit_FLEX_RAM = .)
 *(SORT_BY_ALIGNMENT(.noinit.$RAM3))
 *(SORT_BY_ALIGNMENT(.noinit.$FLEX_RAM))
 *(SORT_BY_ALIGNMENT(.noinit.$RAM3.*))
 *(SORT_BY_ALIGNMENT(.noinit.$FLEX_RAM.*))
                0x14000000                . = ALIGN (0x8)
                [!provide]                PROVIDE (__end_noinit_RAM3 = .)
                [!provide]                PROVIDE (__end_noinit_FLEX_RAM = .)

.noinit         0x20001550        0x0
                0x20001550                _noinit = .
                [!provide]                PROVIDE (__start_noinit_RAM = .)
                [!provide]                PROVIDE (__start_noinit_SRAM_UPPER = .)
 *(SORT_BY_ALIGNMENT(.noinit*))
                0x20001550                . = ALIGN (0x8)
                0x20001550                _end_noinit = .
                [!provide]                PROVIDE (__end_noinit_RAM = .)
                [!provide]                PROVIDE (__end_noinit_SRAM_UPPER = .)
                0x00001000                _HeapSize = 0x1000

.heap           0x20001550     0x1000
                0x20001550                _pvHeapStart = .
                0x20002550                . = (. + _HeapSize)
 *fill*         0x20001550     0x1000 
                0x20002550                . = ALIGN (0x8)
                0x20002550                _pvHeapLimit = .
                0x00001000                _StackSize = 0x1000

.heap2stackfill
                0x20002550     0x1000
                0x20003550                . = (. + _StackSize)
 *fill*         0x20002550     0x1000 

.stack          0x2002f000        0x0
                0x2002f000                _vStackBase = .
                0x2002f000                . = ALIGN (0x8)
                0x20030000                _vStackTop = (. + _StackSize)
                0x00000000                _image_start = LOADADDR (.text)
                0x00004fc0                _image_end = (LOADADDR (.data) + SIZEOF (.data))
                0x00004fc0                _image_size = (_image_end - _image_start)
OUTPUT(Project.axf elf32-littlearm)

.debug_info     0x00000000    0x15e7c
 .debug_info    0x00000000      0x92e ./startup/startup_mk64f12.o
 .debug_info    0x0000092e     0x1736 ./source/main.o
 .debug_info    0x00002064     0x2b25 ./drivers/fsl_clock.o
 .debug_info    0x00004b89      0xfa5 ./drivers/fsl_gpio.o
 .debug_info    0x00005b2e      0x667 ./device/system_MK64F12.o
 .debug_info    0x00006195     0x1464 ./board/clock_config.o
 .debug_info    0x000075f9      0xd8f ./board/pin_mux.o
 .debug_info    0x00008388     0x1a6c ./Modules/UART/UART.o
 .debug_info    0x00009df4      0x3ef ./Modules/Packet/packet.o
 .debug_info    0x0000a1e3     0x13ec ./Modules/PIT/PIT.o
 .debug_info    0x0000b5cf     0x1309 ./Modules/LEDs/LEDs.o
 .debug_info    0x0000c8d8      0x77e ./Modules/Flash/Flash.o
 .debug_info    0x0000d056     0x15d5 ./Modules/FTM/FTM.o
 .debug_info    0x0000e62b      0x21d ./Modules/FIFO/FIFO.o
 .debug_info    0x0000e848     0x1cbf C:\Users\User\git\Project\Library\libOS.a(OS.o)
 .debug_info    0x00010507      0x9f8 c:/nxp/mcuxpressoide_11.1.1_3241/ide/plugins/com.nxp.mcuxpresso.tools.win32_11.1.0.202001081728/tools/bin/../lib/gcc/arm-none-eabi/8.3.1/../../../../arm-none-eabi/lib/thumb/v7e-m+fp/hard\libcr_newlib_nohost.a(_cr_sbrk.o)
 .debug_info    0x00010eff       0xa3 c:/nxp/mcuxpressoide_11.1.1_3241/ide/plugins/com.nxp.mcuxpresso.tools.win32_11.1.0.202001081728/tools/bin/../lib/gcc/arm-none-eabi/8.3.1/../../../../arm-none-eabi/lib/thumb/v7e-m+fp/hard\libcr_newlib_nohost.a(_exit.o)
 .debug_info    0x00010fa2      0x979 c:/nxp/mcuxpressoide_11.1.1_3241/ide/plugins/com.nxp.mcuxpresso.tools.win32_11.1.0.202001081728/tools/bin/../lib/gcc/arm-none-eabi/8.3.1/../../../../arm-none-eabi/lib/thumb/v7e-m+fp/hard\libcr_newlib_nohost.a(close.o)
 .debug_info    0x0001191b      0xbbb c:/nxp/mcuxpressoide_11.1.1_3241/ide/plugins/com.nxp.mcuxpresso.tools.win32_11.1.0.202001081728/tools/bin/../lib/gcc/arm-none-eabi/8.3.1/../../../../arm-none-eabi/lib/thumb/v7e-m+fp/hard\libcr_newlib_nohost.a(fstat.o)
 .debug_info    0x000124d6      0x964 c:/nxp/mcuxpressoide_11.1.1_3241/ide/plugins/com.nxp.mcuxpresso.tools.win32_11.1.0.202001081728/tools/bin/../lib/gcc/arm-none-eabi/8.3.1/../../../../arm-none-eabi/lib/thumb/v7e-m+fp/hard\libcr_newlib_nohost.a(getpid.o)
 .debug_info    0x00012e3a      0x979 c:/nxp/mcuxpressoide_11.1.1_3241/ide/plugins/com.nxp.mcuxpresso.tools.win32_11.1.0.202001081728/tools/bin/../lib/gcc/arm-none-eabi/8.3.1/../../../../arm-none-eabi/lib/thumb/v7e-m+fp/hard\libcr_newlib_nohost.a(isatty.o)
 .debug_info    0x000137b3      0x987 c:/nxp/mcuxpressoide_11.1.1_3241/ide/plugins/com.nxp.mcuxpresso.tools.win32_11.1.0.202001081728/tools/bin/../lib/gcc/arm-none-eabi/8.3.1/../../../../arm-none-eabi/lib/thumb/v7e-m+fp/hard\libcr_newlib_nohost.a(kill.o)
 .debug_info    0x0001413a      0x99b c:/nxp/mcuxpressoide_11.1.1_3241/ide/plugins/com.nxp.mcuxpresso.tools.win32_11.1.0.202001081728/tools/bin/../lib/gcc/arm-none-eabi/8.3.1/../../../../arm-none-eabi/lib/thumb/v7e-m+fp/hard\libcr_newlib_nohost.a(lseek.o)
 .debug_info    0x00014ad5      0x99b c:/nxp/mcuxpressoide_11.1.1_3241/ide/plugins/com.nxp.mcuxpresso.tools.win32_11.1.0.202001081728/tools/bin/../lib/gcc/arm-none-eabi/8.3.1/../../../../arm-none-eabi/lib/thumb/v7e-m+fp/hard\libcr_newlib_nohost.a(read.o)
 .debug_info    0x00015470      0x99b c:/nxp/mcuxpressoide_11.1.1_3241/ide/plugins/com.nxp.mcuxpresso.tools.win32_11.1.0.202001081728/tools/bin/../lib/gcc/arm-none-eabi/8.3.1/../../../../arm-none-eabi/lib/thumb/v7e-m+fp/hard\libcr_newlib_nohost.a(write.o)
 .debug_info    0x00015e0b       0x71 c:/nxp/mcuxpressoide_11.1.1_3241/ide/plugins/com.nxp.mcuxpresso.tools.win32_11.1.0.202001081728/tools/bin/../lib/gcc/arm-none-eabi/8.3.1/../../../../arm-none-eabi/lib/thumb/v7e-m+fp/hard\libcr_newlib_nohost.a(_cr_check_heap.o)

.debug_abbrev   0x00000000     0x3d3d
 .debug_abbrev  0x00000000      0x17a ./startup/startup_mk64f12.o
 .debug_abbrev  0x0000017a      0x40f ./source/main.o
 .debug_abbrev  0x00000589      0x455 ./drivers/fsl_clock.o
 .debug_abbrev  0x000009de      0x29c ./drivers/fsl_gpio.o
 .debug_abbrev  0x00000c7a      0x15b ./device/system_MK64F12.o
 .debug_abbrev  0x00000dd5      0x30a ./board/clock_config.o
 .debug_abbrev  0x000010df      0x28b ./board/pin_mux.o
 .debug_abbrev  0x0000136a      0x3e0 ./Modules/UART/UART.o
 .debug_abbrev  0x0000174a      0x161 ./Modules/Packet/packet.o
 .debug_abbrev  0x000018ab      0x344 ./Modules/PIT/PIT.o
 .debug_abbrev  0x00001bef      0x32c ./Modules/LEDs/LEDs.o
 .debug_abbrev  0x00001f1b      0x258 ./Modules/Flash/Flash.o
 .debug_abbrev  0x00002173      0x337 ./Modules/FTM/FTM.o
 .debug_abbrev  0x000024aa      0x118 ./Modules/FIFO/FIFO.o
 .debug_abbrev  0x000025c2      0x490 C:\Users\User\git\Project\Library\libOS.a(OS.o)
 .debug_abbrev  0x00002a52      0x24a c:/nxp/mcuxpressoide_11.1.1_3241/ide/plugins/com.nxp.mcuxpresso.tools.win32_11.1.0.202001081728/tools/bin/../lib/gcc/arm-none-eabi/8.3.1/../../../../arm-none-eabi/lib/thumb/v7e-m+fp/hard\libcr_newlib_nohost.a(_cr_sbrk.o)
 .debug_abbrev  0x00002c9c       0x67 c:/nxp/mcuxpressoide_11.1.1_3241/ide/plugins/com.nxp.mcuxpresso.tools.win32_11.1.0.202001081728/tools/bin/../lib/gcc/arm-none-eabi/8.3.1/../../../../arm-none-eabi/lib/thumb/v7e-m+fp/hard\libcr_newlib_nohost.a(_exit.o)
 .debug_abbrev  0x00002d03      0x1ea c:/nxp/mcuxpressoide_11.1.1_3241/ide/plugins/com.nxp.mcuxpresso.tools.win32_11.1.0.202001081728/tools/bin/../lib/gcc/arm-none-eabi/8.3.1/../../../../arm-none-eabi/lib/thumb/v7e-m+fp/hard\libcr_newlib_nohost.a(close.o)
 .debug_abbrev  0x00002eed      0x1fd c:/nxp/mcuxpressoide_11.1.1_3241/ide/plugins/com.nxp.mcuxpresso.tools.win32_11.1.0.202001081728/tools/bin/../lib/gcc/arm-none-eabi/8.3.1/../../../../arm-none-eabi/lib/thumb/v7e-m+fp/hard\libcr_newlib_nohost.a(fstat.o)
 .debug_abbrev  0x000030ea      0x1d6 c:/nxp/mcuxpressoide_11.1.1_3241/ide/plugins/com.nxp.mcuxpresso.tools.win32_11.1.0.202001081728/tools/bin/../lib/gcc/arm-none-eabi/8.3.1/../../../../arm-none-eabi/lib/thumb/v7e-m+fp/hard\libcr_newlib_nohost.a(getpid.o)
 .debug_abbrev  0x000032c0      0x1ea c:/nxp/mcuxpressoide_11.1.1_3241/ide/plugins/com.nxp.mcuxpresso.tools.win32_11.1.0.202001081728/tools/bin/../lib/gcc/arm-none-eabi/8.3.1/../../../../arm-none-eabi/lib/thumb/v7e-m+fp/hard\libcr_newlib_nohost.a(isatty.o)
 .debug_abbrev  0x000034aa      0x1fb c:/nxp/mcuxpressoide_11.1.1_3241/ide/plugins/com.nxp.mcuxpresso.tools.win32_11.1.0.202001081728/tools/bin/../lib/gcc/arm-none-eabi/8.3.1/../../../../arm-none-eabi/lib/thumb/v7e-m+fp/hard\libcr_newlib_nohost.a(kill.o)
 .debug_abbrev  0x000036a5      0x20f c:/nxp/mcuxpressoide_11.1.1_3241/ide/plugins/com.nxp.mcuxpresso.tools.win32_11.1.0.202001081728/tools/bin/../lib/gcc/arm-none-eabi/8.3.1/../../../../arm-none-eabi/lib/thumb/v7e-m+fp/hard\libcr_newlib_nohost.a(lseek.o)
 .debug_abbrev  0x000038b4      0x20f c:/nxp/mcuxpressoide_11.1.1_3241/ide/plugins/com.nxp.mcuxpresso.tools.win32_11.1.0.202001081728/tools/bin/../lib/gcc/arm-none-eabi/8.3.1/../../../../arm-none-eabi/lib/thumb/v7e-m+fp/hard\libcr_newlib_nohost.a(read.o)
 .debug_abbrev  0x00003ac3      0x20f c:/nxp/mcuxpressoide_11.1.1_3241/ide/plugins/com.nxp.mcuxpresso.tools.win32_11.1.0.202001081728/tools/bin/../lib/gcc/arm-none-eabi/8.3.1/../../../../arm-none-eabi/lib/thumb/v7e-m+fp/hard\libcr_newlib_nohost.a(write.o)
 .debug_abbrev  0x00003cd2       0x6b c:/nxp/mcuxpressoide_11.1.1_3241/ide/plugins/com.nxp.mcuxpresso.tools.win32_11.1.0.202001081728/tools/bin/../lib/gcc/arm-none-eabi/8.3.1/../../../../arm-none-eabi/lib/thumb/v7e-m+fp/hard\libcr_newlib_nohost.a(_cr_check_heap.o)

.debug_aranges  0x00000000      0xb18
 .debug_aranges
                0x00000000      0x330 ./startup/startup_mk64f12.o
 .debug_aranges
                0x00000330       0x90 ./source/main.o
 .debug_aranges
                0x000003c0      0x1f8 ./drivers/fsl_clock.o
 .debug_aranges
                0x000005b8       0x40 ./drivers/fsl_gpio.o
 .debug_aranges
                0x000005f8       0x30 ./device/system_MK64F12.o
 .debug_aranges
                0x00000628       0x58 ./board/clock_config.o
 .debug_aranges
                0x00000680       0x38 ./board/pin_mux.o
 .debug_aranges
                0x000006b8       0x70 ./Modules/UART/UART.o
 .debug_aranges
                0x00000728       0x38 ./Modules/Packet/packet.o
 .debug_aranges
                0x00000760       0x50 ./Modules/PIT/PIT.o
 .debug_aranges
                0x000007b0       0x48 ./Modules/LEDs/LEDs.o
 .debug_aranges
                0x000007f8       0x68 ./Modules/Flash/Flash.o
 .debug_aranges
                0x00000860       0x50 ./Modules/FTM/FTM.o
 .debug_aranges
                0x000008b0       0x30 ./Modules/FIFO/FIFO.o
 .debug_aranges
                0x000008e0       0xd8 C:\Users\User\git\Project\Library\libOS.a(OS.o)
 .debug_aranges
                0x000009b8       0x20 c:/nxp/mcuxpressoide_11.1.1_3241/ide/plugins/com.nxp.mcuxpresso.tools.win32_11.1.0.202001081728/tools/bin/../lib/gcc/arm-none-eabi/8.3.1/../../../../arm-none-eabi/lib/thumb/v7e-m+fp/hard\libcr_newlib_nohost.a(_cr_sbrk.o)
 .debug_aranges
                0x000009d8       0x20 c:/nxp/mcuxpressoide_11.1.1_3241/ide/plugins/com.nxp.mcuxpresso.tools.win32_11.1.0.202001081728/tools/bin/../lib/gcc/arm-none-eabi/8.3.1/../../../../arm-none-eabi/lib/thumb/v7e-m+fp/hard\libcr_newlib_nohost.a(_exit.o)
 .debug_aranges
                0x000009f8       0x20 c:/nxp/mcuxpressoide_11.1.1_3241/ide/plugins/com.nxp.mcuxpresso.tools.win32_11.1.0.202001081728/tools/bin/../lib/gcc/arm-none-eabi/8.3.1/../../../../arm-none-eabi/lib/thumb/v7e-m+fp/hard\libcr_newlib_nohost.a(close.o)
 .debug_aranges
                0x00000a18       0x20 c:/nxp/mcuxpressoide_11.1.1_3241/ide/plugins/com.nxp.mcuxpresso.tools.win32_11.1.0.202001081728/tools/bin/../lib/gcc/arm-none-eabi/8.3.1/../../../../arm-none-eabi/lib/thumb/v7e-m+fp/hard\libcr_newlib_nohost.a(fstat.o)
 .debug_aranges
                0x00000a38       0x20 c:/nxp/mcuxpressoide_11.1.1_3241/ide/plugins/com.nxp.mcuxpresso.tools.win32_11.1.0.202001081728/tools/bin/../lib/gcc/arm-none-eabi/8.3.1/../../../../arm-none-eabi/lib/thumb/v7e-m+fp/hard\libcr_newlib_nohost.a(getpid.o)
 .debug_aranges
                0x00000a58       0x20 c:/nxp/mcuxpressoide_11.1.1_3241/ide/plugins/com.nxp.mcuxpresso.tools.win32_11.1.0.202001081728/tools/bin/../lib/gcc/arm-none-eabi/8.3.1/../../../../arm-none-eabi/lib/thumb/v7e-m+fp/hard\libcr_newlib_nohost.a(isatty.o)
 .debug_aranges
                0x00000a78       0x20 c:/nxp/mcuxpressoide_11.1.1_3241/ide/plugins/com.nxp.mcuxpresso.tools.win32_11.1.0.202001081728/tools/bin/../lib/gcc/arm-none-eabi/8.3.1/../../../../arm-none-eabi/lib/thumb/v7e-m+fp/hard\libcr_newlib_nohost.a(kill.o)
 .debug_aranges
                0x00000a98       0x20 c:/nxp/mcuxpressoide_11.1.1_3241/ide/plugins/com.nxp.mcuxpresso.tools.win32_11.1.0.202001081728/tools/bin/../lib/gcc/arm-none-eabi/8.3.1/../../../../arm-none-eabi/lib/thumb/v7e-m+fp/hard\libcr_newlib_nohost.a(lseek.o)
 .debug_aranges
                0x00000ab8       0x20 c:/nxp/mcuxpressoide_11.1.1_3241/ide/plugins/com.nxp.mcuxpresso.tools.win32_11.1.0.202001081728/tools/bin/../lib/gcc/arm-none-eabi/8.3.1/../../../../arm-none-eabi/lib/thumb/v7e-m+fp/hard\libcr_newlib_nohost.a(read.o)
 .debug_aranges
                0x00000ad8       0x20 c:/nxp/mcuxpressoide_11.1.1_3241/ide/plugins/com.nxp.mcuxpresso.tools.win32_11.1.0.202001081728/tools/bin/../lib/gcc/arm-none-eabi/8.3.1/../../../../arm-none-eabi/lib/thumb/v7e-m+fp/hard\libcr_newlib_nohost.a(write.o)
 .debug_aranges
                0x00000af8       0x20 c:/nxp/mcuxpressoide_11.1.1_3241/ide/plugins/com.nxp.mcuxpresso.tools.win32_11.1.0.202001081728/tools/bin/../lib/gcc/arm-none-eabi/8.3.1/../../../../arm-none-eabi/lib/thumb/v7e-m+fp/hard\libcr_newlib_nohost.a(_cr_check_heap.o)

.debug_ranges   0x00000000      0x978
 .debug_ranges  0x00000000      0x320 ./startup/startup_mk64f12.o
 .debug_ranges  0x00000320       0x80 ./source/main.o
 .debug_ranges  0x000003a0      0x1e8 ./drivers/fsl_clock.o
 .debug_ranges  0x00000588       0x30 ./drivers/fsl_gpio.o
 .debug_ranges  0x000005b8       0x20 ./device/system_MK64F12.o
 .debug_ranges  0x000005d8       0x48 ./board/clock_config.o
 .debug_ranges  0x00000620       0x28 ./board/pin_mux.o
 .debug_ranges  0x00000648       0x60 ./Modules/UART/UART.o
 .debug_ranges  0x000006a8       0x28 ./Modules/Packet/packet.o
 .debug_ranges  0x000006d0       0x40 ./Modules/PIT/PIT.o
 .debug_ranges  0x00000710       0x38 ./Modules/LEDs/LEDs.o
 .debug_ranges  0x00000748       0x58 ./Modules/Flash/Flash.o
 .debug_ranges  0x000007a0       0x40 ./Modules/FTM/FTM.o