Archive member included to satisfy reference by file (symbol)

C:\Users\User\git\Project\Library\libOS.a(OS.o)
                              ./source/main.o (OS_Init)
C:\Users\User\git\Project\Library\libFG.a(FG.o)
                              ./source/main.o (FG_PacketHandledSuccessfully)
C:\Users\User\git\Project\Library\libFG.a(wave.o)
                              C:\Users\User\git\Project\Library\libFG.a(FG.o) (Wave_Channels)
C:\Users\User\git\Project\Library\libFG.a(DAC.o)
                              C:\Users\User\git\Project\Library\libFG.a(FG.o) (DAC_Put)
c:/nxp/mcuxpressoide_11.1.1_3241/ide/plugins/com.nxp.mcuxpresso.tools.win32_11.1.0.202001081728/tools/bin/../lib/gcc/arm-none-eabi/8.3.1/thumb/v7e-m+fp/hard\libgcc.a(_arm_addsubdf3.o)
                              ./Modules/PIT/PIT.o (__aeabi_ui2d)
c:/nxp/mcuxpressoide_11.1.1_3241/ide/plugins/com.nxp.mcuxpresso.tools.win32_11.1.0.202001081728/tools/bin/../lib/gcc/arm-none-eabi/8.3.1/thumb/v7e-m+fp/hard\libgcc.a(_arm_muldivdf3.o)
                              ./Modules/PIT/PIT.o (__aeabi_ddiv)
c:/nxp/mcuxpressoide_11.1.1_3241/ide/plugins/com.nxp.mcuxpresso.tools.win32_11.1.0.202001081728/tools/bin/../lib/gcc/arm-none-eabi/8.3.1/thumb/v7e-m+fp/hard\libgcc.a(_arm_fixunsdfsi.o)
                              ./Modules/PIT/PIT.o (__aeabi_d2uiz)
c:/nxp/mcuxpressoide_11.1.1_3241/ide/plugins/com.nxp.mcuxpresso.tools.win32_11.1.0.202001081728/tools/bin/../lib/gcc/arm-none-eabi/8.3.1/thumb/v7e-m+fp/hard\libgcc.a(_arm_truncdfsf2.o)
                              ./Modules/VRR/VRR.o (__aeabi_d2f)
c:/nxp/mcuxpressoide_11.1.1_3241/ide/plugins/com.nxp.mcuxpresso.tools.win32_11.1.0.202001081728/tools/bin/../lib/gcc/arm-none-eabi/8.3.1/thumb/v7e-m+fp/hard\libgcc.a(_aeabi_uldivmod.o)
                              ./drivers/fsl_common.o (__aeabi_uldivmod)
c:/nxp/mcuxpressoide_11.1.1_3241/ide/plugins/com.nxp.mcuxpresso.tools.win32_11.1.0.202001081728/tools/bin/../lib/gcc/arm-none-eabi/8.3.1/thumb/v7e-m+fp/hard\libgcc.a(_fixunsdfdi.o)
                              ./Modules/PIT/PIT.o (__aeabi_d2ulz)
c:/nxp/mcuxpressoide_11.1.1_3241/ide/plugins/com.nxp.mcuxpresso.tools.win32_11.1.0.202001081728/tools/bin/../lib/gcc/arm-none-eabi/8.3.1/thumb/v7e-m+fp/hard\libgcc.a(_udivmoddi4.o)
                              c:/nxp/mcuxpressoide_11.1.1_3241/ide/plugins/com.nxp.mcuxpresso.tools.win32_11.1.0.202001081728/tools/bin/../lib/gcc/arm-none-eabi/8.3.1/thumb/v7e-m+fp/hard\libgcc.a(_aeabi_uldivmod.o) (__udivmoddi4)
c:/nxp/mcuxpressoide_11.1.1_3241/ide/plugins/com.nxp.mcuxpresso.tools.win32_11.1.0.202001081728/tools/bin/../lib/gcc/arm-none-eabi/8.3.1/thumb/v7e-m+fp/hard\libgcc.a(_dvmd_tls.o)
                              c:/nxp/mcuxpressoide_11.1.1_3241/ide/plugins/com.nxp.mcuxpresso.tools.win32_11.1.0.202001081728/tools/bin/../lib/gcc/arm-none-eabi/8.3.1/thumb/v7e-m+fp/hard\libgcc.a(_aeabi_uldivmod.o) (__aeabi_ldiv0)
c:/nxp/mcuxpressoide_11.1.1_3241/ide/plugins/com.nxp.mcuxpresso.tools.win32_11.1.0.202001081728/tools/bin/../lib/gcc/arm-none-eabi/8.3.1/../../../../arm-none-eabi/lib/thumb/v7e-m+fp/hard\libc_nano.a(lib_a-assert.o)
                              ./drivers/fsl_clock.o (__assert_func)
c:/nxp/mcuxpressoide_11.1.1_3241/ide/plugins/com.nxp.mcuxpresso.tools.win32_11.1.0.202001081728/tools/bin/../lib/gcc/arm-none-eabi/8.3.1/../../../../arm-none-eabi/lib/thumb/v7e-m+fp/hard\libc_nano.a(lib_a-fprintf.o)
                              c:/nxp/mcuxpressoide_11.1.1_3241/ide/plugins/com.nxp.mcuxpresso.tools.win32_11.1.0.202001081728/tools/bin/../lib/gcc/arm-none-eabi/8.3.1/../../../../arm-none-eabi/lib/thumb/v7e-m+fp/hard\libc_nano.a(lib_a-assert.o) (fiprintf)
c:/nxp/mcuxpressoide_11.1.1_3241/ide/plugins/com.nxp.mcuxpresso.tools.win32_11.1.0.202001081728/tools/bin/../lib/gcc/arm-none-eabi/8.3.1/../../../../arm-none-eabi/lib/thumb/v7e-m+fp/hard\libc_nano.a(lib_a-impure.o)
                              c:/nxp/mcuxpressoide_11.1.1_3241/ide/plugins/com.nxp.mcuxpresso.tools.win32_11.1.0.202001081728/tools/bin/../lib/gcc/arm-none-eabi/8.3.1/../../../../arm-none-eabi/lib/thumb/v7e-m+fp/hard\libc_nano.a(lib_a-assert.o) (_impure_ptr)
c:/nxp/mcuxpressoide_11.1.1_3241/ide/plugins/com.nxp.mcuxpresso.tools.win32_11.1.0.202001081728/tools/bin/../lib/gcc/arm-none-eabi/8.3.1/../../../../arm-none-eabi/lib/thumb/v7e-m+fp/hard\libc_nano.a(lib_a-malloc.o)
                              ./drivers/fsl_common.o (malloc)
c:/nxp/mcuxpressoide_11.1.1_3241/ide/plugins/com.nxp.mcuxpresso.tools.win32_11.1.0.202001081728/tools/bin/../lib/gcc/arm-none-eabi/8.3.1/../../../../arm-none-eabi/lib/thumb/v7e-m+fp/hard\libc_nano.a(lib_a-nano-freer.o)
                              c:/nxp/mcuxpressoide_11.1.1_3241/ide/plugins/com.nxp.mcuxpresso.tools.win32_11.1.0.202001081728/tools/bin/../lib/gcc/arm-none-eabi/8.3.1/../../../../arm-none-eabi/lib/thumb/v7e-m+fp/hard\libc_nano.a(lib_a-malloc.o) (_free_r)
[...]
Memory Configuration

Name             Origin             Length             Attributes
PROGRAM_FLASH    0x00000000         0x00100000         xr
SRAM_UPPER       0x20000000         0x00030000         xrw
SRAM_LOWER       0x1fff0000         0x00010000         xrw
FLEX_RAM         0x14000000         0x00001000         xrw
*default*        0x00000000         0xffffffff

Linker script and memory map

LOAD ./startup/startup_mk64f12.o
LOAD ./source/main.o
LOAD ./drivers/fsl_clock.o
LOAD ./drivers/fsl_common.o
LOAD ./drivers/fsl_gpio.o
LOAD ./drivers/fsl_smc.o
LOAD ./device/system_MK64F12.o
LOAD ./board/clock_config.o
LOAD ./board/pin_mux.o
LOAD ./Modules/VRR/VRR.o
LOAD ./Modules/UART/UART.o
LOAD ./Modules/Packet/packet.o
LOAD ./Modules/PIT/PIT.o
LOAD ./Modules/Median/median.o
LOAD ./Modules/LEDs/LEDs.o
LOAD ./Modules/Flash/Flash.o
LOAD ./Modules/FTM/FTM.o
LOAD ./Modules/FIFO/FIFO.o
LOAD ./Modules/Critical/critical.o
LOAD ./Modules/ADC/ADC.o
LOAD C:\Users\User\git\Project\Library\libLab3.a
LOAD C:\Users\User\git\Project\Library\libOS.a
LOAD C:\Users\User\git\Project\Library\libFG.a
START GROUP
LOAD c:/nxp/mcuxpressoide_11.1.1_3241/ide/plugins/com.nxp.mcuxpresso.tools.win32_11.1.0.202001081728/tools/bin/../lib/gcc/arm-none-eabi/8.3.1/thumb/v7e-m+fp/hard\libgcc.a
LOAD c:/nxp/mcuxpressoide_11.1.1_3241/ide/plugins/com.nxp.mcuxpresso.tools.win32_11.1.0.202001081728/tools/bin/../lib/gcc/arm-none-eabi/8.3.1/../../../../arm-none-eabi/lib/thumb/v7e-m+fp/hard\libc_nano.a
LOAD c:/nxp/mcuxpressoide_11.1.1_3241/ide/plugins/com.nxp.mcuxpresso.tools.win32_11.1.0.202001081728/tools/bin/../lib/gcc/arm-none-eabi/8.3.1/../../../../arm-none-eabi/lib/thumb/v7e-m+fp/hard\libm.a
LOAD c:/nxp/mcuxpressoide_11.1.1_3241/ide/plugins/com.nxp.mcuxpresso.tools.win32_11.1.0.202001081728/tools/bin/../lib/gcc/arm-none-eabi/8.3.1/../../../../arm-none-eabi/lib/thumb/v7e-m+fp/hard\libcr_newlib_nohost.a
END GROUP
                0x00000000                __base_PROGRAM_FLASH = 0x0
                0x00000000                __base_Flash = 0x0
                0x00100000                __top_PROGRAM_FLASH = 0x100000
                0x00100000                __top_Flash = 0x100000
                0x20000000                __base_SRAM_UPPER = 0x20000000
                0x20000000                __base_RAM = 0x20000000
                0x20030000                __top_SRAM_UPPER = 0x20030000
                0x20030000                __top_RAM = 0x20030000
                0x1fff0000                __base_SRAM_LOWER = 0x1fff0000
                0x1fff0000                __base_RAM2 = 0x1fff0000
                0x20000000                __top_SRAM_LOWER = 0x20000000
                0x20000000                __top_RAM2 = 0x20000000
                0x14000000                __base_FLEX_RAM = 0x14000000
                0x14000000                __base_RAM3 = 0x14000000
                0x14001000                __top_FLEX_RAM = 0x14001000
                0x14001000                __top_RAM3 = 0x14001000

.text           0x00000000     0x7c08
 FILL mask 0xff
                0x00000000                __vectors_start__ = ABSOLUTE (.)
 *(SORT_BY_ALIGNMENT(.isr_vector))
 .isr_vector    0x00000000      0x198 ./startup/startup_mk64f12.o
                0x00000000                g_pfnVectors
                0x00000000                __Vectors
                0x00000198                . = ALIGN (0x4)
                0x00000198                __section_table_start = .
                0x00000198                __data_section_table = .
                0x00000198        0x4 LONG 0x7c10 LOADADDR (.data)
                0x0000019c        0x4 LONG 0x20000000 ADDR (.data)
                0x000001a0        0x4 LONG 0x78 SIZEOF (.data)
                0x000001a4        0x4 LONG 0x7c10 LOADADDR (.data_RAM2)
                0x000001a8        0x4 LONG 0x1fff0000 ADDR (.data_RAM2)
                0x000001ac        0x4 LONG 0x0 SIZEOF (.data_RAM2)
                0x000001b0        0x4 LONG 0x7c10 LOADADDR (.data_RAM3)
                0x000001b4        0x4 LONG 0x14000000 ADDR (.data_RAM3)
                0x000001b8        0x4 LONG 0x0 SIZEOF (.data_RAM3)
                0x000001bc                __data_section_table_end = .
                0x000001bc                __bss_section_table = .
                0x000001bc        0x4 LONG 0x20000078 ADDR (.bss)
                0x000001c0        0x4 LONG 0x43e0 SIZEOF (.bss)
                0x000001c4        0x4 LONG 0x1fff0000 ADDR (.bss_RAM2)
                0x000001c8        0x4 LONG 0x0 SIZEOF (.bss_RAM2)
                0x000001cc        0x4 LONG 0x14000000 ADDR (.bss_RAM3)
                0x000001d0        0x4 LONG 0x0 SIZEOF (.bss_RAM3)
                0x000001d4                __bss_section_table_end = .
                0x000001d4                __section_table_end = .
 *(SORT_BY_ALIGNMENT(.after_vectors*))
 .after_vectors.reset
                0x000001d4       0x4c ./startup/startup_mk64f12.o
                0x000001d4                ResetISR
 .after_vectors.init_data
                0x00000220       0x1e ./startup/startup_mk64f12.o
                0x00000220                data_init
 .after_vectors.init_bss
                0x0000023e       0x12 ./startup/startup_mk64f12.o
                0x0000023e                bss_init
 .after_vectors
                0x00000250       0x14 ./startup/startup_mk64f12.o
                0x00000250                NMI_Handler
                0x00000252                HardFault_Handler
                0x00000254                MemManage_Handler
                0x00000256                BusFault_Handler
                0x00000258                UsageFault_Handler
                0x0000025a                SVC_Handler
                0x0000025c                DebugMon_Handler
                0x00000262                DMA_Error_DriverIRQHandler
                0x00000262                LPTMR0_DriverIRQHandler
                0x00000262                FTM1_DriverIRQHandler
                0x00000262                FTM2_DriverIRQHandler
                0x00000262                PIT2_DriverIRQHandler
                0x00000262                SDHC_DriverIRQHandler
                0x00000262                I2S0_Tx_DriverIRQHandler
                0x00000262                RTC_Seconds_DriverIRQHandler
                0x00000262                DMA6_DriverIRQHandler
                0x00000262                LLWU_DriverIRQHandler
                0x00000262                MCM_DriverIRQHandler
                0x00000262                MCG_DriverIRQHandler
                0x00000262                ENET_1588_Timer_DriverIRQHandler
                0x00000262                I2C2_DriverIRQHandler
                0x00000262                DAC1_DriverIRQHandler
                0x00000262                SPI1_DriverIRQHandler
                0x00000262                CMP1_DriverIRQHandler
                0x00000262                UART5_RX_TX_DriverIRQHandler
                0x00000262                FTM0_DriverIRQHandler
                0x00000262                IntDefaultHandler
                0x00000262                USB0_DriverIRQHandler
                0x00000262                UART5_ERR_DriverIRQHandler
                0x00000262                PORTC_DriverIRQHandler
                0x00000262                DMA11_DriverIRQHandler
                0x00000262                DAC0_DriverIRQHandler
                0x00000262                DMA10_DriverIRQHandler
                0x00000262                CMP2_DriverIRQHandler
                0x00000262                UART2_ERR_DriverIRQHandler
                0x00000262                SPI2_DriverIRQHandler
                0x00000262                LVD_LVW_DriverIRQHandler
                0x00000262                PIT0_DriverIRQHandler
                0x00000262                RNG_DriverIRQHandler
                0x00000262                DMA5_DriverIRQHandler
                0x00000262                DMA12_DriverIRQHandler
                0x00000262                UART2_RX_TX_DriverIRQHandler
                0x00000262                USBDCD_DriverIRQHandler
                0x00000262                UART3_ERR_DriverIRQHandler
                0x00000262                DMA3_DriverIRQHandler
                0x00000262                DMA8_DriverIRQHandler
                0x00000262                DMA9_DriverIRQHandler
                0x00000262                UART0_ERR_DriverIRQHandler
                0x00000262                CMT_DriverIRQHandler
                0x00000262                Reserved71_DriverIRQHandler
                0x00000262                ADC1_DriverIRQHandler
                0x00000262                PORTA_DriverIRQHandler
                0x00000262                DMA14_DriverIRQHandler
                0x00000262                PIT3_DriverIRQHandler
                0x00000262                PIT1_DriverIRQHandler
                0x00000262                WDOG_EWM_DriverIRQHandler
                0x00000262                PDB0_DriverIRQHandler
                0x00000262                RTC_DriverIRQHandler
                0x00000262                I2S0_Rx_DriverIRQHandler
                0x00000262                Read_Collision_DriverIRQHandler
                0x00000262                SWI_DriverIRQHandler
                0x00000262                UART4_RX_TX_DriverIRQHandler
                0x00000262                UART4_ERR_DriverIRQHandler
                0x00000262                PORTB_DriverIRQHandler
                0x00000262                UART0_LON_DriverIRQHandler
                0x00000262                DMA0_DriverIRQHandler
                0x00000262                DMA1_DriverIRQHandler
                0x00000262                I2C1_DriverIRQHandler
                0x00000262                UART3_RX_TX_DriverIRQHandler
                0x00000262                ENET_Receive_DriverIRQHandler
                0x00000262                DMA13_DriverIRQHandler
                0x00000262                ENET_Error_DriverIRQHandler
                0x00000262                DMA15_DriverIRQHandler
                0x00000262                UART0_RX_TX_DriverIRQHandler
                0x00000262                SPI0_DriverIRQHandler
                0x00000262                ADC0_DriverIRQHandler
                0x00000262                CMP0_DriverIRQHandler
                0x00000262                CAN0_DriverIRQHandler
                0x00000262                FTM3_DriverIRQHandler
                0x00000262                DMA4_DriverIRQHandler
                0x00000262                UART1_ERR_DriverIRQHandler
                0x00000262                DMA2_DriverIRQHandler
                0x00000262                ENET_Transmit_DriverIRQHandler
                0x00000262                PORTD_DriverIRQHandler
                0x00000262                PORTE_DriverIRQHandler
                0x00000262                FTFE_DriverIRQHandler
                0x00000262                I2C0_DriverIRQHandler
                0x00000262                DMA7_DriverIRQHandler
                0x00000262                UART1_RX_TX_DriverIRQHandler
                0x00000400                . = 0x400
 *fill*         0x00000264      0x19c ff
                0x00000400                PROVIDE (__FLASH_CONFIG_START__ = .)
 *(SORT_BY_ALIGNMENT(.FlashConfig))
 .FlashConfig   0x00000400       0x10 ./startup/startup_mk64f12.o
                0x00000400                Flash_Config
                0x00000410                PROVIDE (__FLASH_CONFIG_END__ = .)
                0x00000001                ASSERT (! ((__FLASH_CONFIG_START__ == __FLASH_CONFIG_END__)), Linker Flash Config Support Enabled, but no .FlashConfig section provided within application)
 *(SORT_BY_ALIGNMENT(.text*))
 .text.PendSV_Handler
                0x00000410       0x5c C:\Users\User\git\Project\Library\libOS.a(OS.o)
                0x00000410                PendSV_Handler
 *fill*         0x0000046c        0x4 ff
 .text          0x00000470       0xa0 c:/nxp/mcuxpressoide_11.1.1_3241/ide/plugins/com.nxp.mcuxpresso.tools.win32_11.1.0.202001081728/tools/bin/../lib/gcc/arm-none-eabi/8.3.1/../../../../arm-none-eabi/lib/thumb/v7e-m+fp/hard\libc_nano.a(lib_a-memchr.o)
                0x00000470                memchr
 .text.Definite_Mode
                0x00000510       0x30 ./Modules/VRR/VRR.o
                0x00000510                Definite_Mode
 .text.PIT_Set  0x00000540       0x98 ./Modules/PIT/PIT.o
                0x00000540                PIT_Set
 .text.PIT_Set3
                0x000005d8       0x78 ./Modules/PIT/PIT.o
                0x000005d8                PIT_Set3
 .text.HandlePacketMCUNumber
                0x00000650       0x78 ./source/main.o
                0x00000650                HandlePacketMCUNumber
 .text.HandlePacketMCUMode
                0x000006c8       0x5c ./source/main.o
                0x000006c8                HandlePacketMCUMode
 .text.HandlePacketFlash
                0x00000724       0x38 ./source/main.o
                0x00000724                HandlePacketFlash
 .text.HandlePacketFlashProgram
                0x0000075c       0x38 ./source/main.o
                0x0000075c                HandlePacketFlashProgram
 .text.HandlePacketSpecial
                0x00000794       0x34 ./source/main.o
                0x00000794                HandlePacketSpecial
 .text.SendStartupPackets
                0x000007c8       0x2c ./source/main.o
                0x000007c8                SendStartupPackets
 .text.HandleTimingMode
                0x000007f4       0x40 ./source/main.o
                0x000007f4                HandleTimingMode
 .text.HandleRaiseMode
                0x00000834       0x3c ./source/main.o
                0x00000834                HandleRaiseMode
 .text.HandleLowerMode
                0x00000870       0x3c ./source/main.o
                0x00000870                HandleLowerMode
 .text.HandlePackets
                0x000008ac      0x150 ./source/main.o
                0x000008ac                HandlePackets
 .text.MCUInit  0x000009fc       0xe8 ./source/main.o
 .text.InitModulesThread
                0x00000ae4       0xfc ./source/main.o
 .text.main     0x00000be0       0xb4 ./source/main.o
                0x00000be0                main
 .text.CLOCK_SetEr32kClock
                0x00000c94       0x30 ./drivers/fsl_clock.o
 .text.CLOCK_SetPllFllSelClock
                0x00000cc4       0x3c ./drivers/fsl_clock.o
 .text.CLOCK_GetMcgExtClkFreq
                0x00000d00       0x8c ./drivers/fsl_clock.o
 .text.CLOCK_GetFllExtRefClkFreq
                0x00000d8c       0xc4 ./drivers/fsl_clock.o
 .text.CLOCK_GetInternalRefClkSelectFreq
                0x00000e50       0x4c ./drivers/fsl_clock.o
 .text.CLOCK_GetFllRefClkFreq
                0x00000e9c       0x34 ./drivers/fsl_clock.o
 .text.CLOCK_GetOscRangeFromFreq
                0x00000ed0       0x3c ./drivers/fsl_clock.o
 .text.CLOCK_GetOsc0ErClkFreq
                0x00000f0c       0x54 ./drivers/fsl_clock.o
                0x00000f0c                CLOCK_GetOsc0ErClkFreq
 .text.CLOCK_GetEr32kClkFreq
                0x00000f60       0x80 ./drivers/fsl_clock.o
                0x00000f60                CLOCK_GetEr32kClkFreq
 .text.CLOCK_GetPllFllSelClkFreq
                0x00000fe0       0x54 ./drivers/fsl_clock.o
                0x00000fe0                CLOCK_GetPllFllSelClkFreq
 .text.CLOCK_GetFreq
                0x00001034      0x148 ./drivers/fsl_clock.o
                0x00001034                CLOCK_GetFreq
 .text.CLOCK_SetSimConfig
                0x0000117c       0x38 ./drivers/fsl_clock.o
                0x0000117c                CLOCK_SetSimConfig
 .text.CLOCK_GetOutClkFreq
                0x000011b4       0x64 ./drivers/fsl_clock.o
                0x000011b4                CLOCK_GetOutClkFreq
 .text.CLOCK_GetFllFreq
                0x00001218       0x84 ./drivers/fsl_clock.o
                0x00001218                CLOCK_GetFllFreq
 .text.CLOCK_GetInternalRefClkFreq
                0x0000129c       0x30 ./drivers/fsl_clock.o
                0x0000129c                CLOCK_GetInternalRefClkFreq
 .text.CLOCK_GetPll0Freq
                0x000012cc       0x88 ./drivers/fsl_clock.o
                0x000012cc                CLOCK_GetPll0Freq
 .text.CLOCK_SetExternalRefClkConfig
                0x00001354       0x6c ./drivers/fsl_clock.o
                0x00001354                CLOCK_SetExternalRefClkConfig
 .text.CLOCK_SetInternalRefClkConfig
                0x000013c0      0x104 ./drivers/fsl_clock.o
                0x000013c0                CLOCK_SetInternalRefClkConfig
 .text.CLOCK_EnablePll0
                0x000014c4       0x94 ./drivers/fsl_clock.o
                0x000014c4                CLOCK_EnablePll0
 .text.CLOCK_InitOsc0
                0x00001558       0x8c ./drivers/fsl_clock.o
                0x00001558                CLOCK_InitOsc0
 .text.CLOCK_SetPbeMode
                0x000015e4       0xb8 ./drivers/fsl_clock.o
                0x000015e4                CLOCK_SetPbeMode
 .text.CLOCK_BootToPeeMode
                0x0000169c       0x74 ./drivers/fsl_clock.o
                0x0000169c                CLOCK_BootToPeeMode
 .text.GPIO_PinInit
                0x00001710       0x74 ./drivers/fsl_gpio.o
                0x00001710                GPIO_PinInit
 .text.SystemInit
                0x00001784       0x3c ./device/system_MK64F12.o
                0x00001784                SystemInit
 .text.CLOCK_SetSimSafeDivs
                0x000017c0       0x20 ./board/clock_config.o
 .text.CLOCK_SetXtal0Freq
                0x000017e0       0x20 ./board/clock_config.o
 .text.CLOCK_CONFIG_SetFllExtRefDiv
                0x00001800       0x3c ./board/clock_config.o
 .text.BOARD_BootClockRUN
                0x0000183c       0x60 ./board/clock_config.o
                0x0000183c                BOARD_BootClockRUN
 .text.BOARD_InitPins
                0x0000189c       0x30 ./board/pin_mux.o
                0x0000189c                BOARD_InitPins
 .text.Inverse_Mode
                0x000018cc       0x20 ./Modules/VRR/VRR.o
                0x000018cc                Inverse_Mode
 .text.Voltage_Checker
                0x000018ec       0xa8 ./Modules/VRR/VRR.o
                0x000018ec                Voltage_Checker
 .text.__NVIC_EnableIRQ
                0x00001994       0x3c ./Modules/UART/UART.o
 .text.__NVIC_ClearPendingIRQ
                0x000019d0       0x3c ./Modules/UART/UART.o
 .text.PORT_SetPinConfig
                0x00001a0c       0x44 ./Modules/UART/UART.o
 .text.ReceiveThread
                0x00001a50       0x40 ./Modules/UART/UART.o
                0x00001a50                ReceiveThread
 .text.TransmitThread
                0x00001a90       0x44 ./Modules/UART/UART.o
                0x00001a90                TransmitThread
 .text.UART_Init
                0x00001ad4      0x15c ./Modules/UART/UART.o
                0x00001ad4                UART_Init
 .text.UART_InChar
                0x00001c30       0x1c ./Modules/UART/UART.o
                0x00001c30                UART_InChar
 .text.UART_OutChar
                0x00001c4c       0x20 ./Modules/UART/UART.o
                0x00001c4c                UART_OutChar
 .text.UART0_RX_TX_IRQHandler
                0x00001c6c       0x84 ./Modules/UART/UART.o
                0x00001c6c                UART0_RX_TX_IRQHandler
 .text.Byte_Checksum
                0x00001cf0       0x48 ./Modules/Packet/packet.o
                0x00001cf0                Byte_Checksum
 .text.Packet_Init
                0x00001d38       0x30 ./Modules/Packet/packet.o
                0x00001d38                Packet_Init
 .text.Packet_Get
                0x00001d68       0xe4 ./Modules/Packet/packet.o
                0x00001d68                Packet_Get
 .text.Packet_Put
                0x00001e4c       0x74 ./Modules/Packet/packet.o
                0x00001e4c                Packet_Put
 .text.__NVIC_EnableIRQ
                0x00001ec0       0x3c ./Modules/PIT/PIT.o
 .text.__NVIC_ClearPendingIRQ
                0x00001efc       0x3c ./Modules/PIT/PIT.o
 .text.PIT2CallbackThread
                0x00001f38       0x58 ./Modules/PIT/PIT.o
                0x00001f38                PIT2CallbackThread
 .text.PIT3CallbackThread
                0x00001f90       0x68 ./Modules/PIT/PIT.o
                0x00001f90                PIT3CallbackThread
 .text.PIT_Init
                0x00001ff8       0xa8 ./Modules/PIT/PIT.o
                0x00001ff8                PIT_Init
 .text.PIT_Enable
                0x000020a0       0x44 ./Modules/PIT/PIT.o
                0x000020a0                PIT_Enable
 .text.PIT_Enable3
                0x000020e4       0x44 ./Modules/PIT/PIT.o
                0x000020e4                PIT_Enable3
 .text.PIT2_IRQHandler
                0x00002128       0x34 ./Modules/PIT/PIT.o
                0x00002128                PIT2_IRQHandler
 .text.PIT3_IRQHandler
                0x0000215c       0x74 ./Modules/PIT/PIT.o
                0x0000215c                PIT3_IRQHandler
 .text.PORT_SetPinConfig
                0x000021d0       0x44 ./Modules/LEDs/LEDs.o
 .text.LEDs_Init
                0x00002214       0xac ./Modules/LEDs/LEDs.o
                0x00002214                LEDs_Init
 .text.LEDs_On  0x000022c0       0x28 ./Modules/LEDs/LEDs.o
                0x000022c0                LEDs_On
 .text.LEDs_Off
                0x000022e8       0x28 ./Modules/LEDs/LEDs.o
                0x000022e8                LEDs_Off
 .text.LEDs_Toggle
                0x00002310       0x28 ./Modules/LEDs/LEDs.o
                0x00002310                LEDs_Toggle
 .text.LaunchCommand
                0x00002338       0xc4 ./Modules/Flash/Flash.o
 .text.Flash_AllocateVar
                0x000023fc       0x90 ./Modules/Flash/Flash.o
                0x000023fc                Flash_AllocateVar
 .text.Flash_Write32
                0x0000248c       0x74 ./Modules/Flash/Flash.o
                0x0000248c                Flash_Write32
 .text.__NVIC_EnableIRQ
                0x00002500       0x3c ./Modules/FTM/FTM.o
 .text.__NVIC_ClearPendingIRQ
                0x0000253c       0x3c ./Modules/FTM/FTM.o
 .text.FTM_Init
                0x00002578       0x54 ./Modules/FTM/FTM.o
                0x00002578                FTM_Init
 .text.FTM_Set  0x000025cc      0x1c4 ./Modules/FTM/FTM.o
                0x000025cc                FTM_Set
 .text.FTM_StartTimer
                0x00002790       0x7c ./Modules/FTM/FTM.o
                0x00002790                FTM_StartTimer
 .text.FTM0_IRQHandler
                0x0000280c       0x90 ./Modules/FTM/FTM.o
                0x0000280c                FTM0_IRQHandler
 .text.ADC_Init
                0x0000289c       0x2c ./Modules/ADC/ADC.o
                0x0000289c                ADC_Init
 .text.ADC_Read
                0x000028c8       0x34 ./Modules/ADC/ADC.o
                0x000028c8                ADC_Read
 .text.__NVIC_SetPriority
                0x000028fc       0x54 C:\Users\User\git\Project\Library\libOS.a(OS.o)
 .text.SysTick_Config
                0x00002950       0x44 C:\Users\User\git\Project\Library\libOS.a(OS.o)
 .text.OS_Init  0x00002994       0xc0 C:\Users\User\git\Project\Library\libOS.a(OS.o)
                0x00002994                OS_Init
 .text.OS_ISREnter
                0x00002a54       0x2c C:\Users\User\git\Project\Library\libOS.a(OS.o)
                0x00002a54                OS_ISREnter
 .text.OS_ISRExit
                0x00002a80       0x20 C:\Users\User\git\Project\Library\libOS.a(OS.o)
                0x00002a80                OS_ISRExit
 .text.OS_SemaphoreCreate
                0x00002aa0       0x90 C:\Users\User\git\Project\Library\libOS.a(OS.o)
                0x00002aa0                OS_SemaphoreCreate
 .text.OS_SemaphoreWait
                0x00002b30       0x70 C:\Users\User\git\Project\Library\libOS.a(OS.o)
                0x00002b30                OS_SemaphoreWait
 .text.OS_ThreadCreate
                0x00002ba0      0x160 C:\Users\User\git\Project\Library\libOS.a(OS.o)
                0x00002ba0                OS_ThreadCreate
 .text.OS_ThreadDelete
                0x00002d00      0x18c C:\Users\User\git\Project\Library\libOS.a(OS.o)
                0x00002d00                OS_ThreadDelete
 .text.EventThreadReady
                0x00002e8c       0x6c C:\Users\User\git\Project\Library\libOS.a(OS.o)
 .text.EventThreadWait
                0x00002ef8       0x68 C:\Users\User\git\Project\Library\libOS.a(OS.o)
 .text.EventTimeout
                0x00002f60       0x40 C:\Users\User\git\Project\Library\libOS.a(OS.o)
 .text.Idle     0x00002fa0       0x18 C:\Users\User\git\Project\Library\libOS.a(OS.o)
 .text.Schedule
                0x00002fb8       0x70 C:\Users\User\git\Project\Library\libOS.a(OS.o)
 .text.TimeTick
                0x00003028       0x84 C:\Users\User\git\Project\Library\libOS.a(OS.o)
 .text.AnalogPut
                0x000030ac       0x48 C:\Users\User\git\Project\Library\libFG.a(FG.o)
 .text.PrepareAnalogOutputThread
                0x000030f4       0x28 C:\Users\User\git\Project\Library\libFG.a(FG.o)
                0x000030f4                PrepareAnalogOutputThread
 .text.FG_Init  0x0000311c       0xfc C:\Users\User\git\Project\Library\libFG.a(FG.o)
                0x0000311c                FG_Init
 .text.FG_SendStatus
                0x00003218       0x94 C:\Users\User\git\Project\Library\libFG.a(FG.o)
                0x00003218                FG_SendStatus
 .text.HandleWavePackets
                0x000032ac      0x118 C:\Users\User\git\Project\Library\libFG.a(FG.o)
 .text.HandleArbWavePackets
                0x000033c4       0x78 C:\Users\User\git\Project\Library\libFG.a(FG.o)
 .text.HandlePhasorPackets
                0x0000343c       0x9c C:\Users\User\git\Project\Library\libFG.a(FG.o)
 .text.FG_HandlePackets
                0x000034d8       0x8c C:\Users\User\git\Project\Library\libFG.a(FG.o)
                0x000034d8                FG_HandlePackets
 .text.RndWave  0x00003564      0x1f8 C:\Users\User\git\Project\Library\libFG.a(wave.o)
 .text.SqrWave  0x0000375c       0x34 C:\Users\User\git\Project\Library\libFG.a(wave.o)
 .text.TriWave  0x00003790       0x84 C:\Users\User\git\Project\Library\libFG.a(wave.o)
 .text.SawWave  0x00003814       0x3c C:\Users\User\git\Project\Library\libFG.a(wave.o)
 .text.PhasorsWave
                0x00003850       0xc0 C:\Users\User\git\Project\Library\libFG.a(wave.o)
 .text.AdvanceSampleNb
                0x00003910       0x9c C:\Users\User\git\Project\Library\libFG.a(wave.o)
                0x00003910                AdvanceSampleNb
 .text.Wave_GetNextValue
                0x000039ac      0x1b0 C:\Users\User\git\Project\Library\libFG.a(wave.o)
                0x000039ac                Wave_GetNextValue
 .text.Wave_Make
                0x00003b5c      0x1b4 C:\Users\User\git\Project\Library\libFG.a(wave.o)
                0x00003b5c                Wave_Make
 .text.Wave_Init
                0x00003d10       0xb0 C:\Users\User\git\Project\Library\libFG.a(wave.o)
                0x00003d10                Wave_Init
 .text.DAC_Put  0x00003dc0       0x80 C:\Users\User\git\Project\Library\libFG.a(DAC.o)
                0x00003dc0                DAC_Put
 .text.DAC_Init
                0x00003e40       0x74 C:\Users\User\git\Project\Library\libFG.a(DAC.o)
                0x00003e40                DAC_Init
 .text          0x00003eb4      0x378 c:/nxp/mcuxpressoide_11.1.1_3241/ide/plugins/com.nxp.mcuxpresso.tools.win32_11.1.0.202001081728/tools/bin/../lib/gcc/arm-none-eabi/8.3.1/thumb/v7e-m+fp/hard\libgcc.a(_arm_addsubdf3.o)
                0x00003eb4                __aeabi_drsub
                0x00003ebc                __aeabi_dsub
                0x00003ebc                __subdf3
                0x00003ec0                __aeabi_dadd
                0x00003ec0                __adddf3
                0x00004138                __floatunsidf
                0x00004138                __aeabi_ui2d
                0x00004158                __floatsidf
                0x00004158                __aeabi_i2d
                0x0000417c                __aeabi_f2d
                0x0000417c                __extendsfdf2
                0x000041c0                __floatundidf
                0x000041c0                __aeabi_ul2d
                0x000041d0                __floatdidf
                0x000041d0                __aeabi_l2d
 .text          0x0000422c      0x424 c:/nxp/mcuxpressoide_11.1.1_3241/ide/plugins/com.nxp.mcuxpresso.tools.win32_11.1.0.202001081728/tools/bin/../lib/gcc/arm-none-eabi/8.3.1/thumb/v7e-m+fp/hard\libgcc.a(_arm_muldivdf3.o)
                0x0000422c                __aeabi_dmul
                0x0000422c                __muldf3
                0x00004480                __divdf3
                0x00004480                __aeabi_ddiv
 .text          0x00004650       0x40 c:/nxp/mcuxpressoide_11.1.1_3241/ide/plugins/com.nxp.mcuxpresso.tools.win32_11.1.0.202001081728/tools/bin/../lib/gcc/arm-none-eabi/8.3.1/thumb/v7e-m+fp/hard\libgcc.a(_arm_fixunsdfsi.o)
                0x00004650                __aeabi_d2uiz
                0x00004650                __fixunsdfsi
 .text          0x00004690       0xa0 c:/nxp/mcuxpressoide_11.1.1_3241/ide/plugins/com.nxp.mcuxpresso.tools.win32_11.1.0.202001081728/tools/bin/../lib/gcc/arm-none-eabi/8.3.1/thumb/v7e-m+fp/hard\libgcc.a(_arm_truncdfsf2.o)
                0x00004690                __truncdfsf2
                0x00004690                __aeabi_d2f
 .text          0x00004730       0x30 c:/nxp/mcuxpressoide_11.1.1_3241/ide/plugins/com.nxp.mcuxpresso.tools.win32_11.1.0.202001081728/tools/bin/../lib/gcc/arm-none-eabi/8.3.1/thumb/v7e-m+fp/hard\libgcc.a(_aeabi_uldivmod.o)
                0x00004730                __aeabi_uldivmod
 .text          0x00004760       0x3c c:/nxp/mcuxpressoide_11.1.1_3241/ide/plugins/com.nxp.mcuxpresso.tools.win32_11.1.0.202001081728/tools/bin/../lib/gcc/arm-none-eabi/8.3.1/thumb/v7e-m+fp/hard\libgcc.a(_fixunsdfdi.o)
                0x00004760                __fixunsdfdi
                0x00004760                __aeabi_d2ulz
 .text          0x0000479c      0x2d0 c:/nxp/mcuxpressoide_11.1.1_3241/ide/plugins/com.nxp.mcuxpresso.tools.win32_11.1.0.202001081728/tools/bin/../lib/gcc/arm-none-eabi/8.3.1/thumb/v7e-m+fp/hard\libgcc.a(_udivmoddi4.o)
                0x0000479c                __udivmoddi4
 .text          0x00004a6c        0x4 c:/nxp/mcuxpressoide_11.1.1_3241/ide/plugins/com.nxp.mcuxpresso.tools.win32_11.1.0.202001081728/tools/bin/../lib/gcc/arm-none-eabi/8.3.1/thumb/v7e-m+fp/hard\libgcc.a(_dvmd_tls.o)
                0x00004a6c                __aeabi_idiv0
                0x00004a6c                __aeabi_ldiv0
 .text.__assert_func
                0x00004a70       0x3c c:/nxp/mcuxpressoide_11.1.1_3241/ide/plugins/com.nxp.mcuxpresso.tools.win32_11.1.0.202001081728/tools/bin/../lib/gcc/arm-none-eabi/8.3.1/../../../../arm-none-eabi/lib/thumb/v7e-m+fp/hard\libc_nano.a(lib_a-assert.o)
                0x00004a70                __assert_func
 .text.fprintf  0x00004aac       0x24 c:/nxp/mcuxpressoide_11.1.1_3241/ide/plugins/com.nxp.mcuxpresso.tools.win32_11.1.0.202001081728/tools/bin/../lib/gcc/arm-none-eabi/8.3.1/../../../../arm-none-eabi/lib/thumb/v7e-m+fp/hard\libc_nano.a(lib_a-fprintf.o)
                0x00004aac                fiprintf
                0x00004aac                fprintf
 .text._free_r  0x00004ad0       0x9c c:/nxp/mcuxpressoide_11.1.1_3241/ide/plugins/com.nxp.mcuxpresso.tools.win32_11.1.0.202001081728/tools/bin/../lib/gcc/arm-none-eabi/8.3.1/../../../../arm-none-eabi/lib/thumb/v7e-m+fp/hard\libc_nano.a(lib_a-nano-freer.o)
                0x00004ad0                _free_r
 .text._malloc_r
                0x00004b6c       0xb4 c:/nxp/mcuxpressoide_11.1.1_3241/ide/plugins/com.nxp.mcuxpresso.tools.win32_11.1.0.202001081728/tools/bin/../lib/gcc/arm-none-eabi/8.3.1/../../../../arm-none-eabi/lib/thumb/v7e-m+fp/hard\libc_nano.a(lib_a-nano-mallocr.o)
                0x00004b6c                _malloc_r
 .text._vfprintf_r
                0x00004c20      0x250 c:/nxp/mcuxpressoide_11.1.1_3241/ide/plugins/com.nxp.mcuxpresso.tools.win32_11.1.0.202001081728/tools/bin/../lib/gcc/arm-none-eabi/8.3.1/../../../../arm-none-eabi/lib/thumb/v7e-m+fp/hard\libc_nano.a(lib_a-nano-vfprintf.o)
                0x00004c20                _vfprintf_r
                0x00004c20                _vfiprintf_r
 .text._printf_i
                0x00004e70      0x228 c:/nxp/mcuxpressoide_11.1.1_3241/ide/plugins/com.nxp.mcuxpresso.tools.win32_11.1.0.202001081728/tools/bin/../lib/gcc/arm-none-eabi/8.3.1/../../../../arm-none-eabi/lib/thumb/v7e-m+fp/hard\libc_nano.a(lib_a-nano-vfprintf_i.o)
                0x00004e70                _printf_i
 .text._sbrk_r  0x00005098       0x20 c:/nxp/mcuxpressoide_11.1.1_3241/ide/plugins/com.nxp.mcuxpresso.tools.win32_11.1.0.202001081728/tools/bin/../lib/gcc/arm-none-eabi/8.3.1/../../../../arm-none-eabi/lib/thumb/v7e-m+fp/hard\libc_nano.a(lib_a-sbrkr.o)
                0x00005098                _sbrk_r
 .text.__swbuf_r
                0x000050b8       0xa4 c:/nxp/mcuxpressoide_11.1.1_3241/ide/plugins/com.nxp.mcuxpresso.tools.win32_11.1.0.202001081728/tools/bin/../lib/gcc/arm-none-eabi/8.3.1/../../../../arm-none-eabi/lib/thumb/v7e-m+fp/hard\libc_nano.a(lib_a-wbuf.o)
                0x000050b8                __swbuf_r
 .text.__swsetup_r
                0x0000515c       0xdc c:/nxp/mcuxpressoide_11.1.1_3241/ide/plugins/com.nxp.mcuxpresso.tools.win32_11.1.0.202001081728/tools/bin/../lib/gcc/arm-none-eabi/8.3.1/../../../../arm-none-eabi/lib/thumb/v7e-m+fp/hard\libc_nano.a(lib_a-wsetup.o)
                0x0000515c                __swsetup_r
 .text.__sflush_r
                0x00005238      0x10c c:/nxp/mcuxpressoide_11.1.1_3241/ide/plugins/com.nxp.mcuxpresso.tools.win32_11.1.0.202001081728/tools/bin/../lib/gcc/arm-none-eabi/8.3.1/../../../../arm-none-eabi/lib/thumb/v7e-m+fp/hard\libc_nano.a(lib_a-fflush.o)
                0x00005238                __sflush_r
 .text._fflush_r
                0x00005344       0x78 c:/nxp/mcuxpressoide_11.1.1_3241/ide/plugins/com.nxp.mcuxpresso.tools.win32_11.1.0.202001081728/tools/bin/../lib/gcc/arm-none-eabi/8.3.1/../../../../arm-none-eabi/lib/thumb/v7e-m+fp/hard\libc_nano.a(lib_a-fflush.o)
                0x00005344                _fflush_r
 .text.std      0x000053bc       0x48 c:/nxp/mcuxpressoide_11.1.1_3241/ide/plugins/com.nxp.mcuxpresso.tools.win32_11.1.0.202001081728/tools/bin/../lib/gcc/arm-none-eabi/8.3.1/../../../../arm-none-eabi/lib/thumb/v7e-m+fp/hard\libc_nano.a(lib_a-findfp.o)
 .text._cleanup_r
                0x00005404        0xc c:/nxp/mcuxpressoide_11.1.1_3241/ide/plugins/com.nxp.mcuxpresso.tools.win32_11.1.0.202001081728/tools/bin/../lib/gcc/arm-none-eabi/8.3.1/../../../../arm-none-eabi/lib/thumb/v7e-m+fp/hard\libc_nano.a(lib_a-findfp.o)
                0x00005404                _cleanup_r
 .text.__sfp_lock_acquire
                0x00005410        0xc c:/nxp/mcuxpressoide_11.1.1_3241/ide/plugins/com.nxp.mcuxpresso.tools.win32_11.1.0.202001081728/tools/bin/../lib/gcc/arm-none-eabi/8.3.1/../../../../arm-none-eabi/lib/thumb/v7e-m+fp/hard\libc_nano.a(lib_a-findfp.o)
                0x00005410                __sfp_lock_acquire
 .text.__sfp_lock_release
                0x0000541c        0xc c:/nxp/mcuxpressoide_11.1.1_3241/ide/plugins/com.nxp.mcuxpresso.tools.win32_11.1.0.202001081728/tools/bin/../lib/gcc/arm-none-eabi/8.3.1/../../../../arm-none-eabi/lib/thumb/v7e-m+fp/hard\libc_nano.a(lib_a-findfp.o)
                0x0000541c                __sfp_lock_release
 .text.__sinit_lock_acquire
                0x00005428        0xc c:/nxp/mcuxpressoide_11.1.1_3241/ide/plugins/com.nxp.mcuxpresso.tools.win32_11.1.0.202001081728/tools/bin/../lib/gcc/arm-none-eabi/8.3.1/../../../../arm-none-eabi/lib/thumb/v7e-m+fp/hard\libc_nano.a(lib_a-findfp.o)
                0x00005428                __sinit_lock_acquire
 .text.__sinit_lock_release
                0x00005434        0xc c:/nxp/mcuxpressoide_11.1.1_3241/ide/plugins/com.nxp.mcuxpresso.tools.win32_11.1.0.202001081728/tools/bin/../lib/gcc/arm-none-eabi/8.3.1/../../../../arm-none-eabi/lib/thumb/v7e-m+fp/hard\libc_nano.a(lib_a-findfp.o)
                0x00005434                __sinit_lock_release
 .text.__sinit  0x00005440       0x70 c:/nxp/mcuxpressoide_11.1.1_3241/ide/plugins/com.nxp.mcuxpresso.tools.win32_11.1.0.202001081728/tools/bin/../lib/gcc/arm-none-eabi/8.3.1/../../../../arm-none-eabi/lib/thumb/v7e-m+fp/hard\libc_nano.a(lib_a-findfp.o)
                0x00005440                __sinit
 .text.__sfp    0x000054b0       0x8c c:/nxp/mcuxpressoide_11.1.1_3241/ide/plugins/com.nxp.mcuxpresso.tools.win32_11.1.0.202001081728/tools/bin/../lib/gcc/arm-none-eabi/8.3.1/../../../../arm-none-eabi/lib/thumb/v7e-m+fp/hard\libc_nano.a(lib_a-findfp.o)
                0x000054b0                __sfp
 .text.__smakebuf_r
                0x0000553c       0x80 c:/nxp/mcuxpressoide_11.1.1_3241/ide/plugins/com.nxp.mcuxpresso.tools.win32_11.1.0.202001081728/tools/bin/../lib/gcc/arm-none-eabi/8.3.1/../../../../arm-none-eabi/lib/thumb/v7e-m+fp/hard\libc_nano.a(lib_a-makebuf.o)
                0x0000553c                __smakebuf_r
 .text.__malloc_lock
                0x000055bc        0xc c:/nxp/mcuxpressoide_11.1.1_3241/ide/plugins/com.nxp.mcuxpresso.tools.win32_11.1.0.202001081728/tools/bin/../lib/gcc/arm-none-eabi/8.3.1/../../../../arm-none-eabi/lib/thumb/v7e-m+fp/hard\libc_nano.a(lib_a-mlock.o)
                0x000055bc                __malloc_lock
 .text.__malloc_unlock
                0x000055c8        0xc c:/nxp/mcuxpressoide_11.1.1_3241/ide/plugins/com.nxp.mcuxpresso.tools.win32_11.1.0.202001081728/tools/bin/../lib/gcc/arm-none-eabi/8.3.1/../../../../arm-none-eabi/lib/thumb/v7e-m+fp/hard\libc_nano.a(lib_a-mlock.o)
                0x000055c8                __malloc_unlock
 .text.raise    0x000055d4       0x10 c:/nxp/mcuxpressoide_11.1.1_3241/ide/plugins/com.nxp.mcuxpresso.tools.win32_11.1.0.202001081728/tools/bin/../lib/gcc/arm-none-eabi/8.3.1/../../../../arm-none-eabi/lib/thumb/v7e-m+fp/hard\libc_nano.a(lib_a-signal.o)
                0x000055d4                raise
 .text._kill_r  0x000055e4       0x24 c:/nxp/mcuxpressoide_11.1.1_3241/ide/plugins/com.nxp.mcuxpresso.tools.win32_11.1.0.202001081728/tools/bin/../lib/gcc/arm-none-eabi/8.3.1/../../../../arm-none-eabi/lib/thumb/v7e-m+fp/hard\libc_nano.a(lib_a-signalr.o)
                0x000055e4                _kill_r
 .text._write_r
                0x00005608       0x24 c:/nxp/mcuxpressoide_11.1.1_3241/ide/plugins/com.nxp.mcuxpresso.tools.win32_11.1.0.202001081728/tools/bin/../lib/gcc/arm-none-eabi/8.3.1/../../../../arm-none-eabi/lib/thumb/v7e-m+fp/hard\libc_nano.a(lib_a-writer.o)
                0x00005608                _write_r
 .text._close_r
                0x0000562c       0x20 c:/nxp/mcuxpressoide_11.1.1_3241/ide/plugins/com.nxp.mcuxpresso.tools.win32_11.1.0.202001081728/tools/bin/../lib/gcc/arm-none-eabi/8.3.1/../../../../arm-none-eabi/lib/thumb/v7e-m+fp/hard\libc_nano.a(lib_a-closer.o)
                0x0000562c                _close_r
 .text._fstat_r
                0x0000564c       0x24 c:/nxp/mcuxpressoide_11.1.1_3241/ide/plugins/com.nxp.mcuxpresso.tools.win32_11.1.0.202001081728/tools/bin/../lib/gcc/arm-none-eabi/8.3.1/../../../../arm-none-eabi/lib/thumb/v7e-m+fp/hard\libc_nano.a(lib_a-fstatr.o)
                0x0000564c                _fstat_r
 .text._isatty_r
                0x00005670       0x20 c:/nxp/mcuxpressoide_11.1.1_3241/ide/plugins/com.nxp.mcuxpresso.tools.win32_11.1.0.202001081728/tools/bin/../lib/gcc/arm-none-eabi/8.3.1/../../../../arm-none-eabi/lib/thumb/v7e-m+fp/hard\libc_nano.a(lib_a-isattyr.o)
                0x00005670                _isatty_r
 .text._lseek_r
                0x00005690       0x24 c:/nxp/mcuxpressoide_11.1.1_3241/ide/plugins/com.nxp.mcuxpresso.tools.win32_11.1.0.202001081728/tools/bin/../lib/gcc/arm-none-eabi/8.3.1/../../../../arm-none-eabi/lib/thumb/v7e-m+fp/hard\libc_nano.a(lib_a-lseekr.o)
                0x00005690                _lseek_r
 .text._read_r  0x000056b4       0x24 c:/nxp/mcuxpressoide_11.1.1_3241/ide/plugins/com.nxp.mcuxpresso.tools.win32_11.1.0.202001081728/tools/bin/../lib/gcc/arm-none-eabi/8.3.1/../../../../arm-none-eabi/lib/thumb/v7e-m+fp/hard\libc_nano.a(lib_a-readr.o)
                0x000056b4                _read_r
 .text.sqrt     0x000056d8       0x74 c:/nxp/mcuxpressoide_11.1.1_3241/ide/plugins/com.nxp.mcuxpresso.tools.win32_11.1.0.202001081728/tools/bin/../lib/gcc/arm-none-eabi/8.3.1/../../../../arm-none-eabi/lib/thumb/v7e-m+fp/hard\libm.a(lib_a-w_sqrt.o)
                0x000056d8                sqrt
 .text.__ieee754_sqrt
                0x0000574c      0x198 c:/nxp/mcuxpressoide_11.1.1_3241/ide/plugins/com.nxp.mcuxpresso.tools.win32_11.1.0.202001081728/tools/bin/../lib/gcc/arm-none-eabi/8.3.1/../../../../arm-none-eabi/lib/thumb/v7e-m+fp/hard\libm.a(lib_a-e_sqrt.o)
                0x0000574c                __ieee754_sqrt
 .text._sbrk    0x000058e4       0x3c c:/nxp/mcuxpressoide_11.1.1_3241/ide/plugins/com.nxp.mcuxpresso.tools.win32_11.1.0.202001081728/tools/bin/../lib/gcc/arm-none-eabi/8.3.1/../../../../arm-none-eabi/lib/thumb/v7e-m+fp/hard\libcr_newlib_nohost.a(_cr_sbrk.o)
                0x000058e4                _sbrk
 .text._close   0x00005920       0x10 c:/nxp/mcuxpressoide_11.1.1_3241/ide/plugins/com.nxp.mcuxpresso.tools.win32_11.1.0.202001081728/tools/bin/../lib/gcc/arm-none-eabi/8.3.1/../../../../arm-none-eabi/lib/thumb/v7e-m+fp/hard\libcr_newlib_nohost.a(close.o)
                0x00005920                _close
 .text._fstat   0x00005930       0x10 c:/nxp/mcuxpressoide_11.1.1_3241/ide/plugins/com.nxp.mcuxpresso.tools.win32_11.1.0.202001081728/tools/bin/../lib/gcc/arm-none-eabi/8.3.1/../../../../arm-none-eabi/lib/thumb/v7e-m+fp/hard\libcr_newlib_nohost.a(fstat.o)
                0x00005930                _fstat
 .text._getpid  0x00005940       0x10 c:/nxp/mcuxpressoide_11.1.1_3241/ide/plugins/com.nxp.mcuxpresso.tools.win32_11.1.0.202001081728/tools/bin/../lib/gcc/arm-none-eabi/8.3.1/../../../../arm-none-eabi/lib/thumb/v7e-m+fp/hard\libcr_newlib_nohost.a(getpid.o)
                0x00005940                _getpid
 .text._isatty  0x00005950       0x10 c:/nxp/mcuxpressoide_11.1.1_3241/ide/plugins/com.nxp.mcuxpresso.tools.win32_11.1.0.202001081728/tools/bin/../lib/gcc/arm-none-eabi/8.3.1/../../../../arm-none-eabi/lib/thumb/v7e-m+fp/hard\libcr_newlib_nohost.a(isatty.o)
                0x00005950                _isatty
 .text._kill    0x00005960       0x10 c:/nxp/mcuxpressoide_11.1.1_3241/ide/plugins/com.nxp.mcuxpresso.tools.win32_11.1.0.202001081728/tools/bin/../lib/gcc/arm-none-eabi/8.3.1/../../../../arm-none-eabi/lib/thumb/v7e-m+fp/hard\libcr_newlib_nohost.a(kill.o)
                0x00005960                _kill
 .text._lseek   0x00005970       0x10 c:/nxp/mcuxpressoide_11.1.1_3241/ide/plugins/com.nxp.mcuxpresso.tools.win32_11.1.0.202001081728/tools/bin/../lib/gcc/arm-none-eabi/8.3.1/../../../../arm-none-eabi/lib/thumb/v7e-m+fp/hard\libcr_newlib_nohost.a(lseek.o)
                0x00005970                _lseek
 .text._read    0x00005980       0x10 c:/nxp/mcuxpressoide_11.1.1_3241/ide/plugins/com.nxp.mcuxpresso.tools.win32_11.1.0.202001081728/tools/bin/../lib/gcc/arm-none-eabi/8.3.1/../../../../arm-none-eabi/lib/thumb/v7e-m+fp/hard\libcr_newlib_nohost.a(read.o)
                0x00005980                _read
 .text._write   0x00005990       0x10 c:/nxp/mcuxpressoide_11.1.1_3241/ide/plugins/com.nxp.mcuxpresso.tools.win32_11.1.0.202001081728/tools/bin/../lib/gcc/arm-none-eabi/8.3.1/../../../../arm-none-eabi/lib/thumb/v7e-m+fp/hard\libcr_newlib_nohost.a(write.o)
                0x00005990                _write
 .text.__check_heap_overflow
                0x000059a0       0x18 c:/nxp/mcuxpressoide_11.1.1_3241/ide/plugins/com.nxp.mcuxpresso.tools.win32_11.1.0.202001081728/tools/bin/../lib/gcc/arm-none-eabi/8.3.1/../../../../arm-none-eabi/lib/thumb/v7e-m+fp/hard\libcr_newlib_nohost.a(_cr_check_heap.o)
                0x000059a0                __check_heap_overflow
 .text          0x000059b8      0x110 c:/nxp/mcuxpressoide_11.1.1_3241/ide/plugins/com.nxp.mcuxpresso.tools.win32_11.1.0.202001081728/tools/bin/../lib/gcc/arm-none-eabi/8.3.1/thumb/v7e-m+fp/hard\libgcc.a(_arm_cmpdf2.o)
                0x000059b8                __gtdf2
                0x000059b8                __gedf2
                0x000059c0                __ltdf2
                0x000059c0                __ledf2
                0x000059c8                __nedf2
                0x000059c8                __eqdf2
                0x000059c8                __cmpdf2
                0x00005a44                __aeabi_cdrcmple
                0x00005a54                __aeabi_cdcmpeq
                0x00005a54                __aeabi_cdcmple
                0x00005a64                __aeabi_dcmpeq
                0x00005a78                __aeabi_dcmplt
                0x00005a8c                __aeabi_dcmple
                0x00005aa0                __aeabi_dcmpge
                0x00005ab4                __aeabi_dcmpgt
 .text          0x00005ac8       0x2c c:/nxp/mcuxpressoide_11.1.1_3241/ide/plugins/com.nxp.mcuxpresso.tools.win32_11.1.0.202001081728/tools/bin/../lib/gcc/arm-none-eabi/8.3.1/thumb/v7e-m+fp/hard\libgcc.a(_arm_unorddf2.o)
                0x00005ac8                __unorddf2
                0x00005ac8                __aeabi_dcmpun
 .text.__errno  0x00005af4        0xc c:/nxp/mcuxpressoide_11.1.1_3241/ide/plugins/com.nxp.mcuxpresso.tools.win32_11.1.0.202001081728/tools/bin/../lib/gcc/arm-none-eabi/8.3.1/../../../../arm-none-eabi/lib/thumb/v7e-m+fp/hard\libc_nano.a(lib_a-errno.o)
                0x00005af4                __errno
 .text.DMA0_IRQHandler
                0x00005b00        0x8 ./startup/startup_mk64f12.o
                0x00005b00                DMA0_IRQHandler
 .text.DMA1_IRQHandler
                0x00005b08        0x8 ./startup/startup_mk64f12.o
                0x00005b08                DMA1_IRQHandler
 .text.DMA2_IRQHandler
                0x00005b10        0x8 ./startup/startup_mk64f12.o
                0x00005b10                DMA2_IRQHandler
 .text.DMA3_IRQHandler
                0x00005b18        0x8 ./startup/startup_mk64f12.o
                0x00005b18                DMA3_IRQHandler
 .text.DMA4_IRQHandler
                0x00005b20        0x8 ./startup/startup_mk64f12.o
                0x00005b20                DMA4_IRQHandler
 .text.DMA5_IRQHandler
                0x00005b28        0x8 ./startup/startup_mk64f12.o
                0x00005b28                DMA5_IRQHandler
 .text.DMA6_IRQHandler
                0x00005b30        0x8 ./startup/startup_mk64f12.o
                0x00005b30                DMA6_IRQHandler
 .text.DMA7_IRQHandler
                0x00005b38        0x8 ./startup/startup_mk64f12.o
                0x00005b38                DMA7_IRQHandler
 .text.DMA8_IRQHandler
                0x00005b40        0x8 ./startup/startup_mk64f12.o
                0x00005b40                DMA8_IRQHandler
 .text.DMA9_IRQHandler
                0x00005b48        0x8 ./startup/startup_mk64f12.o
                0x00005b48                DMA9_IRQHandler
 .text.DMA10_IRQHandler
                0x00005b50        0x8 ./startup/startup_mk64f12.o
                0x00005b50                DMA10_IRQHandler
 .text.DMA11_IRQHandler
                0x00005b58        0x8 ./startup/startup_mk64f12.o
                0x00005b58                DMA11_IRQHandler
 .text.DMA12_IRQHandler
                0x00005b60        0x8 ./startup/startup_mk64f12.o
                0x00005b60                DMA12_IRQHandler
 .text.DMA13_IRQHandler
                0x00005b68        0x8 ./startup/startup_mk64f12.o
                0x00005b68                DMA13_IRQHandler
 .text.DMA14_IRQHandler
                0x00005b70        0x8 ./startup/startup_mk64f12.o
                0x00005b70                DMA14_IRQHandler
 .text.DMA15_IRQHandler
                0x00005b78        0x8 ./startup/startup_mk64f12.o
                0x00005b78                DMA15_IRQHandler
 .text.DMA_Error_IRQHandler
                0x00005b80        0x8 ./startup/startup_mk64f12.o
                0x00005b80                DMA_Error_IRQHandler
 .text.MCM_IRQHandler
                0x00005b88        0x8 ./startup/startup_mk64f12.o
                0x00005b88                MCM_IRQHandler
 .text.FTFE_IRQHandler
                0x00005b90        0x8 ./startup/startup_mk64f12.o
                0x00005b90                FTFE_IRQHandler
 .text.Read_Collision_IRQHandler
                0x00005b98        0x8 ./startup/startup_mk64f12.o
                0x00005b98                Read_Collision_IRQHandler
 .text.LVD_LVW_IRQHandler
                0x00005ba0        0x8 ./startup/startup_mk64f12.o
                0x00005ba0                LVD_LVW_IRQHandler
 .text.LLWU_IRQHandler
                0x00005ba8        0x8 ./startup/startup_mk64f12.o
                0x00005ba8                LLWU_IRQHandler
 .text.WDOG_EWM_IRQHandler
                0x00005bb0        0x8 ./startup/startup_mk64f12.o
                0x00005bb0                WDOG_EWM_IRQHandler
 .text.RNG_IRQHandler
                0x00005bb8        0x8 ./startup/startup_mk64f12.o
                0x00005bb8                RNG_IRQHandler
 .text.I2C0_IRQHandler
                0x00005bc0        0x8 ./startup/startup_mk64f12.o
                0x00005bc0                I2C0_IRQHandler
 .text.I2C1_IRQHandler
                0x00005bc8        0x8 ./startup/startup_mk64f12.o
                0x00005bc8                I2C1_IRQHandler
 .text.SPI0_IRQHandler
                0x00005bd0        0x8 ./startup/startup_mk64f12.o
                0x00005bd0                SPI0_IRQHandler
 .text.SPI1_IRQHandler
                0x00005bd8        0x8 ./startup/startup_mk64f12.o
                0x00005bd8                SPI1_IRQHandler
 .text.I2S0_Tx_IRQHandler
                0x00005be0        0x8 ./startup/startup_mk64f12.o
                0x00005be0                I2S0_Tx_IRQHandler
 .text.I2S0_Rx_IRQHandler
                0x00005be8        0x8 ./startup/startup_mk64f12.o
                0x00005be8                I2S0_Rx_IRQHandler
 .text.UART0_LON_IRQHandler
                0x00005bf0        0x8 ./startup/startup_mk64f12.o
                0x00005bf0                UART0_LON_IRQHandler
 .text.UART0_ERR_IRQHandler
                0x00005bf8        0x8 ./startup/startup_mk64f12.o
                0x00005bf8                UART0_ERR_IRQHandler
 .text.UART1_RX_TX_IRQHandler
                0x00005c00        0x8 ./startup/startup_mk64f12.o
                0x00005c00                UART1_RX_TX_IRQHandler
 .text.UART1_ERR_IRQHandler
                0x00005c08        0x8 ./startup/startup_mk64f12.o
                0x00005c08                UART1_ERR_IRQHandler
 .text.UART2_RX_TX_IRQHandler
                0x00005c10        0x8 ./startup/startup_mk64f12.o
                0x00005c10                UART2_RX_TX_IRQHandler
 .text.UART2_ERR_IRQHandler
                0x00005c18        0x8 ./startup/startup_mk64f12.o
                0x00005c18                UART2_ERR_IRQHandler
 .text.UART3_RX_TX_IRQHandler
                0x00005c20        0x8 ./startup/startup_mk64f12.o
                0x00005c20                UART3_RX_TX_IRQHandler
 .text.UART3_ERR_IRQHandler
                0x00005c28        0x8 ./startup/startup_mk64f12.o
                0x00005c28                UART3_ERR_IRQHandler
 .text.ADC0_IRQHandler
                0x00005c30        0x8 ./startup/startup_mk64f12.o
                0x00005c30                ADC0_IRQHandler
 .text.CMP0_IRQHandler
                0x00005c38        0x8 ./startup/startup_mk64f12.o
                0x00005c38                CMP0_IRQHandler
 .text.CMP1_IRQHandler
                0x00005c40        0x8 ./startup/startup_mk64f12.o
                0x00005c40                CMP1_IRQHandler
 .text.FTM1_IRQHandler
                0x00005c48        0x8 ./startup/startup_mk64f12.o
                0x00005c48                FTM1_IRQHandler
 .text.FTM2_IRQHandler
                0x00005c50        0x8 ./startup/startup_mk64f12.o
                0x00005c50                FTM2_IRQHandler
 .text.CMT_IRQHandler
                0x00005c58        0x8 ./startup/startup_mk64f12.o
                0x00005c58                CMT_IRQHandler
 .text.RTC_IRQHandler
                0x00005c60        0x8 ./startup/startup_mk64f12.o
                0x00005c60                RTC_IRQHandler
 .text.RTC_Seconds_IRQHandler
                0x00005c68        0x8 ./startup/startup_mk64f12.o
                0x00005c68                RTC_Seconds_IRQHandler
 .text.PIT0_IRQHandler
                0x00005c70        0x8 ./startup/startup_mk64f12.o
                0x00005c70                PIT0_IRQHandler
 .text.PIT1_IRQHandler
                0x00005c78        0x8 ./startup/startup_mk64f12.o
                0x00005c78                PIT1_IRQHandler
 .text.PDB0_IRQHandler
                0x00005c80        0x8 ./startup/startup_mk64f12.o
                0x00005c80                PDB0_IRQHandler
 .text.USB0_IRQHandler
                0x00005c88        0x8 ./startup/startup_mk64f12.o
                0x00005c88                USB0_IRQHandler
 .text.USBDCD_IRQHandler
                0x00005c90        0x8 ./startup/startup_mk64f12.o
                0x00005c90                USBDCD_IRQHandler
 .text.Reserved71_IRQHandler
                0x00005c98        0x8 ./startup/startup_mk64f12.o
                0x00005c98                Reserved71_IRQHandler
 .text.DAC0_IRQHandler
                0x00005ca0        0x8 ./startup/startup_mk64f12.o
                0x00005ca0                DAC0_IRQHandler
 .text.MCG_IRQHandler
                0x00005ca8        0x8 ./startup/startup_mk64f12.o
                0x00005ca8                MCG_IRQHandler
 .text.LPTMR0_IRQHandler
                0x00005cb0        0x8 ./startup/startup_mk64f12.o
                0x00005cb0                LPTMR0_IRQHandler
 .text.PORTA_IRQHandler
                0x00005cb8        0x8 ./startup/startup_mk64f12.o
                0x00005cb8                PORTA_IRQHandler
 .text.PORTB_IRQHandler
                0x00005cc0        0x8 ./startup/startup_mk64f12.o
                0x00005cc0                PORTB_IRQHandler
 .text.PORTC_IRQHandler
                0x00005cc8        0x8 ./startup/startup_mk64f12.o
                0x00005cc8                PORTC_IRQHandler
 .text.PORTD_IRQHandler
                0x00005cd0        0x8 ./startup/startup_mk64f12.o
                0x00005cd0                PORTD_IRQHandler
 .text.PORTE_IRQHandler
                0x00005cd8        0x8 ./startup/startup_mk64f12.o
                0x00005cd8                PORTE_IRQHandler
 .text.SWI_IRQHandler
                0x00005ce0        0x8 ./startup/startup_mk64f12.o
                0x00005ce0                SWI_IRQHandler
 .text.SPI2_IRQHandler
                0x00005ce8        0x8 ./startup/startup_mk64f12.o
                0x00005ce8                SPI2_IRQHandler
 .text.UART4_RX_TX_IRQHandler
                0x00005cf0        0x8 ./startup/startup_mk64f12.o
                0x00005cf0                UART4_RX_TX_IRQHandler
 .text.UART4_ERR_IRQHandler
                0x00005cf8        0x8 ./startup/startup_mk64f12.o
                0x00005cf8                UART4_ERR_IRQHandler
 .text.UART5_RX_TX_IRQHandler
                0x00005d00        0x8 ./startup/startup_mk64f12.o
                0x00005d00                UART5_RX_TX_IRQHandler
 .text.UART5_ERR_IRQHandler
                0x00005d08        0x8 ./startup/startup_mk64f12.o
                0x00005d08                UART5_ERR_IRQHandler
 .text.CMP2_IRQHandler
                0x00005d10        0x8 ./startup/startup_mk64f12.o
                0x00005d10                CMP2_IRQHandler
 .text.FTM3_IRQHandler
                0x00005d18        0x8 ./startup/startup_mk64f12.o
                0x00005d18                FTM3_IRQHandler
 .text.DAC1_IRQHandler
                0x00005d20        0x8 ./startup/startup_mk64f12.o
                0x00005d20                DAC1_IRQHandler
 .text.ADC1_IRQHandler
                0x00005d28        0x8 ./startup/startup_mk64f12.o
                0x00005d28                ADC1_IRQHandler
 .text.I2C2_IRQHandler
                0x00005d30        0x8 ./startup/startup_mk64f12.o
                0x00005d30                I2C2_IRQHandler
 .text.CAN0_ORed_Message_buffer_IRQHandler
                0x00005d38        0x8 ./startup/startup_mk64f12.o
                0x00005d38                CAN0_ORed_Message_buffer_IRQHandler
 .text.CAN0_Bus_Off_IRQHandler
                0x00005d40        0x8 ./startup/startup_mk64f12.o
                0x00005d40                CAN0_Bus_Off_IRQHandler
 .text.CAN0_Error_IRQHandler
                0x00005d48        0x8 ./startup/startup_mk64f12.o
                0x00005d48                CAN0_Error_IRQHandler
 .text.CAN0_Tx_Warning_IRQHandler
                0x00005d50        0x8 ./startup/startup_mk64f12.o
                0x00005d50                CAN0_Tx_Warning_IRQHandler
 .text.CAN0_Rx_Warning_IRQHandler
                0x00005d58        0x8 ./startup/startup_mk64f12.o
                0x00005d58                CAN0_Rx_Warning_IRQHandler
 .text.CAN0_Wake_Up_IRQHandler
                0x00005d60        0x8 ./startup/startup_mk64f12.o
                0x00005d60                CAN0_Wake_Up_IRQHandler
 .text.SDHC_IRQHandler
                0x00005d68        0x8 ./startup/startup_mk64f12.o
                0x00005d68                SDHC_IRQHandler
 .text.ENET_1588_Timer_IRQHandler
                0x00005d70        0x8 ./startup/startup_mk64f12.o
                0x00005d70                ENET_1588_Timer_IRQHandler
 .text.ENET_Transmit_IRQHandler
                0x00005d78        0x8 ./startup/startup_mk64f12.o
                0x00005d78                ENET_Transmit_IRQHandler
 .text.ENET_Receive_IRQHandler
                0x00005d80        0x8 ./startup/startup_mk64f12.o
                0x00005d80                ENET_Receive_IRQHandler
 .text.ENET_Error_IRQHandler
                0x00005d88        0x8 ./startup/startup_mk64f12.o
                0x00005d88                ENET_Error_IRQHandler
 .text.PacketGetThread
                0x00005d90       0x12 ./source/main.o
                0x00005d90                PacketGetThread
 .text.PITCallback
                0x00005da2       0x18 ./source/main.o
                0x00005da2                PITCallback
 .text.HandlePacketVersion
                0x00005dba       0x16 ./source/main.o
                0x00005dba                HandlePacketVersion
 .text.HandleStartupPacket
                0x00005dd0        0xe ./source/main.o
                0x00005dd0                HandleStartupPacket
 .text.OSC_SetExtRefClkConfig
                0x00005dde       0x34 ./drivers/fsl_clock.o
 .text.OSC_SetCapLoad
                0x00005e12       0x34 ./drivers/fsl_clock.o
 .text.CLOCK_GetPll0RefFreq
                0x00005e46        0xe ./drivers/fsl_clock.o
 .text.CLOCK_GetFixedFreqClkFreq
                0x00005e54       0x34 ./drivers/fsl_clock.o
                0x00005e54                CLOCK_GetFixedFreqClkFreq
 .text.GPIO_PinWrite
                0x00005e88       0x3a ./drivers/fsl_gpio.o
 .text.SystemInitHook
                0x00005ec2        0xe ./device/system_MK64F12.o
                0x00005ec2                SystemInitHook
 .text.BOARD_InitBootClocks
                0x00005ed0        0xc ./board/clock_config.o
                0x00005ed0                BOARD_InitBootClocks
 .text.CLOCK_EnableClock
                0x00005edc       0x34 ./board/pin_mux.o
 .text.PORT_SetPinMux
                0x00005f10       0x3a ./board/pin_mux.o
 .text.Alarm_Tap
                0x00005f4a       0x10 ./Modules/VRR/VRR.o
                0x00005f4a                Alarm_Tap
 .text.Idle_Signal
                0x00005f5a       0x10 ./Modules/VRR/VRR.o
                0x00005f5a                Idle_Signal
 .text.Calc_RMS
                0x00005f6a       0x8c ./Modules/VRR/VRR.o
                0x00005f6a                Calc_RMS
 .text.CLOCK_EnableClock
                0x00005ff6       0x34 ./Modules/UART/UART.o
 .text.CLOCK_EnableClock
                0x0000602a       0x34 ./Modules/PIT/PIT.o
 .text.CLOCK_EnableClock
                0x0000605e       0x34 ./Modules/LEDs/LEDs.o
 .text.EraseSector
                0x00006092       0x24 ./Modules/Flash/Flash.o
 .text.WritePhrase
                0x000060b6       0x6c ./Modules/Flash/Flash.o
 .text.ModifyPhrase
                0x00006122       0x38 ./Modules/Flash/Flash.o
 .text.Flash_Init
                0x0000615a       0x10 ./Modules/Flash/Flash.o
                0x0000615a                Flash_Init
 .text.Flash_Write16
                0x0000616a       0x5a ./Modules/Flash/Flash.o
                0x0000616a                Flash_Write16
 .text.Flash_Write8
                0x000061c4       0x5c ./Modules/Flash/Flash.o
                0x000061c4                Flash_Write8
 .text.CLOCK_EnableClock
                0x00006220       0x34 ./Modules/FTM/FTM.o
 .text.FIFO_Init
                0x00006254       0x44 ./Modules/FIFO/FIFO.o
                0x00006254                FIFO_Init
 .text.FIFO_Put
                0x00006298       0x60 ./Modules/FIFO/FIFO.o
                0x00006298                FIFO_Put
 .text.FIFO_Get
                0x000062f8       0x60 ./Modules/FIFO/FIFO.o
                0x000062f8                FIFO_Get
 .text.CLOCK_EnableClock
                0x00006358       0x34 ./Modules/ADC/ADC.o
 .text.OS_SemaphoreSignal
                0x0000638c       0x54 C:\Users\User\git\Project\Library\libOS.a(OS.o)
                0x0000638c                OS_SemaphoreSignal
 .text.OS_Start
                0x000063e0       0x10 C:\Users\User\git\Project\Library\libOS.a(OS.o)
                0x000063e0                OS_Start
 .text.FindFirstSet
                0x000063f0       0x42 C:\Users\User\git\Project\Library\libOS.a(OS.o)
 .text.TCBInit  0x00006432       0xcc C:\Users\User\git\Project\Library\libOS.a(OS.o)
 .text.SysTick_Handler
                0x000064fe       0x14 C:\Users\User\git\Project\Library\libOS.a(OS.o)
                0x000064fe                SysTick_Handler
 .text.TryWaveFormParameters
                0x00006512       0x84 C:\Users\User\git\Project\Library\libFG.a(wave.o)
                0x00006512                TryWaveFormParameters
 .text.DetermineNbSamples
                0x00006596       0xda C:\Users\User\git\Project\Library\libFG.a(wave.o)
 .text.CLOCK_EnableClock
                0x00006670       0x34 C:\Users\User\git\Project\Library\libFG.a(DAC.o)
 .text.__sfputc_r
                0x000066a4       0x2e c:/nxp/mcuxpressoide_11.1.1_3241/ide/plugins/com.nxp.mcuxpresso.tools.win32_11.1.0.202001081728/tools/bin/../lib/gcc/arm-none-eabi/8.3.1/../../../../arm-none-eabi/lib/thumb/v7e-m+fp/hard\libc_nano.a(lib_a-nano-vfprintf.o)
 .text.__sfputs_r
                0x000066d2       0x24 c:/nxp/mcuxpressoide_11.1.1_3241/ide/plugins/com.nxp.mcuxpresso.tools.win32_11.1.0.202001081728/tools/bin/../lib/gcc/arm-none-eabi/8.3.1/../../../../arm-none-eabi/lib/thumb/v7e-m+fp/hard\libc_nano.a(lib_a-nano-vfprintf.o)
                0x000066d2                __sfputs_r
 .text._printf_common
                0x000066f6       0xea c:/nxp/mcuxpressoide_11.1.1_3241/ide/plugins/com.nxp.mcuxpresso.tools.win32_11.1.0.202001081728/tools/bin/../lib/gcc/arm-none-eabi/8.3.1/../../../../arm-none-eabi/lib/thumb/v7e-m+fp/hard\libc_nano.a(lib_a-nano-vfprintf_i.o)
                0x000066f6                _printf_common
 .text.abort    0x000067e0        0xe c:/nxp/mcuxpressoide_11.1.1_3241/ide/plugins/com.nxp.mcuxpresso.tools.win32_11.1.0.202001081728/tools/bin/../lib/gcc/arm-none-eabi/8.3.1/../../../../arm-none-eabi/lib/thumb/v7e-m+fp/hard\libc_nano.a(lib_a-abort.o)
                0x000067e0                abort
 .text.__sfmoreglue
                0x000067ee       0x2c c:/nxp/mcuxpressoide_11.1.1_3241/ide/plugins/com.nxp.mcuxpresso.tools.win32_11.1.0.202001081728/tools/bin/../lib/gcc/arm-none-eabi/8.3.1/../../../../arm-none-eabi/lib/thumb/v7e-m+fp/hard\libc_nano.a(lib_a-findfp.o)
                0x000067ee                __sfmoreglue
 .text._fwalk_reent
                0x0000681a       0x3c c:/nxp/mcuxpressoide_11.1.1_3241/ide/plugins/com.nxp.mcuxpresso.tools.win32_11.1.0.202001081728/tools/bin/../lib/gcc/arm-none-eabi/8.3.1/../../../../arm-none-eabi/lib/thumb/v7e-m+fp/hard\libc_nano.a(lib_a-fwalk.o)
                0x0000681a                _fwalk_reent
 .text.__retarget_lock_init_recursive
                0x00006856        0x2 c:/nxp/mcuxpressoide_11.1.1_3241/ide/plugins/com.nxp.mcuxpresso.tools.win32_11.1.0.202001081728/tools/bin/../lib/gcc/arm-none-eabi/8.3.1/../../../../arm-none-eabi/lib/thumb/v7e-m+fp/hard\libc_nano.a(lib_a-lock.o)
                0x00006856                __retarget_lock_init_recursive
 .text.__retarget_lock_acquire_recursive
                0x00006858        0x2 c:/nxp/mcuxpressoide_11.1.1_3241/ide/plugins/com.nxp.mcuxpresso.tools.win32_11.1.0.202001081728/tools/bin/../lib/gcc/arm-none-eabi/8.3.1/../../../../arm-none-eabi/lib/thumb/v7e-m+fp/hard\libc_nano.a(lib_a-lock.o)
                0x00006858                __retarget_lock_acquire_recursive
 .text.__retarget_lock_release_recursive
                0x0000685a        0x2 c:/nxp/mcuxpressoide_11.1.1_3241/ide/plugins/com.nxp.mcuxpresso.tools.win32_11.1.0.202001081728/tools/bin/../lib/gcc/arm-none-eabi/8.3.1/../../../../arm-none-eabi/lib/thumb/v7e-m+fp/hard\libc_nano.a(lib_a-lock.o)
                0x0000685a                __retarget_lock_release_recursive
 .text.__swhatbuf_r
                0x0000685c       0x48 c:/nxp/mcuxpressoide_11.1.1_3241/ide/plugins/com.nxp.mcuxpresso.tools.win32_11.1.0.202001081728/tools/bin/../lib/gcc/arm-none-eabi/8.3.1/../../../../arm-none-eabi/lib/thumb/v7e-m+fp/hard\libc_nano.a(lib_a-makebuf.o)
                0x0000685c                __swhatbuf_r
 .text.memset   0x000068a4       0x10 c:/nxp/mcuxpressoide_11.1.1_3241/ide/plugins/com.nxp.mcuxpresso.tools.win32_11.1.0.202001081728/tools/bin/../lib/gcc/arm-none-eabi/8.3.1/../../../../arm-none-eabi/lib/thumb/v7e-m+fp/hard\libc_nano.a(lib_a-memset.o)
                0x000068a4                memset
 .text._raise_r
                0x000068b4       0x50 c:/nxp/mcuxpressoide_11.1.1_3241/ide/plugins/com.nxp.mcuxpresso.tools.win32_11.1.0.202001081728/tools/bin/../lib/gcc/arm-none-eabi/8.3.1/../../../../arm-none-eabi/lib/thumb/v7e-m+fp/hard\libc_nano.a(lib_a-signal.o)
                0x000068b4                _raise_r
 .text._getpid_r
                0x00006904        0x4 c:/nxp/mcuxpressoide_11.1.1_3241/ide/plugins/com.nxp.mcuxpresso.tools.win32_11.1.0.202001081728/tools/bin/../lib/gcc/arm-none-eabi/8.3.1/../../../../arm-none-eabi/lib/thumb/v7e-m+fp/hard\libc_nano.a(lib_a-signalr.o)
                0x00006904                _getpid_r
 .text.__sread  0x00006908       0x22 c:/nxp/mcuxpressoide_11.1.1_3241/ide/plugins/com.nxp.mcuxpresso.tools.win32_11.1.0.202001081728/tools/bin/../lib/gcc/arm-none-eabi/8.3.1/../../../../arm-none-eabi/lib/thumb/v7e-m+fp/hard\libc_nano.a(lib_a-stdio.o)
                0x00006908                __sread
 .text.__swrite
                0x0000692a       0x38 c:/nxp/mcuxpressoide_11.1.1_3241/ide/plugins/com.nxp.mcuxpresso.tools.win32_11.1.0.202001081728/tools/bin/../lib/gcc/arm-none-eabi/8.3.1/../../../../arm-none-eabi/lib/thumb/v7e-m+fp/hard\libc_nano.a(lib_a-stdio.o)
                0x0000692a                __swrite
 .text.__sseek  0x00006962       0x24 c:/nxp/mcuxpressoide_11.1.1_3241/ide/plugins/com.nxp.mcuxpresso.tools.win32_11.1.0.202001081728/tools/bin/../lib/gcc/arm-none-eabi/8.3.1/../../../../arm-none-eabi/lib/thumb/v7e-m+fp/hard\libc_nano.a(lib_a-stdio.o)
                0x00006962                __sseek
 .text.__sclose
                0x00006986        0x8 c:/nxp/mcuxpressoide_11.1.1_3241/ide/plugins/com.nxp.mcuxpresso.tools.win32_11.1.0.202001081728/tools/bin/../lib/gcc/arm-none-eabi/8.3.1/../../../../arm-none-eabi/lib/thumb/v7e-m+fp/hard\libc_nano.a(lib_a-stdio.o)
                0x00006986                __sclose
 .text._exit    0x0000698e        0x2 c:/nxp/mcuxpressoide_11.1.1_3241/ide/plugins/com.nxp.mcuxpresso.tools.win32_11.1.0.202001081728/tools/bin/../lib/gcc/arm-none-eabi/8.3.1/../../../../arm-none-eabi/lib/thumb/v7e-m+fp/hard\libcr_newlib_nohost.a(_exit.o)
                0x0000698e                _exit
 *(SORT_BY_ALIGNMENT(.rodata) SORT_BY_ALIGNMENT(.rodata.*) SORT_BY_ALIGNMENT(.constdata) SORT_BY_ALIGNMENT(.constdata.*))
 .rodata.FG_SETUP
                0x00006990        0x8 ./source/main.o
                0x00006990                FG_SETUP
 .rodata.UART_SETUP
                0x00006998        0x8 ./source/main.o
                0x00006998                UART_SETUP
 .rodata.CLOCK_GetMcgExtClkFreq.str1.4
                0x000069a0       0x37 ./drivers/fsl_clock.o
 *fill*         0x000069d7        0x1 ff
 .rodata.CLOCK_GetOsc0ErClkFreq.str1.4
                0x000069d8        0xc ./drivers/fsl_clock.o
 .rodata.CLOCK_GetEr32kClkFreq.str1.4
                0x000069e4        0xd ./drivers/fsl_clock.o
 *fill*         0x000069f1        0x3 ff
 .rodata.CLOCK_GetPll0Freq.str1.4
                0x000069f4        0xb ./drivers/fsl_clock.o
 .rodata.CLOCK_EnablePll0.str1.4
                0x000069ff        0xb ./drivers/fsl_clock.o
                                  0x7 (size before relaxing)
 *fill*         0x000069ff        0x1 ff
 .rodata.__func__.8249
                0x00006a00       0x17 ./drivers/fsl_clock.o
 *fill*         0x00006a17        0x1 ff
 .rodata.__func__.8290
                0x00006a18       0x17 ./drivers/fsl_clock.o
 *fill*         0x00006a2f        0x1 ff
 .rodata.__func__.8298
                0x00006a30       0x16 ./drivers/fsl_clock.o
 *fill*         0x00006a46        0x2 ff
 .rodata.fllFactorTable.8373
                0x00006a48       0x10 ./drivers/fsl_clock.o
 .rodata.__func__.8394
                0x00006a58       0x12 ./drivers/fsl_clock.o
 *fill*         0x00006a6a        0x2 ff
 .rodata.__func__.8439
                0x00006a6c       0x11 ./drivers/fsl_clock.o
 *fill*         0x00006a7d        0x3 ff
 .rodata.__func__.8582
                0x00006a80       0x11 ./drivers/fsl_clock.o
 *fill*         0x00006a91        0x3 ff
 .rodata.__func__.8649
                0x00006a94       0x14 ./drivers/fsl_clock.o
 .rodata.GPIO_GetInstance.str1.4
                0x00006aa8       0x30 ./drivers/fsl_gpio.o
 .rodata.GPIO_PinInit.str1.4
                0x00006ad8        0xf ./drivers/fsl_gpio.o
 *fill*         0x00006ae7        0x1 ff
 .rodata.__func__.8267
                0x00006ae8        0xd ./drivers/fsl_gpio.o
 *fill*         0x00006af5        0x3 ff
 .rodata.mcgConfig_BOARD_BootClockRUN
                0x00006af8        0xb ./board/clock_config.o
                0x00006af8                mcgConfig_BOARD_BootClockRUN
 *fill*         0x00006b03        0x1 ff
 .rodata.simConfig_BOARD_BootClockRUN
                0x00006b04        0x8 ./board/clock_config.o
                0x00006b04                simConfig_BOARD_BootClockRUN
 .rodata.oscConfig_BOARD_BootClockRUN
                0x00006b0c        0x8 ./board/clock_config.o
                0x00006b0c                oscConfig_BOARD_BootClockRUN
 .rodata.PORT_SetPinConfig.str1.4
                0x00006b14       0x30 ./Modules/UART/UART.o
                                 0x35 (size before relaxing)
 .rodata.UART_PORT_PIN_CONFIG
                0x00006b44        0x2 ./Modules/UART/UART.o
                0x00006b44                UART_PORT_PIN_CONFIG
 *fill*         0x00006b46        0x2 ff
 .rodata.__func__.8407
                0x00006b48       0x12 ./Modules/UART/UART.o
 .rodata.PORT_SetPinConfig.str1.4
                0x00006b5a       0x35 ./Modules/LEDs/LEDs.o
 *fill*         0x00006b5a        0x2 ff
 .rodata.LED_PORT_PIN_CONFIG
                0x00006b5c        0x2 ./Modules/LEDs/LEDs.o
                0x00006b5c                LED_PORT_PIN_CONFIG
 *fill*         0x00006b5e        0x2 ff
 .rodata.GPIO_LED_PIN_CONFIG
                0x00006b60        0x2 ./Modules/LEDs/LEDs.o
                0x00006b60                GPIO_LED_PIN_CONFIG
 *fill*         0x00006b62        0x2 ff
 .rodata.__func__.8324
                0x00006b64       0x12 ./Modules/LEDs/LEDs.o
 *fill*         0x00006b76        0x2 ff
 .rodata.FIXED_FREQUENCY_CLOCK.8338
                0x00006b78        0x4 ./Modules/FTM/FTM.o
 .rodata.PIT_SETUP
                0x00006b7c       0x14 C:\Users\User\git\Project\Library\libFG.a(FG.o)
 .rodata.SinWave
                0x00006b90      0x7d0 C:\Users\User\git\Project\Library\libFG.a(wave.o)
                0x00006b90                SinWave
 .rodata.NoiseAmpLUT
                0x00007360      0x7d0 C:\Users\User\git\Project\Library\libFG.a(wave.o)
                0x00007360                NoiseAmpLUT
 .rodata._global_impure_ptr
                0x00007b30        0x4 c:/nxp/mcuxpressoide_11.1.1_3241/ide/plugins/com.nxp.mcuxpresso.tools.win32_11.1.0.202001081728/tools/bin/../lib/gcc/arm-none-eabi/8.3.1/../../../../arm-none-eabi/lib/thumb/v7e-m+fp/hard\libc_nano.a(lib_a-impure.o)
                0x00007b30                _global_impure_ptr
 .rodata.__sf_fake_stderr
                0x00007b34       0x20 c:/nxp/mcuxpressoide_11.1.1_3241/ide/plugins/com.nxp.mcuxpresso.tools.win32_11.1.0.202001081728/tools/bin/../lib/gcc/arm-none-eabi/8.3.1/../../../../arm-none-eabi/lib/thumb/v7e-m+fp/hard\libc_nano.a(lib_a-findfp.o)
                0x00007b34                __sf_fake_stderr
 .rodata.__sf_fake_stdin
                0x00007b54       0x20 c:/nxp/mcuxpressoide_11.1.1_3241/ide/plugins/com.nxp.mcuxpresso.tools.win32_11.1.0.202001081728/tools/bin/../lib/gcc/arm-none-eabi/8.3.1/../../../../arm-none-eabi/lib/thumb/v7e-m+fp/hard\libc_nano.a(lib_a-findfp.o)
                0x00007b54                __sf_fake_stdin
 .rodata.__sf_fake_stdout
                0x00007b74       0x20 c:/nxp/mcuxpressoide_11.1.1_3241/ide/plugins/com.nxp.mcuxpresso.tools.win32_11.1.0.202001081728/tools/bin/../lib/gcc/arm-none-eabi/8.3.1/../../../../arm-none-eabi/lib/thumb/v7e-m+fp/hard\libc_nano.a(lib_a-findfp.o)
                0x00007b74                __sf_fake_stdout
 .rodata.PACKET_ACK_MASK
                0x00007b94        0x1 ./source/main.o
                0x00007b94                PACKET_ACK_MASK
 .rodata.__assert_func.str1.1
                0x00007b95       0x3c c:/nxp/mcuxpressoide_11.1.1_3241/ide/plugins/com.nxp.mcuxpresso.tools.win32_11.1.0.202001081728/tools/bin/../lib/gcc/arm-none-eabi/8.3.1/../../../../arm-none-eabi/lib/thumb/v7e-m+fp/hard\libc_nano.a(lib_a-assert.o)
                                 0x3d (size before relaxing)
 .rodata._vfprintf_r.str1.1
                0x00007bd1       0x11 c:/nxp/mcuxpressoide_11.1.1_3241/ide/plugins/com.nxp.mcuxpresso.tools.win32_11.1.0.202001081728/tools/bin/../lib/gcc/arm-none-eabi/8.3.1/../../../../arm-none-eabi/lib/thumb/v7e-m+fp/hard\libc_nano.a(lib_a-nano-vfprintf.o)
 .rodata._printf_i.str1.1
                0x00007be2       0x22 c:/nxp/mcuxpressoide_11.1.1_3241/ide/plugins/com.nxp.mcuxpresso.tools.win32_11.1.0.202001081728/tools/bin/../lib/gcc/arm-none-eabi/8.3.1/../../../../arm-none-eabi/lib/thumb/v7e-m+fp/hard\libc_nano.a(lib_a-nano-vfprintf_i.o)
                0x00007c08                . = ALIGN (0x8)
 *fill*         0x00007c04        0x4 ff

.glue_7         0x00007c08        0x0
 .glue_7        0x00007c08        0x0 linker stubs

.glue_7t        0x00007c08        0x0
 .glue_7t       0x00007c08        0x0 linker stubs

.vfp11_veneer   0x00007c08        0x0
 .vfp11_veneer  0x00007c08        0x0 linker stubs

.v4_bx          0x00007c08        0x0
 .v4_bx         0x00007c08        0x0 linker stubs

.iplt           0x00007c08        0x0
 .iplt          0x00007c08        0x0 ./startup/startup_mk64f12.o

.ARM.extab
 *(SORT_BY_ALIGNMENT(.ARM.extab*) SORT_BY_ALIGNMENT(.gnu.linkonce.armextab.*))

.ARM.exidx      0x00007c08        0x8
                0x00007c08                __exidx_start = .
 *(SORT_BY_ALIGNMENT(.ARM.exidx*) SORT_BY_ALIGNMENT(.gnu.linkonce.armexidx.*))
 .ARM.exidx     0x00007c08        0x8 c:/nxp/mcuxpressoide_11.1.1_3241/ide/plugins/com.nxp.mcuxpresso.tools.win32_11.1.0.202001081728/tools/bin/../lib/gcc/arm-none-eabi/8.3.1/thumb/v7e-m+fp/hard\libgcc.a(_udivmoddi4.o)
                0x00007c10                __exidx_end = .
                0x00007c10                _etext = .

.rel.dyn        0x00007c10        0x0
 .rel.iplt      0x00007c10        0x0 ./startup/startup_mk64f12.o

.m_usb_data
 *(SORT_BY_ALIGNMENT(m_usb_bdt))

.data_RAM2      0x1fff0000        0x0 load address 0x00007c10
 FILL mask 0xff
                [!provide]                PROVIDE (__start_data_RAM2 = .)
                [!provide]                PROVIDE (__start_data_SRAM_LOWER = .)
 *(SORT_BY_ALIGNMENT(.ramfunc.$RAM2))
 *(SORT_BY_ALIGNMENT(.ramfunc.$SRAM_LOWER))
 *(SORT_BY_ALIGNMENT(.data.$RAM2))
 *(SORT_BY_ALIGNMENT(.data.$SRAM_LOWER))
 *(SORT_BY_ALIGNMENT(.data.$RAM2.*))
 *(SORT_BY_ALIGNMENT(.data.$SRAM_LOWER.*))
                0x1fff0000                . = ALIGN (0x8)
                [!provide]                PROVIDE (__end_data_RAM2 = .)
                [!provide]                PROVIDE (__end_data_SRAM_LOWER = .)

.data_RAM3      0x14000000        0x0 load address 0x00007c10
 FILL mask 0xff
                [!provide]                PROVIDE (__start_data_RAM3 = .)
                [!provide]                PROVIDE (__start_data_FLEX_RAM = .)
 *(SORT_BY_ALIGNMENT(.ramfunc.$RAM3))
 *(SORT_BY_ALIGNMENT(.ramfunc.$FLEX_RAM))
 *(SORT_BY_ALIGNMENT(.data.$RAM3))
 *(SORT_BY_ALIGNMENT(.data.$FLEX_RAM))
 *(SORT_BY_ALIGNMENT(.data.$RAM3.*))
 *(SORT_BY_ALIGNMENT(.data.$FLEX_RAM.*))
                0x14000000                . = ALIGN (0x8)
                [!provide]                PROVIDE (__end_data_RAM3 = .)
                [!provide]                PROVIDE (__end_data_FLEX_RAM = .)

.uninit_RESERVED
                0x20000000        0x0
                0x20000000                _start_uninit_RESERVED = .
 *(SORT_BY_ALIGNMENT(.bss.$RESERVED*))
                0x20000000                . = ALIGN (0x8)
                0x20000000                _end_uninit_RESERVED = .

.data           0x20000000       0x78 load address 0x00007c10
 FILL mask 0xff
                0x20000000                _data = .
                [!provide]                PROVIDE (__start_data_RAM = .)
                [!provide]                PROVIDE (__start_data_SRAM_UPPER = .)
 *(SORT_BY_ALIGNMENT(vtable))
 *(SORT_BY_ALIGNMENT(.ramfunc*))
 *(SORT_BY_ALIGNMENT(CodeQuickAccess))
 *(SORT_BY_ALIGNMENT(DataQuickAccess))
 *(SORT_BY_ALIGNMENT(RamFunction))
 *(SORT_BY_ALIGNMENT(.data*))
 .data.s_slowIrcFreq
                0x20000000        0x4 ./drivers/fsl_clock.o
 .data.s_fastIrcFreq
                0x20000004        0x4 ./drivers/fsl_clock.o
 .data.SystemCoreClock
                0x20000008        0x4 ./device/system_MK64F12.o
                0x20000008                SystemCoreClock
 .data.i.5102   0x2000000c        0x4 C:\Users\User\git\Project\Library\libFG.a(wave.o)
 .data._impure_ptr
                0x20000010        0x4 c:/nxp/mcuxpressoide_11.1.1_3241/ide/plugins/com.nxp.mcuxpresso.tools.win32_11.1.0.202001081728/tools/bin/../lib/gcc/arm-none-eabi/8.3.1/../../../../arm-none-eabi/lib/thumb/v7e-m+fp/hard\libc_nano.a(lib_a-impure.o)
                0x20000010                _impure_ptr
 .data.impure_data
                0x20000014       0x60 c:/nxp/mcuxpressoide_11.1.1_3241/ide/plugins/com.nxp.mcuxpresso.tools.win32_11.1.0.202001081728/tools/bin/../lib/gcc/arm-none-eabi/8.3.1/../../../../arm-none-eabi/lib/thumb/v7e-m+fp/hard\libc_nano.a(lib_a-impure.o)
 .data.MCU_NUM_L
                0x20000074        0x1 ./source/main.o
 .data.MCU_NUM_H
                0x20000075        0x1 ./source/main.o
 .data.__fdlib_version
                0x20000076        0x1 c:/nxp/mcuxpressoide_11.1.1_3241/ide/plugins/com.nxp.mcuxpresso.tools.win32_11.1.0.202001081728/tools/bin/../lib/gcc/arm-none-eabi/8.3.1/../../../../arm-none-eabi/lib/thumb/v7e-m+fp/hard\libm.a(lib_a-s_lib_ver.o)
                0x20000076                __fdlib_version
                0x20000078                . = ALIGN (0x8)
 *fill*         0x20000077        0x1 ff
                0x20000078                _edata = .
                [!provide]                PROVIDE (__end_data_RAM = .)
                [!provide]                PROVIDE (__end_data_SRAM_UPPER = .)

.igot.plt       0x20000078        0x0 load address 0x00007c88
 .igot.plt      0x20000078        0x0 ./startup/startup_mk64f12.o

.bss_RAM2       0x1fff0000        0x0
                [!provide]                PROVIDE (__start_bss_RAM2 = .)
                [!provide]                PROVIDE (__start_bss_SRAM_LOWER = .)
 *(SORT_BY_ALIGNMENT(.bss.$RAM2))
 *(SORT_BY_ALIGNMENT(.bss.$SRAM_LOWER))
 *(SORT_BY_ALIGNMENT(.bss.$RAM2.*))
 *(SORT_BY_ALIGNMENT(.bss.$SRAM_LOWER.*))
                0x1fff0000                . = ALIGN ((. != 0x0)?0x8:0x1)
                [!provide]                PROVIDE (__end_bss_RAM2 = .)
                [!provide]                PROVIDE (__end_bss_SRAM_LOWER = .)

.bss_RAM3       0x14000000        0x0
                [!provide]                PROVIDE (__start_bss_RAM3 = .)
                [!provide]                PROVIDE (__start_bss_FLEX_RAM = .)
 *(SORT_BY_ALIGNMENT(.bss.$RAM3))
 *(SORT_BY_ALIGNMENT(.bss.$FLEX_RAM))
 *(SORT_BY_ALIGNMENT(.bss.$RAM3.*))
 *(SORT_BY_ALIGNMENT(.bss.$FLEX_RAM.*))
                0x14000000                . = ALIGN ((. != 0x0)?0x8:0x1)
                [!provide]                PROVIDE (__end_bss_RAM3 = .)
                [!provide]                PROVIDE (__end_bss_FLEX_RAM = .)

.bss            0x20000078     0x43e0
                0x20000078                _bss = .
                [!provide]                PROVIDE (__start_bss_RAM = .)
                [!provide]                PROVIDE (__start_bss_SRAM_UPPER = .)
 *(SORT_BY_ALIGNMENT(.bss*))
 .bss.InitModulesThreadStack
                0x20000078      0x320 ./source/main.o
 .bss.PacketGetModulesThreadStack
                0x20000398      0x320 ./source/main.o
 .bss.ReceiveThreadStack
                0x200006b8      0x320 ./source/main.o
 .bss.TransmitThreadStack
                0x200009d8      0x320 ./source/main.o
 .bss.PIT2CallbackThreadStack
                0x20000cf8      0x320 ./source/main.o
 .bss.PIT3CallbackThreadStack
                0x20001018      0x320 ./source/main.o
 .bss.PITmoduleClk.8386
                0x20001338        0x8 ./Modules/PIT/PIT.o
 .bss.phraseToWrite.6953
                0x20001340        0x8 ./Modules/Flash/Flash.o
 .bss.IdleStack
                0x20001348      0x400 C:\Users\User\git\Project\Library\libOS.a(OS.o)
 .bss.PrepareAnalogOutputThreadStack
                0x20001748      0x190 C:\Users\User\git\Project\Library\libFG.a(FG.o)
 .bss.FG_HandlePacketsThreadStack
                0x200018d8      0x190 C:\Users\User\git\Project\Library\libFG.a(FG.o)
 .bss.UART_TIMER
                0x20001a68       0x14 ./source/main.o
 .bss.g_xtal0Freq
                0x20001a7c        0x4 ./drivers/fsl_clock.o
                0x20001a7c                g_xtal0Freq
 .bss.g_xtal32Freq
                0x20001a80        0x4 ./drivers/fsl_clock.o
                0x20001a80                g_xtal32Freq
 .bss.timeTaken
                0x20001a84        0x4 ./Modules/VRR/VRR.o
                0x20001a84                timeTaken
 .bss.timeGlobal
                0x20001a88        0x4 ./Modules/VRR/VRR.o
                0x20001a88                timeGlobal
 .bss.percentageTaken
                0x20001a8c        0x4 ./Modules/VRR/VRR.o
                0x20001a8c                percentageTaken
 .bss.deviation
                0x20001a90        0x4 ./Modules/VRR/VRR.o
                0x20001a90                deviation
 .bss.RxFIFO    0x20001a94      0x10c ./Modules/UART/UART.o
 .bss.TxFIFO    0x20001ba0      0x10c ./Modules/UART/UART.o
 .bss.RxSemaphore
                0x20001cac        0x4 ./Modules/UART/UART.o
                0x20001cac                RxSemaphore
 .bss.TxSemaphore
                0x20001cb0        0x4 ./Modules/UART/UART.o
                0x20001cb0                TxSemaphore
 .bss.PacketPutSemaphore
                0x20001cb4        0x4 ./Modules/Packet/packet.o
 .bss.Packet    0x20001cb8        0x5 ./Modules/Packet/packet.o
                0x20001cb8                Packet
 *fill*         0x20001cbd        0x3 
 .bss.Sample    0x20001cc0       0x22 ./Modules/PIT/PIT.o
                0x20001cc0                Sample
 *fill*         0x20001ce2        0x2 
 .bss.Userfunction
                0x20001ce4        0x4 ./Modules/PIT/PIT.o
 .bss.Userarguments
                0x20001ce8        0x4 ./Modules/PIT/PIT.o
 .bss.PIT2Semaphore
                0x20001cec        0x4 ./Modules/PIT/PIT.o
                0x20001cec                PIT2Semaphore
 .bss.PIT3Semaphore
                0x20001cf0        0x4 ./Modules/PIT/PIT.o
                0x20001cf0                PIT3Semaphore
 .bss.position  0x20001cf4        0x4 ./Modules/PIT/PIT.o
                0x20001cf4                position
 .bss.PITmoduleClk.8394
                0x20001cf8        0x4 ./Modules/PIT/PIT.o
 .bss.FlashSectorsAllocated.6939
                0x20001cfc        0x8 ./Modules/Flash/Flash.o
 .bss.phraseAddress.6954
                0x20001d04        0x4 ./Modules/Flash/Flash.o
 .bss.CallbackFunction
                0x20001d08        0x4 ./Modules/FTM/FTM.o
 .bss.CallbackArguments
                0x20001d0c        0x4 ./Modules/FTM/FTM.o
 .bss.TCBUnusedMain
                0x20001d10       0x18 C:\Users\User\git\Project\Library\libOS.a(OS.o)
 .bss.TCBTable  0x20001d28      0x300 C:\Users\User\git\Project\Library\libOS.a(OS.o)
 .bss.pTCBFreeList
                0x20002028        0x4 C:\Users\User\git\Project\Library\libOS.a(OS.o)
 .bss.pTCBAllocatedList
                0x2000202c        0x4 C:\Users\User\git\Project\Library\libOS.a(OS.o)
 .bss.pTCBPriorityTable
                0x20002030       0x80 C:\Users\User\git\Project\Library\libOS.a(OS.o)
 .bss.pTCBRunning
                0x200020b0        0x4 C:\Users\User\git\Project\Library\libOS.a(OS.o)
 .bss.pTCBHighestReady
                0x200020b4        0x4 C:\Users\User\git\Project\Library\libOS.a(OS.o)
 .bss.ReadyList
                0x200020b8        0x4 C:\Users\User\git\Project\Library\libOS.a(OS.o)
 .bss.ECBTable  0x200020bc      0x100 C:\Users\User\git\Project\Library\libOS.a(OS.o)
 .bss.IdleCounter
                0x200021bc        0x4 C:\Users\User\git\Project\Library\libOS.a(OS.o)
 .bss.Ticks     0x200021c0        0x4 C:\Users\User\git\Project\Library\libOS.a(OS.o)
 .bss.FG_HandlePacketSemaphore
                0x200021c4        0x4 C:\Users\User\git\Project\Library\libFG.a(FG.o)
                0x200021c4                FG_HandlePacketSemaphore
 .bss.FG_PacketProcessed
                0x200021c8        0x4 C:\Users\User\git\Project\Library\libFG.a(FG.o)
                0x200021c8                FG_PacketProcessed
 .bss.PrepareAnalogOutputSemaphore
                0x200021cc        0x4 C:\Users\User\git\Project\Library\libFG.a(FG.o)
                0x200021cc                PrepareAnalogOutputSemaphore
 .bss.Wave_Channels
                0x200021d0     0x203c C:\Users\User\git\Project\Library\libFG.a(wave.o)
                0x200021d0                Wave_Channels
 .bss.Wave_Selected
                0x2000420c        0x4 C:\Users\User\git\Project\Library\libFG.a(wave.o)
                0x2000420c                Wave_Selected
 .bss.N         0x20004210        0x4 C:\Users\User\git\Project\Library\libFG.a(wave.o)
 .bss.w.5100    0x20004214        0x4 C:\Users\User\git\Project\Library\libFG.a(wave.o)
 .bss.x.5101    0x20004218      0x200 C:\Users\User\git\Project\Library\libFG.a(wave.o)
 .bss.DAC_Semaphore
                0x20004418        0x4 C:\Users\User\git\Project\Library\libFG.a(DAC.o)
                0x20004418                DAC_Semaphore
 .bss.__malloc_free_list
                0x2000441c        0x4 c:/nxp/mcuxpressoide_11.1.1_3241/ide/plugins/com.nxp.mcuxpresso.tools.win32_11.1.0.202001081728/tools/bin/../lib/gcc/arm-none-eabi/8.3.1/../../../../arm-none-eabi/lib/thumb/v7e-m+fp/hard\libc_nano.a(lib_a-nano-mallocr.o)
                0x2000441c                __malloc_free_list
 .bss.__malloc_sbrk_start
                0x20004420        0x4 c:/nxp/mcuxpressoide_11.1.1_3241/ide/plugins/com.nxp.mcuxpresso.tools.win32_11.1.0.202001081728/tools/bin/../lib/gcc/arm-none-eabi/8.3.1/../../../../arm-none-eabi/lib/thumb/v7e-m+fp/hard\libc_nano.a(lib_a-nano-mallocr.o)
                0x20004420                __malloc_sbrk_start
 .bss.__end_of_heap
                0x20004424        0x4 c:/nxp/mcuxpressoide_11.1.1_3241/ide/plugins/com.nxp.mcuxpresso.tools.win32_11.1.0.202001081728/tools/bin/../lib/gcc/arm-none-eabi/8.3.1/../../../../arm-none-eabi/lib/thumb/v7e-m+fp/hard\libcr_newlib_nohost.a(_cr_sbrk.o)
                0x20004424                __end_of_heap
 .bss.setBaudRate.8466
                0x20004428        0x2 ./Modules/UART/UART.o
 .bss.BaudRateFineAdjust.8467
                0x2000442a        0x2 ./Modules/UART/UART.o
 .bss.ReadAnalog
                0x2000442c        0x2 ./Modules/PIT/PIT.o
                0x2000442c                ReadAnalog
 .bss.tempVar.8374
                0x2000442e        0x2 ./Modules/PIT/PIT.o
 .bss.maxSampleNb.5234
                0x20004430        0x2 C:\Users\User\git\Project\Library\libFG.a(FG.o)
 .bss.sampleNb.5233
                0x20004432        0x2 C:\Users\User\git\Project\Library\libFG.a(FG.o)
 .bss.harmonicNb.5241
                0x20004434        0x2 C:\Users\User\git\Project\Library\libFG.a(FG.o)
 .bss.NIndex    0x20004436        0x2 C:\Users\User\git\Project\Library\libFG.a(wave.o)
 .bss.Nb_Raises
                0x20004438        0x1 ./source/main.o
                0x20004438                Nb_Raises
 .bss.Nb_Lowers
                0x20004439        0x1 ./source/main.o
                0x20004439                Nb_Lowers
 .bss.Timing_Mode
                0x2000443a        0x1 ./source/main.o
                0x2000443a                Timing_Mode
 .bss.success.8775
                0x2000443b        0x1 ./source/main.o
 .bss.temp.6980
                0x2000443c        0x1 ./Modules/Packet/packet.o
 .bss.uartInData.6989
                0x2000443d        0x1 ./Modules/Packet/packet.o
 .bss.packetPosition.6988
                0x2000443e        0x1 ./Modules/Packet/packet.o
 .bss.NextECBFree
                0x2000443f        0x1 C:\Users\User\git\Project\Library\libOS.a(OS.o)
 .bss.ISRNestLevel
                0x20004440        0x1 C:\Users\User\git\Project\Library\libOS.a(OS.o)
 .bss.OSSR_reg  0x20004441        0x1 C:\Users\User\git\Project\Library\libOS.a(OS.o)
                0x20004441                OSSR_reg
 .bss.OSSR_lock
                0x20004442        0x1 C:\Users\User\git\Project\Library\libOS.a(OS.o)
                0x20004442                OSSR_lock
 .bss.FG_PacketHandledSuccessfully
                0x20004443        0x1 C:\Users\User\git\Project\Library\libFG.a(FG.o)
                0x20004443                FG_PacketHandledSuccessfully
 *(SORT_BY_ALIGNMENT(COMMON))
 COMMON         0x20004444        0x4 c:/nxp/mcuxpressoide_11.1.1_3241/ide/plugins/com.nxp.mcuxpresso.tools.win32_11.1.0.202001081728/tools/bin/../lib/gcc/arm-none-eabi/8.3.1/../../../../arm-none-eabi/lib/thumb/v7e-m+fp/hard\libc_nano.a(lib_a-reent.o)
                0x20004444                errno
 COMMON         0x20004448        0x9 c:/nxp/mcuxpressoide_11.1.1_3241/ide/plugins/com.nxp.mcuxpresso.tools.win32_11.1.0.202001081728/tools/bin/../lib/gcc/arm-none-eabi/8.3.1/../../../../arm-none-eabi/lib/thumb/v7e-m+fp/hard\libc_nano.a(lib_a-lock.o)
                0x20004448                __lock___atexit_recursive_mutex
                0x20004449                __lock___arc4random_mutex
                0x2000444a                __lock___env_recursive_mutex
                0x2000444b                __lock___sinit_recursive_mutex
                0x2000444c                __lock___malloc_recursive_mutex
                0x2000444d                __lock___at_quick_exit_mutex
                0x2000444e                __lock___dd_hash_mutex
                0x2000444f                __lock___tz_mutex
                0x20004450                __lock___sfp_recursive_mutex
                0x20004458                . = ALIGN (0x8)
 *fill*         0x20004451        0x7 
                0x20004458                _ebss = .
                [!provide]                PROVIDE (__end_bss_RAM = .)
                [!provide]                PROVIDE (__end_bss_SRAM_UPPER = .)
                [!provide]                PROVIDE (end = .)

.noinit_RAM2    0x1fff0000        0x0
                [!provide]                PROVIDE (__start_noinit_RAM2 = .)
                [!provide]                PROVIDE (__start_noinit_SRAM_LOWER = .)
 *(SORT_BY_ALIGNMENT(.noinit.$RAM2))
 *(SORT_BY_ALIGNMENT(.noinit.$SRAM_LOWER))
 *(SORT_BY_ALIGNMENT(.noinit.$RAM2.*))
 *(SORT_BY_ALIGNMENT(.noinit.$SRAM_LOWER.*))
                0x1fff0000                . = ALIGN (0x8)
                [!provide]                PROVIDE (__end_noinit_RAM2 = .)
                [!provide]                PROVIDE (__end_noinit_SRAM_LOWER = .)

.noinit_RAM3    0x14000000        0x0
                [!provide]                PROVIDE (__start_noinit_RAM3 = .)
                [!provide]                PROVIDE (__start_noinit_FLEX_RAM = .)
 *(SORT_BY_ALIGNMENT(.noinit.$RAM3))
 *(SORT_BY_ALIGNMENT(.noinit.$FLEX_RAM))
 *(SORT_BY_ALIGNMENT(.noinit.$RAM3.*))
 *(SORT_BY_ALIGNMENT(.noinit.$FLEX_RAM.*))
                0x14000000                . = ALIGN (0x8)
                [!provide]                PROVIDE (__end_noinit_RAM3 = .)
                [!provide]                PROVIDE (__end_noinit_FLEX_RAM = .)

.noinit         0x20004458        0x0
                0x20004458                _noinit = .
                [!provide]                PROVIDE (__start_noinit_RAM = .)
                [!provide]                PROVIDE (__start_noinit_SRAM_UPPER = .)
 *(SORT_BY_ALIGNMENT(.noinit*))
                0x20004458                . = ALIGN (0x8)
                0x20004458                _end_noinit = .
                [!provide]                PROVIDE (__end_noinit_RAM = .)
                [!provide]                PROVIDE (__end_noinit_SRAM_UPPER = .)
                0x00001000                _HeapSize = 0x1000

.heap           0x20004458     0x1000
                0x20004458                _pvHeapStart = .
                0x20005458                . = (. + _HeapSize)
 *fill*         0x20004458     0x1000 
                0x20005458                . = ALIGN (0x8)