Archive member included to satisfy reference by file (symbol)

C:\Users\User\git\Project\Library\libOS.a(OS.o)
                              ./source/main.o (OS_Init)
C:\Users\User\git\Project\Library\libFG.a(FG.o)
                              ./source/main.o (FG_PacketHandledSuccessfully)
C:\Users\User\git\Project\Library\libFG.a(wave.o)
                              C:\Users\User\git\Project\Library\libFG.a(FG.o) (Wave_Channels)
C:\Users\User\git\Project\Library\libFG.a(DAC.o)
                              C:\Users\User\git\Project\Library\libFG.a(FG.o) (DAC_Put)
c:/nxp/mcuxpressoide_11.1.1_3241/ide/plugins/com.nxp.mcuxpresso.tools.win32_11.1.0.202001081728/tools/bin/../lib/gcc/arm-none-eabi/8.3.1/thumb/v7e-m+fp/hard\libgcc.a(_arm_addsubdf3.o)
                              ./source/kiss_fft.o (__aeabi_dsub)
c:/nxp/mcuxpressoide_11.1.1_3241/ide/plugins/com.nxp.mcuxpresso.tools.win32_11.1.0.202001081728/tools/bin/../lib/gcc/arm-none-eabi/8.3.1/thumb/v7e-m+fp/hard\libgcc.a(_arm_muldivdf3.o)
                              ./source/kiss_fft.o (__aeabi_dmul)
c:/nxp/mcuxpressoide_11.1.1_3241/ide/plugins/com.nxp.mcuxpresso.tools.win32_11.1.0.202001081728/tools/bin/../lib/gcc/arm-none-eabi/8.3.1/thumb/v7e-m+fp/hard\libgcc.a(_arm_cmpdf2.o)
                              ./source/kiss_fft.o (__aeabi_dcmplt)
c:/nxp/mcuxpressoide_11.1.1_3241/ide/plugins/com.nxp.mcuxpresso.tools.win32_11.1.0.202001081728/tools/bin/../lib/gcc/arm-none-eabi/8.3.1/thumb/v7e-m+fp/hard\libgcc.a(_arm_fixunsdfsi.o)
                              ./Modules/PIT/PIT.o (__aeabi_d2uiz)
c:/nxp/mcuxpressoide_11.1.1_3241/ide/plugins/com.nxp.mcuxpresso.tools.win32_11.1.0.202001081728/tools/bin/../lib/gcc/arm-none-eabi/8.3.1/thumb/v7e-m+fp/hard\libgcc.a(_arm_truncdfsf2.o)
                              ./source/kiss_fft.o (__aeabi_d2f)
c:/nxp/mcuxpressoide_11.1.1_3241/ide/plugins/com.nxp.mcuxpresso.tools.win32_11.1.0.202001081728/tools/bin/../lib/gcc/arm-none-eabi/8.3.1/thumb/v7e-m+fp/hard\libgcc.a(_aeabi_uldivmod.o)
                              ./drivers/fsl_common.o (__aeabi_uldivmod)
c:/nxp/mcuxpressoide_11.1.1_3241/ide/plugins/com.nxp.mcuxpresso.tools.win32_11.1.0.202001081728/tools/bin/../lib/gcc/arm-none-eabi/8.3.1/thumb/v7e-m+fp/hard\libgcc.a(_udivmoddi4.o)
                              c:/nxp/mcuxpressoide_11.1.1_3241/ide/plugins/com.nxp.mcuxpresso.tools.win32_11.1.0.202001081728/tools/bin/../lib/gcc/arm-none-eabi/8.3.1/thumb/v7e-m+fp/hard\libgcc.a(_aeabi_uldivmod.o) (__udivmoddi4)
c:/nxp/mcuxpressoide_11.1.1_3241/ide/plugins/com.nxp.mcuxpresso.tools.win32_11.1.0.202001081728/tools/bin/../lib/gcc/arm-none-eabi/8.3.1/thumb/v7e-m+fp/hard\libgcc.a(_dvmd_tls.o)
                              c:/nxp/mcuxpressoide_11.1.1_3241/ide/plugins/com.nxp.mcuxpresso.tools.win32_11.1.0.202001081728/tools/bin/../lib/gcc/arm-none-eabi/8.3.1/thumb/v7e-m+fp/hard\libgcc.a(_aeabi_uldivmod.o) (__aeabi_ldiv0)
c:/nxp/mcuxpressoide_11.1.1_3241/ide/plugins/com.nxp.mcuxpresso.tools.win32_11.1.0.202001081728/tools/bin/../lib/gcc/arm-none-eabi/8.3.1/../../../../arm-none-eabi/lib/thumb/v7e-m+fp/hard\libc_nano.a(lib_a-assert.o)
                              ./drivers/fsl_clock.o (__assert_func)
c:/nxp/mcuxpressoide_11.1.1_3241/ide/plugins/com.nxp.mcuxpresso.tools.win32_11.1.0.202001081728/tools/bin/../lib/gcc/arm-none-eabi/8.3.1/../../../../arm-none-eabi/lib/thumb/v7e-m+fp/hard\libc_nano.a(lib_a-exit.o)
                              ./source/kiss_fftr.o (exit)
c:/nxp/mcuxpressoide_11.1.1_3241/ide/plugins/com.nxp.mcuxpresso.tools.win32_11.1.0.202001081728/tools/bin/../lib/gcc/arm-none-eabi/8.3.1/../../../../arm-none-eabi/lib/thumb/v7e-m+fp/hard\libc_nano.a(lib_a-fprintf.o)
                              ./source/kiss_fftr.o (fprintf)
c:/nxp/mcuxpressoide_11.1.1_3241/ide/plugins/com.nxp.mcuxpresso.tools.win32_11.1.0.202001081728/tools/bin/../lib/gcc/arm-none-eabi/8.3.1/../../../../arm-none-eabi/lib/thumb/v7e-m+fp/hard\libc_nano.a(lib_a-impure.o)
                              c:/nxp/mcuxpressoide_11.1.1_3241/ide/plugins/com.nxp.mcuxpresso.tools.win32_11.1.0.202001081728/tools/bin/../lib/gcc/arm-none-eabi/8.3.1/../../../../arm-none-eabi/lib/thumb/v7e-m+fp/hard\libc_nano.a(lib_a-exit.o) (_global_impure_ptr)
c:/nxp/mcuxpressoide_11.1.1_3241/ide/plugins/com.nxp.mcuxpresso.tools.win32_11.1.0.202001081728/tools/bin/../lib/gcc/arm-none-eabi/8.3.1/../../../../arm-none-eabi/lib/thumb/v7e-m+fp/hard\libc_nano.a(lib_a-malloc.o)
                              ./source/kiss_fft.o (malloc)
c:/nxp/mcuxpressoide_11.1.1_3241/ide/plugins/com.nxp.mcuxpresso.tools.win32_11.1.0.202001081728/tools/bin/../lib/gcc/arm-none-eabi/8.3.1/../../../../arm-none-eabi/lib/thumb/v7e-m+fp/hard\libc_nano.a(lib_a-memcpy-stub.o)
                              ./source/kiss_fft.o (memcpy)
c:/nxp/mcuxpressoide_11.1.1_3241/ide/plugins/com.nxp.mcuxpresso.tools.win32_11.1.0.202001081728/tools/bin/../lib/gcc/arm-none-eabi/8.3.1/../../../../arm-none-eabi/lib/thumb/v7e-m+fp/hard\libc_nano.a(lib_a-nano-freer.o)
[...]
Memory Configuration

Name             Origin             Length             Attributes
PROGRAM_FLASH    0x00000000         0x00100000         xr
SRAM_UPPER       0x20000000         0x00030000         xrw
SRAM_LOWER       0x1fff0000         0x00010000         xrw
FLEX_RAM         0x14000000         0x00001000         xrw
*default*        0x00000000         0xffffffff

Linker script and memory map

LOAD ./startup/startup_mk64f12.o
LOAD ./source/kiss_fft.o
LOAD ./source/kiss_fftr.o
LOAD ./source/main.o
LOAD ./drivers/fsl_clock.o
LOAD ./drivers/fsl_common.o
LOAD ./drivers/fsl_gpio.o
LOAD ./drivers/fsl_smc.o
LOAD ./device/system_MK64F12.o
LOAD ./board/clock_config.o
LOAD ./board/pin_mux.o
LOAD ./Modules/VRR/VRR.o
LOAD ./Modules/UART/UART.o
LOAD ./Modules/Packet/packet.o
LOAD ./Modules/PIT/PIT.o
LOAD ./Modules/Median/median.o
LOAD ./Modules/LEDs/LEDs.o
LOAD ./Modules/Flash/Flash.o
LOAD ./Modules/FTM/FTM.o
LOAD ./Modules/FIFO/FIFO.o
LOAD ./Modules/Critical/critical.o
LOAD ./Modules/ADC/ADC.o
LOAD C:\Users\User\git\Project\Library\libOS.a
LOAD C:\Users\User\git\Project\Library\libFG.a
START GROUP
LOAD c:/nxp/mcuxpressoide_11.1.1_3241/ide/plugins/com.nxp.mcuxpresso.tools.win32_11.1.0.202001081728/tools/bin/../lib/gcc/arm-none-eabi/8.3.1/thumb/v7e-m+fp/hard\libgcc.a
LOAD c:/nxp/mcuxpressoide_11.1.1_3241/ide/plugins/com.nxp.mcuxpresso.tools.win32_11.1.0.202001081728/tools/bin/../lib/gcc/arm-none-eabi/8.3.1/../../../../arm-none-eabi/lib/thumb/v7e-m+fp/hard\libc_nano.a
LOAD c:/nxp/mcuxpressoide_11.1.1_3241/ide/plugins/com.nxp.mcuxpresso.tools.win32_11.1.0.202001081728/tools/bin/../lib/gcc/arm-none-eabi/8.3.1/../../../../arm-none-eabi/lib/thumb/v7e-m+fp/hard\libm.a
LOAD c:/nxp/mcuxpressoide_11.1.1_3241/ide/plugins/com.nxp.mcuxpresso.tools.win32_11.1.0.202001081728/tools/bin/../lib/gcc/arm-none-eabi/8.3.1/../../../../arm-none-eabi/lib/thumb/v7e-m+fp/hard\libcr_newlib_nohost.a
END GROUP
                0x00000000                __base_PROGRAM_FLASH = 0x0
                0x00000000                __base_Flash = 0x0
                0x00100000                __top_PROGRAM_FLASH = 0x100000
                0x00100000                __top_Flash = 0x100000
                0x20000000                __base_SRAM_UPPER = 0x20000000
                0x20000000                __base_RAM = 0x20000000
                0x20030000                __top_SRAM_UPPER = 0x20030000
                0x20030000                __top_RAM = 0x20030000
                0x1fff0000                __base_SRAM_LOWER = 0x1fff0000
                0x1fff0000                __base_RAM2 = 0x1fff0000
                0x20000000                __top_SRAM_LOWER = 0x20000000
                0x20000000                __top_RAM2 = 0x20000000
                0x14000000                __base_FLEX_RAM = 0x14000000
                0x14000000                __base_RAM3 = 0x14000000
                0x14001000                __top_FLEX_RAM = 0x14001000
                0x14001000                __top_RAM3 = 0x14001000

.text           0x00000000     0x6fc0
 FILL mask 0xff
                0x00000000                __vectors_start__ = ABSOLUTE (.)
 *(SORT_BY_ALIGNMENT(.isr_vector))
 .isr_vector    0x00000000      0x198 ./startup/startup_mk64f12.o
                0x00000000                g_pfnVectors
                0x00000000                __Vectors
                0x00000198                . = ALIGN (0x4)
                0x00000198                __section_table_start = .
                0x00000198                __data_section_table = .
                0x00000198        0x4 LONG 0x6fc0 LOADADDR (.data)
                0x0000019c        0x4 LONG 0x20000000 ADDR (.data)
                0x000001a0        0x4 LONG 0x78 SIZEOF (.data)
                0x000001a4        0x4 LONG 0x6fc0 LOADADDR (.data_RAM2)
                0x000001a8        0x4 LONG 0x1fff0000 ADDR (.data_RAM2)
                0x000001ac        0x4 LONG 0x0 SIZEOF (.data_RAM2)
                0x000001b0        0x4 LONG 0x6fc0 LOADADDR (.data_RAM3)
                0x000001b4        0x4 LONG 0x14000000 ADDR (.data_RAM3)
                0x000001b8        0x4 LONG 0x0 SIZEOF (.data_RAM3)
                0x000001bc                __data_section_table_end = .
                0x000001bc                __bss_section_table = .
                0x000001bc        0x4 LONG 0x20000078 ADDR (.bss)
                0x000001c0        0x4 LONG 0x38b0 SIZEOF (.bss)
                0x000001c4        0x4 LONG 0x1fff0000 ADDR (.bss_RAM2)
                0x000001c8        0x4 LONG 0x0 SIZEOF (.bss_RAM2)
                0x000001cc        0x4 LONG 0x14000000 ADDR (.bss_RAM3)
                0x000001d0        0x4 LONG 0x0 SIZEOF (.bss_RAM3)
                0x000001d4                __bss_section_table_end = .
                0x000001d4                __section_table_end = .
 *(SORT_BY_ALIGNMENT(.after_vectors*))
 .after_vectors.reset
                0x000001d4       0x4c ./startup/startup_mk64f12.o
                0x000001d4                ResetISR
 .after_vectors.init_data
                0x00000220       0x1e ./startup/startup_mk64f12.o
                0x00000220                data_init
 .after_vectors.init_bss
                0x0000023e       0x12 ./startup/startup_mk64f12.o
                0x0000023e                bss_init
 .after_vectors
                0x00000250       0x14 ./startup/startup_mk64f12.o
                0x00000250                NMI_Handler
                0x00000252                HardFault_Handler
                0x00000254                MemManage_Handler
                0x00000256                BusFault_Handler
                0x00000258                UsageFault_Handler
                0x0000025a                SVC_Handler
                0x0000025c                DebugMon_Handler
                0x00000262                DMA_Error_DriverIRQHandler
                0x00000262                LPTMR0_DriverIRQHandler
                0x00000262                FTM1_DriverIRQHandler
                0x00000262                FTM2_DriverIRQHandler
                0x00000262                PIT2_DriverIRQHandler
                0x00000262                SDHC_DriverIRQHandler
                0x00000262                I2S0_Tx_DriverIRQHandler
                0x00000262                RTC_Seconds_DriverIRQHandler
                0x00000262                DMA6_DriverIRQHandler
                0x00000262                LLWU_DriverIRQHandler
                0x00000262                MCM_DriverIRQHandler
                0x00000262                MCG_DriverIRQHandler
                0x00000262                ENET_1588_Timer_DriverIRQHandler
                0x00000262                I2C2_DriverIRQHandler
                0x00000262                DAC1_DriverIRQHandler
                0x00000262                SPI1_DriverIRQHandler
                0x00000262                CMP1_DriverIRQHandler
                0x00000262                UART5_RX_TX_DriverIRQHandler
                0x00000262                FTM0_DriverIRQHandler
                0x00000262                IntDefaultHandler
                0x00000262                USB0_DriverIRQHandler
                0x00000262                UART5_ERR_DriverIRQHandler
                0x00000262                PORTC_DriverIRQHandler
                0x00000262                DMA11_DriverIRQHandler
                0x00000262                DAC0_DriverIRQHandler
                0x00000262                DMA10_DriverIRQHandler
                0x00000262                CMP2_DriverIRQHandler
                0x00000262                UART2_ERR_DriverIRQHandler
                0x00000262                SPI2_DriverIRQHandler
                0x00000262                LVD_LVW_DriverIRQHandler
                0x00000262                PIT0_DriverIRQHandler
                0x00000262                RNG_DriverIRQHandler
                0x00000262                DMA5_DriverIRQHandler
                0x00000262                DMA12_DriverIRQHandler
                0x00000262                UART2_RX_TX_DriverIRQHandler
                0x00000262                USBDCD_DriverIRQHandler
                0x00000262                UART3_ERR_DriverIRQHandler
                0x00000262                DMA3_DriverIRQHandler
                0x00000262                DMA8_DriverIRQHandler
                0x00000262                DMA9_DriverIRQHandler
                0x00000262                UART0_ERR_DriverIRQHandler
                0x00000262                CMT_DriverIRQHandler
                0x00000262                Reserved71_DriverIRQHandler
                0x00000262                ADC1_DriverIRQHandler
                0x00000262                PORTA_DriverIRQHandler
                0x00000262                DMA14_DriverIRQHandler
                0x00000262                PIT3_DriverIRQHandler
                0x00000262                PIT1_DriverIRQHandler
                0x00000262                WDOG_EWM_DriverIRQHandler
                0x00000262                PDB0_DriverIRQHandler
                0x00000262                RTC_DriverIRQHandler
                0x00000262                I2S0_Rx_DriverIRQHandler
                0x00000262                Read_Collision_DriverIRQHandler
                0x00000262                SWI_DriverIRQHandler
                0x00000262                UART4_RX_TX_DriverIRQHandler
                0x00000262                UART4_ERR_DriverIRQHandler
                0x00000262                PORTB_DriverIRQHandler
                0x00000262                UART0_LON_DriverIRQHandler
                0x00000262                DMA0_DriverIRQHandler
                0x00000262                DMA1_DriverIRQHandler
                0x00000262                I2C1_DriverIRQHandler
                0x00000262                UART3_RX_TX_DriverIRQHandler
                0x00000262                ENET_Receive_DriverIRQHandler
                0x00000262                DMA13_DriverIRQHandler
                0x00000262                ENET_Error_DriverIRQHandler
                0x00000262                DMA15_DriverIRQHandler
                0x00000262                UART0_RX_TX_DriverIRQHandler
                0x00000262                SPI0_DriverIRQHandler
                0x00000262                ADC0_DriverIRQHandler
                0x00000262                CMP0_DriverIRQHandler
                0x00000262                CAN0_DriverIRQHandler
                0x00000262                FTM3_DriverIRQHandler
                0x00000262                DMA4_DriverIRQHandler
                0x00000262                UART1_ERR_DriverIRQHandler
                0x00000262                DMA2_DriverIRQHandler
                0x00000262                ENET_Transmit_DriverIRQHandler
                0x00000262                PORTD_DriverIRQHandler
                0x00000262                PORTE_DriverIRQHandler
                0x00000262                FTFE_DriverIRQHandler
                0x00000262                I2C0_DriverIRQHandler
                0x00000262                DMA7_DriverIRQHandler
                0x00000262                UART1_RX_TX_DriverIRQHandler
                0x00000400                . = 0x400
 *fill*         0x00000264      0x19c ff
                0x00000400                PROVIDE (__FLASH_CONFIG_START__ = .)
 *(SORT_BY_ALIGNMENT(.FlashConfig))
 .FlashConfig   0x00000400       0x10 ./startup/startup_mk64f12.o
                0x00000400                Flash_Config
                0x00000410                PROVIDE (__FLASH_CONFIG_END__ = .)
                0x00000001                ASSERT (! ((__FLASH_CONFIG_START__ == __FLASH_CONFIG_END__)), Linker Flash Config Support Enabled, but no .FlashConfig section provided within application)
 *(SORT_BY_ALIGNMENT(.text*))
 .text.PendSV_Handler
                0x00000410       0x5c C:\Users\User\git\Project\Library\libOS.a(OS.o)
                0x00000410                PendSV_Handler
 *fill*         0x0000046c        0x4 ff
 .text          0x00000470       0xa0 c:/nxp/mcuxpressoide_11.1.1_3241/ide/plugins/com.nxp.mcuxpresso.tools.win32_11.1.0.202001081728/tools/bin/../lib/gcc/arm-none-eabi/8.3.1/../../../../arm-none-eabi/lib/thumb/v7e-m+fp/hard\libc_nano.a(lib_a-memchr.o)
                0x00000470                memchr
 .text.PIT_Set  0x00000510       0x78 ./Modules/PIT/PIT.o
                0x00000510                PIT_Set
 .text.HandlePacketMCUNumber
                0x00000588       0x78 ./source/main.o
                0x00000588                HandlePacketMCUNumber
 .text.HandlePacketMCUMode
                0x00000600       0x5c ./source/main.o
                0x00000600                HandlePacketMCUMode
 .text.HandlePacketFlash
                0x0000065c       0x38 ./source/main.o
                0x0000065c                HandlePacketFlash
 .text.HandlePacketFlashProgram
                0x00000694       0x38 ./source/main.o
                0x00000694                HandlePacketFlashProgram
 .text.HandlePacketSpecial
                0x000006cc       0x34 ./source/main.o
                0x000006cc                HandlePacketSpecial
 .text.SendStartupPackets
                0x00000700       0x2c ./source/main.o
                0x00000700                SendStartupPackets
 .text.HandlePackets
                0x0000072c      0x11c ./source/main.o
                0x0000072c                HandlePackets
 .text.MCUInit  0x00000848       0xe4 ./source/main.o
 .text.InitModulesThread
                0x0000092c       0x90 ./source/main.o
 .text.main     0x000009bc       0x9c ./source/main.o
                0x000009bc                main
 .text.CLOCK_SetEr32kClock
                0x00000a58       0x30 ./drivers/fsl_clock.o
 .text.CLOCK_SetPllFllSelClock
                0x00000a88       0x3c ./drivers/fsl_clock.o
 .text.CLOCK_GetMcgExtClkFreq
                0x00000ac4       0x8c ./drivers/fsl_clock.o
 .text.CLOCK_GetFllExtRefClkFreq
                0x00000b50       0xc4 ./drivers/fsl_clock.o
 .text.CLOCK_GetInternalRefClkSelectFreq
                0x00000c14       0x4c ./drivers/fsl_clock.o
 .text.CLOCK_GetFllRefClkFreq
                0x00000c60       0x34 ./drivers/fsl_clock.o
 .text.CLOCK_GetOscRangeFromFreq
                0x00000c94       0x3c ./drivers/fsl_clock.o
 .text.CLOCK_GetOsc0ErClkFreq
                0x00000cd0       0x54 ./drivers/fsl_clock.o
                0x00000cd0                CLOCK_GetOsc0ErClkFreq
 .text.CLOCK_GetEr32kClkFreq
                0x00000d24       0x80 ./drivers/fsl_clock.o
                0x00000d24                CLOCK_GetEr32kClkFreq
 .text.CLOCK_GetPllFllSelClkFreq
                0x00000da4       0x54 ./drivers/fsl_clock.o
                0x00000da4                CLOCK_GetPllFllSelClkFreq
 .text.CLOCK_GetFreq
                0x00000df8      0x148 ./drivers/fsl_clock.o
                0x00000df8                CLOCK_GetFreq
 .text.CLOCK_SetSimConfig
                0x00000f40       0x38 ./drivers/fsl_clock.o
                0x00000f40                CLOCK_SetSimConfig
 .text.CLOCK_GetOutClkFreq
                0x00000f78       0x64 ./drivers/fsl_clock.o
                0x00000f78                CLOCK_GetOutClkFreq
 .text.CLOCK_GetFllFreq
                0x00000fdc       0x84 ./drivers/fsl_clock.o
                0x00000fdc                CLOCK_GetFllFreq
 .text.CLOCK_GetInternalRefClkFreq
                0x00001060       0x30 ./drivers/fsl_clock.o
                0x00001060                CLOCK_GetInternalRefClkFreq
 .text.CLOCK_GetPll0Freq
                0x00001090       0x88 ./drivers/fsl_clock.o
                0x00001090                CLOCK_GetPll0Freq
 .text.CLOCK_SetExternalRefClkConfig
                0x00001118       0x6c ./drivers/fsl_clock.o
                0x00001118                CLOCK_SetExternalRefClkConfig
 .text.CLOCK_SetInternalRefClkConfig
                0x00001184      0x104 ./drivers/fsl_clock.o
                0x00001184                CLOCK_SetInternalRefClkConfig
 .text.CLOCK_EnablePll0
                0x00001288       0x94 ./drivers/fsl_clock.o
                0x00001288                CLOCK_EnablePll0
 .text.CLOCK_InitOsc0
                0x0000131c       0x8c ./drivers/fsl_clock.o
                0x0000131c                CLOCK_InitOsc0
 .text.CLOCK_SetPbeMode
                0x000013a8       0xb8 ./drivers/fsl_clock.o
                0x000013a8                CLOCK_SetPbeMode
 .text.CLOCK_BootToPeeMode
                0x00001460       0x74 ./drivers/fsl_clock.o
                0x00001460                CLOCK_BootToPeeMode
 .text.GPIO_PinInit
                0x000014d4       0x74 ./drivers/fsl_gpio.o
                0x000014d4                GPIO_PinInit
 .text.SystemInit
                0x00001548       0x3c ./device/system_MK64F12.o
                0x00001548                SystemInit
 .text.CLOCK_SetSimSafeDivs
                0x00001584       0x20 ./board/clock_config.o
 .text.CLOCK_SetXtal0Freq
                0x000015a4       0x20 ./board/clock_config.o
 .text.CLOCK_CONFIG_SetFllExtRefDiv
                0x000015c4       0x3c ./board/clock_config.o
 .text.BOARD_BootClockRUN
                0x00001600       0x60 ./board/clock_config.o
                0x00001600                BOARD_BootClockRUN
 .text.BOARD_InitPins
                0x00001660       0x30 ./board/pin_mux.o
                0x00001660                BOARD_InitPins
 .text.__NVIC_EnableIRQ
                0x00001690       0x3c ./Modules/UART/UART.o
 .text.__NVIC_ClearPendingIRQ
                0x000016cc       0x3c ./Modules/UART/UART.o
 .text.PORT_SetPinConfig
                0x00001708       0x44 ./Modules/UART/UART.o
 .text.ReceiveThread
                0x0000174c       0x40 ./Modules/UART/UART.o
                0x0000174c                ReceiveThread
 .text.TransmitThread
                0x0000178c       0x44 ./Modules/UART/UART.o
                0x0000178c                TransmitThread
 .text.UART_Init
                0x000017d0      0x15c ./Modules/UART/UART.o
                0x000017d0                UART_Init
 .text.UART_InChar
                0x0000192c       0x1c ./Modules/UART/UART.o
                0x0000192c                UART_InChar
 .text.UART_OutChar
                0x00001948       0x20 ./Modules/UART/UART.o
                0x00001948                UART_OutChar
 .text.UART0_RX_TX_IRQHandler
                0x00001968       0x84 ./Modules/UART/UART.o
                0x00001968                UART0_RX_TX_IRQHandler
 .text.Byte_Checksum
                0x000019ec       0x48 ./Modules/Packet/packet.o
                0x000019ec                Byte_Checksum
 .text.Packet_Init
                0x00001a34       0x30 ./Modules/Packet/packet.o
                0x00001a34                Packet_Init
 .text.Packet_Get
                0x00001a64       0xe4 ./Modules/Packet/packet.o
                0x00001a64                Packet_Get
 .text.Packet_Put
                0x00001b48       0x74 ./Modules/Packet/packet.o
                0x00001b48                Packet_Put
 .text.__NVIC_EnableIRQ
                0x00001bbc       0x3c ./Modules/PIT/PIT.o
 .text.__NVIC_ClearPendingIRQ
                0x00001bf8       0x3c ./Modules/PIT/PIT.o
 .text.PIT0CallbackThread
                0x00001c34       0x38 ./Modules/PIT/PIT.o
                0x00001c34                PIT0CallbackThread
 .text.PIT_Init
                0x00001c6c       0xa8 ./Modules/PIT/PIT.o
                0x00001c6c                PIT_Init
 .text.PIT_Enable
                0x00001d14       0x44 ./Modules/PIT/PIT.o
                0x00001d14                PIT_Enable
 .text.PIT0_IRQHandler
                0x00001d58       0x34 ./Modules/PIT/PIT.o
                0x00001d58                PIT0_IRQHandler
 .text.PIT2_IRQHandler
                0x00001d8c       0x34 ./Modules/PIT/PIT.o
                0x00001d8c                PIT2_IRQHandler
 .text.PORT_SetPinConfig
                0x00001dc0       0x44 ./Modules/LEDs/LEDs.o
 .text.LEDs_Init
                0x00001e04       0xac ./Modules/LEDs/LEDs.o
                0x00001e04                LEDs_Init
 .text.LEDs_On  0x00001eb0       0x28 ./Modules/LEDs/LEDs.o
                0x00001eb0                LEDs_On
 .text.LEDs_Off
                0x00001ed8       0x28 ./Modules/LEDs/LEDs.o
                0x00001ed8                LEDs_Off
 .text.LEDs_Toggle
                0x00001f00       0x28 ./Modules/LEDs/LEDs.o
                0x00001f00                LEDs_Toggle
 .text.LaunchCommand
                0x00001f28       0xc4 ./Modules/Flash/Flash.o
 .text.Flash_AllocateVar
                0x00001fec       0x90 ./Modules/Flash/Flash.o
                0x00001fec                Flash_AllocateVar
 .text.Flash_Write32
                0x0000207c       0x74 ./Modules/Flash/Flash.o
                0x0000207c                Flash_Write32
 .text.__NVIC_EnableIRQ
                0x000020f0       0x3c ./Modules/FTM/FTM.o
 .text.__NVIC_ClearPendingIRQ
                0x0000212c       0x3c ./Modules/FTM/FTM.o
 .text.FTM_Init
                0x00002168       0x64 ./Modules/FTM/FTM.o
                0x00002168                FTM_Init
 .text.FTM_Set  0x000021cc      0x1c4 ./Modules/FTM/FTM.o
                0x000021cc                FTM_Set
 .text.FTM_StartTimer
                0x00002390       0x7c ./Modules/FTM/FTM.o
                0x00002390                FTM_StartTimer
 .text.FTM0_IRQHandler
                0x0000240c       0xb0 ./Modules/FTM/FTM.o
                0x0000240c                FTM0_IRQHandler
 .text.__NVIC_SetPriority
                0x000024bc       0x54 C:\Users\User\git\Project\Library\libOS.a(OS.o)
 .text.SysTick_Config
                0x00002510       0x44 C:\Users\User\git\Project\Library\libOS.a(OS.o)
 .text.OS_Init  0x00002554       0xc0 C:\Users\User\git\Project\Library\libOS.a(OS.o)
                0x00002554                OS_Init
 .text.OS_ISREnter
                0x00002614       0x2c C:\Users\User\git\Project\Library\libOS.a(OS.o)
                0x00002614                OS_ISREnter
 .text.OS_ISRExit
                0x00002640       0x20 C:\Users\User\git\Project\Library\libOS.a(OS.o)
                0x00002640                OS_ISRExit
 .text.OS_SemaphoreCreate
                0x00002660       0x90 C:\Users\User\git\Project\Library\libOS.a(OS.o)
                0x00002660                OS_SemaphoreCreate
 .text.OS_SemaphoreWait
                0x000026f0       0x70 C:\Users\User\git\Project\Library\libOS.a(OS.o)
                0x000026f0                OS_SemaphoreWait
 .text.OS_ThreadCreate
                0x00002760      0x160 C:\Users\User\git\Project\Library\libOS.a(OS.o)
                0x00002760                OS_ThreadCreate
 .text.OS_ThreadDelete
                0x000028c0      0x18c C:\Users\User\git\Project\Library\libOS.a(OS.o)
                0x000028c0                OS_ThreadDelete
 .text.EventThreadReady
                0x00002a4c       0x6c C:\Users\User\git\Project\Library\libOS.a(OS.o)
 .text.EventThreadWait
                0x00002ab8       0x68 C:\Users\User\git\Project\Library\libOS.a(OS.o)
 .text.EventTimeout
                0x00002b20       0x40 C:\Users\User\git\Project\Library\libOS.a(OS.o)
 .text.Idle     0x00002b60       0x18 C:\Users\User\git\Project\Library\libOS.a(OS.o)
 .text.Schedule
                0x00002b78       0x70 C:\Users\User\git\Project\Library\libOS.a(OS.o)
 .text.TimeTick
                0x00002be8       0x84 C:\Users\User\git\Project\Library\libOS.a(OS.o)
 .text.AnalogPut
                0x00002c6c       0x48 C:\Users\User\git\Project\Library\libFG.a(FG.o)
 .text.PrepareAnalogOutputThread
                0x00002cb4       0x28 C:\Users\User\git\Project\Library\libFG.a(FG.o)
                0x00002cb4                PrepareAnalogOutputThread
 .text.FG_Init  0x00002cdc       0xfc C:\Users\User\git\Project\Library\libFG.a(FG.o)
                0x00002cdc                FG_Init
 .text.FG_SendStatus
                0x00002dd8       0x94 C:\Users\User\git\Project\Library\libFG.a(FG.o)
                0x00002dd8                FG_SendStatus
 .text.HandleWavePackets
                0x00002e6c      0x118 C:\Users\User\git\Project\Library\libFG.a(FG.o)
 .text.HandleArbWavePackets
                0x00002f84       0x78 C:\Users\User\git\Project\Library\libFG.a(FG.o)
 .text.HandlePhasorPackets
                0x00002ffc       0x9c C:\Users\User\git\Project\Library\libFG.a(FG.o)
 .text.FG_HandlePackets
                0x00003098       0x8c C:\Users\User\git\Project\Library\libFG.a(FG.o)
                0x00003098                FG_HandlePackets
 .text.RndWave  0x00003124      0x1f8 C:\Users\User\git\Project\Library\libFG.a(wave.o)
 .text.SqrWave  0x0000331c       0x34 C:\Users\User\git\Project\Library\libFG.a(wave.o)
 .text.TriWave  0x00003350       0x84 C:\Users\User\git\Project\Library\libFG.a(wave.o)
 .text.SawWave  0x000033d4       0x3c C:\Users\User\git\Project\Library\libFG.a(wave.o)
 .text.PhasorsWave
                0x00003410       0xc0 C:\Users\User\git\Project\Library\libFG.a(wave.o)
 .text.AdvanceSampleNb
                0x000034d0       0x9c C:\Users\User\git\Project\Library\libFG.a(wave.o)
                0x000034d0                AdvanceSampleNb
 .text.Wave_GetNextValue
                0x0000356c      0x1b0 C:\Users\User\git\Project\Library\libFG.a(wave.o)
                0x0000356c                Wave_GetNextValue
 .text.Wave_Make
                0x0000371c      0x1b4 C:\Users\User\git\Project\Library\libFG.a(wave.o)
                0x0000371c                Wave_Make
 .text.Wave_Init
                0x000038d0       0xb0 C:\Users\User\git\Project\Library\libFG.a(wave.o)
                0x000038d0                Wave_Init
 .text.DAC_Put  0x00003980       0x80 C:\Users\User\git\Project\Library\libFG.a(DAC.o)
                0x00003980                DAC_Put
 .text.DAC_Init
                0x00003a00       0x74 C:\Users\User\git\Project\Library\libFG.a(DAC.o)
                0x00003a00                DAC_Init
 .text          0x00003a74      0x378 c:/nxp/mcuxpressoide_11.1.1_3241/ide/plugins/com.nxp.mcuxpresso.tools.win32_11.1.0.202001081728/tools/bin/../lib/gcc/arm-none-eabi/8.3.1/thumb/v7e-m+fp/hard\libgcc.a(_arm_addsubdf3.o)
                0x00003a74                __aeabi_drsub
                0x00003a7c                __aeabi_dsub
                0x00003a7c                __subdf3
                0x00003a80                __aeabi_dadd
                0x00003a80                __adddf3
                0x00003cf8                __floatunsidf
                0x00003cf8                __aeabi_ui2d
                0x00003d18                __floatsidf
                0x00003d18                __aeabi_i2d
                0x00003d3c                __aeabi_f2d
                0x00003d3c                __extendsfdf2
                0x00003d80                __floatundidf
                0x00003d80                __aeabi_ul2d
                0x00003d90                __floatdidf
                0x00003d90                __aeabi_l2d
 .text          0x00003dec      0x424 c:/nxp/mcuxpressoide_11.1.1_3241/ide/plugins/com.nxp.mcuxpresso.tools.win32_11.1.0.202001081728/tools/bin/../lib/gcc/arm-none-eabi/8.3.1/thumb/v7e-m+fp/hard\libgcc.a(_arm_muldivdf3.o)
                0x00003dec                __aeabi_dmul
                0x00003dec                __muldf3
                0x00004040                __divdf3
                0x00004040                __aeabi_ddiv
 .text          0x00004210       0x40 c:/nxp/mcuxpressoide_11.1.1_3241/ide/plugins/com.nxp.mcuxpresso.tools.win32_11.1.0.202001081728/tools/bin/../lib/gcc/arm-none-eabi/8.3.1/thumb/v7e-m+fp/hard\libgcc.a(_arm_fixunsdfsi.o)
                0x00004210                __aeabi_d2uiz
                0x00004210                __fixunsdfsi
 .text.__assert_func
                0x00004250       0x3c c:/nxp/mcuxpressoide_11.1.1_3241/ide/plugins/com.nxp.mcuxpresso.tools.win32_11.1.0.202001081728/tools/bin/../lib/gcc/arm-none-eabi/8.3.1/../../../../arm-none-eabi/lib/thumb/v7e-m+fp/hard\libc_nano.a(lib_a-assert.o)
                0x00004250                __assert_func
 .text.fprintf  0x0000428c       0x24 c:/nxp/mcuxpressoide_11.1.1_3241/ide/plugins/com.nxp.mcuxpresso.tools.win32_11.1.0.202001081728/tools/bin/../lib/gcc/arm-none-eabi/8.3.1/../../../../arm-none-eabi/lib/thumb/v7e-m+fp/hard\libc_nano.a(lib_a-fprintf.o)
                0x0000428c                fiprintf
                0x0000428c                fprintf
 .text._free_r  0x000042b0       0x9c c:/nxp/mcuxpressoide_11.1.1_3241/ide/plugins/com.nxp.mcuxpresso.tools.win32_11.1.0.202001081728/tools/bin/../lib/gcc/arm-none-eabi/8.3.1/../../../../arm-none-eabi/lib/thumb/v7e-m+fp/hard\libc_nano.a(lib_a-nano-freer.o)
                0x000042b0                _free_r
 .text._malloc_r
                0x0000434c       0xb4 c:/nxp/mcuxpressoide_11.1.1_3241/ide/plugins/com.nxp.mcuxpresso.tools.win32_11.1.0.202001081728/tools/bin/../lib/gcc/arm-none-eabi/8.3.1/../../../../arm-none-eabi/lib/thumb/v7e-m+fp/hard\libc_nano.a(lib_a-nano-mallocr.o)
                0x0000434c                _malloc_r
 .text._vfprintf_r
                0x00004400      0x250 c:/nxp/mcuxpressoide_11.1.1_3241/ide/plugins/com.nxp.mcuxpresso.tools.win32_11.1.0.202001081728/tools/bin/../lib/gcc/arm-none-eabi/8.3.1/../../../../arm-none-eabi/lib/thumb/v7e-m+fp/hard\libc_nano.a(lib_a-nano-vfprintf.o)
                0x00004400                _vfprintf_r
                0x00004400                _vfiprintf_r
 .text._printf_i
                0x00004650      0x228 c:/nxp/mcuxpressoide_11.1.1_3241/ide/plugins/com.nxp.mcuxpresso.tools.win32_11.1.0.202001081728/tools/bin/../lib/gcc/arm-none-eabi/8.3.1/../../../../arm-none-eabi/lib/thumb/v7e-m+fp/hard\libc_nano.a(lib_a-nano-vfprintf_i.o)
                0x00004650                _printf_i
 .text._sbrk_r  0x00004878       0x20 c:/nxp/mcuxpressoide_11.1.1_3241/ide/plugins/com.nxp.mcuxpresso.tools.win32_11.1.0.202001081728/tools/bin/../lib/gcc/arm-none-eabi/8.3.1/../../../../arm-none-eabi/lib/thumb/v7e-m+fp/hard\libc_nano.a(lib_a-sbrkr.o)
                0x00004878                _sbrk_r
 .text.__swbuf_r
                0x00004898       0xa4 c:/nxp/mcuxpressoide_11.1.1_3241/ide/plugins/com.nxp.mcuxpresso.tools.win32_11.1.0.202001081728/tools/bin/../lib/gcc/arm-none-eabi/8.3.1/../../../../arm-none-eabi/lib/thumb/v7e-m+fp/hard\libc_nano.a(lib_a-wbuf.o)
                0x00004898                __swbuf_r
 .text.__swsetup_r
                0x0000493c       0xdc c:/nxp/mcuxpressoide_11.1.1_3241/ide/plugins/com.nxp.mcuxpresso.tools.win32_11.1.0.202001081728/tools/bin/../lib/gcc/arm-none-eabi/8.3.1/../../../../arm-none-eabi/lib/thumb/v7e-m+fp/hard\libc_nano.a(lib_a-wsetup.o)
                0x0000493c                __swsetup_r
 .text.__sflush_r
                0x00004a18      0x10c c:/nxp/mcuxpressoide_11.1.1_3241/ide/plugins/com.nxp.mcuxpresso.tools.win32_11.1.0.202001081728/tools/bin/../lib/gcc/arm-none-eabi/8.3.1/../../../../arm-none-eabi/lib/thumb/v7e-m+fp/hard\libc_nano.a(lib_a-fflush.o)
                0x00004a18                __sflush_r
 .text._fflush_r
                0x00004b24       0x78 c:/nxp/mcuxpressoide_11.1.1_3241/ide/plugins/com.nxp.mcuxpresso.tools.win32_11.1.0.202001081728/tools/bin/../lib/gcc/arm-none-eabi/8.3.1/../../../../arm-none-eabi/lib/thumb/v7e-m+fp/hard\libc_nano.a(lib_a-fflush.o)
                0x00004b24                _fflush_r
 .text.std      0x00004b9c       0x48 c:/nxp/mcuxpressoide_11.1.1_3241/ide/plugins/com.nxp.mcuxpresso.tools.win32_11.1.0.202001081728/tools/bin/../lib/gcc/arm-none-eabi/8.3.1/../../../../arm-none-eabi/lib/thumb/v7e-m+fp/hard\libc_nano.a(lib_a-findfp.o)
 .text._cleanup_r
                0x00004be4        0xc c:/nxp/mcuxpressoide_11.1.1_3241/ide/plugins/com.nxp.mcuxpresso.tools.win32_11.1.0.202001081728/tools/bin/../lib/gcc/arm-none-eabi/8.3.1/../../../../arm-none-eabi/lib/thumb/v7e-m+fp/hard\libc_nano.a(lib_a-findfp.o)
                0x00004be4                _cleanup_r
 .text.__sfp_lock_acquire
                0x00004bf0        0xc c:/nxp/mcuxpressoide_11.1.1_3241/ide/plugins/com.nxp.mcuxpresso.tools.win32_11.1.0.202001081728/tools/bin/../lib/gcc/arm-none-eabi/8.3.1/../../../../arm-none-eabi/lib/thumb/v7e-m+fp/hard\libc_nano.a(lib_a-findfp.o)
                0x00004bf0                __sfp_lock_acquire
 .text.__sfp_lock_release
                0x00004bfc        0xc c:/nxp/mcuxpressoide_11.1.1_3241/ide/plugins/com.nxp.mcuxpresso.tools.win32_11.1.0.202001081728/tools/bin/../lib/gcc/arm-none-eabi/8.3.1/../../../../arm-none-eabi/lib/thumb/v7e-m+fp/hard\libc_nano.a(lib_a-findfp.o)
                0x00004bfc                __sfp_lock_release
 .text.__sinit_lock_acquire
                0x00004c08        0xc c:/nxp/mcuxpressoide_11.1.1_3241/ide/plugins/com.nxp.mcuxpresso.tools.win32_11.1.0.202001081728/tools/bin/../lib/gcc/arm-none-eabi/8.3.1/../../../../arm-none-eabi/lib/thumb/v7e-m+fp/hard\libc_nano.a(lib_a-findfp.o)
                0x00004c08                __sinit_lock_acquire
 .text.__sinit_lock_release
                0x00004c14        0xc c:/nxp/mcuxpressoide_11.1.1_3241/ide/plugins/com.nxp.mcuxpresso.tools.win32_11.1.0.202001081728/tools/bin/../lib/gcc/arm-none-eabi/8.3.1/../../../../arm-none-eabi/lib/thumb/v7e-m+fp/hard\libc_nano.a(lib_a-findfp.o)
                0x00004c14                __sinit_lock_release
 .text.__sinit  0x00004c20       0x70 c:/nxp/mcuxpressoide_11.1.1_3241/ide/plugins/com.nxp.mcuxpresso.tools.win32_11.1.0.202001081728/tools/bin/../lib/gcc/arm-none-eabi/8.3.1/../../../../arm-none-eabi/lib/thumb/v7e-m+fp/hard\libc_nano.a(lib_a-findfp.o)
                0x00004c20                __sinit
 .text.__sfp    0x00004c90       0x8c c:/nxp/mcuxpressoide_11.1.1_3241/ide/plugins/com.nxp.mcuxpresso.tools.win32_11.1.0.202001081728/tools/bin/../lib/gcc/arm-none-eabi/8.3.1/../../../../arm-none-eabi/lib/thumb/v7e-m+fp/hard\libc_nano.a(lib_a-findfp.o)
                0x00004c90                __sfp
 .text.__smakebuf_r
                0x00004d1c       0x80 c:/nxp/mcuxpressoide_11.1.1_3241/ide/plugins/com.nxp.mcuxpresso.tools.win32_11.1.0.202001081728/tools/bin/../lib/gcc/arm-none-eabi/8.3.1/../../../../arm-none-eabi/lib/thumb/v7e-m+fp/hard\libc_nano.a(lib_a-makebuf.o)
                0x00004d1c                __smakebuf_r
 .text.__malloc_lock
                0x00004d9c        0xc c:/nxp/mcuxpressoide_11.1.1_3241/ide/plugins/com.nxp.mcuxpresso.tools.win32_11.1.0.202001081728/tools/bin/../lib/gcc/arm-none-eabi/8.3.1/../../../../arm-none-eabi/lib/thumb/v7e-m+fp/hard\libc_nano.a(lib_a-mlock.o)
                0x00004d9c                __malloc_lock
 .text.__malloc_unlock
                0x00004da8        0xc c:/nxp/mcuxpressoide_11.1.1_3241/ide/plugins/com.nxp.mcuxpresso.tools.win32_11.1.0.202001081728/tools/bin/../lib/gcc/arm-none-eabi/8.3.1/../../../../arm-none-eabi/lib/thumb/v7e-m+fp/hard\libc_nano.a(lib_a-mlock.o)
                0x00004da8                __malloc_unlock
 .text.raise    0x00004db4       0x10 c:/nxp/mcuxpressoide_11.1.1_3241/ide/plugins/com.nxp.mcuxpresso.tools.win32_11.1.0.202001081728/tools/bin/../lib/gcc/arm-none-eabi/8.3.1/../../../../arm-none-eabi/lib/thumb/v7e-m+fp/hard\libc_nano.a(lib_a-signal.o)
                0x00004db4                raise
 .text._kill_r  0x00004dc4       0x24 c:/nxp/mcuxpressoide_11.1.1_3241/ide/plugins/com.nxp.mcuxpresso.tools.win32_11.1.0.202001081728/tools/bin/../lib/gcc/arm-none-eabi/8.3.1/../../../../arm-none-eabi/lib/thumb/v7e-m+fp/hard\libc_nano.a(lib_a-signalr.o)
                0x00004dc4                _kill_r
 .text._write_r
                0x00004de8       0x24 c:/nxp/mcuxpressoide_11.1.1_3241/ide/plugins/com.nxp.mcuxpresso.tools.win32_11.1.0.202001081728/tools/bin/../lib/gcc/arm-none-eabi/8.3.1/../../../../arm-none-eabi/lib/thumb/v7e-m+fp/hard\libc_nano.a(lib_a-writer.o)
                0x00004de8                _write_r
 .text._close_r
                0x00004e0c       0x20 c:/nxp/mcuxpressoide_11.1.1_3241/ide/plugins/com.nxp.mcuxpresso.tools.win32_11.1.0.202001081728/tools/bin/../lib/gcc/arm-none-eabi/8.3.1/../../../../arm-none-eabi/lib/thumb/v7e-m+fp/hard\libc_nano.a(lib_a-closer.o)
                0x00004e0c                _close_r
 .text._fstat_r
                0x00004e2c       0x24 c:/nxp/mcuxpressoide_11.1.1_3241/ide/plugins/com.nxp.mcuxpresso.tools.win32_11.1.0.202001081728/tools/bin/../lib/gcc/arm-none-eabi/8.3.1/../../../../arm-none-eabi/lib/thumb/v7e-m+fp/hard\libc_nano.a(lib_a-fstatr.o)
                0x00004e2c                _fstat_r
 .text._isatty_r
                0x00004e50       0x20 c:/nxp/mcuxpressoide_11.1.1_3241/ide/plugins/com.nxp.mcuxpresso.tools.win32_11.1.0.202001081728/tools/bin/../lib/gcc/arm-none-eabi/8.3.1/../../../../arm-none-eabi/lib/thumb/v7e-m+fp/hard\libc_nano.a(lib_a-isattyr.o)
                0x00004e50                _isatty_r
 .text._lseek_r
                0x00004e70       0x24 c:/nxp/mcuxpressoide_11.1.1_3241/ide/plugins/com.nxp.mcuxpresso.tools.win32_11.1.0.202001081728/tools/bin/../lib/gcc/arm-none-eabi/8.3.1/../../../../arm-none-eabi/lib/thumb/v7e-m+fp/hard\libc_nano.a(lib_a-lseekr.o)
                0x00004e70                _lseek_r
 .text._read_r  0x00004e94       0x24 c:/nxp/mcuxpressoide_11.1.1_3241/ide/plugins/com.nxp.mcuxpresso.tools.win32_11.1.0.202001081728/tools/bin/../lib/gcc/arm-none-eabi/8.3.1/../../../../arm-none-eabi/lib/thumb/v7e-m+fp/hard\libc_nano.a(lib_a-readr.o)
                0x00004e94                _read_r
 .text._sbrk    0x00004eb8       0x3c c:/nxp/mcuxpressoide_11.1.1_3241/ide/plugins/com.nxp.mcuxpresso.tools.win32_11.1.0.202001081728/tools/bin/../lib/gcc/arm-none-eabi/8.3.1/../../../../arm-none-eabi/lib/thumb/v7e-m+fp/hard\libcr_newlib_nohost.a(_cr_sbrk.o)
                0x00004eb8                _sbrk
 .text._close   0x00004ef4       0x10 c:/nxp/mcuxpressoide_11.1.1_3241/ide/plugins/com.nxp.mcuxpresso.tools.win32_11.1.0.202001081728/tools/bin/../lib/gcc/arm-none-eabi/8.3.1/../../../../arm-none-eabi/lib/thumb/v7e-m+fp/hard\libcr_newlib_nohost.a(close.o)
                0x00004ef4                _close
 .text._fstat   0x00004f04       0x10 c:/nxp/mcuxpressoide_11.1.1_3241/ide/plugins/com.nxp.mcuxpresso.tools.win32_11.1.0.202001081728/tools/bin/../lib/gcc/arm-none-eabi/8.3.1/../../../../arm-none-eabi/lib/thumb/v7e-m+fp/hard\libcr_newlib_nohost.a(fstat.o)
                0x00004f04                _fstat
 .text._getpid  0x00004f14       0x10 c:/nxp/mcuxpressoide_11.1.1_3241/ide/plugins/com.nxp.mcuxpresso.tools.win32_11.1.0.202001081728/tools/bin/../lib/gcc/arm-none-eabi/8.3.1/../../../../arm-none-eabi/lib/thumb/v7e-m+fp/hard\libcr_newlib_nohost.a(getpid.o)
                0x00004f14                _getpid
 .text._isatty  0x00004f24       0x10 c:/nxp/mcuxpressoide_11.1.1_3241/ide/plugins/com.nxp.mcuxpresso.tools.win32_11.1.0.202001081728/tools/bin/../lib/gcc/arm-none-eabi/8.3.1/../../../../arm-none-eabi/lib/thumb/v7e-m+fp/hard\libcr_newlib_nohost.a(isatty.o)
                0x00004f24                _isatty
 .text._kill    0x00004f34       0x10 c:/nxp/mcuxpressoide_11.1.1_3241/ide/plugins/com.nxp.mcuxpresso.tools.win32_11.1.0.202001081728/tools/bin/../lib/gcc/arm-none-eabi/8.3.1/../../../../arm-none-eabi/lib/thumb/v7e-m+fp/hard\libcr_newlib_nohost.a(kill.o)
                0x00004f34                _kill
 .text._lseek   0x00004f44       0x10 c:/nxp/mcuxpressoide_11.1.1_3241/ide/plugins/com.nxp.mcuxpresso.tools.win32_11.1.0.202001081728/tools/bin/../lib/gcc/arm-none-eabi/8.3.1/../../../../arm-none-eabi/lib/thumb/v7e-m+fp/hard\libcr_newlib_nohost.a(lseek.o)
                0x00004f44                _lseek
 .text._read    0x00004f54       0x10 c:/nxp/mcuxpressoide_11.1.1_3241/ide/plugins/com.nxp.mcuxpresso.tools.win32_11.1.0.202001081728/tools/bin/../lib/gcc/arm-none-eabi/8.3.1/../../../../arm-none-eabi/lib/thumb/v7e-m+fp/hard\libcr_newlib_nohost.a(read.o)
                0x00004f54                _read
 .text._write   0x00004f64       0x10 c:/nxp/mcuxpressoide_11.1.1_3241/ide/plugins/com.nxp.mcuxpresso.tools.win32_11.1.0.202001081728/tools/bin/../lib/gcc/arm-none-eabi/8.3.1/../../../../arm-none-eabi/lib/thumb/v7e-m+fp/hard\libcr_newlib_nohost.a(write.o)
                0x00004f64                _write
 .text.__check_heap_overflow
                0x00004f74       0x18 c:/nxp/mcuxpressoide_11.1.1_3241/ide/plugins/com.nxp.mcuxpresso.tools.win32_11.1.0.202001081728/tools/bin/../lib/gcc/arm-none-eabi/8.3.1/../../../../arm-none-eabi/lib/thumb/v7e-m+fp/hard\libcr_newlib_nohost.a(_cr_check_heap.o)
                0x00004f74                __check_heap_overflow
 .text.__errno  0x00004f8c        0xc c:/nxp/mcuxpressoide_11.1.1_3241/ide/plugins/com.nxp.mcuxpresso.tools.win32_11.1.0.202001081728/tools/bin/../lib/gcc/arm-none-eabi/8.3.1/../../../../arm-none-eabi/lib/thumb/v7e-m+fp/hard\libc_nano.a(lib_a-errno.o)
                0x00004f8c                __errno
 .text.DMA0_IRQHandler
                0x00004f98        0x8 ./startup/startup_mk64f12.o
                0x00004f98                DMA0_IRQHandler
 .text.DMA1_IRQHandler
                0x00004fa0        0x8 ./startup/startup_mk64f12.o
                0x00004fa0                DMA1_IRQHandler
 .text.DMA2_IRQHandler
                0x00004fa8        0x8 ./startup/startup_mk64f12.o
                0x00004fa8                DMA2_IRQHandler
 .text.DMA3_IRQHandler
                0x00004fb0        0x8 ./startup/startup_mk64f12.o
                0x00004fb0                DMA3_IRQHandler
 .text.DMA4_IRQHandler
                0x00004fb8        0x8 ./startup/startup_mk64f12.o
                0x00004fb8                DMA4_IRQHandler
 .text.DMA5_IRQHandler
                0x00004fc0        0x8 ./startup/startup_mk64f12.o
                0x00004fc0                DMA5_IRQHandler
 .text.DMA6_IRQHandler
                0x00004fc8        0x8 ./startup/startup_mk64f12.o
                0x00004fc8                DMA6_IRQHandler
 .text.DMA7_IRQHandler
                0x00004fd0        0x8 ./startup/startup_mk64f12.o
                0x00004fd0                DMA7_IRQHandler
 .text.DMA8_IRQHandler
                0x00004fd8        0x8 ./startup/startup_mk64f12.o
                0x00004fd8                DMA8_IRQHandler
 .text.DMA9_IRQHandler
                0x00004fe0        0x8 ./startup/startup_mk64f12.o
                0x00004fe0                DMA9_IRQHandler
 .text.DMA10_IRQHandler
                0x00004fe8        0x8 ./startup/startup_mk64f12.o
                0x00004fe8                DMA10_IRQHandler
 .text.DMA11_IRQHandler
                0x00004ff0        0x8 ./startup/startup_mk64f12.o
                0x00004ff0                DMA11_IRQHandler
 .text.DMA12_IRQHandler
                0x00004ff8        0x8 ./startup/startup_mk64f12.o
                0x00004ff8                DMA12_IRQHandler
 .text.DMA13_IRQHandler
                0x00005000        0x8 ./startup/startup_mk64f12.o
                0x00005000                DMA13_IRQHandler
 .text.DMA14_IRQHandler
                0x00005008        0x8 ./startup/startup_mk64f12.o
                0x00005008                DMA14_IRQHandler
 .text.DMA15_IRQHandler
                0x00005010        0x8 ./startup/startup_mk64f12.o
                0x00005010                DMA15_IRQHandler
 .text.DMA_Error_IRQHandler
                0x00005018        0x8 ./startup/startup_mk64f12.o
                0x00005018                DMA_Error_IRQHandler
 .text.MCM_IRQHandler
                0x00005020        0x8 ./startup/startup_mk64f12.o
                0x00005020                MCM_IRQHandler
 .text.FTFE_IRQHandler
                0x00005028        0x8 ./startup/startup_mk64f12.o
                0x00005028                FTFE_IRQHandler
 .text.Read_Collision_IRQHandler
                0x00005030        0x8 ./startup/startup_mk64f12.o
                0x00005030                Read_Collision_IRQHandler
 .text.LVD_LVW_IRQHandler
                0x00005038        0x8 ./startup/startup_mk64f12.o
                0x00005038                LVD_LVW_IRQHandler
 .text.LLWU_IRQHandler
                0x00005040        0x8 ./startup/startup_mk64f12.o
                0x00005040                LLWU_IRQHandler
 .text.WDOG_EWM_IRQHandler
                0x00005048        0x8 ./startup/startup_mk64f12.o
                0x00005048                WDOG_EWM_IRQHandler
 .text.RNG_IRQHandler
                0x00005050        0x8 ./startup/startup_mk64f12.o
                0x00005050                RNG_IRQHandler
 .text.I2C0_IRQHandler
                0x00005058        0x8 ./startup/startup_mk64f12.o
                0x00005058                I2C0_IRQHandler
 .text.I2C1_IRQHandler
                0x00005060        0x8 ./startup/startup_mk64f12.o
                0x00005060                I2C1_IRQHandler
 .text.SPI0_IRQHandler
                0x00005068        0x8 ./startup/startup_mk64f12.o
                0x00005068                SPI0_IRQHandler
 .text.SPI1_IRQHandler
                0x00005070        0x8 ./startup/startup_mk64f12.o
                0x00005070                SPI1_IRQHandler
 .text.I2S0_Tx_IRQHandler
                0x00005078        0x8 ./startup/startup_mk64f12.o
                0x00005078                I2S0_Tx_IRQHandler
 .text.I2S0_Rx_IRQHandler
                0x00005080        0x8 ./startup/startup_mk64f12.o
                0x00005080                I2S0_Rx_IRQHandler
 .text.UART0_LON_IRQHandler
                0x00005088        0x8 ./startup/startup_mk64f12.o
                0x00005088                UART0_LON_IRQHandler
 .text.UART0_ERR_IRQHandler
                0x00005090        0x8 ./startup/startup_mk64f12.o
                0x00005090                UART0_ERR_IRQHandler
 .text.UART1_RX_TX_IRQHandler
                0x00005098        0x8 ./startup/startup_mk64f12.o
                0x00005098                UART1_RX_TX_IRQHandler
 .text.UART1_ERR_IRQHandler
                0x000050a0        0x8 ./startup/startup_mk64f12.o
                0x000050a0                UART1_ERR_IRQHandler
 .text.UART2_RX_TX_IRQHandler
                0x000050a8        0x8 ./startup/startup_mk64f12.o
                0x000050a8                UART2_RX_TX_IRQHandler
 .text.UART2_ERR_IRQHandler
                0x000050b0        0x8 ./startup/startup_mk64f12.o
                0x000050b0                UART2_ERR_IRQHandler
 .text.UART3_RX_TX_IRQHandler
                0x000050b8        0x8 ./startup/startup_mk64f12.o
                0x000050b8                UART3_RX_TX_IRQHandler
 .text.UART3_ERR_IRQHandler
                0x000050c0        0x8 ./startup/startup_mk64f12.o
                0x000050c0                UART3_ERR_IRQHandler
 .text.ADC0_IRQHandler
                0x000050c8        0x8 ./startup/startup_mk64f12.o
                0x000050c8                ADC0_IRQHandler
 .text.CMP0_IRQHandler
                0x000050d0        0x8 ./startup/startup_mk64f12.o
                0x000050d0                CMP0_IRQHandler
 .text.CMP1_IRQHandler
                0x000050d8        0x8 ./startup/startup_mk64f12.o
                0x000050d8                CMP1_IRQHandler
 .text.FTM1_IRQHandler
                0x000050e0        0x8 ./startup/startup_mk64f12.o
                0x000050e0                FTM1_IRQHandler
 .text.FTM2_IRQHandler
                0x000050e8        0x8 ./startup/startup_mk64f12.o
                0x000050e8                FTM2_IRQHandler
 .text.CMT_IRQHandler
                0x000050f0        0x8 ./startup/startup_mk64f12.o
                0x000050f0                CMT_IRQHandler
 .text.RTC_IRQHandler
                0x000050f8        0x8 ./startup/startup_mk64f12.o
                0x000050f8                RTC_IRQHandler
 .text.RTC_Seconds_IRQHandler
                0x00005100        0x8 ./startup/startup_mk64f12.o
                0x00005100                RTC_Seconds_IRQHandler
 .text.PIT1_IRQHandler
                0x00005108        0x8 ./startup/startup_mk64f12.o
                0x00005108                PIT1_IRQHandler
 .text.PIT3_IRQHandler
                0x00005110        0x8 ./startup/startup_mk64f12.o
                0x00005110                PIT3_IRQHandler
 .text.PDB0_IRQHandler
                0x00005118        0x8 ./startup/startup_mk64f12.o
                0x00005118                PDB0_IRQHandler
 .text.USB0_IRQHandler
                0x00005120        0x8 ./startup/startup_mk64f12.o
                0x00005120                USB0_IRQHandler
 .text.USBDCD_IRQHandler
                0x00005128        0x8 ./startup/startup_mk64f12.o
                0x00005128                USBDCD_IRQHandler
 .text.Reserved71_IRQHandler
                0x00005130        0x8 ./startup/startup_mk64f12.o
                0x00005130                Reserved71_IRQHandler
 .text.DAC0_IRQHandler
                0x00005138        0x8 ./startup/startup_mk64f12.o
                0x00005138                DAC0_IRQHandler
 .text.MCG_IRQHandler
                0x00005140        0x8 ./startup/startup_mk64f12.o
                0x00005140                MCG_IRQHandler
 .text.LPTMR0_IRQHandler
                0x00005148        0x8 ./startup/startup_mk64f12.o
                0x00005148                LPTMR0_IRQHandler
 .text.PORTA_IRQHandler
                0x00005150        0x8 ./startup/startup_mk64f12.o
                0x00005150                PORTA_IRQHandler
 .text.PORTB_IRQHandler
                0x00005158        0x8 ./startup/startup_mk64f12.o
                0x00005158                PORTB_IRQHandler
 .text.PORTC_IRQHandler
                0x00005160        0x8 ./startup/startup_mk64f12.o
                0x00005160                PORTC_IRQHandler
 .text.PORTD_IRQHandler
                0x00005168        0x8 ./startup/startup_mk64f12.o
                0x00005168                PORTD_IRQHandler
 .text.PORTE_IRQHandler
                0x00005170        0x8 ./startup/startup_mk64f12.o
                0x00005170                PORTE_IRQHandler
 .text.SWI_IRQHandler
                0x00005178        0x8 ./startup/startup_mk64f12.o
                0x00005178                SWI_IRQHandler
 .text.SPI2_IRQHandler
                0x00005180        0x8 ./startup/startup_mk64f12.o
                0x00005180                SPI2_IRQHandler
 .text.UART4_RX_TX_IRQHandler
                0x00005188        0x8 ./startup/startup_mk64f12.o
                0x00005188                UART4_RX_TX_IRQHandler
 .text.UART4_ERR_IRQHandler
                0x00005190        0x8 ./startup/startup_mk64f12.o
                0x00005190                UART4_ERR_IRQHandler
 .text.UART5_RX_TX_IRQHandler
                0x00005198        0x8 ./startup/startup_mk64f12.o
                0x00005198                UART5_RX_TX_IRQHandler
 .text.UART5_ERR_IRQHandler
                0x000051a0        0x8 ./startup/startup_mk64f12.o
                0x000051a0                UART5_ERR_IRQHandler
 .text.CMP2_IRQHandler
                0x000051a8        0x8 ./startup/startup_mk64f12.o
                0x000051a8                CMP2_IRQHandler
 .text.FTM3_IRQHandler
                0x000051b0        0x8 ./startup/startup_mk64f12.o
                0x000051b0                FTM3_IRQHandler
 .text.DAC1_IRQHandler
                0x000051b8        0x8 ./startup/startup_mk64f12.o
                0x000051b8                DAC1_IRQHandler
 .text.ADC1_IRQHandler
                0x000051c0        0x8 ./startup/startup_mk64f12.o
                0x000051c0                ADC1_IRQHandler
 .text.I2C2_IRQHandler
                0x000051c8        0x8 ./startup/startup_mk64f12.o
                0x000051c8                I2C2_IRQHandler
 .text.CAN0_ORed_Message_buffer_IRQHandler
                0x000051d0        0x8 ./startup/startup_mk64f12.o
                0x000051d0                CAN0_ORed_Message_buffer_IRQHandler
 .text.CAN0_Bus_Off_IRQHandler
                0x000051d8        0x8 ./startup/startup_mk64f12.o
                0x000051d8                CAN0_Bus_Off_IRQHandler
 .text.CAN0_Error_IRQHandler
                0x000051e0        0x8 ./startup/startup_mk64f12.o
                0x000051e0                CAN0_Error_IRQHandler
 .text.CAN0_Tx_Warning_IRQHandler
                0x000051e8        0x8 ./startup/startup_mk64f12.o
                0x000051e8                CAN0_Tx_Warning_IRQHandler
 .text.CAN0_Rx_Warning_IRQHandler
                0x000051f0        0x8 ./startup/startup_mk64f12.o
                0x000051f0                CAN0_Rx_Warning_IRQHandler
 .text.CAN0_Wake_Up_IRQHandler
                0x000051f8        0x8 ./startup/startup_mk64f12.o
                0x000051f8                CAN0_Wake_Up_IRQHandler
 .text.SDHC_IRQHandler
                0x00005200        0x8 ./startup/startup_mk64f12.o
                0x00005200                SDHC_IRQHandler
 .text.ENET_1588_Timer_IRQHandler
                0x00005208        0x8 ./startup/startup_mk64f12.o
                0x00005208                ENET_1588_Timer_IRQHandler
 .text.ENET_Transmit_IRQHandler
                0x00005210        0x8 ./startup/startup_mk64f12.o
                0x00005210                ENET_Transmit_IRQHandler
 .text.ENET_Receive_IRQHandler
                0x00005218        0x8 ./startup/startup_mk64f12.o
                0x00005218                ENET_Receive_IRQHandler
 .text.ENET_Error_IRQHandler
                0x00005220        0x8 ./startup/startup_mk64f12.o
                0x00005220                ENET_Error_IRQHandler
 .text.PacketGetThread
                0x00005228       0x12 ./source/main.o
                0x00005228                PacketGetThread
 .text.PITCallback
                0x0000523a       0x18 ./source/main.o
                0x0000523a                PITCallback
 .text.HandlePacketVersion
                0x00005252       0x16 ./source/main.o
                0x00005252                HandlePacketVersion
 .text.HandleStartupPacket
                0x00005268        0xe ./source/main.o
                0x00005268                HandleStartupPacket
 .text.OSC_SetExtRefClkConfig
                0x00005276       0x34 ./drivers/fsl_clock.o
 .text.OSC_SetCapLoad
                0x000052aa       0x34 ./drivers/fsl_clock.o
 .text.CLOCK_GetPll0RefFreq
                0x000052de        0xe ./drivers/fsl_clock.o
 .text.CLOCK_GetFixedFreqClkFreq
                0x000052ec       0x34 ./drivers/fsl_clock.o
                0x000052ec                CLOCK_GetFixedFreqClkFreq
 .text.GPIO_PinWrite
                0x00005320       0x3a ./drivers/fsl_gpio.o
 .text.SystemInitHook
                0x0000535a        0xe ./device/system_MK64F12.o
                0x0000535a                SystemInitHook
 .text.BOARD_InitBootClocks
                0x00005368        0xc ./board/clock_config.o
                0x00005368                BOARD_InitBootClocks
 .text.CLOCK_EnableClock
                0x00005374       0x34 ./board/pin_mux.o
 .text.PORT_SetPinMux
                0x000053a8       0x3a ./board/pin_mux.o
 .text.CLOCK_EnableClock
                0x000053e2       0x34 ./Modules/UART/UART.o
 .text.CLOCK_EnableClock
                0x00005416       0x34 ./Modules/PIT/PIT.o
 .text.CLOCK_EnableClock
                0x0000544a       0x34 ./Modules/LEDs/LEDs.o
 .text.EraseSector
                0x0000547e       0x24 ./Modules/Flash/Flash.o
 .text.WritePhrase
                0x000054a2       0x6c ./Modules/Flash/Flash.o
 .text.ModifyPhrase
                0x0000550e       0x38 ./Modules/Flash/Flash.o
 .text.Flash_Init
                0x00005546       0x10 ./Modules/Flash/Flash.o
                0x00005546                Flash_Init
 .text.Flash_Write16
                0x00005556       0x5a ./Modules/Flash/Flash.o
                0x00005556                Flash_Write16
 .text.Flash_Write8
                0x000055b0       0x5c ./Modules/Flash/Flash.o
                0x000055b0                Flash_Write8
 .text.CLOCK_EnableClock
                0x0000560c       0x34 ./Modules/FTM/FTM.o
 .text.FIFO_Init
                0x00005640       0x44 ./Modules/FIFO/FIFO.o
                0x00005640                FIFO_Init
 .text.FIFO_Put
                0x00005684       0x60 ./Modules/FIFO/FIFO.o
                0x00005684                FIFO_Put
 .text.FIFO_Get
                0x000056e4       0x60 ./Modules/FIFO/FIFO.o
                0x000056e4                FIFO_Get
 .text.OS_SemaphoreSignal
                0x00005744       0x54 C:\Users\User\git\Project\Library\libOS.a(OS.o)
                0x00005744                OS_SemaphoreSignal
 .text.OS_Start
                0x00005798       0x10 C:\Users\User\git\Project\Library\libOS.a(OS.o)
                0x00005798                OS_Start
 .text.FindFirstSet
                0x000057a8       0x42 C:\Users\User\git\Project\Library\libOS.a(OS.o)
 .text.TCBInit  0x000057ea       0xcc C:\Users\User\git\Project\Library\libOS.a(OS.o)
 .text.SysTick_Handler
                0x000058b6       0x14 C:\Users\User\git\Project\Library\libOS.a(OS.o)
                0x000058b6                SysTick_Handler
 .text.TryWaveFormParameters
                0x000058ca       0x84 C:\Users\User\git\Project\Library\libFG.a(wave.o)
                0x000058ca                TryWaveFormParameters
 .text.DetermineNbSamples
                0x0000594e       0xda C:\Users\User\git\Project\Library\libFG.a(wave.o)
 .text.CLOCK_EnableClock
                0x00005a28       0x34 C:\Users\User\git\Project\Library\libFG.a(DAC.o)
 .text.__sfputc_r
                0x00005a5c       0x2e c:/nxp/mcuxpressoide_11.1.1_3241/ide/plugins/com.nxp.mcuxpresso.tools.win32_11.1.0.202001081728/tools/bin/../lib/gcc/arm-none-eabi/8.3.1/../../../../arm-none-eabi/lib/thumb/v7e-m+fp/hard\libc_nano.a(lib_a-nano-vfprintf.o)
 .text.__sfputs_r
                0x00005a8a       0x24 c:/nxp/mcuxpressoide_11.1.1_3241/ide/plugins/com.nxp.mcuxpresso.tools.win32_11.1.0.202001081728/tools/bin/../lib/gcc/arm-none-eabi/8.3.1/../../../../arm-none-eabi/lib/thumb/v7e-m+fp/hard\libc_nano.a(lib_a-nano-vfprintf.o)
                0x00005a8a                __sfputs_r
 .text._printf_common
                0x00005aae       0xea c:/nxp/mcuxpressoide_11.1.1_3241/ide/plugins/com.nxp.mcuxpresso.tools.win32_11.1.0.202001081728/tools/bin/../lib/gcc/arm-none-eabi/8.3.1/../../../../arm-none-eabi/lib/thumb/v7e-m+fp/hard\libc_nano.a(lib_a-nano-vfprintf_i.o)
                0x00005aae                _printf_common
 .text.abort    0x00005b98        0xe c:/nxp/mcuxpressoide_11.1.1_3241/ide/plugins/com.nxp.mcuxpresso.tools.win32_11.1.0.202001081728/tools/bin/../lib/gcc/arm-none-eabi/8.3.1/../../../../arm-none-eabi/lib/thumb/v7e-m+fp/hard\libc_nano.a(lib_a-abort.o)
                0x00005b98                abort
 .text.__sfmoreglue
                0x00005ba6       0x2c c:/nxp/mcuxpressoide_11.1.1_3241/ide/plugins/com.nxp.mcuxpresso.tools.win32_11.1.0.202001081728/tools/bin/../lib/gcc/arm-none-eabi/8.3.1/../../../../arm-none-eabi/lib/thumb/v7e-m+fp/hard\libc_nano.a(lib_a-findfp.o)
                0x00005ba6                __sfmoreglue
 .text._fwalk_reent
                0x00005bd2       0x3c c:/nxp/mcuxpressoide_11.1.1_3241/ide/plugins/com.nxp.mcuxpresso.tools.win32_11.1.0.202001081728/tools/bin/../lib/gcc/arm-none-eabi/8.3.1/../../../../arm-none-eabi/lib/thumb/v7e-m+fp/hard\libc_nano.a(lib_a-fwalk.o)
                0x00005bd2                _fwalk_reent
 .text.__retarget_lock_init_recursive
                0x00005c0e        0x2 c:/nxp/mcuxpressoide_11.1.1_3241/ide/plugins/com.nxp.mcuxpresso.tools.win32_11.1.0.202001081728/tools/bin/../lib/gcc/arm-none-eabi/8.3.1/../../../../arm-none-eabi/lib/thumb/v7e-m+fp/hard\libc_nano.a(lib_a-lock.o)
                0x00005c0e                __retarget_lock_init_recursive
 .text.__retarget_lock_acquire_recursive
                0x00005c10        0x2 c:/nxp/mcuxpressoide_11.1.1_3241/ide/plugins/com.nxp.mcuxpresso.tools.win32_11.1.0.202001081728/tools/bin/../lib/gcc/arm-none-eabi/8.3.1/../../../../arm-none-eabi/lib/thumb/v7e-m+fp/hard\libc_nano.a(lib_a-lock.o)
                0x00005c10                __retarget_lock_acquire_recursive
 .text.__retarget_lock_release_recursive
                0x00005c12        0x2 c:/nxp/mcuxpressoide_11.1.1_3241/ide/plugins/com.nxp.mcuxpresso.tools.win32_11.1.0.202001081728/tools/bin/../lib/gcc/arm-none-eabi/8.3.1/../../../../arm-none-eabi/lib/thumb/v7e-m+fp/hard\libc_nano.a(lib_a-lock.o)
                0x00005c12                __retarget_lock_release_recursive
 .text.__swhatbuf_r
                0x00005c14       0x48 c:/nxp/mcuxpressoide_11.1.1_3241/ide/plugins/com.nxp.mcuxpresso.tools.win32_11.1.0.202001081728/tools/bin/../lib/gcc/arm-none-eabi/8.3.1/../../../../arm-none-eabi/lib/thumb/v7e-m+fp/hard\libc_nano.a(lib_a-makebuf.o)
                0x00005c14                __swhatbuf_r
 .text.memset   0x00005c5c       0x10 c:/nxp/mcuxpressoide_11.1.1_3241/ide/plugins/com.nxp.mcuxpresso.tools.win32_11.1.0.202001081728/tools/bin/../lib/gcc/arm-none-eabi/8.3.1/../../../../arm-none-eabi/lib/thumb/v7e-m+fp/hard\libc_nano.a(lib_a-memset.o)
                0x00005c5c                memset
 .text._raise_r
                0x00005c6c       0x50 c:/nxp/mcuxpressoide_11.1.1_3241/ide/plugins/com.nxp.mcuxpresso.tools.win32_11.1.0.202001081728/tools/bin/../lib/gcc/arm-none-eabi/8.3.1/../../../../arm-none-eabi/lib/thumb/v7e-m+fp/hard\libc_nano.a(lib_a-signal.o)
                0x00005c6c                _raise_r
 .text._getpid_r
                0x00005cbc        0x4 c:/nxp/mcuxpressoide_11.1.1_3241/ide/plugins/com.nxp.mcuxpresso.tools.win32_11.1.0.202001081728/tools/bin/../lib/gcc/arm-none-eabi/8.3.1/../../../../arm-none-eabi/lib/thumb/v7e-m+fp/hard\libc_nano.a(lib_a-signalr.o)
                0x00005cbc                _getpid_r
 .text.__sread  0x00005cc0       0x22 c:/nxp/mcuxpressoide_11.1.1_3241/ide/plugins/com.nxp.mcuxpresso.tools.win32_11.1.0.202001081728/tools/bin/../lib/gcc/arm-none-eabi/8.3.1/../../../../arm-none-eabi/lib/thumb/v7e-m+fp/hard\libc_nano.a(lib_a-stdio.o)
                0x00005cc0                __sread
 .text.__swrite
                0x00005ce2       0x38 c:/nxp/mcuxpressoide_11.1.1_3241/ide/plugins/com.nxp.mcuxpresso.tools.win32_11.1.0.202001081728/tools/bin/../lib/gcc/arm-none-eabi/8.3.1/../../../../arm-none-eabi/lib/thumb/v7e-m+fp/hard\libc_nano.a(lib_a-stdio.o)
                0x00005ce2                __swrite
 .text.__sseek  0x00005d1a       0x24 c:/nxp/mcuxpressoide_11.1.1_3241/ide/plugins/com.nxp.mcuxpresso.tools.win32_11.1.0.202001081728/tools/bin/../lib/gcc/arm-none-eabi/8.3.1/../../../../arm-none-eabi/lib/thumb/v7e-m+fp/hard\libc_nano.a(lib_a-stdio.o)
                0x00005d1a                __sseek
 .text.__sclose
                0x00005d3e        0x8 c:/nxp/mcuxpressoide_11.1.1_3241/ide/plugins/com.nxp.mcuxpresso.tools.win32_11.1.0.202001081728/tools/bin/../lib/gcc/arm-none-eabi/8.3.1/../../../../arm-none-eabi/lib/thumb/v7e-m+fp/hard\libc_nano.a(lib_a-stdio.o)
                0x00005d3e                __sclose
 .text._exit    0x00005d46        0x2 c:/nxp/mcuxpressoide_11.1.1_3241/ide/plugins/com.nxp.mcuxpresso.tools.win32_11.1.0.202001081728/tools/bin/../lib/gcc/arm-none-eabi/8.3.1/../../../../arm-none-eabi/lib/thumb/v7e-m+fp/hard\libcr_newlib_nohost.a(_exit.o)
                0x00005d46                _exit
 *(SORT_BY_ALIGNMENT(.rodata) SORT_BY_ALIGNMENT(.rodata.*) SORT_BY_ALIGNMENT(.constdata) SORT_BY_ALIGNMENT(.constdata.*))
 .rodata.FG_SETUP
                0x00005d48        0x8 ./source/main.o
                0x00005d48                FG_SETUP
 .rodata.UART_SETUP
                0x00005d50        0x8 ./source/main.o
                0x00005d50                UART_SETUP
 .rodata.TimerPeriod.8733
                0x00005d58        0x4 ./source/main.o
 .rodata.CLOCK_GetMcgExtClkFreq.str1.4
                0x00005d5c       0x37 ./drivers/fsl_clock.o
 *fill*         0x00005d93        0x1 ff
 .rodata.CLOCK_GetOsc0ErClkFreq.str1.4
                0x00005d94        0xc ./drivers/fsl_clock.o
 .rodata.CLOCK_GetEr32kClkFreq.str1.4
                0x00005da0        0xd ./drivers/fsl_clock.o
 *fill*         0x00005dad        0x3 ff
 .rodata.CLOCK_GetPll0Freq.str1.4
                0x00005db0        0xb ./drivers/fsl_clock.o
 .rodata.CLOCK_EnablePll0.str1.4
                0x00005dbb        0xb ./drivers/fsl_clock.o
                                  0x7 (size before relaxing)
 *fill*         0x00005dbb        0x1 ff
 .rodata.__func__.8249
                0x00005dbc       0x17 ./drivers/fsl_clock.o
 *fill*         0x00005dd3        0x1 ff
 .rodata.__func__.8290
                0x00005dd4       0x17 ./drivers/fsl_clock.o
 *fill*         0x00005deb        0x1 ff
 .rodata.__func__.8298
                0x00005dec       0x16 ./drivers/fsl_clock.o
 *fill*         0x00005e02        0x2 ff
 .rodata.fllFactorTable.8373
                0x00005e04       0x10 ./drivers/fsl_clock.o
 .rodata.__func__.8394
                0x00005e14       0x12 ./drivers/fsl_clock.o
 *fill*         0x00005e26        0x2 ff
 .rodata.__func__.8439
                0x00005e28       0x11 ./drivers/fsl_clock.o
 *fill*         0x00005e39        0x3 ff
 .rodata.__func__.8582
                0x00005e3c       0x11 ./drivers/fsl_clock.o
 *fill*         0x00005e4d        0x3 ff
 .rodata.__func__.8649
                0x00005e50       0x14 ./drivers/fsl_clock.o
 .rodata.GPIO_GetInstance.str1.4
                0x00005e64       0x30 ./drivers/fsl_gpio.o
 .rodata.GPIO_PinInit.str1.4
                0x00005e94        0xf ./drivers/fsl_gpio.o
 *fill*         0x00005ea3        0x1 ff
 .rodata.__func__.8267
                0x00005ea4        0xd ./drivers/fsl_gpio.o
 *fill*         0x00005eb1        0x3 ff
 .rodata.mcgConfig_BOARD_BootClockRUN
                0x00005eb4        0xb ./board/clock_config.o
                0x00005eb4                mcgConfig_BOARD_BootClockRUN
 *fill*         0x00005ebf        0x1 ff
 .rodata.simConfig_BOARD_BootClockRUN
                0x00005ec0        0x8 ./board/clock_config.o
                0x00005ec0                simConfig_BOARD_BootClockRUN
 .rodata.oscConfig_BOARD_BootClockRUN
                0x00005ec8        0x8 ./board/clock_config.o
                0x00005ec8                oscConfig_BOARD_BootClockRUN
 .rodata.PORT_SetPinConfig.str1.4
                0x00005ed0       0x30 ./Modules/UART/UART.o
                                 0x35 (size before relaxing)
 .rodata.UART_PORT_PIN_CONFIG
                0x00005f00        0x2 ./Modules/UART/UART.o
                0x00005f00                UART_PORT_PIN_CONFIG
 *fill*         0x00005f02        0x2 ff
 .rodata.__func__.8407
                0x00005f04       0x12 ./Modules/UART/UART.o
 .rodata.PORT_SetPinConfig.str1.4
                0x00005f16       0x35 ./Modules/LEDs/LEDs.o
 *fill*         0x00005f16        0x2 ff
 .rodata.LED_PORT_PIN_CONFIG
                0x00005f18        0x2 ./Modules/LEDs/LEDs.o
                0x00005f18                LED_PORT_PIN_CONFIG
 *fill*         0x00005f1a        0x2 ff
 .rodata.GPIO_LED_PIN_CONFIG
                0x00005f1c        0x2 ./Modules/LEDs/LEDs.o
                0x00005f1c                GPIO_LED_PIN_CONFIG
 *fill*         0x00005f1e        0x2 ff
 .rodata.__func__.8324
                0x00005f20       0x12 ./Modules/LEDs/LEDs.o
 *fill*         0x00005f32        0x2 ff
 .rodata.FIXED_FREQUENCY_CLOCK.8353
                0x00005f34        0x4 ./Modules/FTM/FTM.o
 .rodata.PIT_SETUP
                0x00005f38       0x14 C:\Users\User\git\Project\Library\libFG.a(FG.o)
 .rodata.SinWave
                0x00005f4c      0x7d0 C:\Users\User\git\Project\Library\libFG.a(wave.o)
                0x00005f4c                SinWave
 .rodata.NoiseAmpLUT
                0x0000671c      0x7d0 C:\Users\User\git\Project\Library\libFG.a(wave.o)
                0x0000671c                NoiseAmpLUT
 .rodata._global_impure_ptr
                0x00006eec        0x4 c:/nxp/mcuxpressoide_11.1.1_3241/ide/plugins/com.nxp.mcuxpresso.tools.win32_11.1.0.202001081728/tools/bin/../lib/gcc/arm-none-eabi/8.3.1/../../../../arm-none-eabi/lib/thumb/v7e-m+fp/hard\libc_nano.a(lib_a-impure.o)
                0x00006eec                _global_impure_ptr
 .rodata.__sf_fake_stderr
                0x00006ef0       0x20 c:/nxp/mcuxpressoide_11.1.1_3241/ide/plugins/com.nxp.mcuxpresso.tools.win32_11.1.0.202001081728/tools/bin/../lib/gcc/arm-none-eabi/8.3.1/../../../../arm-none-eabi/lib/thumb/v7e-m+fp/hard\libc_nano.a(lib_a-findfp.o)
                0x00006ef0                __sf_fake_stderr
 .rodata.__sf_fake_stdin
                0x00006f10       0x20 c:/nxp/mcuxpressoide_11.1.1_3241/ide/plugins/com.nxp.mcuxpresso.tools.win32_11.1.0.202001081728/tools/bin/../lib/gcc/arm-none-eabi/8.3.1/../../../../arm-none-eabi/lib/thumb/v7e-m+fp/hard\libc_nano.a(lib_a-findfp.o)
                0x00006f10                __sf_fake_stdin
 .rodata.__sf_fake_stdout
                0x00006f30       0x20 c:/nxp/mcuxpressoide_11.1.1_3241/ide/plugins/com.nxp.mcuxpresso.tools.win32_11.1.0.202001081728/tools/bin/../lib/gcc/arm-none-eabi/8.3.1/../../../../arm-none-eabi/lib/thumb/v7e-m+fp/hard\libc_nano.a(lib_a-findfp.o)
                0x00006f30                __sf_fake_stdout
 .rodata.PACKET_ACK_MASK
                0x00006f50        0x1 ./source/main.o
                0x00006f50                PACKET_ACK_MASK
 .rodata.__assert_func.str1.1
                0x00006f51       0x3c c:/nxp/mcuxpressoide_11.1.1_3241/ide/plugins/com.nxp.mcuxpresso.tools.win32_11.1.0.202001081728/tools/bin/../lib/gcc/arm-none-eabi/8.3.1/../../../../arm-none-eabi/lib/thumb/v7e-m+fp/hard\libc_nano.a(lib_a-assert.o)
                                 0x3d (size before relaxing)
 .rodata._vfprintf_r.str1.1
                0x00006f8d       0x11 c:/nxp/mcuxpressoide_11.1.1_3241/ide/plugins/com.nxp.mcuxpresso.tools.win32_11.1.0.202001081728/tools/bin/../lib/gcc/arm-none-eabi/8.3.1/../../../../arm-none-eabi/lib/thumb/v7e-m+fp/hard\libc_nano.a(lib_a-nano-vfprintf.o)
 .rodata._printf_i.str1.1
                0x00006f9e       0x22 c:/nxp/mcuxpressoide_11.1.1_3241/ide/plugins/com.nxp.mcuxpresso.tools.win32_11.1.0.202001081728/tools/bin/../lib/gcc/arm-none-eabi/8.3.1/../../../../arm-none-eabi/lib/thumb/v7e-m+fp/hard\libc_nano.a(lib_a-nano-vfprintf_i.o)
                0x00006fc0                . = ALIGN (0x8)

.glue_7         0x00006fc0        0x0
 .glue_7        0x00006fc0        0x0 linker stubs

.glue_7t        0x00006fc0        0x0
 .glue_7t       0x00006fc0        0x0 linker stubs

.vfp11_veneer   0x00006fc0        0x0
 .vfp11_veneer  0x00006fc0        0x0 linker stubs

.v4_bx          0x00006fc0        0x0
 .v4_bx         0x00006fc0        0x0 linker stubs

.iplt           0x00006fc0        0x0
 .iplt          0x00006fc0        0x0 ./startup/startup_mk64f12.o

.rel.dyn        0x00006fc0        0x0
 .rel.iplt      0x00006fc0        0x0 ./startup/startup_mk64f12.o

.ARM.extab
 *(SORT_BY_ALIGNMENT(.ARM.extab*) SORT_BY_ALIGNMENT(.gnu.linkonce.armextab.*))

.ARM.exidx      0x00006fc0        0x0
                0x00006fc0                __exidx_start = .
 *(SORT_BY_ALIGNMENT(.ARM.exidx*) SORT_BY_ALIGNMENT(.gnu.linkonce.armexidx.*))
                0x00006fc0                __exidx_end = .
                0x00006fc0                _etext = .

.m_usb_data
 *(SORT_BY_ALIGNMENT(m_usb_bdt))

.data_RAM2      0x1fff0000        0x0 load address 0x00006fc0
 FILL mask 0xff
                [!provide]                PROVIDE (__start_data_RAM2 = .)
                [!provide]                PROVIDE (__start_data_SRAM_LOWER = .)
 *(SORT_BY_ALIGNMENT(.ramfunc.$RAM2))
 *(SORT_BY_ALIGNMENT(.ramfunc.$SRAM_LOWER))
 *(SORT_BY_ALIGNMENT(.data.$RAM2))
 *(SORT_BY_ALIGNMENT(.data.$SRAM_LOWER))
 *(SORT_BY_ALIGNMENT(.data.$RAM2.*))
 *(SORT_BY_ALIGNMENT(.data.$SRAM_LOWER.*))
                0x1fff0000                . = ALIGN (0x8)
                [!provide]                PROVIDE (__end_data_RAM2 = .)
                [!provide]                PROVIDE (__end_data_SRAM_LOWER = .)

.data_RAM3      0x14000000        0x0 load address 0x00006fc0
 FILL mask 0xff
                [!provide]                PROVIDE (__start_data_RAM3 = .)
                [!provide]                PROVIDE (__start_data_FLEX_RAM = .)
 *(SORT_BY_ALIGNMENT(.ramfunc.$RAM3))
 *(SORT_BY_ALIGNMENT(.ramfunc.$FLEX_RAM))
 *(SORT_BY_ALIGNMENT(.data.$RAM3))
 *(SORT_BY_ALIGNMENT(.data.$FLEX_RAM))
 *(SORT_BY_ALIGNMENT(.data.$RAM3.*))
 *(SORT_BY_ALIGNMENT(.data.$FLEX_RAM.*))
                0x14000000                . = ALIGN (0x8)
                [!provide]                PROVIDE (__end_data_RAM3 = .)
                [!provide]                PROVIDE (__end_data_FLEX_RAM = .)

.uninit_RESERVED
                0x20000000        0x0
                0x20000000                _start_uninit_RESERVED = .
 *(SORT_BY_ALIGNMENT(.bss.$RESERVED*))
                0x20000000                . = ALIGN (0x8)
                0x20000000                _end_uninit_RESERVED = .

.data           0x20000000       0x78 load address 0x00006fc0
 FILL mask 0xff
                0x20000000                _data = .
                [!provide]                PROVIDE (__start_data_RAM = .)
                [!provide]                PROVIDE (__start_data_SRAM_UPPER = .)
 *(SORT_BY_ALIGNMENT(vtable))
 *(SORT_BY_ALIGNMENT(.ramfunc*))
 *(SORT_BY_ALIGNMENT(CodeQuickAccess))
 *(SORT_BY_ALIGNMENT(DataQuickAccess))
 *(SORT_BY_ALIGNMENT(RamFunction))
 *(SORT_BY_ALIGNMENT(.data*))
 .data.s_slowIrcFreq
                0x20000000        0x4 ./drivers/fsl_clock.o
 .data.s_fastIrcFreq
                0x20000004        0x4 ./drivers/fsl_clock.o
 .data.SystemCoreClock
                0x20000008        0x4 ./device/system_MK64F12.o
                0x20000008                SystemCoreClock
 .data.i.5102   0x2000000c        0x4 C:\Users\User\git\Project\Library\libFG.a(wave.o)
 .data._impure_ptr
                0x20000010        0x4 c:/nxp/mcuxpressoide_11.1.1_3241/ide/plugins/com.nxp.mcuxpresso.tools.win32_11.1.0.202001081728/tools/bin/../lib/gcc/arm-none-eabi/8.3.1/../../../../arm-none-eabi/lib/thumb/v7e-m+fp/hard\libc_nano.a(lib_a-impure.o)
                0x20000010                _impure_ptr
 .data.impure_data
                0x20000014       0x60 c:/nxp/mcuxpressoide_11.1.1_3241/ide/plugins/com.nxp.mcuxpresso.tools.win32_11.1.0.202001081728/tools/bin/../lib/gcc/arm-none-eabi/8.3.1/../../../../arm-none-eabi/lib/thumb/v7e-m+fp/hard\libc_nano.a(lib_a-impure.o)
 .data.MCU_NUM_L
                0x20000074        0x1 ./source/main.o
 .data.MCU_NUM_H
                0x20000075        0x1 ./source/main.o
                0x20000078                . = ALIGN (0x8)
 *fill*         0x20000076        0x2 ff
                0x20000078                _edata = .
                [!provide]                PROVIDE (__end_data_RAM = .)
                [!provide]                PROVIDE (__end_data_SRAM_UPPER = .)

.igot.plt       0x20000078        0x0 load address 0x00007038
 .igot.plt      0x20000078        0x0 ./startup/startup_mk64f12.o

.bss_RAM2       0x1fff0000        0x0
                [!provide]                PROVIDE (__start_bss_RAM2 = .)
                [!provide]                PROVIDE (__start_bss_SRAM_LOWER = .)
 *(SORT_BY_ALIGNMENT(.bss.$RAM2))
 *(SORT_BY_ALIGNMENT(.bss.$SRAM_LOWER))
 *(SORT_BY_ALIGNMENT(.bss.$RAM2.*))
 *(SORT_BY_ALIGNMENT(.bss.$SRAM_LOWER.*))
                0x1fff0000                . = ALIGN ((. != 0x0)?0x8:0x1)
                [!provide]                PROVIDE (__end_bss_RAM2 = .)
                [!provide]                PROVIDE (__end_bss_SRAM_LOWER = .)

.bss_RAM3       0x14000000        0x0
                [!provide]                PROVIDE (__start_bss_RAM3 = .)
                [!provide]                PROVIDE (__start_bss_FLEX_RAM = .)
 *(SORT_BY_ALIGNMENT(.bss.$RAM3))
 *(SORT_BY_ALIGNMENT(.bss.$FLEX_RAM))
 *(SORT_BY_ALIGNMENT(.bss.$RAM3.*))
 *(SORT_BY_ALIGNMENT(.bss.$FLEX_RAM.*))
                0x14000000                . = ALIGN ((. != 0x0)?0x8:0x1)
                [!provide]                PROVIDE (__end_bss_RAM3 = .)
                [!provide]                PROVIDE (__end_bss_FLEX_RAM = .)

.bss            0x20000078     0x38b0
                0x20000078                _bss = .
                [!provide]                PROVIDE (__start_bss_RAM = .)
                [!provide]                PROVIDE (__start_bss_SRAM_UPPER = .)
 *(SORT_BY_ALIGNMENT(.bss*))
 .bss.InitModulesThreadStack
                0x20000078      0x190 ./source/main.o
 .bss.PacketGetModulesThreadStack
                0x20000208      0x190 ./source/main.o
 .bss.ReceiveThreadStack
                0x20000398      0x190 ./source/main.o
 .bss.TransmitThreadStack
                0x20000528      0x190 ./source/main.o
 .bss.PIT0CallbackThreadStack
                0x200006b8      0x190 ./source/main.o
 .bss.phraseToWrite.6953
                0x20000848        0x8 ./Modules/Flash/Flash.o
 .bss.IdleStack
                0x20000850      0x400 C:\Users\User\git\Project\Library\libOS.a(OS.o)
 .bss.PrepareAnalogOutputThreadStack
                0x20000c50      0x190 C:\Users\User\git\Project\Library\libFG.a(FG.o)
 .bss.FG_HandlePacketsThreadStack
                0x20000de0      0x190 C:\Users\User\git\Project\Library\libFG.a(FG.o)
 .bss.UART_TIMER
                0x20000f70       0x14 ./source/main.o
 .bss.g_xtal0Freq
                0x20000f84        0x4 ./drivers/fsl_clock.o
                0x20000f84                g_xtal0Freq
 .bss.g_xtal32Freq
                0x20000f88        0x4 ./drivers/fsl_clock.o
                0x20000f88                g_xtal32Freq
 .bss.RxFIFO    0x20000f8c      0x10c ./Modules/UART/UART.o
 .bss.TxFIFO    0x20001098      0x10c ./Modules/UART/UART.o
 .bss.RxSemaphore
                0x200011a4        0x4 ./Modules/UART/UART.o
                0x200011a4                RxSemaphore
 .bss.TxSemaphore
                0x200011a8        0x4 ./Modules/UART/UART.o
                0x200011a8                TxSemaphore
 .bss.PacketPutSemaphore
                0x200011ac        0x4 ./Modules/Packet/packet.o
 .bss.Packet    0x200011b0        0x5 ./Modules/Packet/packet.o
                0x200011b0                Packet
 *fill*         0x200011b5        0x3 
 .bss.Userfunction
                0x200011b8        0x4 ./Modules/PIT/PIT.o
 .bss.Userarguments
                0x200011bc        0x4 ./Modules/PIT/PIT.o
 .bss.PIT0Semaphore
                0x200011c0        0x4 ./Modules/PIT/PIT.o
                0x200011c0                PIT0Semaphore
 .bss.PIT2Semaphore
                0x200011c4        0x4 ./Modules/PIT/PIT.o
                0x200011c4                PIT2Semaphore
 .bss.PITmoduleClk.8355
                0x200011c8        0x4 ./Modules/PIT/PIT.o
 .bss.FlashSectorsAllocated.6939
                0x200011cc        0x8 ./Modules/Flash/Flash.o
 .bss.phraseAddress.6954
                0x200011d4        0x4 ./Modules/Flash/Flash.o
 .bss.CallbackFunction
                0x200011d8        0x4 ./Modules/FTM/FTM.o
 .bss.CallbackArguments
                0x200011dc        0x4 ./Modules/FTM/FTM.o
 .bss.FTMSemaphore
                0x200011e0        0x4 ./Modules/FTM/FTM.o
                0x200011e0                FTMSemaphore
 .bss.TCBUnusedMain
                0x200011e4       0x18 C:\Users\User\git\Project\Library\libOS.a(OS.o)
 .bss.TCBTable  0x200011fc      0x300 C:\Users\User\git\Project\Library\libOS.a(OS.o)
 .bss.pTCBFreeList
                0x200014fc        0x4 C:\Users\User\git\Project\Library\libOS.a(OS.o)
 .bss.pTCBAllocatedList
                0x20001500        0x4 C:\Users\User\git\Project\Library\libOS.a(OS.o)
 .bss.pTCBPriorityTable
                0x20001504       0x80 C:\Users\User\git\Project\Library\libOS.a(OS.o)
 .bss.pTCBRunning
                0x20001584        0x4 C:\Users\User\git\Project\Library\libOS.a(OS.o)
 .bss.pTCBHighestReady
                0x20001588        0x4 C:\Users\User\git\Project\Library\libOS.a(OS.o)
 .bss.ReadyList
                0x2000158c        0x4 C:\Users\User\git\Project\Library\libOS.a(OS.o)
 .bss.ECBTable  0x20001590      0x100 C:\Users\User\git\Project\Library\libOS.a(OS.o)
 .bss.IdleCounter
                0x20001690        0x4 C:\Users\User\git\Project\Library\libOS.a(OS.o)
 .bss.Ticks     0x20001694        0x4 C:\Users\User\git\Project\Library\libOS.a(OS.o)
 .bss.FG_HandlePacketSemaphore
                0x20001698        0x4 C:\Users\User\git\Project\Library\libFG.a(FG.o)
                0x20001698                FG_HandlePacketSemaphore
 .bss.FG_PacketProcessed
                0x2000169c        0x4 C:\Users\User\git\Project\Library\libFG.a(FG.o)
                0x2000169c                FG_PacketProcessed
 .bss.PrepareAnalogOutputSemaphore
                0x200016a0        0x4 C:\Users\User\git\Project\Library\libFG.a(FG.o)
                0x200016a0                PrepareAnalogOutputSemaphore
 .bss.Wave_Channels
                0x200016a4     0x203c C:\Users\User\git\Project\Library\libFG.a(wave.o)
                0x200016a4                Wave_Channels
 .bss.Wave_Selected
                0x200036e0        0x4 C:\Users\User\git\Project\Library\libFG.a(wave.o)
                0x200036e0                Wave_Selected
 .bss.N         0x200036e4        0x4 C:\Users\User\git\Project\Library\libFG.a(wave.o)
 .bss.w.5100    0x200036e8        0x4 C:\Users\User\git\Project\Library\libFG.a(wave.o)
 .bss.x.5101    0x200036ec      0x200 C:\Users\User\git\Project\Library\libFG.a(wave.o)
 .bss.DAC_Semaphore
                0x200038ec        0x4 C:\Users\User\git\Project\Library\libFG.a(DAC.o)
                0x200038ec                DAC_Semaphore
 .bss.__malloc_free_list
                0x200038f0        0x4 c:/nxp/mcuxpressoide_11.1.1_3241/ide/plugins/com.nxp.mcuxpresso.tools.win32_11.1.0.202001081728/tools/bin/../lib/gcc/arm-none-eabi/8.3.1/../../../../arm-none-eabi/lib/thumb/v7e-m+fp/hard\libc_nano.a(lib_a-nano-mallocr.o)
                0x200038f0                __malloc_free_list
 .bss.__malloc_sbrk_start
                0x200038f4        0x4 c:/nxp/mcuxpressoide_11.1.1_3241/ide/plugins/com.nxp.mcuxpresso.tools.win32_11.1.0.202001081728/tools/bin/../lib/gcc/arm-none-eabi/8.3.1/../../../../arm-none-eabi/lib/thumb/v7e-m+fp/hard\libc_nano.a(lib_a-nano-mallocr.o)
                0x200038f4                __malloc_sbrk_start
 .bss.__end_of_heap
                0x200038f8        0x4 c:/nxp/mcuxpressoide_11.1.1_3241/ide/plugins/com.nxp.mcuxpresso.tools.win32_11.1.0.202001081728/tools/bin/../lib/gcc/arm-none-eabi/8.3.1/../../../../arm-none-eabi/lib/thumb/v7e-m+fp/hard\libcr_newlib_nohost.a(_cr_sbrk.o)
                0x200038f8                __end_of_heap
 .bss.setBaudRate.8466
                0x200038fc        0x2 ./Modules/UART/UART.o
 .bss.BaudRateFineAdjust.8467
                0x200038fe        0x2 ./Modules/UART/UART.o
 .bss.maxSampleNb.5234
                0x20003900        0x2 C:\Users\User\git\Project\Library\libFG.a(FG.o)
 .bss.sampleNb.5233
                0x20003902        0x2 C:\Users\User\git\Project\Library\libFG.a(FG.o)
 .bss.harmonicNb.5241
                0x20003904        0x2 C:\Users\User\git\Project\Library\libFG.a(FG.o)
 .bss.NIndex    0x20003906        0x2 C:\Users\User\git\Project\Library\libFG.a(wave.o)
 .bss.success.8740
                0x20003908        0x1 ./source/main.o
 .bss.temp.6980
                0x20003909        0x1 ./Modules/Packet/packet.o
 .bss.uartInData.6989
                0x2000390a        0x1 ./Modules/Packet/packet.o
 .bss.packetPosition.6988
                0x2000390b        0x1 ./Modules/Packet/packet.o
 .bss.NextECBFree
                0x2000390c        0x1 C:\Users\User\git\Project\Library\libOS.a(OS.o)
 .bss.ISRNestLevel
                0x2000390d        0x1 C:\Users\User\git\Project\Library\libOS.a(OS.o)
 .bss.OSSR_reg  0x2000390e        0x1 C:\Users\User\git\Project\Library\libOS.a(OS.o)
                0x2000390e                OSSR_reg
 .bss.OSSR_lock
                0x2000390f        0x1 C:\Users\User\git\Project\Library\libOS.a(OS.o)
                0x2000390f                OSSR_lock
 .bss.FG_PacketHandledSuccessfully
                0x20003910        0x1 C:\Users\User\git\Project\Library\libFG.a(FG.o)
                0x20003910                FG_PacketHandledSuccessfully
 *(SORT_BY_ALIGNMENT(COMMON))
 *fill*         0x20003911        0x3 
 COMMON         0x20003914        0x4 c:/nxp/mcuxpressoide_11.1.1_3241/ide/plugins/com.nxp.mcuxpresso.tools.win32_11.1.0.202001081728/tools/bin/../lib/gcc/arm-none-eabi/8.3.1/../../../../arm-none-eabi/lib/thumb/v7e-m+fp/hard\libc_nano.a(lib_a-reent.o)
                0x20003914                errno
 COMMON         0x20003918        0x9 c:/nxp/mcuxpressoide_11.1.1_3241/ide/plugins/com.nxp.mcuxpresso.tools.win32_11.1.0.202001081728/tools/bin/../lib/gcc/arm-none-eabi/8.3.1/../../../../arm-none-eabi/lib/thumb/v7e-m+fp/hard\libc_nano.a(lib_a-lock.o)
                0x20003918                __lock___atexit_recursive_mutex
                0x20003919                __lock___arc4random_mutex
                0x2000391a                __lock___env_recursive_mutex
                0x2000391b                __lock___sinit_recursive_mutex
                0x2000391c                __lock___malloc_recursive_mutex
                0x2000391d                __lock___at_quick_exit_mutex
                0x2000391e                __lock___dd_hash_mutex
                0x2000391f                __lock___tz_mutex
                0x20003920                __lock___sfp_recursive_mutex
                0x20003928                . = ALIGN (0x8)
 *fill*         0x20003921        0x7 
                0x20003928                _ebss = .
                [!provide]                PROVIDE (__end_bss_RAM = .)
                [!provide]                PROVIDE (__end_bss_SRAM_UPPER = .)
                [!provide]                PROVIDE (end = .)

.noinit_RAM2    0x1fff0000        0x0
                [!provide]                PROVIDE (__start_noinit_RAM2 = .)
                [!provide]                PROVIDE (__start_noinit_SRAM_LOWER = .)
 *(SORT_BY_ALIGNMENT(.noinit.$RAM2))
 *(SORT_BY_ALIGNMENT(.noinit.$SRAM_LOWER))
 *(SORT_BY_ALIGNMENT(.noinit.$RAM2.*))
 *(SORT_BY_ALIGNMENT(.noinit.$SRAM_LOWER.*))
                0x1fff0000                . = ALIGN (0x8)
                [!provide]                PROVIDE (__end_noinit_RAM2 = .)
                [!provide]                PROVIDE (__end_noinit_SRAM_LOWER = .)

.noinit_RAM3    0x14000000        0x0
                [!provide]                PROVIDE (__start_noinit_RAM3 = .)
                [!provide]                PROVIDE (__start_noinit_FLEX_RAM = .)
 *(SORT_BY_ALIGNMENT(.noinit.$RAM3))
 *(SORT_BY_ALIGNMENT(.noinit.$FLEX_RAM))
 *(SORT_BY_ALIGNMENT(.noinit.$RAM3.*))
 *(SORT_BY_ALIGNMENT(.noinit.$FLEX_RAM.*))
                0x14000000                . = ALIGN (0x8)
                [!provide]                PROVIDE (__end_noinit_RAM3 = .)
                [!provide]                PROVIDE (__end_noinit_FLEX_RAM = .)

.noinit         0x20003928        0x0
                0x20003928                _noinit = .
                [!provide]                PROVIDE (__start_noinit_RAM = .)
                [!provide]                PROVIDE (__start_noinit_SRAM_UPPER = .)
 *(SORT_BY_ALIGNMENT(.noinit*))
                0x20003928                . = ALIGN (0x8)
                0x20003928                _end_noinit = .
                [!provide]                PROVIDE (__end_noinit_RAM = .)
                [!provide]                PROVIDE (__end_noinit_SRAM_UPPER = .)
                0x00001000                _HeapSize = 0x1000

.heap           0x20003928     0x1000
                0x20003928                _pvHeapStart = .
                0x20004928                . = (. + _HeapSize)
 *fill*         0x20003928     0x1000 
                0x20004928                . = ALIGN (0x8)
                0x20004928                _pvHeapLimit = .
                0x00001000                _StackSize = 0x1000

.heap2stackfill
                0x20004928     0x1000
                0x20005928                . = (. + _StackSize)
 *fill*         0x20004928     0x1000 

.stack          0x2002f000        0x0
                0x2002f000                _vStackBase = .
                0x2002f000                . = ALIGN (0x8)
                0x20030000                _vStackTop = (. + _StackSize)
                0x00000000                _image_start = LOADADDR (.text)
                0x00007038                _image_end = (LOADADDR (.data) + SIZEOF (.data))
                0x00007038                _image_size = (_image_end - _image_start)
OUTPUT(Project.axf elf32-littlearm)

.debug_info     0x00000000    0x180ac
 .debug_info    0x00000000      0x92e ./startup/startup_mk64f12.o
 .debug_info    0x0000092e     0x185d ./source/main.o
 .debug_info    0x0000218b     0x2b25 ./drivers/fsl_clock.o
 .debug_info    0x00004cb0      0xfa5 ./drivers/fsl_gpio.o
 .debug_info    0x00005c55      0x667 ./device/system_MK64F12.o
 .debug_info    0x000062bc     0x1464 ./board/clock_config.o
 .debug_info    0x00007720      0xd8f ./board/pin_mux.o
 .debug_info    0x000084af     0x19a6 ./Modules/UART/UART.o
 .debug_info    0x00009e55      0x3ef ./Modules/Packet/packet.o
 .debug_info    0x0000a244     0x1522 ./Modules/PIT/PIT.o
 .debug_info    0x0000b766     0x1309 ./Modules/LEDs/LEDs.o
 .debug_info    0x0000ca6f      0x77e ./Modules/Flash/Flash.o
 .debug_info    0x0000d1ed     0x15dd ./Modules/FTM/FTM.o
 .debug_info    0x0000e7ca      0x21d ./Modules/FIFO/FIFO.o
 .debug_info    0x0000e9e7     0x1cbf C:\Users\User\git\Project\Library\libOS.a(OS.o)
 .debug_info    0x000106a6      0x7af C:\Users\User\git\Project\Library\libFG.a(FG.o)
 .debug_info    0x00010e55      0x90e C:\Users\User\git\Project\Library\libFG.a(wave.o)
 .debug_info    0x00011763      0xfd4 C:\Users\User\git\Project\Library\libFG.a(DAC.o)
 .debug_info    0x00012737      0x9f8 c:/nxp/mcuxpressoide_11.1.1_3241/ide/plugins/com.nxp.mcuxpresso.tools.win32_11.1.0.202001081728/tools/bin/../lib/gcc/arm-none-eabi/8.3.1/../../../../arm-none-eabi/lib/thumb/v7e-m+fp/hard\libcr_newlib_nohost.a(_cr_sbrk.o)
 .debug_info    0x0001312f       0xa3 c:/nxp/mcuxpressoide_11.1.1_3241/ide/plugins/com.nxp.mcuxpresso.tools.win32_11.1.0.202001081728/tools/bin/../lib/gcc/arm-none-eabi/8.3.1/../../../../arm-none-eabi/lib/thumb/v7e-m+fp/hard\libcr_newlib_nohost.a(_exit.o)
 .debug_info    0x000131d2      0x979 c:/nxp/mcuxpressoide_11.1.1_3241/ide/plugins/com.nxp.mcuxpresso.tools.win32_11.1.0.202001081728/tools/bin/../lib/gcc/arm-none-eabi/8.3.1/../../../../arm-none-eabi/lib/thumb/v7e-m+fp/hard\libcr_newlib_nohost.a(close.o)
 .debug_info    0x00013b4b      0xbbb c:/nxp/mcuxpressoide_11.1.1_3241/ide/plugins/com.nxp.mcuxpresso.tools.win32_11.1.0.202001081728/tools/bin/../lib/gcc/arm-none-eabi/8.3.1/../../../../arm-none-eabi/lib/thumb/v7e-m+fp/hard\libcr_newlib_nohost.a(fstat.o)
 .debug_info    0x00014706      0x964 c:/nxp/mcuxpressoide_11.1.1_3241/ide/plugins/com.nxp.mcuxpresso.tools.win32_11.1.0.202001081728/tools/bin/../lib/gcc/arm-none-eabi/8.3.1/../../../../arm-none-eabi/lib/thumb/v7e-m+fp/hard\libcr_newlib_nohost.a(getpid.o)
 .debug_info    0x0001506a      0x979 c:/nxp/mcuxpressoide_11.1.1_3241/ide/plugins/com.nxp.mcuxpresso.tools.win32_11.1.0.202001081728/tools/bin/../lib/gcc/arm-none-eabi/8.3.1/../../../../arm-none-eabi/lib/thumb/v7e-m+fp/hard\libcr_newlib_nohost.a(isatty.o)
 .debug_info    0x000159e3      0x987 c:/nxp/mcuxpressoide_11.1.1_3241/ide/plugins/com.nxp.mcuxpresso.tools.win32_11.1.0.202001081728/tools/bin/../lib/gcc/arm-none-eabi/8.3.1/../../../../arm-none-eabi/lib/thumb/v7e-m+fp/hard\libcr_newlib_nohost.a(kill.o)
 .debug_info    0x0001636a      0x99b c:/nxp/mcuxpressoide_11.1.1_3241/ide/plugins/com.nxp.mcuxpresso.tools.win32_11.1.0.202001081728/tools/bin/../lib/gcc/arm-none-eabi/8.3.1/../../../../arm-none-eabi/lib/thumb/v7e-m+fp/hard\libcr_newlib_nohost.a(lseek.o)
 .debug_info    0x00016d05      0x99b c:/nxp/mcuxpressoide_11.1.1_3241/ide/plugins/com.nxp.mcuxpresso.tools.win32_11.1.0.202001081728/tools/bin/../lib/gcc/arm-none-eabi/8.3.1/../../../../arm-none-eabi/lib/thumb/v7e-m+fp/hard\libcr_newlib_nohost.a(read.o)
 .debug_info    0x000176a0      0x99b c:/nxp/mcuxpressoide_11.1.1_3241/ide/plugins/com.nxp.mcuxpresso.tools.win32_11.1.0.202001081728/tools/bin/../lib/gcc/arm-none-eabi/8.3.1/../../../../arm-none-eabi/lib/thumb/v7e-m+fp/hard\libcr_newlib_nohost.a(write.o)
 .debug_info    0x0001803b       0x71 c:/nxp/mcuxpressoide_11.1.1_3241/ide/plugins/com.nxp.mcuxpresso.tools.win32_11.1.0.202001081728/tools/bin/../lib/gcc/arm-none-eabi/8.3.1/../../../../arm-none-eabi/lib/thumb/v7e-m+fp/hard\libcr_newlib_nohost.a(_cr_check_heap.o)

.debug_abbrev   0x00000000     0x449c
 .debug_abbrev  0x00000000      0x17a ./startup/startup_mk64f12.o
 .debug_abbrev  0x0000017a      0x3fb ./source/main.o
 .debug_abbrev  0x00000575      0x455 ./drivers/fsl_clock.o
 .debug_abbrev  0x000009ca      0x29c ./drivers/fsl_gpio.o
 .debug_abbrev  0x00000c66      0x15b ./device/system_MK64F12.o
 .debug_abbrev  0x00000dc1      0x30a ./board/clock_config.o
 .debug_abbrev  0x000010cb      0x28b ./board/pin_mux.o
 .debug_abbrev  0x00001356      0x3b9 ./Modules/UART/UART.o
 .debug_abbrev  0x0000170f      0x161 ./Modules/Packet/packet.o
 .debug_abbrev  0x00001870      0x344 ./Modules/PIT/PIT.o
 .debug_abbrev  0x00001bb4      0x32c ./Modules/LEDs/LEDs.o
 .debug_abbrev  0x00001ee0      0x258 ./Modules/Flash/Flash.o
 .debug_abbrev  0x00002138      0x346 ./Modules/FTM/FTM.o
 .debug_abbrev  0x0000247e      0x118 ./Modules/FIFO/FIFO.o
 .debug_abbrev  0x00002596      0x490 C:\Users\User\git\Project\Library\libOS.a(OS.o)
 .debug_abbrev  0x00002a26      0x25a C:\Users\User\git\Project\Library\libFG.a(FG.o)
 .debug_abbrev  0x00002c80      0x24b C:\Users\User\git\Project\Library\libFG.a(wave.o)
 .debug_abbrev  0x00002ecb      0x2e6 C:\Users\User\git\Project\Library\libFG.a(DAC.o)
 .debug_abbrev  0x000031b1      0x24a c:/nxp/mcuxpressoide_11.1.1_3241/ide/plugins/com.nxp.mcuxpresso.tools.win32_11.1.0.202001081728/tools/bin/../lib/gcc/arm-none-eabi/8.3.1/../../../../arm-none-eabi/lib/thumb/v7e-m+fp/hard\libcr_newlib_nohost.a(_cr_sbrk.o)
 .debug_abbrev  0x000033fb       0x67 c:/nxp/mcuxpressoide_11.1.1_3241/ide/plugins/com.nxp.mcuxpresso.tools.win32_11.1.0.202001081728/tools/bin/../lib/gcc/arm-none-eabi/8.3.1/../../../../arm-none-eabi/lib/thumb/v7e-m+fp/hard\libcr_newlib_nohost.a(_exit.o)
 .debug_abbrev  0x00003462      0x1ea c:/nxp/mcuxpressoide_11.1.1_3241/ide/plugins/com.nxp.mcuxpresso.tools.win32_11.1.0.202001081728/tools/bin/../lib/gcc/arm-none-eabi/8.3.1/../../../../arm-none-eabi/lib/thumb/v7e-m+fp/hard\libcr_newlib_nohost.a(close.o)
 .debug_abbrev  0x0000364c      0x1fd c:/nxp/mcuxpressoide_11.1.1_3241/ide/plugins/com.nxp.mcuxpresso.tools.win32_11.1.0.202001081728/tools/bin/../lib/gcc/arm-none-eabi/8.3.1/../../../../arm-none-eabi/lib/thumb/v7e-m+fp/hard\libcr_newlib_nohost.a(fstat.o)