main.c:123:6:UARTTimerCallback	16	static
main.c:130:6:PacketGetThread	16	static
main.c:139:6:PITCallback	16	static
main.c:151:6:HandlePacketVersion	8	static
main.c:160:6:HandlePacketMCUNumber	16	static
main.c:185:6:HandlePacketMCUMode	16	static
main.c:208:6:HandlePacketFlash	8	static
main.c:224:6:HandlePacketFlashProgram	8	static
main.c:240:6:HandlePacketSpecial	8	static
main.c:256:6:SendStartupPackets	8	static
main.c:270:6:HandleStartupPacket	8	static
main.c:276:15:ReadAnalogValues	16	static
main.c:282:6:HandleAnalogPacket	16	static
main.c:347:6:HandlePackets	16	static
main.c:416:13:MCUInit	32	static
main.c:452:13:InitModulesThread	24	static
main.c:480:5:main	16	static
